
> nextsaas-backend@1.0.0 test
> npx jest --no-cache --maxWorkers=2

PASS src/__tests__/auth.test.ts (38.64 s)
  ● Console

    console.log
      2026-01-20 13:15:17 [[32minfo[39m]: Swagger UI available at /api-docs

      at Console.log (node_modules/winston/lib/winston/transports/console.js:87:23)

    console.log
      2026-01-20 13:15:18 [[32minfo[39m]: Incoming request {
        "method": "POST",
        "path": "/api/auth/register",
        "requestId": "75a4d88f-6256-4254-940b-5af7bdff4463",
        "ip": "::ffff:127.0.0.1"
      }

      at Console.log (node_modules/winston/lib/winston/transports/console.js:87:23)

    console.log
      2026-01-20 13:15:19 [[32minfo[39m]: User registered {
        "userId": "9a3338b1-1213-4f91-aab2-7905454f0f24",
        "email": "n***@example.com"
      }

      at Console.log (node_modules/winston/lib/winston/transports/console.js:87:23)

    console.log
      2026-01-20 13:15:19 [[32minfo[39m]: Incoming request {
        "method": "POST",
        "path": "/api/auth/register",
        "requestId": "d4634044-1ec3-4406-a900-a26a6472218b",
        "ip": "::ffff:127.0.0.1"
      }

      at Console.log (node_modules/winston/lib/winston/transports/console.js:87:23)

    console.log
      2026-01-20 13:15:19 [[32minfo[39m]: Incoming request {
        "method": "POST",
        "path": "/api/auth/register",
        "requestId": "f8a099f8-5396-4055-b249-fe9064d1b290",
        "ip": "::ffff:127.0.0.1"
      }

      at Console.log (node_modules/winston/lib/winston/transports/console.js:87:23)

    console.log
      2026-01-20 13:15:19 [[32minfo[39m]: Incoming request {
        "method": "POST",
        "path": "/api/auth/register",
        "requestId": "5cb88ff5-e0a1-46ba-83bf-7e84560a3380",
        "ip": "::ffff:127.0.0.1"
      }

      at Console.log (node_modules/winston/lib/winston/transports/console.js:87:23)

    console.log
      2026-01-20 13:15:19 [[32minfo[39m]: Incoming request {
        "method": "POST",
        "path": "/api/auth/register",
        "requestId": "58812ce1-37c3-4c8f-b561-316083b26089",
        "ip": "::ffff:127.0.0.1"
      }

      at Console.log (node_modules/winston/lib/winston/transports/console.js:87:23)

    console.log
      2026-01-20 13:15:20 [[32minfo[39m]: User registered {
        "userId": "a73c9c7c-4e9d-4ac4-84c3-5663bbe69700",
        "email": "n***@example.com"
      }

      at Console.log (node_modules/winston/lib/winston/transports/console.js:87:23)

    console.log
      2026-01-20 13:15:20 [[32minfo[39m]: Incoming request {
        "method": "POST",
        "path": "/api/auth/register",
        "requestId": "4c89b7cf-ccfb-4658-a382-faee584f7da2",
        "ip": "::ffff:127.0.0.1"
      }

      at Console.log (node_modules/winston/lib/winston/transports/console.js:87:23)

    console.log
      2026-01-20 13:15:21 [[32minfo[39m]: User registered {
        "userId": "c7d0214b-6018-4ae3-8b78-b37ecd9be440",
        "email": "r***@example.com"
      }

      at Console.log (node_modules/winston/lib/winston/transports/console.js:87:23)

    console.log
      2026-01-20 13:15:21 [[32minfo[39m]: Incoming request {
        "method": "POST",
        "path": "/api/auth/register",
        "requestId": "1bb2b027-d86c-4663-858a-51e4d81518f2",
        "ip": "::ffff:127.0.0.1"
      }

      at Console.log (node_modules/winston/lib/winston/transports/console.js:87:23)

    console.log
      2026-01-20 13:15:22 [[32minfo[39m]: User registered {
        "userId": "6b514d88-6d6f-4ecf-8cc2-6dbfa3553127",
        "email": "r***@example.com"
      }

      at Console.log (node_modules/winston/lib/winston/transports/console.js:87:23)

    console.log
      2026-01-20 13:15:23 [[32minfo[39m]: Incoming request {
        "method": "POST",
        "path": "/api/auth/register",
        "requestId": "51ba187f-d366-475a-ba9e-5d2f3cbc60bb",
        "ip": "::ffff:127.0.0.1"
      }

      at Console.log (node_modules/winston/lib/winston/transports/console.js:87:23)

    console.log
      2026-01-20 13:15:23 [[32minfo[39m]: Incoming request {
        "method": "POST",
        "path": "/api/auth/register",
        "requestId": "1838aaa7-ad87-4347-a4e9-4e91fb8f819a",
        "ip": "::ffff:127.0.0.1"
      }

      at Console.log (node_modules/winston/lib/winston/transports/console.js:87:23)

    console.log
      2026-01-20 13:15:23 [[32minfo[39m]: Incoming request {
        "method": "POST",
        "path": "/api/auth/register",
        "requestId": "b0eb0ab4-8549-4582-95ce-4401af81e41c",
        "ip": "::ffff:127.0.0.1"
      }

      at Console.log (node_modules/winston/lib/winston/transports/console.js:87:23)

    console.log
      2026-01-20 13:15:25 [[32minfo[39m]: Incoming request {
        "method": "POST",
        "path": "/api/auth/login",
        "requestId": "06afd6a0-c5b2-4dbc-9ce9-2f9e61d653d1",
        "ip": "::ffff:127.0.0.1"
      }

      at Console.log (node_modules/winston/lib/winston/transports/console.js:87:23)

    console.log
      2026-01-20 13:15:25 [[32minfo[39m]: User logged in {
        "userId": "1f150535-0a8c-4478-8164-77bbfba7fa1d",
        "email": "l***@example.com"
      }

      at Console.log (node_modules/winston/lib/winston/transports/console.js:87:23)

    console.log
      2026-01-20 13:15:27 [[32minfo[39m]: Incoming request {
        "method": "POST",
        "path": "/api/auth/login",
        "requestId": "a39dd253-3cb0-4d9e-94eb-5d1b2cfb312e",
        "ip": "::ffff:127.0.0.1"
      }

      at Console.log (node_modules/winston/lib/winston/transports/console.js:87:23)

    console.log
      2026-01-20 13:15:28 [[32minfo[39m]: User logged in {
        "userId": "a5d14073-a40a-480d-9ad2-17ddd4047a3f",
        "email": "c***@example.com"
      }

      at Console.log (node_modules/winston/lib/winston/transports/console.js:87:23)

    console.log
      2026-01-20 13:15:30 [[32minfo[39m]: Incoming request {
        "method": "POST",
        "path": "/api/auth/login",
        "requestId": "b1f8c144-ada3-4dd9-834b-61e9bee6032c",
        "ip": "::ffff:127.0.0.1"
      }

      at Console.log (node_modules/winston/lib/winston/transports/console.js:87:23)

    console.log
      2026-01-20 13:15:31 [[32minfo[39m]: User logged in {
        "userId": "ca56a50b-b93a-4846-8947-78212adf81ec",
        "email": "n***@example.com"
      }

      at Console.log (node_modules/winston/lib/winston/transports/console.js:87:23)

    console.log
      2026-01-20 13:15:32 [[32minfo[39m]: Incoming request {
        "method": "POST",
        "path": "/api/auth/login",
        "requestId": "53df8ca7-f32c-4d96-aabd-ea7222283ad0",
        "ip": "::ffff:127.0.0.1"
      }

      at Console.log (node_modules/winston/lib/winston/transports/console.js:87:23)

    console.log
      2026-01-20 13:15:33 [[32minfo[39m]: User logged in {
        "userId": "40ab1b09-f88f-415b-bf24-417327e0c0d9",
        "email": "s***@example.com"
      }

      at Console.log (node_modules/winston/lib/winston/transports/console.js:87:23)

    console.log
      2026-01-20 13:15:33 [[32minfo[39m]: Incoming request {
        "method": "POST",
        "path": "/api/auth/login",
        "requestId": "6aec77ad-474d-4b8b-bbe5-a47183eb4fb1",
        "ip": "::ffff:127.0.0.1"
      }

      at Console.log (node_modules/winston/lib/winston/transports/console.js:87:23)

    console.log
      2026-01-20 13:15:35 [[32minfo[39m]: Incoming request {
        "method": "POST",
        "path": "/api/auth/login",
        "requestId": "f199672e-5cf5-4636-be69-1bbeddb94d90",
        "ip": "::ffff:127.0.0.1"
      }

      at Console.log (node_modules/winston/lib/winston/transports/console.js:87:23)

    console.log
      2026-01-20 13:15:37 [[32minfo[39m]: Incoming request {
        "method": "POST",
        "path": "/api/auth/login",
        "requestId": "cad452f7-787b-4c72-93b5-63582ad6c389",
        "ip": "::ffff:127.0.0.1"
      }

      at Console.log (node_modules/winston/lib/winston/transports/console.js:87:23)

    console.log
      2026-01-20 13:15:37 [[32minfo[39m]: User logged in {
        "userId": "30ea2a18-f8ae-4f69-a834-b3e2b2b53ad3",
        "email": "m***@example.com"
      }

      at Console.log (node_modules/winston/lib/winston/transports/console.js:87:23)

    console.log
      2026-01-20 13:15:37 [[32minfo[39m]: Incoming request {
        "method": "GET",
        "path": "/api/auth/me",
        "requestId": "512f6bdb-f7fc-4c46-9500-202dbebb857c",
        "ip": "::ffff:127.0.0.1"
      }

      at Console.log (node_modules/winston/lib/winston/transports/console.js:87:23)

    console.log
      2026-01-20 13:15:38 [[32minfo[39m]: Incoming request {
        "method": "POST",
        "path": "/api/auth/login",
        "requestId": "c4a7b06e-c6bc-4d00-a7c4-104cdc117352",
        "ip": "::ffff:127.0.0.1"
      }

      at Console.log (node_modules/winston/lib/winston/transports/console.js:87:23)

    console.log
      2026-01-20 13:15:39 [[32minfo[39m]: User logged in {
        "userId": "1d45ad9e-d182-4c74-87d4-04aa9db3ae7b",
        "email": "m***@example.com"
      }

      at Console.log (node_modules/winston/lib/winston/transports/console.js:87:23)

    console.log
      2026-01-20 13:15:39 [[32minfo[39m]: Incoming request {
        "method": "GET",
        "path": "/api/auth/me",
        "requestId": "93da70bd-727d-4223-8d3b-f49cc551c1e1",
        "ip": "::ffff:127.0.0.1"
      }

      at Console.log (node_modules/winston/lib/winston/transports/console.js:87:23)

    console.log
      2026-01-20 13:15:39 [[32minfo[39m]: Incoming request {
        "method": "GET",
        "path": "/api/auth/me",
        "requestId": "ff695a95-c062-415d-903b-bb5e72b518ed",
        "ip": "::ffff:127.0.0.1"
      }

      at Console.log (node_modules/winston/lib/winston/transports/console.js:87:23)

    console.log
      2026-01-20 13:15:39 [[32minfo[39m]: Incoming request {
        "method": "POST",
        "path": "/api/auth/login",
        "requestId": "1c34974a-f1fe-4e5f-bb7f-3d0939d64822",
        "ip": "::ffff:127.0.0.1"
      }

      at Console.log (node_modules/winston/lib/winston/transports/console.js:87:23)

    console.log
      2026-01-20 13:15:40 [[32minfo[39m]: User logged in {
        "userId": "6adff54b-6224-42bf-be6e-136e1e6de951",
        "email": "r***@example.com"
      }

      at Console.log (node_modules/winston/lib/winston/transports/console.js:87:23)

    console.log
      2026-01-20 13:15:40 [[32minfo[39m]: Incoming request {
        "method": "POST",
        "path": "/api/auth/refresh",
        "requestId": "eb7f1f81-6ff7-4066-8d13-ca64c145972f",
        "ip": "::ffff:127.0.0.1"
      }

      at Console.log (node_modules/winston/lib/winston/transports/console.js:87:23)

    console.log
      2026-01-20 13:15:40 [[32minfo[39m]: Incoming request {
        "method": "POST",
        "path": "/api/auth/login",
        "requestId": "ee6f8355-7f12-49ca-ba4d-3c6e11bf1fdc",
        "ip": "::ffff:127.0.0.1"
      }

      at Console.log (node_modules/winston/lib/winston/transports/console.js:87:23)

    console.log
      2026-01-20 13:15:41 [[32minfo[39m]: User logged in {
        "userId": "4835c36a-161c-4f43-b1d0-db1bb4df4b1c",
        "email": "r***@example.com"
      }

      at Console.log (node_modules/winston/lib/winston/transports/console.js:87:23)

    console.log
      2026-01-20 13:15:41 [[32minfo[39m]: Incoming request {
        "method": "POST",
        "path": "/api/auth/refresh",
        "requestId": "0f5ff372-bceb-4109-937f-433fbba0a42c",
        "ip": "::ffff:127.0.0.1"
      }

      at Console.log (node_modules/winston/lib/winston/transports/console.js:87:23)

FAIL src/__tests__/routes/auth.mfa.e2e.test.ts (44.758 s)
  ● Console

    console.log
      2026-01-20 13:15:17 [[31merror[39m]: Database error 
      Invalid `prisma.mfaBackupCode.create()` invocation in
      /Users/user/Desktop/AI/projects/nextsaas/backend/src/services/mfaService.ts:316:32
      
        313 const code = generateBackupCode();
        314 codes.push(code);
        315 
      → 316 await prisma.mfaBackupCode.create(
      Foreign key constraint violated: `mfa_backup_codes_userId_fkey (index)` {
        "target": "mfaBackupCode.create"
      }

      at Console.log (node_modules/winston/lib/winston/transports/console.js:87:23)

    console.log
      2026-01-20 13:15:17 [[31merror[39m]: Request error {
        "error": "\nInvalid `prisma.mfaBackupCode.create()` invocation in\n/Users/user/Desktop/AI/projects/nextsaas/backend/src/services/mfaService.ts:316:32\n\n  313 const code = generateBackupCode();\n  314 codes.push(code);\n  315 \n→ 316 await prisma.mfaBackupCode.create(\nForeign key constraint violated: `mfa_backup_codes_userId_fkey (index)`",
        "stack": "PrismaClientKnownRequestError: \nInvalid `prisma.mfaBackupCode.create()` invocation in\n/Users/user/Desktop/AI/projects/nextsaas/backend/src/services/mfaService.ts:316:32\n\n  313 const code = generateBackupCode();\n  314 codes.push(code);\n  315 \n→ 316 await prisma.mfaBackupCode.create(\nForeign key constraint violated: `mfa_backup_codes_userId_fkey (index)`\n    at $n.handleRequestError (/Users/user/Desktop/AI/projects/nextsaas/backend/node_modules/@prisma/client/runtime/library.js:121:7315)\n    at $n.handleAndLogRequestError (/Users/user/Desktop/AI/projects/nextsaas/backend/node_modules/@prisma/client/runtime/library.js:121:6623)\n    at $n.request (/Users/user/Desktop/AI/projects/nextsaas/backend/node_modules/@prisma/client/runtime/library.js:121:6307)\n    at l (/Users/user/Desktop/AI/projects/nextsaas/backend/node_modules/@prisma/client/runtime/library.js:130:9633)\n    at generateBackupCodes (/Users/user/Desktop/AI/projects/nextsaas/backend/src/services/mfaService.ts:316:5)\n    at Object.setupTotp (/Users/user/Desktop/AI/projects/nextsaas/backend/src/services/mfaService.ts:57:23)\n    at /Users/user/Desktop/AI/projects/nextsaas/backend/src/routes/auth.ts:1130:20",
        "requestId": "ac033131-0ecd-4253-9883-9897c9b91ae8",
        "userId": "d685e1a6-17d4-44c1-a28b-9ae8e7eb5f02",
        "method": "POST",
        "path": "/api/auth/mfa/setup/totp",
        "statusCode": 500,
        "isOperational": false
      }

      at Console.log (node_modules/winston/lib/winston/transports/console.js:87:23)

    console.log
      2026-01-20 13:15:26 [[31merror[39m]: Database error 
      Invalid `prisma.mfaBackupCode.create()` invocation in
      /Users/user/Desktop/AI/projects/nextsaas/backend/src/services/mfaService.ts:316:32
      
        313 const code = generateBackupCode();
        314 codes.push(code);
        315 
      → 316 await prisma.mfaBackupCode.create(
      Foreign key constraint violated: `mfa_backup_codes_userId_fkey (index)` {
        "target": "mfaBackupCode.create"
      }

      at Console.log (node_modules/winston/lib/winston/transports/console.js:87:23)

    console.log
      2026-01-20 13:15:26 [[31merror[39m]: Request error {
        "error": "\nInvalid `prisma.mfaBackupCode.create()` invocation in\n/Users/user/Desktop/AI/projects/nextsaas/backend/src/services/mfaService.ts:316:32\n\n  313 const code = generateBackupCode();\n  314 codes.push(code);\n  315 \n→ 316 await prisma.mfaBackupCode.create(\nForeign key constraint violated: `mfa_backup_codes_userId_fkey (index)`",
        "stack": "PrismaClientKnownRequestError: \nInvalid `prisma.mfaBackupCode.create()` invocation in\n/Users/user/Desktop/AI/projects/nextsaas/backend/src/services/mfaService.ts:316:32\n\n  313 const code = generateBackupCode();\n  314 codes.push(code);\n  315 \n→ 316 await prisma.mfaBackupCode.create(\nForeign key constraint violated: `mfa_backup_codes_userId_fkey (index)`\n    at $n.handleRequestError (/Users/user/Desktop/AI/projects/nextsaas/backend/node_modules/@prisma/client/runtime/library.js:121:7315)\n    at $n.handleAndLogRequestError (/Users/user/Desktop/AI/projects/nextsaas/backend/node_modules/@prisma/client/runtime/library.js:121:6623)\n    at $n.request (/Users/user/Desktop/AI/projects/nextsaas/backend/node_modules/@prisma/client/runtime/library.js:121:6307)\n    at l (/Users/user/Desktop/AI/projects/nextsaas/backend/node_modules/@prisma/client/runtime/library.js:130:9633)\n    at generateBackupCodes (/Users/user/Desktop/AI/projects/nextsaas/backend/src/services/mfaService.ts:316:5)\n    at Object.setupTotp (/Users/user/Desktop/AI/projects/nextsaas/backend/src/services/mfaService.ts:57:23)\n    at /Users/user/Desktop/AI/projects/nextsaas/backend/src/routes/auth.ts:1130:20",
        "requestId": "df7cd4e2-2bce-4cb1-af51-06af50f3b43f",
        "userId": "75b016ab-f8bf-43d7-8cb2-e76fc6b63996",
        "method": "POST",
        "path": "/api/auth/mfa/setup/totp",
        "statusCode": 500,
        "isOperational": false
      }

      at Console.log (node_modules/winston/lib/winston/transports/console.js:87:23)

    console.log
      2026-01-20 13:15:34 [[31merror[39m]: Database error 
      Invalid `prisma.mfaBackupCode.create()` invocation in
      /Users/user/Desktop/AI/projects/nextsaas/backend/src/services/mfaService.ts:316:32
      
        313 const code = generateBackupCode();
        314 codes.push(code);
        315 
      → 316 await prisma.mfaBackupCode.create(
      Foreign key constraint violated: `mfa_backup_codes_userId_fkey (index)` {
        "target": "mfaBackupCode.create"
      }

      at Console.log (node_modules/winston/lib/winston/transports/console.js:87:23)

    console.log
      2026-01-20 13:15:34 [[31merror[39m]: Request error {
        "error": "\nInvalid `prisma.mfaBackupCode.create()` invocation in\n/Users/user/Desktop/AI/projects/nextsaas/backend/src/services/mfaService.ts:316:32\n\n  313 const code = generateBackupCode();\n  314 codes.push(code);\n  315 \n→ 316 await prisma.mfaBackupCode.create(\nForeign key constraint violated: `mfa_backup_codes_userId_fkey (index)`",
        "stack": "PrismaClientKnownRequestError: \nInvalid `prisma.mfaBackupCode.create()` invocation in\n/Users/user/Desktop/AI/projects/nextsaas/backend/src/services/mfaService.ts:316:32\n\n  313 const code = generateBackupCode();\n  314 codes.push(code);\n  315 \n→ 316 await prisma.mfaBackupCode.create(\nForeign key constraint violated: `mfa_backup_codes_userId_fkey (index)`\n    at $n.handleRequestError (/Users/user/Desktop/AI/projects/nextsaas/backend/node_modules/@prisma/client/runtime/library.js:121:7315)\n    at $n.handleAndLogRequestError (/Users/user/Desktop/AI/projects/nextsaas/backend/node_modules/@prisma/client/runtime/library.js:121:6623)\n    at $n.request (/Users/user/Desktop/AI/projects/nextsaas/backend/node_modules/@prisma/client/runtime/library.js:121:6307)\n    at l (/Users/user/Desktop/AI/projects/nextsaas/backend/node_modules/@prisma/client/runtime/library.js:130:9633)\n    at generateBackupCodes (/Users/user/Desktop/AI/projects/nextsaas/backend/src/services/mfaService.ts:316:5)\n    at Object.setupTotp (/Users/user/Desktop/AI/projects/nextsaas/backend/src/services/mfaService.ts:57:23)\n    at /Users/user/Desktop/AI/projects/nextsaas/backend/src/routes/auth.ts:1130:20",
        "requestId": "2be0fbea-c9a5-46ec-89d9-1e063957d637",
        "userId": "c807bb78-841b-406e-91be-c3b74a101e3b",
        "method": "POST",
        "path": "/api/auth/mfa/setup/totp",
        "statusCode": 500,
        "isOperational": false
      }

      at Console.log (node_modules/winston/lib/winston/transports/console.js:87:23)

    console.log
      2026-01-20 13:15:39 [[32minfo[39m]: Audit log created {
        "logId": "e8f95f35-c0f2-46db-9f17-8201dc2768ad",
        "action": "MFA_BACKUP_CODES_GENERATED",
        "userId": "f500fda5-32cb-4c11-8e9a-4ea7e98b6dda",
        "resource": "mfa_backup_codes"
      }

      at Console.log (node_modules/winston/lib/winston/transports/console.js:87:23)

    console.log
      2026-01-20 13:15:39 [[32minfo[39m]: Audit log created {
        "logId": "2db6deb7-2bfc-4577-bff6-6d63e2a566bb",
        "action": "MFA_TOTP_SETUP",
        "userId": "f500fda5-32cb-4c11-8e9a-4ea7e98b6dda",
        "resource": "mfa_methods"
      }

      at Console.log (node_modules/winston/lib/winston/transports/console.js:87:23)

    console.log
      2026-01-20 13:15:39 [[32minfo[39m]: TOTP MFA setup initiated {
        "userId": "f500fda5-32cb-4c11-8e9a-4ea7e98b6dda"
      }

      at Console.log (node_modules/winston/lib/winston/transports/console.js:87:23)

    console.log
      2026-01-20 13:15:39 [[32minfo[39m]: Audit log created {
        "logId": "b38c5373-18cd-4b5a-b5da-384a21fe7e04",
        "action": "MFA_TOTP_VERIFIED",
        "userId": "f500fda5-32cb-4c11-8e9a-4ea7e98b6dda",
        "resource": "mfa_methods"
      }

      at Console.log (node_modules/winston/lib/winston/transports/console.js:87:23)

    console.log
      2026-01-20 13:15:39 [[32minfo[39m]: Audit log created {
        "logId": "1671b307-4166-4b79-94a7-4df7be37ad64",
        "action": "MFA_ENABLED",
        "userId": "f500fda5-32cb-4c11-8e9a-4ea7e98b6dda",
        "resource": "mfa_methods"
      }

      at Console.log (node_modules/winston/lib/winston/transports/console.js:87:23)

    console.log
      2026-01-20 13:15:39 [[32minfo[39m]: MFA enabled {
        "userId": "f500fda5-32cb-4c11-8e9a-4ea7e98b6dda",
        "method": "TOTP"
      }

      at Console.log (node_modules/winston/lib/winston/transports/console.js:87:23)

    console.log
      2026-01-20 13:15:40 [[32minfo[39m]: Audit log created {
        "logId": "7d95b6f7-58d9-4880-9936-0976e7c28314",
        "action": "MFA_EMAIL_SETUP",
        "userId": "801a50d1-cbe5-4e9e-8081-61aa7e40f730",
        "resource": "mfa_methods"
      }

      at Console.log (node_modules/winston/lib/winston/transports/console.js:87:23)

    console.log
      2026-01-20 13:15:40 [[32minfo[39m]: Email MFA setup initiated {
        "userId": "801a50d1-cbe5-4e9e-8081-61aa7e40f730"
      }

      at Console.log (node_modules/winston/lib/winston/transports/console.js:87:23)

    console.log
      2026-01-20 13:15:40 [[33mwarn[39m]: Email not sent - Resend not configured or in test mode {
        "to": "m***@example.com",
        "subject": "Your MFA Verification Code"
      }

      at Console.log (node_modules/winston/lib/winston/transports/console.js:87:23)

    console.log
      2026-01-20 13:15:40 [[32minfo[39m]: Audit log created {
        "logId": "66c2f6a4-8808-40eb-b60a-16c3e0403db6",
        "action": "MFA_EMAIL_OTP_SENT",
        "userId": "801a50d1-cbe5-4e9e-8081-61aa7e40f730",
        "resource": "mfa_methods"
      }

      at Console.log (node_modules/winston/lib/winston/transports/console.js:87:23)

    console.log
      2026-01-20 13:15:40 [[32minfo[39m]: Email OTP sent {
        "userId": "801a50d1-cbe5-4e9e-8081-61aa7e40f730"
      }

      at Console.log (node_modules/winston/lib/winston/transports/console.js:87:23)

    console.log
      2026-01-20 13:15:40 [[32minfo[39m]: OTP automatically sent after Email MFA setup {
        "userId": "801a50d1-cbe5-4e9e-8081-61aa7e40f730"
      }

      at Console.log (node_modules/winston/lib/winston/transports/console.js:87:23)

    console.log
      2026-01-20 13:15:43 [[32minfo[39m]: Audit log created {
        "logId": "bd1b6827-7dbe-45bb-9617-06ed8a31c919",
        "action": "MFA_BACKUP_CODES_GENERATED",
        "userId": "3de7ae20-b0df-4c5d-be90-c4ef7ca99b85",
        "resource": "mfa_backup_codes"
      }

      at Console.log (node_modules/winston/lib/winston/transports/console.js:87:23)

    console.log
      2026-01-20 13:15:43 [[32minfo[39m]: Audit log created {
        "logId": "f0ef08a1-83f4-4e15-a1cc-3f62b60f5bb7",
        "action": "MFA_TOTP_SETUP",
        "userId": "3de7ae20-b0df-4c5d-be90-c4ef7ca99b85",
        "resource": "mfa_methods"
      }

      at Console.log (node_modules/winston/lib/winston/transports/console.js:87:23)

    console.log
      2026-01-20 13:15:43 [[32minfo[39m]: TOTP MFA setup initiated {
        "userId": "3de7ae20-b0df-4c5d-be90-c4ef7ca99b85"
      }

      at Console.log (node_modules/winston/lib/winston/transports/console.js:87:23)

    console.log
      2026-01-20 13:15:43 [[32minfo[39m]: Audit log created {
        "logId": "9fa74f99-c6e1-4c33-865f-ed7d9ea2404e",
        "action": "MFA_TOTP_VERIFIED",
        "userId": "3de7ae20-b0df-4c5d-be90-c4ef7ca99b85",
        "resource": "mfa_methods"
      }

      at Console.log (node_modules/winston/lib/winston/transports/console.js:87:23)

    console.log
      2026-01-20 13:15:43 [[32minfo[39m]: Audit log created {
        "logId": "d95b8414-80d4-4c17-ac25-4f6bb6f6c3bd",
        "action": "MFA_ENABLED",
        "userId": "3de7ae20-b0df-4c5d-be90-c4ef7ca99b85",
        "resource": "mfa_methods"
      }

      at Console.log (node_modules/winston/lib/winston/transports/console.js:87:23)

    console.log
      2026-01-20 13:15:43 [[32minfo[39m]: MFA enabled {
        "userId": "3de7ae20-b0df-4c5d-be90-c4ef7ca99b85",
        "method": "TOTP"
      }

      at Console.log (node_modules/winston/lib/winston/transports/console.js:87:23)

    console.log
      2026-01-20 13:15:43 [[32minfo[39m]: Audit log created {
        "logId": "ff8a7cf4-3a26-4854-8be3-177aaec7b74e",
        "action": "MFA_BACKUP_CODES_GENERATED",
        "userId": "3de7ae20-b0df-4c5d-be90-c4ef7ca99b85",
        "resource": "mfa_backup_codes"
      }

      at Console.log (node_modules/winston/lib/winston/transports/console.js:87:23)

    console.log
      2026-01-20 13:15:43 [[32minfo[39m]: Audit log created {
        "logId": "6fe03a4e-42be-4878-b0f7-dc637558bd9f",
        "action": "MFA_BACKUP_CODE_USED",
        "userId": "3de7ae20-b0df-4c5d-be90-c4ef7ca99b85",
        "resource": "mfa_backup_codes"
      }

      at Console.log (node_modules/winston/lib/winston/transports/console.js:87:23)

    console.log
      2026-01-20 13:15:45 [[32minfo[39m]: Audit log created {
        "logId": "baa621f9-60ea-40cc-902f-d81e37ec4f04",
        "action": "MFA_BACKUP_CODES_GENERATED",
        "userId": "36f391aa-a1d1-4c55-9b95-f1adc84ad388",
        "resource": "mfa_backup_codes"
      }

      at Console.log (node_modules/winston/lib/winston/transports/console.js:87:23)

    console.log
      2026-01-20 13:15:45 [[32minfo[39m]: Audit log created {
        "logId": "daab90c1-87c7-4610-96f1-321a8d806037",
        "action": "MFA_TOTP_SETUP",
        "userId": "36f391aa-a1d1-4c55-9b95-f1adc84ad388",
        "resource": "mfa_methods"
      }

      at Console.log (node_modules/winston/lib/winston/transports/console.js:87:23)

    console.log
      2026-01-20 13:15:45 [[32minfo[39m]: TOTP MFA setup initiated {
        "userId": "36f391aa-a1d1-4c55-9b95-f1adc84ad388"
      }

      at Console.log (node_modules/winston/lib/winston/transports/console.js:87:23)

    console.log
      2026-01-20 13:15:45 [[32minfo[39m]: Audit log created {
        "logId": "9edd1cdb-21b8-4d98-b617-8d1c2611d9a4",
        "action": "MFA_TOTP_VERIFIED",
        "userId": "36f391aa-a1d1-4c55-9b95-f1adc84ad388",
        "resource": "mfa_methods"
      }

      at Console.log (node_modules/winston/lib/winston/transports/console.js:87:23)

    console.log
      2026-01-20 13:15:45 [[32minfo[39m]: Audit log created {
        "logId": "41156cfc-2127-426f-9ec4-805098887ac9",
        "action": "MFA_ENABLED",
        "userId": "36f391aa-a1d1-4c55-9b95-f1adc84ad388",
        "resource": "mfa_methods"
      }

      at Console.log (node_modules/winston/lib/winston/transports/console.js:87:23)

    console.log
      2026-01-20 13:15:46 [[32minfo[39m]: MFA enabled {
        "userId": "36f391aa-a1d1-4c55-9b95-f1adc84ad388",
        "method": "TOTP"
      }

      at Console.log (node_modules/winston/lib/winston/transports/console.js:87:23)

    console.log
      2026-01-20 13:15:46 [[32minfo[39m]: Audit log created {
        "logId": "b026fc2f-d18a-493b-b611-f7583d1e563d",
        "action": "MFA_DISABLED",
        "userId": "36f391aa-a1d1-4c55-9b95-f1adc84ad388",
        "resource": "mfa_methods"
      }

      at Console.log (node_modules/winston/lib/winston/transports/console.js:87:23)

    console.log
      2026-01-20 13:15:46 [[32minfo[39m]: MFA disabled {
        "userId": "36f391aa-a1d1-4c55-9b95-f1adc84ad388",
        "method": "TOTP"
      }

      at Console.log (node_modules/winston/lib/winston/transports/console.js:87:23)

    console.log
      2026-01-20 13:15:46 [[32minfo[39m]: User logged in {
        "userId": "36f391aa-a1d1-4c55-9b95-f1adc84ad388",
        "email": "m***@example.com"
      }

      at Console.log (node_modules/winston/lib/winston/transports/console.js:87:23)

    console.log
      2026-01-20 13:15:47 [[32minfo[39m]: User logged in {
        "userId": "39113f24-7e6c-4f7b-9b3c-***-***-5664d4",
        "email": "m***@example.com"
      }

      at Console.log (node_modules/winston/lib/winston/transports/console.js:87:23)

  ● MFA E2E Integration Tests › E2E: Complete MFA Setup and Login Flow › should complete full TOTP MFA setup and login flow

    thrown: "Exceeded timeout of 5000 ms for a test.
    Add a timeout value to this test to increase the timeout, if this is a long-running test. See https://jestjs.io/docs/api#testname-fn-timeout."

      59 |
      60 |   describe('E2E: Complete MFA Setup and Login Flow', () => {
    > 61 |     it('should complete full TOTP MFA setup and login flow', async () => {
         |     ^
      62 |       // Step 1: Setup TOTP MFA
      63 |       const tokens = authService.generateTokens(testUser.id);
      64 |       const setupResponse = await request(app)

      at src/__tests__/routes/auth.mfa.e2e.test.ts:61:5
      at src/__tests__/routes/auth.mfa.e2e.test.ts:60:3
      at Object.<anonymous> (src/__tests__/routes/auth.mfa.e2e.test.ts:29:1)

  ● MFA E2E Integration Tests › E2E: Complete MFA Setup and Login Flow › should complete login flow with backup code

    thrown: "Exceeded timeout of 5000 ms for a test.
    Add a timeout value to this test to increase the timeout, if this is a long-running test. See https://jestjs.io/docs/api#testname-fn-timeout."

      161 |     });
      162 |
    > 163 |     it('should complete login flow with backup code', async () => {
          |     ^
      164 |       // Step 1: Setup and enable TOTP MFA
      165 |       const tokens = authService.generateTokens(testUser.id);
      166 |       const setupResponse = await request(app)

      at src/__tests__/routes/auth.mfa.e2e.test.ts:163:5
      at src/__tests__/routes/auth.mfa.e2e.test.ts:60:3
      at Object.<anonymous> (src/__tests__/routes/auth.mfa.e2e.test.ts:29:1)

  ● MFA E2E Integration Tests › E2E: Complete MFA Setup and Login Flow › should reject invalid MFA code during login

    thrown: "Exceeded timeout of 5000 ms for a test.
    Add a timeout value to this test to increase the timeout, if this is a long-running test. See https://jestjs.io/docs/api#testname-fn-timeout."

      228 |     });
      229 |
    > 230 |     it('should reject invalid MFA code during login', async () => {
          |     ^
      231 |       // Setup and enable MFA
      232 |       const tokens = authService.generateTokens(testUser.id);
      233 |       const setupResponse = await request(app)

      at src/__tests__/routes/auth.mfa.e2e.test.ts:230:5
      at src/__tests__/routes/auth.mfa.e2e.test.ts:60:3
      at Object.<anonymous> (src/__tests__/routes/auth.mfa.e2e.test.ts:29:1)

PASS src/__tests__/emailService.test.ts
  ● Console

    console.log
      2026-01-20 13:15:47 [[32minfo[39m]: Email sent successfully {
        "emailId": "email-123",
        "to": "u***@example.com",
        "subject": "Welcome to App Template!"
      }

      at Console.log (node_modules/winston/lib/winston/transports/console.js:87:23)

    console.log
      2026-01-20 13:15:47 [[32minfo[39m]: Email sent successfully {
        "emailId": "email-123",
        "to": "u***@example.com",
        "subject": "Welcome to App Template!"
      }

      at Console.log (node_modules/winston/lib/winston/transports/console.js:87:23)

    console.log
      2026-01-20 13:15:47 [[31merror[39m]: Failed to send email {
        "to": "u***@example.com",
        "subject": "Welcome to App Template!",
        "error": "Resend API error"
      }

      at Console.log (node_modules/winston/lib/winston/transports/console.js:87:23)

    console.log
      2026-01-20 13:15:47 [[32minfo[39m]: Email sent successfully {
        "emailId": "email-123",
        "to": "u***@example.com",
        "subject": "Verify Your Email Address"
      }

      at Console.log (node_modules/winston/lib/winston/transports/console.js:87:23)

    console.log
      2026-01-20 13:15:47 [[32minfo[39m]: Email sent successfully {
        "emailId": "email-123",
        "to": "u***@example.com",
        "subject": "Verify Your Email Address"
      }

      at Console.log (node_modules/winston/lib/winston/transports/console.js:87:23)

    console.log
      2026-01-20 13:15:47 [[32minfo[39m]: Email sent successfully {
        "emailId": "email-123",
        "to": "u***@example.com",
        "subject": "Reset Your Password"
      }

      at Console.log (node_modules/winston/lib/winston/transports/console.js:87:23)

    console.log
      2026-01-20 13:15:47 [[32minfo[39m]: Email sent successfully {
        "emailId": "email-123",
        "to": "u***@example.com",
        "subject": "Reset Your Password"
      }

      at Console.log (node_modules/winston/lib/winston/transports/console.js:87:23)

    console.log
      2026-01-20 13:15:47 [[32minfo[39m]: Email sent successfully {
        "emailId": "email-123",
        "to": "u***@example.com",
        "subject": "Test Notification"
      }

      at Console.log (node_modules/winston/lib/winston/transports/console.js:87:23)

    console.log
      2026-01-20 13:15:47 [[32minfo[39m]: Email sent successfully {
        "emailId": "email-123",
        "to": "u***@example.com",
        "subject": "Test"
      }

      at Console.log (node_modules/winston/lib/winston/transports/console.js:87:23)

    console.log
      2026-01-20 13:15:47 [[31merror[39m]: Failed to render email template {
        "templateName": "non-existent",
        "error": "Email template not found: non-existent"
      }

      at Console.log (node_modules/winston/lib/winston/transports/console.js:87:23)

    console.log
      2026-01-20 13:15:47 [[32minfo[39m]: Email sent successfully {
        "emailId": "email-123",
        "to": "u***@example.com",
        "subject": "Data Export Ready"
      }

      at Console.log (node_modules/winston/lib/winston/transports/console.js:87:23)

    console.log
      2026-01-20 13:15:47 [[32minfo[39m]: Email sent successfully {
        "emailId": "email-123",
        "to": "u***@example.com",
        "subject": "Data Export Ready"
      }

      at Console.log (node_modules/winston/lib/winston/transports/console.js:87:23)

    console.log
      2026-01-20 13:15:47 [[32minfo[39m]: Email sent successfully {
        "emailId": "email-123",
        "to": "u***@example.com",
        "subject": "Data Export Ready"
      }

      at Console.log (node_modules/winston/lib/winston/transports/console.js:87:23)

    console.log
      2026-01-20 13:15:47 [[32minfo[39m]: Email sent successfully {
        "emailId": "email-123",
        "to": "u***@example.com",
        "subject": "Data Export Ready"
      }

      at Console.log (node_modules/winston/lib/winston/transports/console.js:87:23)

    console.log
      2026-01-20 13:15:47 [[32minfo[39m]: Email sent successfully {
        "emailId": "email-123",
        "to": "u***@example.com",
        "subject": "Account Deleted"
      }

      at Console.log (node_modules/winston/lib/winston/transports/console.js:87:23)

    console.log
      2026-01-20 13:15:47 [[32minfo[39m]: Email sent successfully {
        "emailId": "email-123",
        "to": "u***@example.com",
        "subject": "Account Deleted"
      }

      at Console.log (node_modules/winston/lib/winston/transports/console.js:87:23)

    console.log
      2026-01-20 13:15:47 [[32minfo[39m]: Email sent successfully {
        "emailId": "email-123",
        "to": "u***@example.com",
        "subject": "Account Deleted"
      }

      at Console.log (node_modules/winston/lib/winston/transports/console.js:87:23)

    console.log
      2026-01-20 13:15:48 [[32minfo[39m]: Email sent successfully {
        "emailId": "email-123",
        "to": "u***@example.com",
        "subject": "Account Deleted"
      }

      at Console.log (node_modules/winston/lib/winston/transports/console.js:87:23)

    console.log
      2026-01-20 13:15:48 [[32minfo[39m]: Email sent successfully {
        "emailId": "email-123",
        "to": "u***@example.com",
        "subject": "Privacy Preferences Updated"
      }

      at Console.log (node_modules/winston/lib/winston/transports/console.js:87:23)

    console.log
      2026-01-20 13:15:48 [[32minfo[39m]: Email sent successfully {
        "emailId": "email-123",
        "to": "u***@example.com",
        "subject": "Privacy Preferences Updated"
      }

      at Console.log (node_modules/winston/lib/winston/transports/console.js:87:23)

    console.log
      2026-01-20 13:15:48 [[32minfo[39m]: Email sent successfully {
        "emailId": "email-123",
        "to": "u***@example.com",
        "subject": "Privacy Preferences Updated"
      }

      at Console.log (node_modules/winston/lib/winston/transports/console.js:87:23)

    console.log
      2026-01-20 13:15:48 [[32minfo[39m]: Email sent successfully {
        "emailId": "email-123",
        "to": "u***@example.com",
        "subject": "Privacy Preferences Updated"
      }

      at Console.log (node_modules/winston/lib/winston/transports/console.js:87:23)

    console.log
      2026-01-20 13:15:48 [[32minfo[39m]: Email sent successfully {
        "emailId": "email-123",
        "to": "u***@example.com",
        "subject": "Privacy Preferences Updated"
      }

      at Console.log (node_modules/winston/lib/winston/transports/console.js:87:23)

FAIL src/__tests__/routes/audit.ipCapture.e2e.test.ts (7.727 s)
  ● Console

    console.log
      2026-01-20 13:15:51 [[32minfo[39m]: Swagger UI available at /api-docs

      at Console.log (node_modules/winston/lib/winston/transports/console.js:87:23)

    console.log
      2026-01-20 13:15:51 [[32minfo[39m]: Incoming request {
        "method": "POST",
        "path": "/api/auth/register",
        "requestId": "ddcf5e83-2d36-4b5a-9794-214fde2b618c",
        "ip": "203.0.113.10"
      }

      at Console.log (node_modules/winston/lib/winston/transports/console.js:87:23)

    console.log
      2026-01-20 13:15:51 [[32minfo[39m]: User registered {
        "userId": "ead32c46-185a-46bf-81b1-d0e96672da94",
        "email": "i***@example.com"
      }

      at Console.log (node_modules/winston/lib/winston/transports/console.js:87:23)

    console.log
      2026-01-20 13:15:51 [[32minfo[39m]: Incoming request {
        "method": "POST",
        "path": "/api/auth/login",
        "requestId": "549b3dec-6cde-4b16-b6ed-2195692aa9f2",
        "ip": "198.51.100.10"
      }

      at Console.log (node_modules/winston/lib/winston/transports/console.js:87:23)

    console.log
      2026-01-20 13:15:52 [[32minfo[39m]: User logged in {
        "userId": "ead32c46-185a-46bf-81b1-d0e96672da94",
        "email": "i***@example.com"
      }

      at Console.log (node_modules/winston/lib/winston/transports/console.js:87:23)

    console.log
      2026-01-20 13:15:52 [[32minfo[39m]: Incoming request {
        "method": "PUT",
        "path": "/api/profile/me",
        "requestId": "3c7778ba-4e54-43eb-bb60-40fff323f36c",
        "ip": "172.16.0.10"
      }

      at Console.log (node_modules/winston/lib/winston/transports/console.js:87:23)

    console.log
      2026-01-20 13:15:52 [[32minfo[39m]: Audit log created {
        "logId": "69190333-7d4b-4670-b0b8-1a38444c5260",
        "action": "PROFILE_UPDATED",
        "userId": "ead32c46-185a-46bf-81b1-d0e96672da94",
        "resource": "users"
      }

      at Console.log (node_modules/winston/lib/winston/transports/console.js:87:23)

    console.log
      2026-01-20 13:15:52 [[32minfo[39m]: User profile updated {
        "userId": "ead32c46-185a-46bf-81b1-d0e96672da94",
        "email": "i***@example.com",
        "changes": [
          "name: \"E2E Test User\" → \"Updated E2E Name\""
        ],
        "ipAddress": "172.16.0.10"
      }

      at Console.log (node_modules/winston/lib/winston/transports/console.js:87:23)

    console.log
      2026-01-20 13:15:52 [[32minfo[39m]: Incoming request {
        "method": "PUT",
        "path": "/api/profile/password",
        "requestId": "394cc20c-1276-40d5-9c35-ba30a3129aa7",
        "ip": "10.0.0.10"
      }

      at Console.log (node_modules/winston/lib/winston/transports/console.js:87:23)

    console.log
      2026-01-20 13:15:53 [[32minfo[39m]: Audit log created {
        "logId": "f3c5e75e-e983-4c86-a8a5-ec12d7ebeefb",
        "action": "PASSWORD_CHANGED",
        "userId": "ead32c46-185a-46bf-81b1-d0e96672da94",
        "resource": "users"
      }

      at Console.log (node_modules/winston/lib/winston/transports/console.js:87:23)

    console.log
      2026-01-20 13:15:53 [[32minfo[39m]: User password changed {
        "userId": "ead32c46-185a-46bf-81b1-d0e96672da94",
        "email": "i***@example.com",
        "ipAddress": "10.0.0.10"
      }

      at Console.log (node_modules/winston/lib/winston/transports/console.js:87:23)

    console.log
      2026-01-20 13:15:53 [[32minfo[39m]: Incoming request {
        "method": "POST",
        "path": "/api/auth/register",
        "requestId": "691f1478-dc76-448d-8d0d-e91e263971c9",
        "ip": "172.16.0.20"
      }

      at Console.log (node_modules/winston/lib/winston/transports/console.js:87:23)

    console.log
      2026-01-20 13:15:53 [[32minfo[39m]: User registered {
        "userId": "1f9058ad-3f30-42d4-b387-59a3ac5975ec",
        "email": "i***@example.com"
      }

      at Console.log (node_modules/winston/lib/winston/transports/console.js:87:23)

    console.log
      2026-01-20 13:15:53 [[32minfo[39m]: Incoming request {
        "method": "POST",
        "path": "/api/auth/register",
        "requestId": "2b9125c9-7412-43b5-8c4d-d5262d94ca9e",
        "ip": "::ffff:127.0.0.1"
      }

      at Console.log (node_modules/winston/lib/winston/transports/console.js:87:23)

    console.log
      2026-01-20 13:15:53 [[32minfo[39m]: User registered {
        "userId": "b3342629-64e4-4dad-86bb-0b69cfeba10a",
        "email": "i***@example.com"
      }

      at Console.log (node_modules/winston/lib/winston/transports/console.js:87:23)

    console.log
      2026-01-20 13:15:54 [[32minfo[39m]: Incoming request {
        "method": "POST",
        "path": "/api/auth/register",
        "requestId": "7e8e686e-1880-4a21-bdb1-87c97127ff04",
        "ip": "2001:0db8:85a3:0000:0000:8a2e:0370:7334"
      }

      at Console.log (node_modules/winston/lib/winston/transports/console.js:87:23)

    console.log
      2026-01-20 13:15:54 [[32minfo[39m]: User registered {
        "userId": "8c4d199d-e264-4cb8-9e2d-a79fbbc52a3f",
        "email": "i***@example.com"
      }

      at Console.log (node_modules/winston/lib/winston/transports/console.js:87:23)

    console.log
      2026-01-20 13:15:54 [[32minfo[39m]: Incoming request {
        "method": "POST",
        "path": "/api/auth/register",
        "requestId": "764875d9-3c64-4bb2-9ce1-a316101f8ec1",
        "ip": "127.0.0.1"
      }

      at Console.log (node_modules/winston/lib/winston/transports/console.js:87:23)

    console.log
      2026-01-20 13:15:54 [[32minfo[39m]: User registered {
        "userId": "42deb431-907f-47a4-a282-61f48b5050e8",
        "email": "i***@example.com"
      }

      at Console.log (node_modules/winston/lib/winston/transports/console.js:87:23)

    console.log
      2026-01-20 13:15:54 [[32minfo[39m]: Incoming request {
        "method": "POST",
        "path": "/api/auth/register",
        "requestId": "9ceb5238-d34b-4d37-a994-35e81d853f73",
        "ip": "127.0.0.1"
      }

      at Console.log (node_modules/winston/lib/winston/transports/console.js:87:23)

    console.log
      2026-01-20 13:15:55 [[32minfo[39m]: User registered {
        "userId": "ed873c20-7018-47ed-af96-27d56f0afc66",
        "email": "i***@example.com"
      }

      at Console.log (node_modules/winston/lib/winston/transports/console.js:87:23)

    console.log
      2026-01-20 13:15:55 [[32minfo[39m]: Incoming request {
        "method": "POST",
        "path": "/api/auth/register",
        "requestId": "f90aad4f-53ec-46b8-a695-29a1268995a8",
        "ip": "203.0.113.40"
      }

      at Console.log (node_modules/winston/lib/winston/transports/console.js:87:23)

    console.log
      2026-01-20 13:15:55 [[32minfo[39m]: User registered {
        "userId": "ad579d7a-b270-4e62-b29f-4a7f2fd81a2b",
        "email": "i***@example.com"
      }

      at Console.log (node_modules/winston/lib/winston/transports/console.js:87:23)

    console.log
      2026-01-20 13:15:55 [[32minfo[39m]: Incoming request {
        "method": "POST",
        "path": "/api/auth/login",
        "requestId": "ba1472e6-12f8-4b91-bc9c-3c23ad437ad7",
        "ip": "198.51.100.40"
      }

      at Console.log (node_modules/winston/lib/winston/transports/console.js:87:23)

    console.log
      2026-01-20 13:15:55 [[32minfo[39m]: User logged in {
        "userId": "ad579d7a-b270-4e62-b29f-4a7f2fd81a2b",
        "email": "i***@example.com"
      }

      at Console.log (node_modules/winston/lib/winston/transports/console.js:87:23)

    console.log
      2026-01-20 13:15:55 [[32minfo[39m]: Incoming request {
        "method": "PUT",
        "path": "/api/profile/me",
        "requestId": "35bcac1f-175c-46e5-88ea-29e747e96ce9",
        "ip": "172.16.0.40"
      }

      at Console.log (node_modules/winston/lib/winston/transports/console.js:87:23)

    console.log
      2026-01-20 13:15:55 [[32minfo[39m]: Audit log created {
        "logId": "396e9d1b-64dd-40ca-9f3f-2aeaa02a2230",
        "action": "PROFILE_UPDATED",
        "userId": "ad579d7a-b270-4e62-b29f-4a7f2fd81a2b",
        "resource": "users"
      }

      at Console.log (node_modules/winston/lib/winston/transports/console.js:87:23)

    console.log
      2026-01-20 13:15:55 [[32minfo[39m]: User profile updated {
        "userId": "ad579d7a-b270-4e62-b29f-4a7f2fd81a2b",
        "email": "i***@example.com",
        "changes": [
          "name: \"Multi IP User\" → \"Updated Multi IP Name\""
        ],
        "ipAddress": "172.16.0.40"
      }

      at Console.log (node_modules/winston/lib/winston/transports/console.js:87:23)

  ● Audit Log IP Capture E2E › Multiple Actions IP Tracking › should track different IPs for different actions

    expect(received).toBeGreaterThanOrEqual(expected)

    Expected: >= 3
    Received:    0

      431 |
      432 |       // Should have at least 3 audit logs: USER_REGISTERED, USER_LOGIN, PROFILE_UPDATED
    > 433 |       expect(auditLogs.length).toBeGreaterThanOrEqual(3);
          |                                ^
      434 |
      435 |       const registerLog = auditLogs.find(log => log.action === 'USER_REGISTERED');
      436 |       const loginLog = auditLogs.find(log => log.action === 'USER_LOGIN');

      at Object.<anonymous> (src/__tests__/routes/audit.ipCapture.e2e.test.ts:433:32)

FAIL src/__tests__/routes/profile.test.ts (17.229 s)
  ● Console

    console.log
      2026-01-20 13:15:42 [[32minfo[39m]: Swagger UI available at /api-docs

      at Console.log (node_modules/winston/lib/winston/transports/console.js:87:23)

    console.log
      2026-01-20 13:15:43 [[32minfo[39m]: Incoming request {
        "method": "POST",
        "path": "/api/auth/login",
        "requestId": "4e993d8a-fa55-42c7-a75c-140957ea472a",
        "ip": "::ffff:127.0.0.1"
      }

      at Console.log (node_modules/winston/lib/winston/transports/console.js:87:23)

    console.log
      2026-01-20 13:15:43 [[31merror[39m]: Database error 
      Invalid `prisma.session.create()` invocation in
      /Users/user/Desktop/AI/projects/nextsaas/backend/src/services/authService.ts:263:24
      
        260 const expiresAt = new Date();
        261 expiresAt.setDate(expiresAt.getDate() + 30); // 30 days
        262 
      → 263 await prisma.session.create(
      Foreign key constraint violated: `sessions_userId_fkey (index)` {
        "target": "session.create"
      }

      at Console.log (node_modules/winston/lib/winston/transports/console.js:87:23)

    console.log
      2026-01-20 13:15:43 [[31merror[39m]: Request error {
        "error": "\nInvalid `prisma.session.create()` invocation in\n/Users/user/Desktop/AI/projects/nextsaas/backend/src/services/authService.ts:263:24\n\n  260 const expiresAt = new Date();\n  261 expiresAt.setDate(expiresAt.getDate() + 30); // 30 days\n  262 \n→ 263 await prisma.session.create(\nForeign key constraint violated: `sessions_userId_fkey (index)`",
        "stack": "PrismaClientKnownRequestError: \nInvalid `prisma.session.create()` invocation in\n/Users/user/Desktop/AI/projects/nextsaas/backend/src/services/authService.ts:263:24\n\n  260 const expiresAt = new Date();\n  261 expiresAt.setDate(expiresAt.getDate() + 30); // 30 days\n  262 \n→ 263 await prisma.session.create(\nForeign key constraint violated: `sessions_userId_fkey (index)`\n    at $n.handleRequestError (/Users/user/Desktop/AI/projects/nextsaas/backend/node_modules/@prisma/client/runtime/library.js:121:7315)\n    at $n.handleAndLogRequestError (/Users/user/Desktop/AI/projects/nextsaas/backend/node_modules/@prisma/client/runtime/library.js:121:6623)\n    at $n.request (/Users/user/Desktop/AI/projects/nextsaas/backend/node_modules/@prisma/client/runtime/library.js:121:6307)\n    at l (/Users/user/Desktop/AI/projects/nextsaas/backend/node_modules/@prisma/client/runtime/library.js:130:9633)\n    at Object.login (/Users/user/Desktop/AI/projects/nextsaas/backend/src/services/authService.ts:263:3)\n    at /Users/user/Desktop/AI/projects/nextsaas/backend/src/routes/auth.ts:343:25",
        "requestId": "4e993d8a-fa55-42c7-a75c-140957ea472a",
        "method": "POST",
        "path": "/api/auth/login",
        "statusCode": 500,
        "isOperational": false
      }

      at Console.log (node_modules/winston/lib/winston/transports/console.js:87:23)

    console.log
      2026-01-20 13:15:43 [[32minfo[39m]: Incoming request {
        "method": "GET",
        "path": "/api/profile/me",
        "requestId": "8ae4f2a4-5e4d-480c-844d-637e2b23a190",
        "ip": "::ffff:127.0.0.1"
      }

      at Console.log (node_modules/winston/lib/winston/transports/console.js:87:23)

    console.log
      2026-01-20 13:15:43 [[32minfo[39m]: Incoming request {
        "method": "GET",
        "path": "/api/profile/me",
        "requestId": "ca852c04-c77c-47f3-8749-b7c0a39b6c1a",
        "ip": "::ffff:127.0.0.1"
      }

      at Console.log (node_modules/winston/lib/winston/transports/console.js:87:23)

    console.log
      2026-01-20 13:15:44 [[32minfo[39m]: Incoming request {
        "method": "POST",
        "path": "/api/auth/login",
        "requestId": "f67f1fe8-f8e8-4339-8296-23bcf1664cee",
        "ip": "::ffff:127.0.0.1"
      }

      at Console.log (node_modules/winston/lib/winston/transports/console.js:87:23)

    console.log
      2026-01-20 13:15:44 [[32minfo[39m]: User logged in {
        "userId": "4dd00fc5-ac09-4dd6-84e0-b419b4be483f",
        "email": "p***@example.com"
      }

      at Console.log (node_modules/winston/lib/winston/transports/console.js:87:23)

    console.log
      2026-01-20 13:15:44 [[32minfo[39m]: Incoming request {
        "method": "PUT",
        "path": "/api/profile/me",
        "requestId": "4f6465b5-cf06-4214-b7a5-4253b00ebd8f",
        "ip": "::ffff:127.0.0.1"
      }

      at Console.log (node_modules/winston/lib/winston/transports/console.js:87:23)

    console.log
      2026-01-20 13:15:44 [[32minfo[39m]: Audit log created {
        "logId": "f3d58283-9aaa-417b-9792-1063c06e1ccb",
        "action": "PROFILE_UPDATED",
        "userId": "4dd00fc5-ac09-4dd6-84e0-b419b4be483f",
        "resource": "users"
      }

      at Console.log (node_modules/winston/lib/winston/transports/console.js:87:23)

    console.log
      2026-01-20 13:15:44 [[32minfo[39m]: User profile updated {
        "userId": "4dd00fc5-ac09-4dd6-84e0-b419b4be483f",
        "email": "u***@example.com",
        "changes": [
          "name: \"Original Name\" → \"Updated Name\"",
          "email: \"p***@example.com\" → \"u***@example.com\""
        ],
        "ipAddress": "::ffff:127.0.0.1"
      }

      at Console.log (node_modules/winston/lib/winston/transports/console.js:87:23)

    console.log
      2026-01-20 13:15:45 [[32minfo[39m]: Incoming request {
        "method": "POST",
        "path": "/api/auth/login",
        "requestId": "c2824ed8-e6c2-4f55-9004-795c5908db4d",
        "ip": "::ffff:127.0.0.1"
      }

      at Console.log (node_modules/winston/lib/winston/transports/console.js:87:23)

    console.log
      2026-01-20 13:15:45 [[32minfo[39m]: User logged in {
        "userId": "54a18b05-b0db-48cd-84a1-c602753bff0a",
        "email": "p***@example.com"
      }

      at Console.log (node_modules/winston/lib/winston/transports/console.js:87:23)

    console.log
      2026-01-20 13:15:45 [[32minfo[39m]: Incoming request {
        "method": "PUT",
        "path": "/api/profile/me",
        "requestId": "76666fe3-c426-453e-92c1-70e8088802c2",
        "ip": "::ffff:127.0.0.1"
      }

      at Console.log (node_modules/winston/lib/winston/transports/console.js:87:23)

    console.log
      2026-01-20 13:15:45 [[32minfo[39m]: Audit log created {
        "logId": "6c79c2a8-14a1-46da-9b66-90deb1907623",
        "action": "PROFILE_UPDATED",
        "userId": "54a18b05-b0db-48cd-84a1-c602753bff0a",
        "resource": "users"
      }

      at Console.log (node_modules/winston/lib/winston/transports/console.js:87:23)

    console.log
      2026-01-20 13:15:45 [[32minfo[39m]: User profile updated {
        "userId": "54a18b05-b0db-48cd-84a1-c602753bff0a",
        "email": "p***@example.com",
        "changes": [
          "name: \"Original Name\" → \"Updated Name Only\""
        ],
        "ipAddress": "::ffff:127.0.0.1"
      }

      at Console.log (node_modules/winston/lib/winston/transports/console.js:87:23)

    console.log
      2026-01-20 13:15:46 [[32minfo[39m]: Incoming request {
        "method": "POST",
        "path": "/api/auth/login",
        "requestId": "07a93b6b-516e-459c-8910-e41616f49bc6",
        "ip": "::ffff:127.0.0.1"
      }

      at Console.log (node_modules/winston/lib/winston/transports/console.js:87:23)

    console.log
      2026-01-20 13:15:46 [[31merror[39m]: Database error 
      Invalid `prisma.session.create()` invocation in
      /Users/user/Desktop/AI/projects/nextsaas/backend/src/services/authService.ts:263:24
      
        260 const expiresAt = new Date();
        261 expiresAt.setDate(expiresAt.getDate() + 30); // 30 days
        262 
      → 263 await prisma.session.create(
      Foreign key constraint violated: `sessions_userId_fkey (index)` {
        "target": "session.create"
      }

      at Console.log (node_modules/winston/lib/winston/transports/console.js:87:23)

    console.log
      2026-01-20 13:15:46 [[31merror[39m]: Request error {
        "error": "\nInvalid `prisma.session.create()` invocation in\n/Users/user/Desktop/AI/projects/nextsaas/backend/src/services/authService.ts:263:24\n\n  260 const expiresAt = new Date();\n  261 expiresAt.setDate(expiresAt.getDate() + 30); // 30 days\n  262 \n→ 263 await prisma.session.create(\nForeign key constraint violated: `sessions_userId_fkey (index)`",
        "stack": "PrismaClientKnownRequestError: \nInvalid `prisma.session.create()` invocation in\n/Users/user/Desktop/AI/projects/nextsaas/backend/src/services/authService.ts:263:24\n\n  260 const expiresAt = new Date();\n  261 expiresAt.setDate(expiresAt.getDate() + 30); // 30 days\n  262 \n→ 263 await prisma.session.create(\nForeign key constraint violated: `sessions_userId_fkey (index)`\n    at $n.handleRequestError (/Users/user/Desktop/AI/projects/nextsaas/backend/node_modules/@prisma/client/runtime/library.js:121:7315)\n    at $n.handleAndLogRequestError (/Users/user/Desktop/AI/projects/nextsaas/backend/node_modules/@prisma/client/runtime/library.js:121:6623)\n    at $n.request (/Users/user/Desktop/AI/projects/nextsaas/backend/node_modules/@prisma/client/runtime/library.js:121:6307)\n    at l (/Users/user/Desktop/AI/projects/nextsaas/backend/node_modules/@prisma/client/runtime/library.js:130:9633)\n    at Object.login (/Users/user/Desktop/AI/projects/nextsaas/backend/src/services/authService.ts:263:3)\n    at /Users/user/Desktop/AI/projects/nextsaas/backend/src/routes/auth.ts:343:25",
        "requestId": "07a93b6b-516e-459c-8910-e41616f49bc6",
        "method": "POST",
        "path": "/api/auth/login",
        "statusCode": 500,
        "isOperational": false
      }

      at Console.log (node_modules/winston/lib/winston/transports/console.js:87:23)

    console.log
      2026-01-20 13:15:47 [[32minfo[39m]: Incoming request {
        "method": "POST",
        "path": "/api/auth/login",
        "requestId": "e9a21d88-7550-4353-bb17-7c08e33d8b91",
        "ip": "::ffff:127.0.0.1"
      }

      at Console.log (node_modules/winston/lib/winston/transports/console.js:87:23)

    console.log
      2026-01-20 13:15:47 [[31merror[39m]: Database error 
      Invalid `prisma.session.create()` invocation in
      /Users/user/Desktop/AI/projects/nextsaas/backend/src/services/authService.ts:263:24
      
        260 const expiresAt = new Date();
        261 expiresAt.setDate(expiresAt.getDate() + 30); // 30 days
        262 
      → 263 await prisma.session.create(
      Foreign key constraint violated: `sessions_userId_fkey (index)` {
        "target": "session.create"
      }

      at Console.log (node_modules/winston/lib/winston/transports/console.js:87:23)

    console.log
      2026-01-20 13:15:47 [[31merror[39m]: Request error {
        "error": "\nInvalid `prisma.session.create()` invocation in\n/Users/user/Desktop/AI/projects/nextsaas/backend/src/services/authService.ts:263:24\n\n  260 const expiresAt = new Date();\n  261 expiresAt.setDate(expiresAt.getDate() + 30); // 30 days\n  262 \n→ 263 await prisma.session.create(\nForeign key constraint violated: `sessions_userId_fkey (index)`",
        "stack": "PrismaClientKnownRequestError: \nInvalid `prisma.session.create()` invocation in\n/Users/user/Desktop/AI/projects/nextsaas/backend/src/services/authService.ts:263:24\n\n  260 const expiresAt = new Date();\n  261 expiresAt.setDate(expiresAt.getDate() + 30); // 30 days\n  262 \n→ 263 await prisma.session.create(\nForeign key constraint violated: `sessions_userId_fkey (index)`\n    at $n.handleRequestError (/Users/user/Desktop/AI/projects/nextsaas/backend/node_modules/@prisma/client/runtime/library.js:121:7315)\n    at $n.handleAndLogRequestError (/Users/user/Desktop/AI/projects/nextsaas/backend/node_modules/@prisma/client/runtime/library.js:121:6623)\n    at $n.request (/Users/user/Desktop/AI/projects/nextsaas/backend/node_modules/@prisma/client/runtime/library.js:121:6307)\n    at l (/Users/user/Desktop/AI/projects/nextsaas/backend/node_modules/@prisma/client/runtime/library.js:130:9633)\n    at Object.login (/Users/user/Desktop/AI/projects/nextsaas/backend/src/services/authService.ts:263:3)\n    at /Users/user/Desktop/AI/projects/nextsaas/backend/src/routes/auth.ts:343:25",
        "requestId": "e9a21d88-7550-4353-bb17-7c08e33d8b91",
        "method": "POST",
        "path": "/api/auth/login",
        "statusCode": 500,
        "isOperational": false
      }

      at Console.log (node_modules/winston/lib/winston/transports/console.js:87:23)

    console.log
      2026-01-20 13:15:48 [[32minfo[39m]: Incoming request {
        "method": "POST",
        "path": "/api/auth/login",
        "requestId": "692c8f69-9338-46c5-bb10-ef508f469afc",
        "ip": "::ffff:127.0.0.1"
      }

      at Console.log (node_modules/winston/lib/winston/transports/console.js:87:23)

    console.log
      2026-01-20 13:15:48 [[32minfo[39m]: User logged in {
        "userId": "988eca1f-95fd-4102-8e77-e4ff5c76be18",
        "email": "p***@example.com"
      }

      at Console.log (node_modules/winston/lib/winston/transports/console.js:87:23)

    console.log
      2026-01-20 13:15:48 [[32minfo[39m]: Incoming request {
        "method": "PUT",
        "path": "/api/profile/me",
        "requestId": "b75e1cbc-0851-428d-a84a-d77dca7a66a1",
        "ip": "::ffff:127.0.0.1"
      }

      at Console.log (node_modules/winston/lib/winston/transports/console.js:87:23)

    console.log
      2026-01-20 13:15:49 [[32minfo[39m]: Incoming request {
        "method": "POST",
        "path": "/api/auth/login",
        "requestId": "0ad956f9-c5a5-490a-a623-2c455a555861",
        "ip": "::ffff:127.0.0.1"
      }

      at Console.log (node_modules/winston/lib/winston/transports/console.js:87:23)

    console.log
      2026-01-20 13:15:49 [[32minfo[39m]: User logged in {
        "userId": "b4c6923b-8506-49bd-a42a-09277279e62e",
        "email": "p***@example.com"
      }

      at Console.log (node_modules/winston/lib/winston/transports/console.js:87:23)

    console.log
      2026-01-20 13:15:49 [[32minfo[39m]: Incoming request {
        "method": "PUT",
        "path": "/api/profile/me",
        "requestId": "fbe6dbdf-313e-458d-8123-8de9ee146869",
        "ip": "::ffff:127.0.0.1"
      }

      at Console.log (node_modules/winston/lib/winston/transports/console.js:87:23)

    console.log
      2026-01-20 13:15:49 [[32minfo[39m]: Audit log created {
        "logId": "5f94809c-2c9f-4e35-9093-f99b6c96b410",
        "action": "PROFILE_UPDATED",
        "userId": "b4c6923b-8506-49bd-a42a-09277279e62e",
        "resource": "users"
      }

      at Console.log (node_modules/winston/lib/winston/transports/console.js:87:23)

    console.log
      2026-01-20 13:15:49 [[32minfo[39m]: User profile updated {
        "userId": "b4c6923b-8506-49bd-a42a-09277279e62e",
        "email": "p***@example.com",
        "changes": [
          "name: \"Original Name\" → \"Updated Name\""
        ],
        "ipAddress": "::ffff:127.0.0.1"
      }

      at Console.log (node_modules/winston/lib/winston/transports/console.js:87:23)

    console.log
      2026-01-20 13:15:50 [[32minfo[39m]: Incoming request {
        "method": "POST",
        "path": "/api/auth/login",
        "requestId": "113a1975-fbfb-4a69-ae77-3407c2bec7c9",
        "ip": "::ffff:127.0.0.1"
      }

      at Console.log (node_modules/winston/lib/winston/transports/console.js:87:23)

    console.log
      2026-01-20 13:15:50 [[32minfo[39m]: User logged in {
        "userId": "c0cb0601-0daf-420f-b826-07c0fecc2cac",
        "email": "p***@example.com"
      }

      at Console.log (node_modules/winston/lib/winston/transports/console.js:87:23)

    console.log
      2026-01-20 13:15:50 [[32minfo[39m]: Incoming request {
        "method": "PUT",
        "path": "/api/profile/me",
        "requestId": "b8f47254-32b7-4065-a61e-7d111216fa05",
        "ip": "::ffff:127.0.0.1"
      }

      at Console.log (node_modules/winston/lib/winston/transports/console.js:87:23)

    console.log
      2026-01-20 13:15:50 [[32minfo[39m]: Incoming request {
        "method": "PUT",
        "path": "/api/profile/me",
        "requestId": "a32622fd-e7fc-449c-b724-f8137464f5c2",
        "ip": "::ffff:127.0.0.1"
      }

      at Console.log (node_modules/winston/lib/winston/transports/console.js:87:23)

    console.log
      2026-01-20 13:15:52 [[32minfo[39m]: Incoming request {
        "method": "POST",
        "path": "/api/auth/login",
        "requestId": "311a826b-44d7-41e5-8089-0f63a5172837",
        "ip": "::ffff:127.0.0.1"
      }

      at Console.log (node_modules/winston/lib/winston/transports/console.js:87:23)

    console.log
      2026-01-20 13:15:52 [[32minfo[39m]: User logged in {
        "userId": "6257fa45-eaa5-459a-95ea-b56a53d028eb",
        "email": "p***@example.com"
      }

      at Console.log (node_modules/winston/lib/winston/transports/console.js:87:23)

    console.log
      2026-01-20 13:15:52 [[32minfo[39m]: Incoming request {
        "method": "PUT",
        "path": "/api/profile/me",
        "requestId": "d1ecb285-ef98-4677-afa8-499e6734ea0d",
        "ip": "::ffff:127.0.0.1"
      }

      at Console.log (node_modules/winston/lib/winston/transports/console.js:87:23)

    console.log
      2026-01-20 13:15:52 [[32minfo[39m]: Audit log created {
        "logId": "692872e2-54d7-4773-820a-9e750e139ffa",
        "action": "PROFILE_UPDATED",
        "userId": "6257fa45-eaa5-459a-95ea-b56a53d028eb",
        "resource": "users"
      }

      at Console.log (node_modules/winston/lib/winston/transports/console.js:87:23)

    console.log
      2026-01-20 13:15:52 [[32minfo[39m]: User profile updated {
        "userId": "6257fa45-eaa5-459a-95ea-b56a53d028eb",
        "email": "p***@example.com",
        "changes": [
          "name: \"Test User\" → \"User1 Name\""
        ],
        "ipAddress": "::ffff:127.0.0.1"
      }

      at Console.log (node_modules/winston/lib/winston/transports/console.js:87:23)

    console.log
      2026-01-20 13:15:52 [[32minfo[39m]: Incoming request {
        "method": "POST",
        "path": "/api/auth/login",
        "requestId": "fc05f209-2d63-49b5-bcf1-9210e508f214",
        "ip": "::ffff:127.0.0.1"
      }

      at Console.log (node_modules/winston/lib/winston/transports/console.js:87:23)

    console.log
      2026-01-20 13:15:52 [[32minfo[39m]: User logged in {
        "userId": "2c0bd97b-3262-4ce8-abba-59db2bc7457b",
        "email": "p***@example.com"
      }

      at Console.log (node_modules/winston/lib/winston/transports/console.js:87:23)

    console.log
      2026-01-20 13:15:52 [[32minfo[39m]: Incoming request {
        "method": "GET",
        "path": "/api/profile/me",
        "requestId": "0e69fbc4-c490-4297-96cf-b97d1b932568",
        "ip": "::ffff:127.0.0.1"
      }

      at Console.log (node_modules/winston/lib/winston/transports/console.js:87:23)

    console.log
      2026-01-20 13:15:53 [[32minfo[39m]: Incoming request {
        "method": "POST",
        "path": "/api/auth/login",
        "requestId": "d45c35f2-00d3-42f5-ab97-54ec151dd30c",
        "ip": "::ffff:127.0.0.1"
      }

      at Console.log (node_modules/winston/lib/winston/transports/console.js:87:23)

    console.log
      2026-01-20 13:15:53 [[31merror[39m]: Database error 
      Invalid `prisma.session.create()` invocation in
      /Users/user/Desktop/AI/projects/nextsaas/backend/src/services/authService.ts:263:24
      
        260 const expiresAt = new Date();
        261 expiresAt.setDate(expiresAt.getDate() + 30); // 30 days
        262 
      → 263 await prisma.session.create(
      Foreign key constraint violated: `sessions_userId_fkey (index)` {
        "target": "session.create"
      }

      at Console.log (node_modules/winston/lib/winston/transports/console.js:87:23)

    console.log
      2026-01-20 13:15:53 [[31merror[39m]: Request error {
        "error": "\nInvalid `prisma.session.create()` invocation in\n/Users/user/Desktop/AI/projects/nextsaas/backend/src/services/authService.ts:263:24\n\n  260 const expiresAt = new Date();\n  261 expiresAt.setDate(expiresAt.getDate() + 30); // 30 days\n  262 \n→ 263 await prisma.session.create(\nForeign key constraint violated: `sessions_userId_fkey (index)`",
        "stack": "PrismaClientKnownRequestError: \nInvalid `prisma.session.create()` invocation in\n/Users/user/Desktop/AI/projects/nextsaas/backend/src/services/authService.ts:263:24\n\n  260 const expiresAt = new Date();\n  261 expiresAt.setDate(expiresAt.getDate() + 30); // 30 days\n  262 \n→ 263 await prisma.session.create(\nForeign key constraint violated: `sessions_userId_fkey (index)`\n    at $n.handleRequestError (/Users/user/Desktop/AI/projects/nextsaas/backend/node_modules/@prisma/client/runtime/library.js:121:7315)\n    at $n.handleAndLogRequestError (/Users/user/Desktop/AI/projects/nextsaas/backend/node_modules/@prisma/client/runtime/library.js:121:6623)\n    at $n.request (/Users/user/Desktop/AI/projects/nextsaas/backend/node_modules/@prisma/client/runtime/library.js:121:6307)\n    at l (/Users/user/Desktop/AI/projects/nextsaas/backend/node_modules/@prisma/client/runtime/library.js:130:9633)\n    at Object.login (/Users/user/Desktop/AI/projects/nextsaas/backend/src/services/authService.ts:263:3)\n    at /Users/user/Desktop/AI/projects/nextsaas/backend/src/routes/auth.ts:343:25",
        "requestId": "d45c35f2-00d3-42f5-ab97-54ec151dd30c",
        "method": "POST",
        "path": "/api/auth/login",
        "statusCode": 500,
        "isOperational": false
      }

      at Console.log (node_modules/winston/lib/winston/transports/console.js:87:23)

    console.log
      2026-01-20 13:15:54 [[32minfo[39m]: Incoming request {
        "method": "POST",
        "path": "/api/auth/login",
        "requestId": "147ea46e-be16-4f30-a59b-31c1555b6705",
        "ip": "::ffff:127.0.0.1"
      }

      at Console.log (node_modules/winston/lib/winston/transports/console.js:87:23)

    console.log
      2026-01-20 13:15:54 [[31merror[39m]: Database error 
      Invalid `prisma.session.create()` invocation in
      /Users/user/Desktop/AI/projects/nextsaas/backend/src/services/authService.ts:263:24
      
        260 const expiresAt = new Date();
        261 expiresAt.setDate(expiresAt.getDate() + 30); // 30 days
        262 
      → 263 await prisma.session.create(
      Foreign key constraint violated: `sessions_userId_fkey (index)` {
        "target": "session.create"
      }

      at Console.log (node_modules/winston/lib/winston/transports/console.js:87:23)

    console.log
      2026-01-20 13:15:54 [[31merror[39m]: Request error {
        "error": "\nInvalid `prisma.session.create()` invocation in\n/Users/user/Desktop/AI/projects/nextsaas/backend/src/services/authService.ts:263:24\n\n  260 const expiresAt = new Date();\n  261 expiresAt.setDate(expiresAt.getDate() + 30); // 30 days\n  262 \n→ 263 await prisma.session.create(\nForeign key constraint violated: `sessions_userId_fkey (index)`",
        "stack": "PrismaClientKnownRequestError: \nInvalid `prisma.session.create()` invocation in\n/Users/user/Desktop/AI/projects/nextsaas/backend/src/services/authService.ts:263:24\n\n  260 const expiresAt = new Date();\n  261 expiresAt.setDate(expiresAt.getDate() + 30); // 30 days\n  262 \n→ 263 await prisma.session.create(\nForeign key constraint violated: `sessions_userId_fkey (index)`\n    at $n.handleRequestError (/Users/user/Desktop/AI/projects/nextsaas/backend/node_modules/@prisma/client/runtime/library.js:121:7315)\n    at $n.handleAndLogRequestError (/Users/user/Desktop/AI/projects/nextsaas/backend/node_modules/@prisma/client/runtime/library.js:121:6623)\n    at $n.request (/Users/user/Desktop/AI/projects/nextsaas/backend/node_modules/@prisma/client/runtime/library.js:121:6307)\n    at l (/Users/user/Desktop/AI/projects/nextsaas/backend/node_modules/@prisma/client/runtime/library.js:130:9633)\n    at Object.login (/Users/user/Desktop/AI/projects/nextsaas/backend/src/services/authService.ts:263:3)\n    at /Users/user/Desktop/AI/projects/nextsaas/backend/src/routes/auth.ts:343:25",
        "requestId": "147ea46e-be16-4f30-a59b-31c1555b6705",
        "method": "POST",
        "path": "/api/auth/login",
        "statusCode": 500,
        "isOperational": false
      }

      at Console.log (node_modules/winston/lib/winston/transports/console.js:87:23)

    console.log
      2026-01-20 13:15:55 [[32minfo[39m]: Incoming request {
        "method": "POST",
        "path": "/api/auth/login",
        "requestId": "7d8bcf44-2349-41e2-bd2e-3d7b02d06c7e",
        "ip": "::ffff:127.0.0.1"
      }

      at Console.log (node_modules/winston/lib/winston/transports/console.js:87:23)

    console.log
      2026-01-20 13:15:55 [[32minfo[39m]: User logged in {
        "userId": "561967ab-7cf2-4072-a593-324ddb49926e",
        "email": "p***@example.com"
      }

      at Console.log (node_modules/winston/lib/winston/transports/console.js:87:23)

    console.log
      2026-01-20 13:15:55 [[32minfo[39m]: Incoming request {
        "method": "PUT",
        "path": "/api/profile/password",
        "requestId": "a610c890-33f2-4e71-8574-4ccd51b264eb",
        "ip": "::ffff:127.0.0.1"
      }

      at Console.log (node_modules/winston/lib/winston/transports/console.js:87:23)

    console.log
      2026-01-20 13:15:56 [[32minfo[39m]: Incoming request {
        "method": "POST",
        "path": "/api/auth/login",
        "requestId": "14769396-26e5-475e-a081-cec7fae5863a",
        "ip": "::ffff:127.0.0.1"
      }

      at Console.log (node_modules/winston/lib/winston/transports/console.js:87:23)

    console.log
      2026-01-20 13:15:56 [[31merror[39m]: Database error 
      Invalid `prisma.session.create()` invocation in
      /Users/user/Desktop/AI/projects/nextsaas/backend/src/services/authService.ts:263:24
      
        260 const expiresAt = new Date();
        261 expiresAt.setDate(expiresAt.getDate() + 30); // 30 days
        262 
      → 263 await prisma.session.create(
      Foreign key constraint violated: `sessions_userId_fkey (index)` {
        "target": "session.create"
      }

      at Console.log (node_modules/winston/lib/winston/transports/console.js:87:23)

    console.log
      2026-01-20 13:15:56 [[31merror[39m]: Request error {
        "error": "\nInvalid `prisma.session.create()` invocation in\n/Users/user/Desktop/AI/projects/nextsaas/backend/src/services/authService.ts:263:24\n\n  260 const expiresAt = new Date();\n  261 expiresAt.setDate(expiresAt.getDate() + 30); // 30 days\n  262 \n→ 263 await prisma.session.create(\nForeign key constraint violated: `sessions_userId_fkey (index)`",
        "stack": "PrismaClientKnownRequestError: \nInvalid `prisma.session.create()` invocation in\n/Users/user/Desktop/AI/projects/nextsaas/backend/src/services/authService.ts:263:24\n\n  260 const expiresAt = new Date();\n  261 expiresAt.setDate(expiresAt.getDate() + 30); // 30 days\n  262 \n→ 263 await prisma.session.create(\nForeign key constraint violated: `sessions_userId_fkey (index)`\n    at $n.handleRequestError (/Users/user/Desktop/AI/projects/nextsaas/backend/node_modules/@prisma/client/runtime/library.js:121:7315)\n    at $n.handleAndLogRequestError (/Users/user/Desktop/AI/projects/nextsaas/backend/node_modules/@prisma/client/runtime/library.js:121:6623)\n    at $n.request (/Users/user/Desktop/AI/projects/nextsaas/backend/node_modules/@prisma/client/runtime/library.js:121:6307)\n    at l (/Users/user/Desktop/AI/projects/nextsaas/backend/node_modules/@prisma/client/runtime/library.js:130:9633)\n    at Object.login (/Users/user/Desktop/AI/projects/nextsaas/backend/src/services/authService.ts:263:3)\n    at /Users/user/Desktop/AI/projects/nextsaas/backend/src/routes/auth.ts:343:25",
        "requestId": "14769396-26e5-475e-a081-cec7fae5863a",
        "method": "POST",
        "path": "/api/auth/login",
        "statusCode": 500,
        "isOperational": false
      }

      at Console.log (node_modules/winston/lib/winston/transports/console.js:87:23)

    console.log
      2026-01-20 13:15:57 [[32minfo[39m]: Incoming request {
        "method": "POST",
        "path": "/api/auth/login",
        "requestId": "475d431c-70d7-4e8b-8a46-5477acdce02d",
        "ip": "::ffff:127.0.0.1"
      }

      at Console.log (node_modules/winston/lib/winston/transports/console.js:87:23)

    console.log
      2026-01-20 13:15:57 [[32minfo[39m]: User logged in {
        "userId": "dc98a0cc-5ce1-49e1-92ab-f786c223a365",
        "email": "p***@example.com"
      }

      at Console.log (node_modules/winston/lib/winston/transports/console.js:87:23)

    console.log
      2026-01-20 13:15:57 [[32minfo[39m]: Incoming request {
        "method": "PUT",
        "path": "/api/profile/password",
        "requestId": "4020ec7f-22af-4a7f-bb89-fdaa24bc8d56",
        "ip": "::ffff:127.0.0.1"
      }

      at Console.log (node_modules/winston/lib/winston/transports/console.js:87:23)

    console.log
      2026-01-20 13:15:57 [[32minfo[39m]: Incoming request {
        "method": "PUT",
        "path": "/api/profile/password",
        "requestId": "4ddbf336-bb92-4a29-9bca-359c73da4201",
        "ip": "::ffff:127.0.0.1"
      }

      at Console.log (node_modules/winston/lib/winston/transports/console.js:87:23)

    console.log
      2026-01-20 13:15:58 [[32minfo[39m]: Incoming request {
        "method": "POST",
        "path": "/api/auth/login",
        "requestId": "ee72f058-7698-439a-8b23-***-***-750144",
        "ip": "::ffff:127.0.0.1"
      }

      at Console.log (node_modules/winston/lib/winston/transports/console.js:87:23)

    console.log
      2026-01-20 13:15:58 [[31merror[39m]: Database error 
      Invalid `prisma.session.create()` invocation in
      /Users/user/Desktop/AI/projects/nextsaas/backend/src/services/authService.ts:263:24
      
        260 const expiresAt = new Date();
        261 expiresAt.setDate(expiresAt.getDate() + 30); // 30 days
        262 
      → 263 await prisma.session.create(
      Foreign key constraint violated: `sessions_userId_fkey (index)` {
        "target": "session.create"
      }

      at Console.log (node_modules/winston/lib/winston/transports/console.js:87:23)

    console.log
      2026-01-20 13:15:58 [[31merror[39m]: Request error {
        "error": "\nInvalid `prisma.session.create()` invocation in\n/Users/user/Desktop/AI/projects/nextsaas/backend/src/services/authService.ts:263:24\n\n  260 const expiresAt = new Date();\n  261 expiresAt.setDate(expiresAt.getDate() + 30); // 30 days\n  262 \n→ 263 await prisma.session.create(\nForeign key constraint violated: `sessions_userId_fkey (index)`",
        "stack": "PrismaClientKnownRequestError: \nInvalid `prisma.session.create()` invocation in\n/Users/user/Desktop/AI/projects/nextsaas/backend/src/services/authService.ts:263:24\n\n  260 const expiresAt = new Date();\n  261 expiresAt.setDate(expiresAt.getDate() + 30); // 30 days\n  262 \n→ 263 await prisma.session.create(\nForeign key constraint violated: `sessions_userId_fkey (index)`\n    at $n.handleRequestError (/Users/user/Desktop/AI/projects/nextsaas/backend/node_modules/@prisma/client/runtime/library.js:121:7315)\n    at $n.handleAndLogRequestError (/Users/user/Desktop/AI/projects/nextsaas/backend/node_modules/@prisma/client/runtime/library.js:121:6623)\n    at $n.request (/Users/user/Desktop/AI/projects/nextsaas/backend/node_modules/@prisma/client/runtime/library.js:121:6307)\n    at l (/Users/user/Desktop/AI/projects/nextsaas/backend/node_modules/@prisma/client/runtime/library.js:130:9633)\n    at Object.login (/Users/user/Desktop/AI/projects/nextsaas/backend/src/services/authService.ts:263:3)\n    at /Users/user/Desktop/AI/projects/nextsaas/backend/src/routes/auth.ts:343:25",
        "requestId": "ee72f058-7698-439a-8b23-***-***-750144",
        "method": "POST",
        "path": "/api/auth/login",
        "statusCode": 500,
        "isOperational": false
      }

      at Console.log (node_modules/winston/lib/winston/transports/console.js:87:23)

  ● Profile API › GET /api/profile/me › should return current user profile when authenticated

    Login failed with status 500: {"success":false,"error":"Internal server error","requestId":"4e993d8a-fa55-42c7-a75c-140957ea472a"}

      18 |   // Check if login was successful
      19 |   if (loginResponse.status !== 200) {
    > 20 |     throw new Error(`Login failed with status ${loginResponse.status}: ${JSON.stringify(loginResponse.body)}`);
         |           ^
      21 |   }
      22 |
      23 |   const setCookieHeader = loginResponse.headers['set-cookie'];

      at getAuthCookie (src/__tests__/routes/profile.test.ts:20:11)
      at Object.<anonymous> (src/__tests__/routes/profile.test.ts:65:22)

  ● Profile API › PUT /api/profile/me › should update only email if name not provided

    Login failed with status 500: {"success":false,"error":"Internal server error","requestId":"07a93b6b-516e-459c-8910-e41616f49bc6"}

      18 |   // Check if login was successful
      19 |   if (loginResponse.status !== 200) {
    > 20 |     throw new Error(`Login failed with status ${loginResponse.status}: ${JSON.stringify(loginResponse.body)}`);
         |           ^
      21 |   }
      22 |
      23 |   const setCookieHeader = loginResponse.headers['set-cookie'];

      at getAuthCookie (src/__tests__/routes/profile.test.ts:20:11)
      at Object.<anonymous> (src/__tests__/routes/profile.test.ts:159:22)

  ● Profile API › PUT /api/profile/me › should validate email format

    Login failed with status 500: {"success":false,"error":"Internal server error","requestId":"e9a21d88-7550-4353-bb17-7c08e33d8b91"}

      18 |   // Check if login was successful
      19 |   if (loginResponse.status !== 200) {
    > 20 |     throw new Error(`Login failed with status ${loginResponse.status}: ${JSON.stringify(loginResponse.body)}`);
         |           ^
      21 |   }
      22 |
      23 |   const setCookieHeader = loginResponse.headers['set-cookie'];

      at getAuthCookie (src/__tests__/routes/profile.test.ts:20:11)
      at Object.<anonymous> (src/__tests__/routes/profile.test.ts:183:22)

  ● Profile API › PUT /api/profile/password › should change password with correct current password

    Login failed with status 500: {"success":false,"error":"Internal server error","requestId":"d45c35f2-00d3-42f5-ab97-54ec151dd30c"}

      18 |   // Check if login was successful
      19 |   if (loginResponse.status !== 200) {
    > 20 |     throw new Error(`Login failed with status ${loginResponse.status}: ${JSON.stringify(loginResponse.body)}`);
         |           ^
      21 |   }
      22 |
      23 |   const setCookieHeader = loginResponse.headers['set-cookie'];

      at getAuthCookie (src/__tests__/routes/profile.test.ts:20:11)
      at Object.<anonymous> (src/__tests__/routes/profile.test.ts:333:22)

  ● Profile API › PUT /api/profile/password › should reject password change with incorrect current password

    Login failed with status 500: {"success":false,"error":"Internal server error","requestId":"147ea46e-be16-4f30-a59b-31c1555b6705"}

      18 |   // Check if login was successful
      19 |   if (loginResponse.status !== 200) {
    > 20 |     throw new Error(`Login failed with status ${loginResponse.status}: ${JSON.stringify(loginResponse.body)}`);
         |           ^
      21 |   }
      22 |
      23 |   const setCookieHeader = loginResponse.headers['set-cookie'];

      at getAuthCookie (src/__tests__/routes/profile.test.ts:20:11)
      at Object.<anonymous> (src/__tests__/routes/profile.test.ts:378:22)

  ● Profile API › PUT /api/profile/password › should require currentPassword field

    Login failed with status 500: {"success":false,"error":"Internal server error","requestId":"14769396-26e5-475e-a081-cec7fae5863a"}

      18 |   // Check if login was successful
      19 |   if (loginResponse.status !== 200) {
    > 20 |     throw new Error(`Login failed with status ${loginResponse.status}: ${JSON.stringify(loginResponse.body)}`);
         |           ^
      21 |   }
      22 |
      23 |   const setCookieHeader = loginResponse.headers['set-cookie'];

      at getAuthCookie (src/__tests__/routes/profile.test.ts:20:11)
      at Object.<anonymous> (src/__tests__/routes/profile.test.ts:427:22)

  ● Profile API › PUT /api/profile/password › should prevent reusing current password as new password

    Login failed with status 500: {"success":false,"error":"Internal server error","requestId":"ee72f058-7698-439a-8b23-703554750144"}

      18 |   // Check if login was successful
      19 |   if (loginResponse.status !== 200) {
    > 20 |     throw new Error(`Login failed with status ${loginResponse.status}: ${JSON.stringify(loginResponse.body)}`);
         |           ^
      21 |   }
      22 |
      23 |   const setCookieHeader = loginResponse.headers['set-cookie'];

      at getAuthCookie (src/__tests__/routes/profile.test.ts:20:11)
      at Object.<anonymous> (src/__tests__/routes/profile.test.ts:483:22)

FAIL src/__tests__/routes/adminFeatureFlags.test.ts
  ● Console

    console.log
      2026-01-20 13:15:59 [[32minfo[39m]: Swagger UI available at /api-docs

      at Console.log (node_modules/winston/lib/winston/transports/console.js:87:23)

    console.log
      2026-01-20 13:15:59 [[32minfo[39m]: Incoming request {
        "method": "GET",
        "path": "/api/admin/feature-flags",
        "requestId": "76d88541-8603-46ed-a80f-62a10fd142d3",
        "ip": "::ffff:127.0.0.1"
      }

      at Console.log (node_modules/winston/lib/winston/transports/console.js:87:23)

    console.log
      2026-01-20 13:15:59 [[32minfo[39m]: Audit log created {
        "logId": "8f9c0964-b426-42a6-95ff-d219962c30bd",
        "action": "FEATURE_FLAGS_VIEWED",
        "userId": "45bf7fc8-e3bb-46d1-b7be-b8aa0ddffc3c",
        "resource": "feature_flags"
      }

      at Console.log (node_modules/winston/lib/winston/transports/console.js:87:23)

    console.log
      2026-01-20 13:15:59 [[32minfo[39m]: Incoming request {
        "method": "GET",
        "path": "/api/admin/feature-flags",
        "requestId": "d3cbe9f7-9b5a-4607-aa31-ef2884fcfa64",
        "ip": "::ffff:127.0.0.1"
      }

      at Console.log (node_modules/winston/lib/winston/transports/console.js:87:23)

    console.log
      2026-01-20 13:15:59 [[32minfo[39m]: Incoming request {
        "method": "GET",
        "path": "/api/admin/feature-flags",
        "requestId": "b2d44347-79a1-43ec-9051-ef7a8a3e0a42",
        "ip": "::ffff:127.0.0.1"
      }

      at Console.log (node_modules/winston/lib/winston/transports/console.js:87:23)

    console.log
      2026-01-20 13:16:00 [[32minfo[39m]: Incoming request {
        "method": "GET",
        "path": "/api/admin/feature-flags",
        "requestId": "97fc4fc6-6cf7-4b04-9225-e4bb57e47769",
        "ip": "::ffff:127.0.0.1"
      }

      at Console.log (node_modules/winston/lib/winston/transports/console.js:87:23)

    console.log
      2026-01-20 13:16:00 [[32minfo[39m]: Incoming request {
        "method": "GET",
        "path": "/api/admin/feature-flags",
        "requestId": "ad83247d-edc2-48df-adad-4adbb855ac10",
        "ip": "::ffff:127.0.0.1"
      }

      at Console.log (node_modules/winston/lib/winston/transports/console.js:87:23)

    console.log
      2026-01-20 13:16:00 [[32minfo[39m]: Audit log created {
        "logId": "ef94faac-e063-4789-b935-a5310cc07484",
        "action": "FEATURE_FLAGS_VIEWED",
        "userId": "f04dd998-ae32-40dc-a2cf-3906f58a9c05",
        "resource": "feature_flags"
      }

      at Console.log (node_modules/winston/lib/winston/transports/console.js:87:23)

    console.log
      2026-01-20 13:16:00 [[32minfo[39m]: Incoming request {
        "method": "PUT",
        "path": "/api/admin/feature-flags/registration",
        "requestId": "d68a9efb-8b2a-4b7b-b11d-65d968ab7fe4",
        "ip": "::ffff:127.0.0.1"
      }

      at Console.log (node_modules/winston/lib/winston/transports/console.js:87:23)

    console.log
      2026-01-20 13:16:00 [[32minfo[39m]: Incoming request {
        "method": "PUT",
        "path": "/api/admin/feature-flags/new_flag",
        "requestId": "fbbd8c19-b6ef-49be-bb96-4d3cd3cd8bd7",
        "ip": "::ffff:127.0.0.1"
      }

      at Console.log (node_modules/winston/lib/winston/transports/console.js:87:23)

    console.log
      2026-01-20 13:16:00 [[32minfo[39m]: Audit log created {
        "logId": "62e70858-e7dc-447c-929f-a75638ffbb4d",
        "action": "FEATURE_FLAG_UPDATED",
        "userId": "2156e0bc-7ac0-477e-be5d-6d3ca94dd5f0",
        "resource": "feature_flags"
      }

      at Console.log (node_modules/winston/lib/winston/transports/console.js:87:23)

    console.log
      2026-01-20 13:16:00 [[32minfo[39m]: Incoming request {
        "method": "PUT",
        "path": "/api/admin/feature-flags/test_flag",
        "requestId": "2d9d014a-810c-4f92-9ccf-e351ceed127d",
        "ip": "::ffff:127.0.0.1"
      }

      at Console.log (node_modules/winston/lib/winston/transports/console.js:87:23)

    console.log
      2026-01-20 13:16:00 [[32minfo[39m]: Audit log created {
        "logId": "a74474cb-c809-4b14-aec1-60c9ccb43a27",
        "action": "FEATURE_FLAG_UPDATED",
        "userId": "ededaa41-d6d6-48d8-bffe-3c2ccc0498d8",
        "resource": "feature_flags"
      }

      at Console.log (node_modules/winston/lib/winston/transports/console.js:87:23)

    console.log
      2026-01-20 13:16:00 [[32minfo[39m]: Incoming request {
        "method": "PUT",
        "path": "/api/admin/feature-flags/test_flag",
        "requestId": "0b22b52c-46c1-4284-9d36-1e62207ae098",
        "ip": "::ffff:127.0.0.1"
      }

      at Console.log (node_modules/winston/lib/winston/transports/console.js:87:23)

    console.log
      2026-01-20 13:16:01 [[32minfo[39m]: Incoming request {
        "method": "PUT",
        "path": "/api/admin/feature-flags/test_flag",
        "requestId": "2226c509-5051-47c8-99ec-35c198518f88",
        "ip": "::ffff:127.0.0.1"
      }

      at Console.log (node_modules/winston/lib/winston/transports/console.js:87:23)

    console.log
      2026-01-20 13:16:01 [[32minfo[39m]: Incoming request {
        "method": "PUT",
        "path": "/api/admin/feature-flags/test_flag",
        "requestId": "bf5b4be1-1285-45f0-aa28-fb5b4e17d8a0",
        "ip": "::ffff:127.0.0.1"
      }

      at Console.log (node_modules/winston/lib/winston/transports/console.js:87:23)

    console.log
      2026-01-20 13:16:01 [[32minfo[39m]: Incoming request {
        "method": "PUT",
        "path": "/api/admin/feature-flags/test_flag",
        "requestId": "824c4bc5-3d9f-4a78-9ae7-da17f166bb07",
        "ip": "::ffff:127.0.0.1"
      }

      at Console.log (node_modules/winston/lib/winston/transports/console.js:87:23)

    console.log
      2026-01-20 13:16:01 [[32minfo[39m]: Incoming request {
        "method": "PUT",
        "path": "/api/admin/feature-flags/test_flag",
        "requestId": "d17ba101-2aa9-4743-b924-2945f02bbb6f",
        "ip": "::ffff:127.0.0.1"
      }

      at Console.log (node_modules/winston/lib/winston/transports/console.js:87:23)

    console.log
      2026-01-20 13:16:01 [[32minfo[39m]: Audit log created {
        "logId": "99e56a18-9849-4a3e-a43b-d808a2096670",
        "action": "FEATURE_FLAG_UPDATED",
        "userId": "84452bd0-6029-4a6c-9e93-e90b86ead798",
        "resource": "feature_flags"
      }

      at Console.log (node_modules/winston/lib/winston/transports/console.js:87:23)

    console.log
      2026-01-20 13:16:01 [[32minfo[39m]: Incoming request {
        "method": "PUT",
        "path": "/api/admin/feature-flags/test_flag",
        "requestId": "8b9ec286-37b3-415e-b2e1-f2ad5769578e",
        "ip": "::ffff:127.0.0.1"
      }

      at Console.log (node_modules/winston/lib/winston/transports/console.js:87:23)

    console.log
      2026-01-20 13:16:01 [[32minfo[39m]: Audit log created {
        "logId": "b8a9ee59-b893-4aa9-a760-76785d596cdf",
        "action": "FEATURE_FLAG_UPDATED",
        "userId": "e39d63b5-9942-4a2b-956b-9a71b2c72d97",
        "resource": "feature_flags"
      }

      at Console.log (node_modules/winston/lib/winston/transports/console.js:87:23)

    console.log
      2026-01-20 13:16:01 [[32minfo[39m]: Incoming request {
        "method": "PUT",
        "path": "/api/admin/feature-flags/test_flag",
        "requestId": "69572591-93ea-46bf-a524-d596cb1505f0",
        "ip": "::ffff:127.0.0.1"
      }

      at Console.log (node_modules/winston/lib/winston/transports/console.js:87:23)

    console.log
      2026-01-20 13:16:01 [[32minfo[39m]: Audit log created {
        "logId": "738f0c4a-a66a-4eef-9a2a-e279afbb70d3",
        "action": "FEATURE_FLAG_UPDATED",
        "userId": "e39d63b5-9942-4a2b-956b-9a71b2c72d97",
        "resource": "feature_flags"
      }

      at Console.log (node_modules/winston/lib/winston/transports/console.js:87:23)

    console.log
      2026-01-20 13:16:01 [[32minfo[39m]: Incoming request {
        "method": "PUT",
        "path": "/api/admin/feature-flags/test_flag",
        "requestId": "0618e5fa-3828-40da-af3d-fbd5da951e5c",
        "ip": "::ffff:127.0.0.1"
      }

      at Console.log (node_modules/winston/lib/winston/transports/console.js:87:23)

    console.log
      2026-01-20 13:16:01 [[32minfo[39m]: Audit log created {
        "logId": "ac79f4d2-0b63-4462-bc45-a13ed0bc8b87",
        "action": "FEATURE_FLAG_UPDATED",
        "userId": "e39d63b5-9942-4a2b-956b-9a71b2c72d97",
        "resource": "feature_flags"
      }

      at Console.log (node_modules/winston/lib/winston/transports/console.js:87:23)

    console.log
      2026-01-20 13:16:01 [[32minfo[39m]: Incoming request {
        "method": "PUT",
        "path": "/api/admin/feature-flags/test_flag_with_underscores",
        "requestId": "44bcb43f-3c57-4094-82b4-db2c18371521",
        "ip": "::ffff:127.0.0.1"
      }

      at Console.log (node_modules/winston/lib/winston/transports/console.js:87:23)

    console.log
      2026-01-20 13:16:01 [[32minfo[39m]: Audit log created {
        "logId": "7794f8cd-e41a-4027-8648-e4514e4f5dc4",
        "action": "FEATURE_FLAG_UPDATED",
        "userId": "8c3f0453-4be1-4e85-b098-a92f204007d1",
        "resource": "feature_flags"
      }

      at Console.log (node_modules/winston/lib/winston/transports/console.js:87:23)

    console.log
      2026-01-20 13:16:02 [[32minfo[39m]: Incoming request {
        "method": "GET",
        "path": "/api/admin/feature-flags",
        "requestId": "b5dd2dff-ca8e-455d-8ed4-b781f1cd6bad",
        "ip": "::ffff:127.0.0.1"
      }

      at Console.log (node_modules/winston/lib/winston/transports/console.js:87:23)

    console.log
      2026-01-20 13:16:02 [[32minfo[39m]: Audit log created {
        "logId": "c9c3cbd8-4da5-4dca-8681-ad441bd9d02b",
        "action": "FEATURE_FLAGS_VIEWED",
        "userId": "360c3af7-f6a0-4105-943a-51979704c101",
        "resource": "feature_flags"
      }

      at Console.log (node_modules/winston/lib/winston/transports/console.js:87:23)

    console.log
      2026-01-20 13:16:02 [[32minfo[39m]: Incoming request {
        "method": "PUT",
        "path": "/api/admin/feature-flags/registration",
        "requestId": "040de7d2-7db6-40ff-b180-334fec19eee5",
        "ip": "::ffff:127.0.0.1"
      }

      at Console.log (node_modules/winston/lib/winston/transports/console.js:87:23)

    console.log
      2026-01-20 13:16:02 [[32minfo[39m]: Audit log created {
        "logId": "4cbbb890-8cb3-4aec-9c55-2f3369c751a9",
        "action": "FEATURE_FLAG_UPDATED",
        "userId": "360c3af7-f6a0-4105-943a-51979704c101",
        "resource": "feature_flags"
      }

      at Console.log (node_modules/winston/lib/winston/transports/console.js:87:23)

    console.log
      2026-01-20 13:16:02 [[32minfo[39m]: Incoming request {
        "method": "GET",
        "path": "/api/admin/feature-flags",
        "requestId": "ed02d32a-7a17-470e-aed8-3497a28437df",
        "ip": "::ffff:127.0.0.1"
      }

      at Console.log (node_modules/winston/lib/winston/transports/console.js:87:23)

    console.log
      2026-01-20 13:16:02 [[32minfo[39m]: Audit log created {
        "logId": "2cb50db6-a9b9-4fc1-89af-cda2dadea73f",
        "action": "FEATURE_FLAGS_VIEWED",
        "userId": "360c3af7-f6a0-4105-943a-51979704c101",
        "resource": "feature_flags"
      }

      at Console.log (node_modules/winston/lib/winston/transports/console.js:87:23)

    console.log
      2026-01-20 13:16:02 [[32minfo[39m]: Incoming request {
        "method": "PUT",
        "path": "/api/admin/feature-flags/registration",
        "requestId": "de5b569b-e3a8-4e15-b77f-0fcc74da242f",
        "ip": "::ffff:127.0.0.1"
      }

      at Console.log (node_modules/winston/lib/winston/transports/console.js:87:23)

    console.log
      2026-01-20 13:16:02 [[32minfo[39m]: Audit log created {
        "logId": "c92f4cbb-b2b4-4c2c-ab11-cd21805aca0b",
        "action": "FEATURE_FLAG_UPDATED",
        "userId": "360c3af7-f6a0-4105-943a-51979704c101",
        "resource": "feature_flags"
      }

      at Console.log (node_modules/winston/lib/winston/transports/console.js:87:23)

    console.log
      2026-01-20 13:16:02 [[32minfo[39m]: Incoming request {
        "method": "GET",
        "path": "/api/admin/feature-flags",
        "requestId": "f6f91803-1471-4a7f-ab33-26e90751a198",
        "ip": "::ffff:127.0.0.1"
      }

      at Console.log (node_modules/winston/lib/winston/transports/console.js:87:23)

    console.log
      2026-01-20 13:16:02 [[32minfo[39m]: Audit log created {
        "logId": "95c7b1d7-95c8-460f-8a6e-6ffeac3dbffd",
        "action": "FEATURE_FLAGS_VIEWED",
        "userId": "360c3af7-f6a0-4105-943a-51979704c101",
        "resource": "feature_flags"
      }

      at Console.log (node_modules/winston/lib/winston/transports/console.js:87:23)

  ● Admin Feature Flags Routes - Integration Tests › GET /api/admin/feature-flags › should return empty array when no feature flags exist

    expect(received).toBe(expected) // Object.is equality

    Expected: 200
    Received: 401

      123 |
      124 |       // Assert
    > 125 |       expect(response.status).toBe(200);
          |                               ^
      126 |       expect(response.body.success).toBe(true);
      127 |       expect(response.body.data.flags).toEqual([]);
      128 |     });

      at Object.<anonymous> (src/__tests__/routes/adminFeatureFlags.test.ts:125:31)

  ● Admin Feature Flags Routes - Integration Tests › PUT /api/admin/feature-flags/:key › should update existing feature flag

    expect(received).toBe(expected) // Object.is equality

    Expected: 200
    Received: 401

      183 |
      184 |       // Assert
    > 185 |       expect(response.status).toBe(200);
          |                               ^
      186 |       expect(response.body.success).toBe(true);
      187 |       expect(response.body.data.key).toBe('registration');
      188 |       expect(response.body.data.enabled).toBe(true);

      at Object.<anonymous> (src/__tests__/routes/adminFeatureFlags.test.ts:185:31)

PASS src/__tests__/routes/admin.users.test.ts (18.133 s)
  ● Console

    console.log
      2026-01-20 13:15:57 [[32minfo[39m]: Audit log created {
        "logId": "79d7a9d5-d4ac-4e94-9e06-6f68ea5b4beb",
        "action": "USERS_LISTED",
        "userId": "c0dba97a-ebf1-4ad9-9889-4bfd365e64ce",
        "resource": "users"
      }

      at Console.log (node_modules/winston/lib/winston/transports/console.js:87:23)

    console.log
      2026-01-20 13:15:58 [[32minfo[39m]: Audit log created {
        "logId": "66e81444-0eb9-4a58-92ca-0bc4ba18d8ff",
        "action": "USERS_LISTED",
        "userId": "46a7f3d2-30bb-4b24-86bd-1079e6486e23",
        "resource": "users"
      }

      at Console.log (node_modules/winston/lib/winston/transports/console.js:87:23)

    console.log
      2026-01-20 13:15:59 [[32minfo[39m]: Audit log created {
        "logId": "66defc7c-fa44-4c34-ba9b-06a77c2fbc48",
        "action": "USERS_LISTED",
        "userId": "df4445e4-a8cd-4f7a-b134-31bec9ff296a",
        "resource": "users"
      }

      at Console.log (node_modules/winston/lib/winston/transports/console.js:87:23)

    console.log
      2026-01-20 13:15:59 [[32minfo[39m]: Audit log created {
        "logId": "fdc2f1fb-74c5-4332-ac32-cb1f6d6fcbe0",
        "action": "USERS_LISTED",
        "userId": "4ca35240-d8de-49b0-8c24-2a0525587c82",
        "resource": "users"
      }

      at Console.log (node_modules/winston/lib/winston/transports/console.js:87:23)

    console.log
      2026-01-20 13:16:00 [[32minfo[39m]: Audit log created {
        "logId": "52973d38-e9f6-4e56-95e5-cac005414674",
        "action": "USERS_LISTED",
        "userId": "1685aad9-7a78-47a0-854e-25afc5fc013f",
        "resource": "users"
      }

      at Console.log (node_modules/winston/lib/winston/transports/console.js:87:23)

    console.log
      2026-01-20 13:16:01 [[32minfo[39m]: Audit log created {
        "logId": "2de121d0-d8f1-4bd0-b589-863576ebabee",
        "action": "USER_VIEWED",
        "userId": "64742b6b-3c9d-48ce-892c-aae0cf2d5751",
        "resource": "users"
      }

      at Console.log (node_modules/winston/lib/winston/transports/console.js:87:23)

    console.log
      2026-01-20 13:16:03 [[32minfo[39m]: Audit log created {
        "logId": "c6***-***-1897-42df-84eb-fcb2a2f739c4",
        "action": "USER_CREATED",
        "userId": "671f2b86-e6f3-4bab-9307-3e2c2ca88362",
        "resource": "users"
      }

      at Console.log (node_modules/winston/lib/winston/transports/console.js:87:23)

    console.log
      2026-01-20 13:16:03 [[32minfo[39m]: User created by admin {
        "userId": "c5c95ab5-7783-4ae7-bc27-dd66d30241c6",
        "createdBy": "671f2b86-e6f3-4bab-9307-3e2c2ca88362",
        "email": "n***@example.com"
      }

      at Console.log (node_modules/winston/lib/winston/transports/console.js:87:23)

    console.log
      2026-01-20 13:16:06 [[32minfo[39m]: Audit log created {
        "logId": "1c3e739e-8e66-49bd-9b6a-8e891d035b8c",
        "action": "USER_UPDATED",
        "userId": "a28cf121-54a8-4a37-bb2b-1709ce1ed206",
        "resource": "users"
      }

      at Console.log (node_modules/winston/lib/winston/transports/console.js:87:23)

    console.log
      2026-01-20 13:16:06 [[32minfo[39m]: User updated by admin {
        "userId": "fcc8945a-5bcf-463f-aac2-e519a86c5f51",
        "updatedBy": "a28cf121-54a8-4a37-bb2b-1709ce1ed206",
        "changes": [
          "name"
        ]
      }

      at Console.log (node_modules/winston/lib/winston/transports/console.js:87:23)

    console.log
      2026-01-20 13:16:07 [[32minfo[39m]: Audit log created {
        "logId": "ea91b99a-5ed9-4b20-959b-a114b9682de7",
        "action": "USER_UPDATED",
        "userId": "6c30c131-e4b1-415e-88a8-7c7f60de6ee8",
        "resource": "users"
      }

      at Console.log (node_modules/winston/lib/winston/transports/console.js:87:23)

    console.log
      2026-01-20 13:16:07 [[32minfo[39m]: User updated by admin {
        "userId": "d726e647-e14d-4904-aeff-f695e8fd9c80",
        "updatedBy": "6c30c131-e4b1-415e-88a8-7c7f60de6ee8",
        "changes": [
          "role"
        ]
      }

      at Console.log (node_modules/winston/lib/winston/transports/console.js:87:23)

    console.log
      2026-01-20 13:16:07 [[32minfo[39m]: Audit log created {
        "logId": "c013142e-ee02-4a35-82c0-8c9aacefbece",
        "action": "USER_UPDATED",
        "userId": "3424a98f-576c-46ac-bc65-a5bf9f79e568",
        "resource": "users"
      }

      at Console.log (node_modules/winston/lib/winston/transports/console.js:87:23)

    console.log
      2026-01-20 13:16:07 [[32minfo[39m]: User updated by admin {
        "userId": "82bbd8ad-f825-4a36-ac55-02f3b64456db",
        "updatedBy": "3424a98f-576c-46ac-bc65-a5bf9f79e568",
        "changes": [
          "password"
        ]
      }

      at Console.log (node_modules/winston/lib/winston/transports/console.js:87:23)

    console.log
      2026-01-20 13:16:08 [[32minfo[39m]: Audit log created {
        "logId": "212c448d-eae4-47fa-bd84-3ecd2ce7cb29",
        "action": "USER_UPDATED",
        "userId": "6ccc2764-d358-48e8-acff-2849e754d27c",
        "resource": "users"
      }

      at Console.log (node_modules/winston/lib/winston/transports/console.js:87:23)

    console.log
      2026-01-20 13:16:08 [[32minfo[39m]: User updated by admin {
        "userId": "2b10f5f3-7208-4656-90a7-44af34a5e5cd",
        "updatedBy": "6ccc2764-d358-48e8-acff-2849e754d27c",
        "changes": [
          "isActive"
        ]
      }

      at Console.log (node_modules/winston/lib/winston/transports/console.js:87:23)

    console.log
      2026-01-20 13:16:09 [[32minfo[39m]: Audit log created {
        "logId": "fc6d4534-34b7-47c2-a79c-8d2096eec7e0",
        "action": "USER_DELETED",
        "userId": "959154a9-62e2-4767-b1be-72922d350b0a",
        "resource": "users"
      }

      at Console.log (node_modules/winston/lib/winston/transports/console.js:87:23)

    console.log
      2026-01-20 13:16:09 [[32minfo[39m]: User deleted by admin {
        "deletedUserId": "b30180c7-f044-4c6d-9402-b4ad26152a1b",
        "deletedBy": "959154a9-62e2-4767-b1be-72922d350b0a",
        "email": "u***@example.com"
      }

      at Console.log (node_modules/winston/lib/winston/transports/console.js:87:23)

    console.log
      2026-01-20 13:16:11 [[32minfo[39m]: Audit log created {
        "logId": "248a13d9-d7ed-4cbd-8d8b-7b42af4915ab",
        "action": "USER_SESSIONS_VIEWED",
        "userId": "327926a8-1de0-483b-8c30-f102d9aedfc0",
        "resource": "users"
      }

      at Console.log (node_modules/winston/lib/winston/transports/console.js:87:23)

    console.log
      2026-01-20 13:16:12 [[32minfo[39m]: Audit log created {
        "logId": "5284dd01-12c8-4bb0-8988-8c8e0b0aa1b7",
        "action": "USER_SESSIONS_VIEWED",
        "userId": "398a97d5-1142-44a4-8f97-3fe84384f582",
        "resource": "users"
      }

      at Console.log (node_modules/winston/lib/winston/transports/console.js:87:23)

    console.log
      2026-01-20 13:16:12 [[32minfo[39m]: Audit log created {
        "logId": "ed71f5e2-2cb4-4f67-b4ab-8f856f3b468e",
        "action": "USER_SESSION_REVOKED",
        "userId": "74***-***-5347-4ac2-9b0d-0095a21b78e2",
        "resource": "users"
      }

      at Console.log (node_modules/winston/lib/winston/transports/console.js:87:23)

    console.log
      2026-01-20 13:16:12 [[32minfo[39m]: User session revoked by admin {
        "userId": "e59f43c2-c52a-485d-9c2a-0a9d72df8c21",
        "sessionId": "b2268747-627b-4115-8cae-995a07920862",
        "revokedBy": "74***-***-5347-4ac2-9b0d-0095a21b78e2"
      }

      at Console.log (node_modules/winston/lib/winston/transports/console.js:87:23)

    console.log
      2026-01-20 13:16:13 [[32minfo[39m]: Audit log created {
        "logId": "960dc05d-e393-48af-bcee-62b945401a6e",
        "action": "USER_ACTIVITY_VIEWED",
        "userId": "20197c87-6d3e-497d-9f17-6c9ee711a334",
        "resource": "users"
      }

      at Console.log (node_modules/winston/lib/winston/transports/console.js:87:23)

    console.log
      2026-01-20 13:16:13 [[32minfo[39m]: Audit log created {
        "logId": "75281ed0-3d0f-4b4b-bd7d-5022e56f8b91",
        "action": "USER_ACTIVITY_VIEWED",
        "userId": "5a9d0f91-1a4c-41f1-8cb8-a717ed517cce",
        "resource": "users"
      }

      at Console.log (node_modules/winston/lib/winston/transports/console.js:87:23)

FAIL src/__tests__/routes/payments.e2e.test.ts (12.267 s)
  ● Console

    console.log
      2026-01-20 13:16:03 [[32minfo[39m]: User logged in {
        "userId": "70b2eb37-009a-49ae-873d-81306dfafec5",
        "email": "p***@example.com"
      }

      at Console.log (node_modules/winston/lib/winston/transports/console.js:87:23)

    console.log
      2026-01-20 13:16:04 [[31merror[39m]: Database error 
      Invalid `prisma.session.create()` invocation in
      /Users/user/Desktop/AI/projects/nextsaas/backend/src/services/authService.ts:263:24
      
        260 const expiresAt = new Date();
        261 expiresAt.setDate(expiresAt.getDate() + 30); // 30 days
        262 
      → 263 await prisma.session.create(
      Foreign key constraint violated: `sessions_userId_fkey (index)` {
        "target": "session.create"
      }

      at Console.log (node_modules/winston/lib/winston/transports/console.js:87:23)

    console.log
      2026-01-20 13:16:04 [[31merror[39m]: Request error {
        "error": "\nInvalid `prisma.session.create()` invocation in\n/Users/user/Desktop/AI/projects/nextsaas/backend/src/services/authService.ts:263:24\n\n  260 const expiresAt = new Date();\n  261 expiresAt.setDate(expiresAt.getDate() + 30); // 30 days\n  262 \n→ 263 await prisma.session.create(\nForeign key constraint violated: `sessions_userId_fkey (index)`",
        "stack": "PrismaClientKnownRequestError: \nInvalid `prisma.session.create()` invocation in\n/Users/user/Desktop/AI/projects/nextsaas/backend/src/services/authService.ts:263:24\n\n  260 const expiresAt = new Date();\n  261 expiresAt.setDate(expiresAt.getDate() + 30); // 30 days\n  262 \n→ 263 await prisma.session.create(\nForeign key constraint violated: `sessions_userId_fkey (index)`\n    at $n.handleRequestError (/Users/user/Desktop/AI/projects/nextsaas/backend/node_modules/@prisma/client/runtime/library.js:121:7315)\n    at $n.handleAndLogRequestError (/Users/user/Desktop/AI/projects/nextsaas/backend/node_modules/@prisma/client/runtime/library.js:121:6623)\n    at $n.request (/Users/user/Desktop/AI/projects/nextsaas/backend/node_modules/@prisma/client/runtime/library.js:121:6307)\n    at l (/Users/user/Desktop/AI/projects/nextsaas/backend/node_modules/@prisma/client/runtime/library.js:130:9633)\n    at Object.login (/Users/user/Desktop/AI/projects/nextsaas/backend/src/services/authService.ts:263:3)\n    at /Users/user/Desktop/AI/projects/nextsaas/backend/src/routes/auth.ts:343:25",
        "requestId": "a8d0849d-2870-4030-bb5d-817b5ce09485",
        "method": "POST",
        "path": "/api/auth/login",
        "statusCode": 500,
        "isOperational": false
      }

      at Console.log (node_modules/winston/lib/winston/transports/console.js:87:23)

    console.log
      2026-01-20 13:16:05 [[32minfo[39m]: User logged in {
        "userId": "a1e7b339-7ddf-4737-86db-c8e3939689e1",
        "email": "p***@example.com"
      }

      at Console.log (node_modules/winston/lib/winston/transports/console.js:87:23)

    console.log
      2026-01-20 13:16:05 [[32minfo[39m]: Initializing payment provider {
        "provider": "STRIPE"
      }

      at Console.log (node_modules/winston/lib/winston/transports/console.js:87:23)

    console.log
      2026-01-20 13:16:05 [[32minfo[39m]: Stripe provider initialized

      at Console.log (node_modules/winston/lib/winston/transports/console.js:87:23)

    console.log
      2026-01-20 13:16:05 [[31merror[39m]: Stripe payment creation failed {
        "error": "Invalid integer: NaN",
        "code": "parameter_invalid_integer"
      }

      at Console.log (node_modules/winston/lib/winston/transports/console.js:87:23)

    console.log
      2026-01-20 13:16:05 [[31merror[39m]: Payment creation failed {
        "error": "Invalid integer: NaN",
        "userId": "a1e7b339-7ddf-4737-86db-c8e3939689e1"
      }

      at Console.log (node_modules/winston/lib/winston/transports/console.js:87:23)

    console.log
      2026-01-20 13:16:06 [[31merror[39m]: Database error 
      Invalid `prisma.session.create()` invocation in
      /Users/user/Desktop/AI/projects/nextsaas/backend/src/services/authService.ts:263:24
      
        260 const expiresAt = new Date();
        261 expiresAt.setDate(expiresAt.getDate() + 30); // 30 days
        262 
      → 263 await prisma.session.create(
      Foreign key constraint violated: `sessions_userId_fkey (index)` {
        "target": "session.create"
      }

      at Console.log (node_modules/winston/lib/winston/transports/console.js:87:23)

    console.log
      2026-01-20 13:16:06 [[31merror[39m]: Request error {
        "error": "\nInvalid `prisma.session.create()` invocation in\n/Users/user/Desktop/AI/projects/nextsaas/backend/src/services/authService.ts:263:24\n\n  260 const expiresAt = new Date();\n  261 expiresAt.setDate(expiresAt.getDate() + 30); // 30 days\n  262 \n→ 263 await prisma.session.create(\nForeign key constraint violated: `sessions_userId_fkey (index)`",
        "stack": "PrismaClientKnownRequestError: \nInvalid `prisma.session.create()` invocation in\n/Users/user/Desktop/AI/projects/nextsaas/backend/src/services/authService.ts:263:24\n\n  260 const expiresAt = new Date();\n  261 expiresAt.setDate(expiresAt.getDate() + 30); // 30 days\n  262 \n→ 263 await prisma.session.create(\nForeign key constraint violated: `sessions_userId_fkey (index)`\n    at $n.handleRequestError (/Users/user/Desktop/AI/projects/nextsaas/backend/node_modules/@prisma/client/runtime/library.js:121:7315)\n    at $n.handleAndLogRequestError (/Users/user/Desktop/AI/projects/nextsaas/backend/node_modules/@prisma/client/runtime/library.js:121:6623)\n    at $n.request (/Users/user/Desktop/AI/projects/nextsaas/backend/node_modules/@prisma/client/runtime/library.js:121:6307)\n    at l (/Users/user/Desktop/AI/projects/nextsaas/backend/node_modules/@prisma/client/runtime/library.js:130:9633)\n    at Object.login (/Users/user/Desktop/AI/projects/nextsaas/backend/src/services/authService.ts:263:3)\n    at /Users/user/Desktop/AI/projects/nextsaas/backend/src/routes/auth.ts:343:25",
        "requestId": "4dfe1419-a5a5-4ab5-9***-***-8851ac4a6",
        "method": "POST",
        "path": "/api/auth/login",
        "statusCode": 500,
        "isOperational": false
      }

      at Console.log (node_modules/winston/lib/winston/transports/console.js:87:23)

    console.log
      2026-01-20 13:16:07 [[31merror[39m]: Database error 
      Invalid `prisma.session.create()` invocation in
      /Users/user/Desktop/AI/projects/nextsaas/backend/src/services/authService.ts:263:24
      
        260 const expiresAt = new Date();
        261 expiresAt.setDate(expiresAt.getDate() + 30); // 30 days
        262 
      → 263 await prisma.session.create(
      Foreign key constraint violated: `sessions_userId_fkey (index)` {
        "target": "session.create"
      }

      at Console.log (node_modules/winston/lib/winston/transports/console.js:87:23)

    console.log
      2026-01-20 13:16:07 [[31merror[39m]: Request error {
        "error": "\nInvalid `prisma.session.create()` invocation in\n/Users/user/Desktop/AI/projects/nextsaas/backend/src/services/authService.ts:263:24\n\n  260 const expiresAt = new Date();\n  261 expiresAt.setDate(expiresAt.getDate() + 30); // 30 days\n  262 \n→ 263 await prisma.session.create(\nForeign key constraint violated: `sessions_userId_fkey (index)`",
        "stack": "PrismaClientKnownRequestError: \nInvalid `prisma.session.create()` invocation in\n/Users/user/Desktop/AI/projects/nextsaas/backend/src/services/authService.ts:263:24\n\n  260 const expiresAt = new Date();\n  261 expiresAt.setDate(expiresAt.getDate() + 30); // 30 days\n  262 \n→ 263 await prisma.session.create(\nForeign key constraint violated: `sessions_userId_fkey (index)`\n    at $n.handleRequestError (/Users/user/Desktop/AI/projects/nextsaas/backend/node_modules/@prisma/client/runtime/library.js:121:7315)\n    at $n.handleAndLogRequestError (/Users/user/Desktop/AI/projects/nextsaas/backend/node_modules/@prisma/client/runtime/library.js:121:6623)\n    at $n.request (/Users/user/Desktop/AI/projects/nextsaas/backend/node_modules/@prisma/client/runtime/library.js:121:6307)\n    at l (/Users/user/Desktop/AI/projects/nextsaas/backend/node_modules/@prisma/client/runtime/library.js:130:9633)\n    at Object.login (/Users/user/Desktop/AI/projects/nextsaas/backend/src/services/authService.ts:263:3)\n    at /Users/user/Desktop/AI/projects/nextsaas/backend/src/routes/auth.ts:343:25",
        "requestId": "9dbb1fa0-1306-4764-b57b-8612d78032ce",
        "method": "POST",
        "path": "/api/auth/login",
        "statusCode": 500,
        "isOperational": false
      }

      at Console.log (node_modules/winston/lib/winston/transports/console.js:87:23)

    console.log
      2026-01-20 13:16:07 [[31merror[39m]: Database error 
      Invalid `prisma.payment.create()` invocation in
      /Users/user/Desktop/AI/projects/nextsaas/backend/src/__tests__/routes/payments.e2e.test.ts:152:28
      
        149 describe('GET /api/payments', () => {
        150   it('should get user payments', async () => {
        151     // Create a payment first
      → 152     await prisma.payment.create(
      Foreign key constraint violated: `payments_userId_fkey (index)` {
        "target": "payment.create"
      }

      at Console.log (node_modules/winston/lib/winston/transports/console.js:87:23)

    console.log
      2026-01-20 13:16:07 [[31merror[39m]: Database error 
      Invalid `prisma.payment.create()` invocation in
      /Users/user/Desktop/AI/projects/nextsaas/backend/src/__tests__/routes/payments.e2e.test.ts:180:28
      
        177 
        178 it('should filter payments by status', async () => {
        179   // Create payments with different statuses
      → 180   await prisma.payment.create(
      Foreign key constraint violated: `payments_userId_fkey (index)` {
        "target": "payment.create"
      }

      at Console.log (node_modules/winston/lib/winston/transports/console.js:87:23)

    console.log
      2026-01-20 13:16:08 [[32minfo[39m]: User logged in {
        "userId": "9c854dce-85b1-4fb3-9576-75f95807d2bd",
        "email": "p***@example.com"
      }

      at Console.log (node_modules/winston/lib/winston/transports/console.js:87:23)

    console.log
      2026-01-20 13:16:09 [[31merror[39m]: Database error 
      Invalid `prisma.session.create()` invocation in
      /Users/user/Desktop/AI/projects/nextsaas/backend/src/services/authService.ts:263:24
      
        260 const expiresAt = new Date();
        261 expiresAt.setDate(expiresAt.getDate() + 30); // 30 days
        262 
      → 263 await prisma.session.create(
      Foreign key constraint violated: `sessions_userId_fkey (index)` {
        "target": "session.create"
      }

      at Console.log (node_modules/winston/lib/winston/transports/console.js:87:23)

    console.log
      2026-01-20 13:16:09 [[31merror[39m]: Request error {
        "error": "\nInvalid `prisma.session.create()` invocation in\n/Users/user/Desktop/AI/projects/nextsaas/backend/src/services/authService.ts:263:24\n\n  260 const expiresAt = new Date();\n  261 expiresAt.setDate(expiresAt.getDate() + 30); // 30 days\n  262 \n→ 263 await prisma.session.create(\nForeign key constraint violated: `sessions_userId_fkey (index)`",
        "stack": "PrismaClientKnownRequestError: \nInvalid `prisma.session.create()` invocation in\n/Users/user/Desktop/AI/projects/nextsaas/backend/src/services/authService.ts:263:24\n\n  260 const expiresAt = new Date();\n  261 expiresAt.setDate(expiresAt.getDate() + 30); // 30 days\n  262 \n→ 263 await prisma.session.create(\nForeign key constraint violated: `sessions_userId_fkey (index)`\n    at $n.handleRequestError (/Users/user/Desktop/AI/projects/nextsaas/backend/node_modules/@prisma/client/runtime/library.js:121:7315)\n    at $n.handleAndLogRequestError (/Users/user/Desktop/AI/projects/nextsaas/backend/node_modules/@prisma/client/runtime/library.js:121:6623)\n    at $n.request (/Users/user/Desktop/AI/projects/nextsaas/backend/node_modules/@prisma/client/runtime/library.js:121:6307)\n    at l (/Users/user/Desktop/AI/projects/nextsaas/backend/node_modules/@prisma/client/runtime/library.js:130:9633)\n    at Object.login (/Users/user/Desktop/AI/projects/nextsaas/backend/src/services/authService.ts:263:3)\n    at /Users/user/Desktop/AI/projects/nextsaas/backend/src/routes/auth.ts:343:25",
        "requestId": "8a0a2ac9-1c2e-4c05-af0a-4239527ab2a7",
        "method": "POST",
        "path": "/api/auth/login",
        "statusCode": 500,
        "isOperational": false
      }

      at Console.log (node_modules/winston/lib/winston/transports/console.js:87:23)

    console.log
      2026-01-20 13:16:10 [[32minfo[39m]: User logged in {
        "userId": "c5814117-202f-4c6e-8f5a-616c648edc58",
        "email": "p***@example.com"
      }

      at Console.log (node_modules/winston/lib/winston/transports/console.js:87:23)

    console.log
      2026-01-20 13:16:10 [[31merror[39m]: Database error 
      Invalid `prisma.session.create()` invocation in
      /Users/user/Desktop/AI/projects/nextsaas/backend/src/services/authService.ts:263:24
      
        260 const expiresAt = new Date();
        261 expiresAt.setDate(expiresAt.getDate() + 30); // 30 days
        262 
      → 263 await prisma.session.create(
      Foreign key constraint violated: `sessions_userId_fkey (index)` {
        "target": "session.create"
      }

      at Console.log (node_modules/winston/lib/winston/transports/console.js:87:23)

    console.log
      2026-01-20 13:16:10 [[31merror[39m]: Request error {
        "error": "\nInvalid `prisma.session.create()` invocation in\n/Users/user/Desktop/AI/projects/nextsaas/backend/src/services/authService.ts:263:24\n\n  260 const expiresAt = new Date();\n  261 expiresAt.setDate(expiresAt.getDate() + 30); // 30 days\n  262 \n→ 263 await prisma.session.create(\nForeign key constraint violated: `sessions_userId_fkey (index)`",
        "stack": "PrismaClientKnownRequestError: \nInvalid `prisma.session.create()` invocation in\n/Users/user/Desktop/AI/projects/nextsaas/backend/src/services/authService.ts:263:24\n\n  260 const expiresAt = new Date();\n  261 expiresAt.setDate(expiresAt.getDate() + 30); // 30 days\n  262 \n→ 263 await prisma.session.create(\nForeign key constraint violated: `sessions_userId_fkey (index)`\n    at $n.handleRequestError (/Users/user/Desktop/AI/projects/nextsaas/backend/node_modules/@prisma/client/runtime/library.js:121:7315)\n    at $n.handleAndLogRequestError (/Users/user/Desktop/AI/projects/nextsaas/backend/node_modules/@prisma/client/runtime/library.js:121:6623)\n    at $n.request (/Users/user/Desktop/AI/projects/nextsaas/backend/node_modules/@prisma/client/runtime/library.js:121:6307)\n    at l (/Users/user/Desktop/AI/projects/nextsaas/backend/node_modules/@prisma/client/runtime/library.js:130:9633)\n    at Object.login (/Users/user/Desktop/AI/projects/nextsaas/backend/src/services/authService.ts:263:3)\n    at /Users/user/Desktop/AI/projects/nextsaas/backend/src/routes/auth.ts:343:25",
        "requestId": "a80f62b4-9a84-482b-8df8-cd8e94e28a3b",
        "method": "POST",
        "path": "/api/auth/login",
        "statusCode": 500,
        "isOperational": false
      }

      at Console.log (node_modules/winston/lib/winston/transports/console.js:87:23)

    console.log
      2026-01-20 13:16:11 [[32minfo[39m]: User logged in {
        "userId": "898e751f-d0b8-4fa6-a598-4df9cea498e7",
        "email": "p***@example.com"
      }

      at Console.log (node_modules/winston/lib/winston/transports/console.js:87:23)

    console.log
      2026-01-20 13:16:12 [[31merror[39m]: Database error 
      Invalid `prisma.session.create()` invocation in
      /Users/user/Desktop/AI/projects/nextsaas/backend/src/services/authService.ts:263:24
      
        260 const expiresAt = new Date();
        261 expiresAt.setDate(expiresAt.getDate() + 30); // 30 days
        262 
      → 263 await prisma.session.create(
      Foreign key constraint violated: `sessions_userId_fkey (index)` {
        "target": "session.create"
      }

      at Console.log (node_modules/winston/lib/winston/transports/console.js:87:23)

    console.log
      2026-01-20 13:16:12 [[31merror[39m]: Request error {
        "error": "\nInvalid `prisma.session.create()` invocation in\n/Users/user/Desktop/AI/projects/nextsaas/backend/src/services/authService.ts:263:24\n\n  260 const expiresAt = new Date();\n  261 expiresAt.setDate(expiresAt.getDate() + 30); // 30 days\n  262 \n→ 263 await prisma.session.create(\nForeign key constraint violated: `sessions_userId_fkey (index)`",
        "stack": "PrismaClientKnownRequestError: \nInvalid `prisma.session.create()` invocation in\n/Users/user/Desktop/AI/projects/nextsaas/backend/src/services/authService.ts:263:24\n\n  260 const expiresAt = new Date();\n  261 expiresAt.setDate(expiresAt.getDate() + 30); // 30 days\n  262 \n→ 263 await prisma.session.create(\nForeign key constraint violated: `sessions_userId_fkey (index)`\n    at $n.handleRequestError (/Users/user/Desktop/AI/projects/nextsaas/backend/node_modules/@prisma/client/runtime/library.js:121:7315)\n    at $n.handleAndLogRequestError (/Users/user/Desktop/AI/projects/nextsaas/backend/node_modules/@prisma/client/runtime/library.js:121:6623)\n    at $n.request (/Users/user/Desktop/AI/projects/nextsaas/backend/node_modules/@prisma/client/runtime/library.js:121:6307)\n    at l (/Users/user/Desktop/AI/projects/nextsaas/backend/node_modules/@prisma/client/runtime/library.js:130:9633)\n    at Object.login (/Users/user/Desktop/AI/projects/nextsaas/backend/src/services/authService.ts:263:3)\n    at /Users/user/Desktop/AI/projects/nextsaas/backend/src/routes/auth.ts:343:25",
        "requestId": "845cf68c-8a33-409f-b50f-88e2c5823e19",
        "method": "POST",
        "path": "/api/auth/login",
        "statusCode": 500,
        "isOperational": false
      }

      at Console.log (node_modules/winston/lib/winston/transports/console.js:87:23)

    console.log
      2026-01-20 13:16:12 [[31merror[39m]: Database error 
      Invalid `prisma.payment.create()` invocation in
      /Users/user/Desktop/AI/projects/nextsaas/backend/src/__tests__/routes/payments.e2e.test.ts:302:44
      
        299 
        300 describe('POST /api/payments/:id/capture', () => {
        301   it('should capture a payment', async () => {
      → 302     const payment = await prisma.payment.create(
      Foreign key constraint violated: `payments_userId_fkey (index)` {
        "target": "payment.create"
      }

      at Console.log (node_modules/winston/lib/winston/transports/console.js:87:23)

    console.log
      2026-01-20 13:16:13 [[32minfo[39m]: User logged in {
        "userId": "4ae4e2a2-876d-448c-aa75-b3b0fc0f9480",
        "email": "p***@example.com"
      }

      at Console.log (node_modules/winston/lib/winston/transports/console.js:87:23)

    console.log
      2026-01-20 13:16:13 [[31merror[39m]: Payment capture failed {
        "error": "Payment already captured",
        "paymentId": "6d9c8039-6f3e-486b-a32a-c3926143d75b"
      }

      at Console.log (node_modules/winston/lib/winston/transports/console.js:87:23)

    console.log
      2026-01-20 13:16:13 [[31merror[39m]: Database error 
      Invalid `prisma.session.create()` invocation in
      /Users/user/Desktop/AI/projects/nextsaas/backend/src/services/authService.ts:263:24
      
        260 const expiresAt = new Date();
        261 expiresAt.setDate(expiresAt.getDate() + 30); // 30 days
        262 
      → 263 await prisma.session.create(
      Foreign key constraint violated: `sessions_userId_fkey (index)` {
        "target": "session.create"
      }

      at Console.log (node_modules/winston/lib/winston/transports/console.js:87:23)

    console.log
      2026-01-20 13:16:13 [[31merror[39m]: Request error {
        "error": "\nInvalid `prisma.session.create()` invocation in\n/Users/user/Desktop/AI/projects/nextsaas/backend/src/services/authService.ts:263:24\n\n  260 const expiresAt = new Date();\n  261 expiresAt.setDate(expiresAt.getDate() + 30); // 30 days\n  262 \n→ 263 await prisma.session.create(\nForeign key constraint violated: `sessions_userId_fkey (index)`",
        "stack": "PrismaClientKnownRequestError: \nInvalid `prisma.session.create()` invocation in\n/Users/user/Desktop/AI/projects/nextsaas/backend/src/services/authService.ts:263:24\n\n  260 const expiresAt = new Date();\n  261 expiresAt.setDate(expiresAt.getDate() + 30); // 30 days\n  262 \n→ 263 await prisma.session.create(\nForeign key constraint violated: `sessions_userId_fkey (index)`\n    at $n.handleRequestError (/Users/user/Desktop/AI/projects/nextsaas/backend/node_modules/@prisma/client/runtime/library.js:121:7315)\n    at $n.handleAndLogRequestError (/Users/user/Desktop/AI/projects/nextsaas/backend/node_modules/@prisma/client/runtime/library.js:121:6623)\n    at $n.request (/Users/user/Desktop/AI/projects/nextsaas/backend/node_modules/@prisma/client/runtime/library.js:121:6307)\n    at l (/Users/user/Desktop/AI/projects/nextsaas/backend/node_modules/@prisma/client/runtime/library.js:130:9633)\n    at Object.login (/Users/user/Desktop/AI/projects/nextsaas/backend/src/services/authService.ts:263:3)\n    at /Users/user/Desktop/AI/projects/nextsaas/backend/src/routes/auth.ts:343:25",
        "requestId": "dc7164c6-cd88-4161-8eca-559b481ef17d",
        "method": "POST",
        "path": "/api/auth/login",
        "statusCode": 500,
        "isOperational": false
      }

      at Console.log (node_modules/winston/lib/winston/transports/console.js:87:23)

    console.log
      2026-01-20 13:16:13 [[31merror[39m]: Database error 
      Invalid `prisma.payment.create()` invocation in
      /Users/user/Desktop/AI/projects/nextsaas/backend/src/__tests__/routes/payments.e2e.test.ts:346:44
      
        343 
        344 describe('POST /api/payments/:id/refund', () => {
        345   it('should refund a payment', async () => {
      → 346     const payment = await prisma.payment.create(
      Foreign key constraint violated: `payments_userId_fkey (index)` {
        "target": "payment.create"
      }

      at Console.log (node_modules/winston/lib/winston/transports/console.js:87:23)

    console.log
      2026-01-20 13:16:14 [[32minfo[39m]: User logged in {
        "userId": "f429c106-4753-4e61-bb95-9c4743c7b4ae",
        "email": "p***@example.com"
      }

      at Console.log (node_modules/winston/lib/winston/transports/console.js:87:23)

    console.log
      2026-01-20 13:16:14 [[31merror[39m]: Payment refund failed {
        "error": "Payment not eligible for refund",
        "paymentId": "371cc975-3582-4ce5-9a3f-cebeac8c23ee"
      }

      at Console.log (node_modules/winston/lib/winston/transports/console.js:87:23)

  ● Payment Routes E2E Tests › POST /api/payments › should create a payment

    expect(received).toBe(expected) // Object.is equality

    Expected: 201
    Received: 401

       99 |         });
      100 |
    > 101 |       expect(response.status).toBe(201);
          |                               ^
      102 |       expect(response.body.success).toBe(true);
      103 |       expect(response.body.data).toHaveProperty('id');
      104 |       // Amount can be "100" or "100.00" depending on Prisma Decimal formatting

      at Object.<anonymous> (src/__tests__/routes/payments.e2e.test.ts:101:31)

  ● Payment Routes E2E Tests › GET /api/payments › should get user payments

    PrismaClientKnownRequestError: 
    Invalid `prisma.payment.create()` invocation in
    /Users/user/Desktop/AI/projects/nextsaas/backend/src/__tests__/routes/payments.e2e.test.ts:152:28

      149 describe('GET /api/payments', () => {
      150   it('should get user payments', async () => {
      151     // Create a payment first
    → 152     await prisma.payment.create(
    Foreign key constraint violated: `payments_userId_fkey (index)`

      150 |     it('should get user payments', async () => {
      151 |       // Create a payment first
    > 152 |       await prisma.payment.create({
          |       ^
      153 |         data: {
      154 |           userId: testUser.id,
      155 |           provider: PaymentProvider.STRIPE,

      at $n.handleRequestError (node_modules/@prisma/client/runtime/library.js:121:7315)
      at $n.handleAndLogRequestError (node_modules/@prisma/client/runtime/library.js:121:6623)
      at $n.request (node_modules/@prisma/client/runtime/library.js:121:6307)
      at l (node_modules/@prisma/client/runtime/library.js:130:9633)
      at Object.<anonymous> (src/__tests__/routes/payments.e2e.test.ts:152:7)

  ● Payment Routes E2E Tests › GET /api/payments › should filter payments by status

    PrismaClientKnownRequestError: 
    Invalid `prisma.payment.create()` invocation in
    /Users/user/Desktop/AI/projects/nextsaas/backend/src/__tests__/routes/payments.e2e.test.ts:180:28

      177 
      178 it('should filter payments by status', async () => {
      179   // Create payments with different statuses
    → 180   await prisma.payment.create(
    Foreign key constraint violated: `payments_userId_fkey (index)`

      178 |     it('should filter payments by status', async () => {
      179 |       // Create payments with different statuses
    > 180 |       await prisma.payment.create({
          |       ^
      181 |         data: {
      182 |           userId: testUser.id,
      183 |           provider: PaymentProvider.STRIPE,

      at $n.handleRequestError (node_modules/@prisma/client/runtime/library.js:121:7315)
      at $n.handleAndLogRequestError (node_modules/@prisma/client/runtime/library.js:121:6623)
      at $n.request (node_modules/@prisma/client/runtime/library.js:121:6307)
      at l (node_modules/@prisma/client/runtime/library.js:130:9633)
      at Object.<anonymous> (src/__tests__/routes/payments.e2e.test.ts:180:7)

  ● Payment Routes E2E Tests › GET /api/payments/:id › should not return payment from another user

    expect(received).toBe(expected) // Object.is equality

    Expected: 403
    Received: 401

      286 |         .set('Cookie', userTokenCookie);
      287 |
    > 288 |       expect(response.status).toBe(403);
          |                               ^
      289 |     });
      290 |
      291 |     it('should return 404 for non-existent payment', async () => {

      at Object.<anonymous> (src/__tests__/routes/payments.e2e.test.ts:288:31)

  ● Payment Routes E2E Tests › POST /api/payments/:id/capture › should capture a payment

    PrismaClientKnownRequestError: 
    Invalid `prisma.payment.create()` invocation in
    /Users/user/Desktop/AI/projects/nextsaas/backend/src/__tests__/routes/payments.e2e.test.ts:302:44

      299 
      300 describe('POST /api/payments/:id/capture', () => {
      301   it('should capture a payment', async () => {
    → 302     const payment = await prisma.payment.create(
    Foreign key constraint violated: `payments_userId_fkey (index)`

      300 |   describe('POST /api/payments/:id/capture', () => {
      301 |     it('should capture a payment', async () => {
    > 302 |       const payment = await prisma.payment.create({
          |                       ^
      303 |         data: {
      304 |           userId: testUser.id,
      305 |           provider: PaymentProvider.STRIPE,

      at $n.handleRequestError (node_modules/@prisma/client/runtime/library.js:121:7315)
      at $n.handleAndLogRequestError (node_modules/@prisma/client/runtime/library.js:121:6623)
      at $n.request (node_modules/@prisma/client/runtime/library.js:121:6307)
      at l (node_modules/@prisma/client/runtime/library.js:130:9633)
      at Object.<anonymous> (src/__tests__/routes/payments.e2e.test.ts:302:23)

  ● Payment Routes E2E Tests › POST /api/payments/:id/refund › should refund a payment

    PrismaClientKnownRequestError: 
    Invalid `prisma.payment.create()` invocation in
    /Users/user/Desktop/AI/projects/nextsaas/backend/src/__tests__/routes/payments.e2e.test.ts:346:44

      343 
      344 describe('POST /api/payments/:id/refund', () => {
      345   it('should refund a payment', async () => {
    → 346     const payment = await prisma.payment.create(
    Foreign key constraint violated: `payments_userId_fkey (index)`

      344 |   describe('POST /api/payments/:id/refund', () => {
      345 |     it('should refund a payment', async () => {
    > 346 |       const payment = await prisma.payment.create({
          |                       ^
      347 |         data: {
      348 |           userId: testUser.id,
      349 |           provider: PaymentProvider.STRIPE,

      at $n.handleRequestError (node_modules/@prisma/client/runtime/library.js:121:7315)
      at $n.handleAndLogRequestError (node_modules/@prisma/client/runtime/library.js:121:6623)
      at $n.request (node_modules/@prisma/client/runtime/library.js:121:6307)
      at l (node_modules/@prisma/client/runtime/library.js:130:9633)
      at Object.<anonymous> (src/__tests__/routes/payments.e2e.test.ts:346:23)

PASS src/__tests__/routes/rbac.test.ts
  ● Console

    console.log
      2026-01-20 13:16:14 [[32minfo[39m]: Swagger UI available at /api-docs

      at Console.log (node_modules/winston/lib/winston/transports/console.js:87:23)

    console.log
      2026-01-20 13:16:14 [[32minfo[39m]: Incoming request {
        "method": "GET",
        "path": "/api/rbac/me/role",
        "requestId": "61f8570d-f06b-4ce4-91a3-9f3c206dda05",
        "ip": "::ffff:127.0.0.1"
      }

      at Console.log (node_modules/winston/lib/winston/transports/console.js:87:23)

    console.log
      2026-01-20 13:16:15 [[32minfo[39m]: Incoming request {
        "method": "GET",
        "path": "/api/rbac/me/role",
        "requestId": "302a8a82-537e-4774-a7c8-665e4299f7a7",
        "ip": "::ffff:127.0.0.1"
      }

      at Console.log (node_modules/winston/lib/winston/transports/console.js:87:23)

    console.log
      2026-01-20 13:16:15 [[32minfo[39m]: Incoming request {
        "method": "GET",
        "path": "/api/rbac/me/permissions",
        "requestId": "e6578db1-8298-4d23-a2d1-83f8f31a0c7c",
        "ip": "::ffff:127.0.0.1"
      }

      at Console.log (node_modules/winston/lib/winston/transports/console.js:87:23)

    console.log
      2026-01-20 13:16:15 [[32minfo[39m]: Incoming request {
        "method": "GET",
        "path": "/api/rbac/me/permissions",
        "requestId": "889169a6-0f16-432c-b5a4-6cb212a8d20d",
        "ip": "::ffff:127.0.0.1"
      }

      at Console.log (node_modules/winston/lib/winston/transports/console.js:87:23)

    console.log
      2026-01-20 13:16:15 [[32minfo[39m]: Incoming request {
        "method": "GET",
        "path": "/api/rbac/me/permissions",
        "requestId": "93a66747-2c71-4fac-b49b-dc66f5aa555a",
        "ip": "::ffff:127.0.0.1"
      }

      at Console.log (node_modules/winston/lib/winston/transports/console.js:87:23)

    console.log
      2026-01-20 13:16:15 [[32minfo[39m]: Incoming request {
        "method": "GET",
        "path": "/api/rbac/check/role/USER",
        "requestId": "22338ba0-437b-49e7-9de4-d494efc1a336",
        "ip": "::ffff:127.0.0.1"
      }

      at Console.log (node_modules/winston/lib/winston/transports/console.js:87:23)

    console.log
      2026-01-20 13:16:15 [[32minfo[39m]: Incoming request {
        "method": "GET",
        "path": "/api/rbac/check/role/ADMIN",
        "requestId": "a04e997e-eb8a-4d2e-850c-abf20795d126",
        "ip": "::ffff:127.0.0.1"
      }

      at Console.log (node_modules/winston/lib/winston/transports/console.js:87:23)

    console.log
      2026-01-20 13:16:15 [[32minfo[39m]: Incoming request {
        "method": "POST",
        "path": "/api/rbac/check/access",
        "requestId": "aabe1ee1-a96d-4017-875d-acaf4f1c22ed",
        "ip": "::ffff:127.0.0.1"
      }

      at Console.log (node_modules/winston/lib/winston/transports/console.js:87:23)

    console.log
      2026-01-20 13:16:15 [[32minfo[39m]: Incoming request {
        "method": "POST",
        "path": "/api/rbac/check/access",
        "requestId": "8849436f-a70d-417b-9779-dc04fb384d11",
        "ip": "::ffff:127.0.0.1"
      }

      at Console.log (node_modules/winston/lib/winston/transports/console.js:87:23)

    console.log
      2026-01-20 13:16:15 [[32minfo[39m]: Incoming request {
        "method": "POST",
        "path": "/api/rbac/check/access",
        "requestId": "4b53734f-bcc9-4e0d-811a-8c04f80d9bd6",
        "ip": "::ffff:127.0.0.1"
      }

      at Console.log (node_modules/winston/lib/winston/transports/console.js:87:23)

    console.log
      2026-01-20 13:16:15 [[32minfo[39m]: Incoming request {
        "method": "POST",
        "path": "/api/rbac/check/access",
        "requestId": "1fbea245-6843-4e33-aa18-9e85fbd8ba3f",
        "ip": "::ffff:127.0.0.1"
      }

      at Console.log (node_modules/winston/lib/winston/transports/console.js:87:23)

    console.log
      2026-01-20 13:16:16 [[32minfo[39m]: Incoming request {
        "method": "POST",
        "path": "/api/rbac/check/access",
        "requestId": "ad9f2a3e-c20b-4bd9-afe1-24c5bbbac240",
        "ip": "::ffff:127.0.0.1"
      }

      at Console.log (node_modules/winston/lib/winston/transports/console.js:87:23)

    console.log
      2026-01-20 13:16:16 [[32minfo[39m]: Incoming request {
        "method": "GET",
        "path": "/api/rbac/users/role/USER",
        "requestId": "d6e5ae4b-5285-4f5d-a143-9a97c33f8cb6",
        "ip": "::ffff:127.0.0.1"
      }

      at Console.log (node_modules/winston/lib/winston/transports/console.js:87:23)

    console.log
      2026-01-20 13:16:16 [[32minfo[39m]: Incoming request {
        "method": "GET",
        "path": "/api/rbac/users/role/USER",
        "requestId": "d56a9e30-10b2-45d8-ab2f-ec39d9d2d41d",
        "ip": "::ffff:127.0.0.1"
      }

      at Console.log (node_modules/winston/lib/winston/transports/console.js:87:23)

    console.log
      2026-01-20 13:16:16 [[32minfo[39m]: Incoming request {
        "method": "GET",
        "path": "/api/rbac/users/role/ADMIN",
        "requestId": "29282865-c8a0-44b2-8d8a-6f01b555f304",
        "ip": "::ffff:127.0.0.1"
      }

      at Console.log (node_modules/winston/lib/winston/transports/console.js:87:23)

    console.log
      2026-01-20 13:16:16 [[32minfo[39m]: Incoming request {
        "method": "PUT",
        "path": "/api/rbac/users/0a84861d-a961-4082-b2fe-38beb675ab21/role",
        "requestId": "05017139-bacb-4d30-8e80-65e5218fb74b",
        "ip": "::ffff:127.0.0.1"
      }

      at Console.log (node_modules/winston/lib/winston/transports/console.js:87:23)

    console.log
      2026-01-20 13:16:16 [[32minfo[39m]: Incoming request {
        "method": "PUT",
        "path": "/api/rbac/users/31120cad-c3a8-421c-93dd-33545ef5a890/role",
        "requestId": "72e1416b-bfa9-4f23-b***-***-9623b2329",
        "ip": "::ffff:127.0.0.1"
      }

      at Console.log (node_modules/winston/lib/winston/transports/console.js:87:23)

    console.log
      2026-01-20 13:16:16 [[32minfo[39m]: Incoming request {
        "method": "PUT",
        "path": "/api/rbac/users/3713b172-0eba-4a1f-b9b9-48dca4ab524e/role",
        "requestId": "a85f4d0e-579c-47e5-8ee6-096bc68ce1bd",
        "ip": "::ffff:127.0.0.1"
      }

      at Console.log (node_modules/winston/lib/winston/transports/console.js:87:23)

    console.log
      2026-01-20 13:16:16 [[32minfo[39m]: User role updated {
        "userId": "3713b172-0eba-4a1f-b9b9-48dca4ab524e",
        "newRole": "ADMIN"
      }

      at Console.log (node_modules/winston/lib/winston/transports/console.js:87:23)

    console.log
      2026-01-20 13:16:16 [[32minfo[39m]: Incoming request {
        "method": "PUT",
        "path": "/api/rbac/users/58331cc6-a5a7-49b2-a0fc-6910a1d46905/role",
        "requestId": "e6eadb7a-2122-4a9e-baec-c897537a9437",
        "ip": "::ffff:127.0.0.1"
      }

      at Console.log (node_modules/winston/lib/winston/transports/console.js:87:23)

    console.log
      2026-01-20 13:16:16 [[32minfo[39m]: Incoming request {
        "method": "GET",
        "path": "/api/rbac/compare/b662e53a-818b-4d5a-b7fe-b3a8f1d1fce8",
        "requestId": "647371ca-a821-46a7-8758-35e292c3a8b9",
        "ip": "::ffff:127.0.0.1"
      }

      at Console.log (node_modules/winston/lib/winston/transports/console.js:87:23)

    console.log
      2026-01-20 13:16:16 [[32minfo[39m]: Incoming request {
        "method": "GET",
        "path": "/api/rbac/compare/abf43a7f-3f89-4f65-8e68-e4f5ad386101",
        "requestId": "c8cda8ff-0918-41bd-929b-05eb1106dc78",
        "ip": "::ffff:127.0.0.1"
      }

      at Console.log (node_modules/winston/lib/winston/transports/console.js:87:23)

    console.log
      2026-01-20 13:16:17 [[32minfo[39m]: Incoming request {
        "method": "GET",
        "path": "/api/rbac/compare/e9b7f63a-5dc6-4c7d-8cdf-7584c08b9d53",
        "requestId": "9a24b97f-9220-4d55-b50c-85e33c720514",
        "ip": "::ffff:127.0.0.1"
      }

      at Console.log (node_modules/winston/lib/winston/transports/console.js:87:23)

PASS src/__tests__/codeQuality/securityReview.test.ts
  ● Console

    console.warn
      npm audit check failed: Command failed: npm audit --audit-level=high --json

      127 |       // If npm audit fails, it might be due to network or other issues
      128 |       // Don't fail the test, but warn
    > 129 |       console.warn('npm audit check failed:', error.message);
          |               ^
      130 |       return;
      131 |     }
      132 |

      at Object.<anonymous> (src/__tests__/codeQuality/securityReview.test.ts:129:15)

    console.warn
      ⚠️  SECURITY WARNING: payments.ts is missing input validation.
         This is a known security issue and should be fixed separately.
         Add express-validator or Zod validation to payment route handlers.

      319 |     const paymentsFilePath = routeFiles.find(f => f.includes('payments.ts'));
      320 |     if (paymentsFilePath && !hasInputValidation(paymentsFilePath)) {
    > 321 |       console.warn(
          |               ^
      322 |         '⚠️  SECURITY WARNING: payments.ts is missing input validation.\n' +
      323 |         '   This is a known security issue and should be fixed separately.\n' +
      324 |         '   Add express-validator or Zod validation to payment route handlers.\n'

      at Object.<anonymous> (src/__tests__/codeQuality/securityReview.test.ts:321:15)

FAIL src/__tests__/routes/auth.forgotPassword.email.test.ts (5.002 s)
  ● Console

    console.log
      2026-01-20 13:16:21 [[32minfo[39m]: Email sent successfully {
        "emailId": "email-123",
        "to": "t***@example.com",
        "subject": "Reset Your Password"
      }

      at Console.log (node_modules/winston/lib/winston/transports/console.js:87:23)

    console.log
      2026-01-20 13:16:21 [[32minfo[39m]: Password reset email sent {
        "userId": "79c0f5b6-40fd-45be-8335-c3ac4e248638",
        "email": "t***@example.com"
      }

      at Console.log (node_modules/winston/lib/winston/transports/console.js:87:23)

    console.log
      2026-01-20 13:16:21 [[32minfo[39m]: Email sent successfully {
        "emailId": "email-123",
        "to": "t***@example.com",
        "subject": "Reset Your Password"
      }

      at Console.log (node_modules/winston/lib/winston/transports/console.js:87:23)

    console.log
      2026-01-20 13:16:21 [[32minfo[39m]: Password reset email sent {
        "userId": "4eab3bad-3780-4450-a801-e784691caea5",
        "email": "t***@example.com"
      }

      at Console.log (node_modules/winston/lib/winston/transports/console.js:87:23)

    console.log
      2026-01-20 13:16:21 [[31merror[39m]: Failed to send email {
        "to": "t***@example.com",
        "subject": "Reset Your Password",
        "error": "Invalid API key"
      }

      at Console.log (node_modules/winston/lib/winston/transports/console.js:87:23)

    console.log
      2026-01-20 13:16:21 [[31merror[39m]: Failed to send password reset email {
        "userId": "161a5ade-eada-465c-a998-2b508825e3e2",
        "email": "t***@example.com",
        "error": "Failed to send email"
      }

      at Console.log (node_modules/winston/lib/winston/transports/console.js:87:23)

    console.log
      2026-01-20 13:16:22 [[32minfo[39m]: Email sent successfully {
        "emailId": "email-123",
        "to": "t***@example.com",
        "subject": "Reset Your Password"
      }

      at Console.log (node_modules/winston/lib/winston/transports/console.js:87:23)

    console.log
      2026-01-20 13:16:22 [[32minfo[39m]: Password reset email sent {
        "userId": "e0970c88-5f6e-41e3-a745-2deecd9cecdc",
        "email": "t***@example.com"
      }

      at Console.log (node_modules/winston/lib/winston/transports/console.js:87:23)

    console.log
      2026-01-20 13:16:22 [[32minfo[39m]: Email sent successfully {
        "emailId": "email-123",
        "to": "t***@example.com",
        "subject": "Reset Your Password"
      }

      at Console.log (node_modules/winston/lib/winston/transports/console.js:87:23)

    console.log
      2026-01-20 13:16:22 [[32minfo[39m]: Password reset email sent {
        "userId": "5daab890-d3c2-4482-9169-557eae2b92f3",
        "email": "t***@example.com"
      }

      at Console.log (node_modules/winston/lib/winston/transports/console.js:87:23)

    console.log
      2026-01-20 13:16:22 [[32minfo[39m]: Email sent successfully {
        "emailId": "email-123",
        "to": "t***@example.com",
        "subject": "Reset Your Password"
      }

      at Console.log (node_modules/winston/lib/winston/transports/console.js:87:23)

    console.log
      2026-01-20 13:16:22 [[32minfo[39m]: Password reset email sent {
        "userId": "3248d186-359f-4e20-bff0-87998f9e9c77",
        "email": "t***@example.com"
      }

      at Console.log (node_modules/winston/lib/winston/transports/console.js:87:23)

    console.log
      2026-01-20 13:16:23 [[32minfo[39m]: Email sent successfully {
        "emailId": "email-123",
        "to": "t***@example.com",
        "subject": "Reset Your Password"
      }

      at Console.log (node_modules/winston/lib/winston/transports/console.js:87:23)

    console.log
      2026-01-20 13:16:23 [[32minfo[39m]: Password reset email sent {
        "userId": "0f370968-3c85-4157-93d8-1b3a88d4cf0e",
        "email": "t***@example.com"
      }

      at Console.log (node_modules/winston/lib/winston/transports/console.js:87:23)

    console.log
      2026-01-20 13:16:23 [[31merror[39m]: Failed to send email {
        "to": "t***@example.com",
        "subject": "Reset Your Password",
        "error": "Resend API error: Rate limit exceeded"
      }

      at Console.log (node_modules/winston/lib/winston/transports/console.js:87:23)

    console.log
      2026-01-20 13:16:23 [[31merror[39m]: Failed to send password reset email {
        "userId": "ba084ee0-d173-44f5-8ac4-a35e388e3e4c",
        "email": "t***@example.com",
        "error": "Failed to send email"
      }

      at Console.log (node_modules/winston/lib/winston/transports/console.js:87:23)

    console.log
      2026-01-20 13:16:23 [[31merror[39m]: Failed to send email {
        "to": "t***@example.com",
        "subject": "Reset Your Password",
        "error": "Email service unavailable"
      }

      at Console.log (node_modules/winston/lib/winston/transports/console.js:87:23)

    console.log
      2026-01-20 13:16:23 [[31merror[39m]: Failed to send password reset email {
        "userId": "ce3b3a06-dcea-4403-a858-0a0c6ca0ffe4",
        "email": "t***@example.com",
        "error": "Failed to send email"
      }

      at Console.log (node_modules/winston/lib/winston/transports/console.js:87:23)

    console.log
      2026-01-20 13:16:24 [[32minfo[39m]: Email sent successfully {
        "emailId": "email-123",
        "to": "t***@example.com",
        "subject": "Reset Your Password"
      }

      at Console.log (node_modules/winston/lib/winston/transports/console.js:87:23)

    console.log
      2026-01-20 13:16:24 [[32minfo[39m]: Password reset email sent {
        "userId": "45c9e321-59e0-4ed3-a0ea-266ad6d7c35a",
        "email": "t***@example.com"
      }

      at Console.log (node_modules/winston/lib/winston/transports/console.js:87:23)

    console.log
      2026-01-20 13:16:24 [[32minfo[39m]: Password reset successful {
        "userId": "45c9e321-59e0-4ed3-a0ea-266ad6d7c35a",
        "email": "t***@example.com"
      }

      at Console.log (node_modules/winston/lib/winston/transports/console.js:87:23)

    console.log
      2026-01-20 13:16:24 [[31merror[39m]: Database error 
      Invalid `prisma.session.create()` invocation in
      /Users/user/Desktop/AI/projects/nextsaas/backend/src/services/authService.ts:263:24
      
        260 const expiresAt = new Date();
        261 expiresAt.setDate(expiresAt.getDate() + 30); // 30 days
        262 
      → 263 await prisma.session.create(
      Foreign key constraint violated: `sessions_userId_fkey (index)` {
        "target": "session.create"
      }

      at Console.log (node_modules/winston/lib/winston/transports/console.js:87:23)

    console.log
      2026-01-20 13:16:24 [[31merror[39m]: Request error {
        "error": "\nInvalid `prisma.session.create()` invocation in\n/Users/user/Desktop/AI/projects/nextsaas/backend/src/services/authService.ts:263:24\n\n  260 const expiresAt = new Date();\n  261 expiresAt.setDate(expiresAt.getDate() + 30); // 30 days\n  262 \n→ 263 await prisma.session.create(\nForeign key constraint violated: `sessions_userId_fkey (index)`",
        "stack": "PrismaClientKnownRequestError: \nInvalid `prisma.session.create()` invocation in\n/Users/user/Desktop/AI/projects/nextsaas/backend/src/services/authService.ts:263:24\n\n  260 const expiresAt = new Date();\n  261 expiresAt.setDate(expiresAt.getDate() + 30); // 30 days\n  262 \n→ 263 await prisma.session.create(\nForeign key constraint violated: `sessions_userId_fkey (index)`\n    at $n.handleRequestError (/Users/user/Desktop/AI/projects/nextsaas/backend/node_modules/@prisma/client/runtime/library.js:121:7315)\n    at $n.handleAndLogRequestError (/Users/user/Desktop/AI/projects/nextsaas/backend/node_modules/@prisma/client/runtime/library.js:121:6623)\n    at $n.request (/Users/user/Desktop/AI/projects/nextsaas/backend/node_modules/@prisma/client/runtime/library.js:121:6307)\n    at l (/Users/user/Desktop/AI/projects/nextsaas/backend/node_modules/@prisma/client/runtime/library.js:130:9633)\n    at Object.login (/Users/user/Desktop/AI/projects/nextsaas/backend/src/services/authService.ts:263:3)\n    at /Users/user/Desktop/AI/projects/nextsaas/backend/src/routes/auth.ts:343:25",
        "requestId": "2092af73-714e-49ab-a14a-08c0da55423c",
        "method": "POST",
        "path": "/api/auth/login",
        "statusCode": 500,
        "isOperational": false
      }

      at Console.log (node_modules/winston/lib/winston/transports/console.js:87:23)

  ● Forgot Password Email Integration Tests › System Tests - End-to-End › should complete full password reset flow with email

    expect(received).toBe(expected) // Object.is equality

    Expected: 200
    Received: 500

      364 |         });
      365 |
    > 366 |       expect(loginResponse.status).toBe(200);
          |                                    ^
      367 |       expect(loginResponse.body.success).toBe(true);
      368 |     });
      369 |   });

      at Object.<anonymous> (src/__tests__/routes/auth.forgotPassword.email.test.ts:366:36)

FAIL src/__tests__/paymentService.test.ts
  ● Console

    console.log
      2026-01-20 13:16:25 [[32minfo[39m]: Audit log created {
        "logId": "495e36ab-81aa-466b-aa24-34cece3eae04",
        "action": "PAYMENT_CREATED",
        "userId": "ec3dfe60-e136-43fb-8972-4bb04557fb86",
        "resource": "payments"
      }

      at Console.log (node_modules/winston/lib/winston/transports/console.js:87:23)

    console.log
      2026-01-20 13:16:25 [[32minfo[39m]: Payment created {
        "paymentId": "4dd570d4-15dc-4d42-8228-c54ce81b697c",
        "userId": "ec3dfe60-e136-43fb-8972-4bb04557fb86",
        "amount": 100,
        "provider": "STRIPE"
      }

      at Console.log (node_modules/winston/lib/winston/transports/console.js:87:23)

    console.log
      2026-01-20 13:16:25 [[32minfo[39m]: Audit log created {
        "logId": "c7242830-6e9e-4422-b630-5b9823aef03c",
        "action": "PAYMENT_CREATED",
        "userId": "914125d0-0fcc-4cac-bd73-***-***-724312",
        "resource": "payments"
      }

      at Console.log (node_modules/winston/lib/winston/transports/console.js:87:23)

    console.log
      2026-01-20 13:16:25 [[32minfo[39m]: Payment created {
        "paymentId": "5f245251-dfe1-487c-a6bd-3c0c92ee8061",
        "userId": "914125d0-0fcc-4cac-bd73-***-***-724312",
        "amount": 50,
        "provider": "STRIPE"
      }

      at Console.log (node_modules/winston/lib/winston/transports/console.js:87:23)

    console.log
      2026-01-20 13:16:25 [[31merror[39m]: Payment creation failed {
        "error": "Provider error",
        "userId": "0c6dd3ec-ea9a-4846-828c-09430bb1da4e"
      }

      at Console.log (node_modules/winston/lib/winston/transports/console.js:87:23)

    console.log
      2026-01-20 13:16:25 [[32minfo[39m]: Audit log created {
        "logId": "8ce4d9ac-5c19-4a4a-8d25-4cb2656eb3dd",
        "action": "PAYMENT_CREATED",
        "userId": "d544b59c-211a-49e7-a763-31c665db8c40",
        "resource": "payments"
      }

      at Console.log (node_modules/winston/lib/winston/transports/console.js:87:23)

    console.log
      2026-01-20 13:16:25 [[32minfo[39m]: Payment created {
        "paymentId": "34a11749-7f3a-4e6d-9ae6-65bd38a74570",
        "userId": "d544b59c-211a-49e7-a763-31c665db8c40",
        "amount": 5000,
        "provider": "STRIPE"
      }

      at Console.log (node_modules/winston/lib/winston/transports/console.js:87:23)

    console.log
      2026-01-20 13:16:25 [[32minfo[39m]: Audit log created {
        "logId": "7cb18244-bffc-42df-8710-60d9c846a206",
        "action": "PAYMENT_CREATED",
        "userId": "308c762f-9845-4267-9837-4c868336190a",
        "resource": "payments"
      }

      at Console.log (node_modules/winston/lib/winston/transports/console.js:87:23)

    console.log
      2026-01-20 13:16:25 [[32minfo[39m]: Payment created {
        "paymentId": "8b148374-d953-461a-922f-e8f70e3a4abd",
        "userId": "308c762f-9845-4267-9837-4c868336190a",
        "amount": 100,
        "provider": "STRIPE"
      }

      at Console.log (node_modules/winston/lib/winston/transports/console.js:87:23)

    console.log
      2026-01-20 13:16:25 [[32minfo[39m]: Audit log created {
        "logId": "5277d479-92b2-436b-a786-d0b0a5aa5016",
        "action": "PAYMENT_CAPTURED",
        "userId": "308c762f-9845-4267-9837-4c868336190a",
        "resource": "payments"
      }

      at Console.log (node_modules/winston/lib/winston/transports/console.js:87:23)

    console.log
      2026-01-20 13:16:25 [[32minfo[39m]: Payment captured {
        "paymentId": "8b148374-d953-461a-922f-e8f70e3a4abd",
        "userId": "308c762f-9845-4267-9837-4c868336190a"
      }

      at Console.log (node_modules/winston/lib/winston/transports/console.js:87:23)

    console.log
      2026-01-20 13:16:25 [[32minfo[39m]: Audit log created {
        "logId": "bb976fa1-2cea-43a4-b948-f6006b95b12b",
        "action": "PAYMENT_CREATED",
        "userId": "2a3a1963-d07c-4c98-bc0f-1b8f460d2f20",
        "resource": "payments"
      }

      at Console.log (node_modules/winston/lib/winston/transports/console.js:87:23)

    console.log
      2026-01-20 13:16:25 [[32minfo[39m]: Payment created {
        "paymentId": "857a09ae-147a-433a-9ad6-bfefbd560e80",
        "userId": "2a3a1963-d07c-4c98-bc0f-1b8f460d2f20",
        "amount": 100,
        "provider": "STRIPE"
      }

      at Console.log (node_modules/winston/lib/winston/transports/console.js:87:23)

    console.log
      2026-01-20 13:16:25 [[32minfo[39m]: Audit log created {
        "logId": "6aea754c-cd46-4da5-ba54-f069cf7c386e",
        "action": "PAYMENT_CAPTURED",
        "userId": "2a3a1963-d07c-4c98-bc0f-1b8f460d2f20",
        "resource": "payments"
      }

      at Console.log (node_modules/winston/lib/winston/transports/console.js:87:23)

    console.log
      2026-01-20 13:16:25 [[32minfo[39m]: Payment captured {
        "paymentId": "857a09ae-147a-433a-9ad6-bfefbd560e80",
        "userId": "2a3a1963-d07c-4c98-bc0f-1b8f460d2f20"
      }

      at Console.log (node_modules/winston/lib/winston/transports/console.js:87:23)

    console.log
      2026-01-20 13:16:25 [[31merror[39m]: Payment capture failed {
        "error": "Payment already captured",
        "paymentId": "857a09ae-147a-433a-9ad6-bfefbd560e80"
      }

      at Console.log (node_modules/winston/lib/winston/transports/console.js:87:23)

    console.log
      2026-01-20 13:16:25 [[32minfo[39m]: Audit log created {
        "logId": "b0a195ad-bdc2-44c0-8038-493fded35664",
        "action": "PAYMENT_CREATED",
        "userId": "833b9a17-8202-44d8-9fcc-4df02ac78c56",
        "resource": "payments"
      }

      at Console.log (node_modules/winston/lib/winston/transports/console.js:87:23)

    console.log
      2026-01-20 13:16:25 [[32minfo[39m]: Payment created {
        "paymentId": "ab8d5e00-6938-495a-b4ee-6d288646c095",
        "userId": "833b9a17-8202-44d8-9fcc-4df02ac78c56",
        "amount": 100,
        "provider": "STRIPE"
      }

      at Console.log (node_modules/winston/lib/winston/transports/console.js:87:23)

    console.log
      2026-01-20 13:16:25 [[31merror[39m]: Payment capture failed {
        "error": "Unauthorized",
        "paymentId": "ab8d5e00-6938-495a-b4ee-6d288646c095"
      }

      at Console.log (node_modules/winston/lib/winston/transports/console.js:87:23)

    console.log
      2026-01-20 13:16:25 [[32minfo[39m]: Audit log created {
        "logId": "fd9af61f-273b-4ae0-85ff-dec370526717",
        "action": "PAYMENT_CREATED",
        "userId": "b784847c-48c7-463b-a954-827579d1c7bc",
        "resource": "payments"
      }

      at Console.log (node_modules/winston/lib/winston/transports/console.js:87:23)

    console.log
      2026-01-20 13:16:25 [[32minfo[39m]: Payment created {
        "paymentId": "08622254-4c52-4224-ace4-d4deef08a511",
        "userId": "b784847c-48c7-463b-a954-827579d1c7bc",
        "amount": 100,
        "provider": "STRIPE"
      }

      at Console.log (node_modules/winston/lib/winston/transports/console.js:87:23)

    console.log
      2026-01-20 13:16:25 [[32minfo[39m]: Audit log created {
        "logId": "31aeb8c4-3257-494b-a4b1-bb1b9f8b3619",
        "action": "PAYMENT_CAPTURED",
        "userId": "b784847c-48c7-463b-a954-827579d1c7bc",
        "resource": "payments"
      }

      at Console.log (node_modules/winston/lib/winston/transports/console.js:87:23)

    console.log
      2026-01-20 13:16:25 [[32minfo[39m]: Payment captured {
        "paymentId": "08622254-4c52-4224-ace4-d4deef08a511",
        "userId": "b784847c-48c7-463b-a954-827579d1c7bc"
      }

      at Console.log (node_modules/winston/lib/winston/transports/console.js:87:23)

    console.log
      2026-01-20 13:16:25 [[32minfo[39m]: Audit log created {
        "logId": "a1622eb2-7f04-485c-bd1d-aa4dc68c03f6",
        "action": "PAYMENT_CREATED",
        "userId": "f8caafb1-9d7f-4410-8eda-4872c832343f",
        "resource": "payments"
      }

      at Console.log (node_modules/winston/lib/winston/transports/console.js:87:23)

    console.log
      2026-01-20 13:16:25 [[32minfo[39m]: Payment created {
        "paymentId": "998f7932-ce62-45af-9d85-f7862ce45342",
        "userId": "f8caafb1-9d7f-4410-8eda-4872c832343f",
        "amount": 100,
        "provider": "STRIPE"
      }

      at Console.log (node_modules/winston/lib/winston/transports/console.js:87:23)

    console.log
      2026-01-20 13:16:25 [[32minfo[39m]: Audit log created {
        "logId": "e9bbe44d-9570-44ce-a84a-***-***-9887da",
        "action": "PAYMENT_CAPTURED",
        "userId": "f8caafb1-9d7f-4410-8eda-4872c832343f",
        "resource": "payments"
      }

      at Console.log (node_modules/winston/lib/winston/transports/console.js:87:23)

    console.log
      2026-01-20 13:16:25 [[32minfo[39m]: Payment captured {
        "paymentId": "998f7932-ce62-45af-9d85-f7862ce45342",
        "userId": "f8caafb1-9d7f-4410-8eda-4872c832343f"
      }

      at Console.log (node_modules/winston/lib/winston/transports/console.js:87:23)

    console.log
      2026-01-20 13:16:25 [[32minfo[39m]: Audit log created {
        "logId": "6e90c853-5baf-444d-9f0a-4d874fe1f161",
        "action": "PAYMENT_REFUNDED",
        "userId": "f8caafb1-9d7f-4410-8eda-4872c832343f",
        "resource": "payments"
      }

      at Console.log (node_modules/winston/lib/winston/transports/console.js:87:23)

    console.log
      2026-01-20 13:16:25 [[32minfo[39m]: Payment refunded {
        "paymentId": "998f7932-ce62-45af-9d85-f7862ce45342",
        "refundId": "b698709b-37e3-4b33-b797-9a275d03e862",
        "amount": 100
      }

      at Console.log (node_modules/winston/lib/winston/transports/console.js:87:23)

    console.log
      2026-01-20 13:16:25 [[32minfo[39m]: Audit log created {
        "logId": "688145aa-963a-44eb-95ca-9b086c0d9245",
        "action": "PAYMENT_CREATED",
        "userId": "b150b352-9d3b-49ad-b94e-c3ea86a998f9",
        "resource": "payments"
      }

      at Console.log (node_modules/winston/lib/winston/transports/console.js:87:23)

    console.log
      2026-01-20 13:16:25 [[32minfo[39m]: Payment created {
        "paymentId": "d7b4941d-4f89-4e02-89e9-60d79d6d7d48",
        "userId": "b150b352-9d3b-49ad-b94e-c3ea86a998f9",
        "amount": 100,
        "provider": "STRIPE"
      }

      at Console.log (node_modules/winston/lib/winston/transports/console.js:87:23)

    console.log
      2026-01-20 13:16:25 [[32minfo[39m]: Audit log created {
        "logId": "642325a6-b392-4005-8121-45c9213d9e5c",
        "action": "PAYMENT_CAPTURED",
        "userId": "b150b352-9d3b-49ad-b94e-c3ea86a998f9",
        "resource": "payments"
      }

      at Console.log (node_modules/winston/lib/winston/transports/console.js:87:23)

    console.log
      2026-01-20 13:16:25 [[32minfo[39m]: Payment captured {
        "paymentId": "d7b4941d-4f89-4e02-89e9-60d79d6d7d48",
        "userId": "b150b352-9d3b-49ad-b94e-c3ea86a998f9"
      }

      at Console.log (node_modules/winston/lib/winston/transports/console.js:87:23)

    console.log
      2026-01-20 13:16:25 [[32minfo[39m]: Audit log created {
        "logId": "a8261866-36d4-43df-bedb-9c7b14138dbf",
        "action": "PAYMENT_REFUNDED",
        "userId": "b150b352-9d3b-49ad-b94e-c3ea86a998f9",
        "resource": "payments"
      }

      at Console.log (node_modules/winston/lib/winston/transports/console.js:87:23)

    console.log
      2026-01-20 13:16:25 [[32minfo[39m]: Payment refunded {
        "paymentId": "d7b4941d-4f89-4e02-89e9-60d79d6d7d48",
        "refundId": "d5bbc0de-ad2c-4f9d-b58c-5394ac4f5389",
        "amount": 50
      }

      at Console.log (node_modules/winston/lib/winston/transports/console.js:87:23)

    console.log
      2026-01-20 13:16:25 [[32minfo[39m]: Audit log created {
        "logId": "6a6dd664-8e60-43a5-be6d-1c103e9f9143",
        "action": "PAYMENT_CREATED",
        "userId": "bade20de-090d-499e-87f4-91a4341eaf3f",
        "resource": "payments"
      }

      at Console.log (node_modules/winston/lib/winston/transports/console.js:87:23)

    console.log
      2026-01-20 13:16:25 [[32minfo[39m]: Payment created {
        "paymentId": "0d1ec6bb-09bd-41a1-ba72-07e0e731044f",
        "userId": "bade20de-090d-499e-87f4-91a4341eaf3f",
        "amount": 100,
        "provider": "STRIPE"
      }

      at Console.log (node_modules/winston/lib/winston/transports/console.js:87:23)

    console.log
      2026-01-20 13:16:25 [[32minfo[39m]: Audit log created {
        "logId": "ae2d3f22-73c1-4f0f-afab-8de95e3478e8",
        "action": "PAYMENT_CAPTURED",
        "userId": "bade20de-090d-499e-87f4-91a4341eaf3f",
        "resource": "payments"
      }

      at Console.log (node_modules/winston/lib/winston/transports/console.js:87:23)

    console.log
      2026-01-20 13:16:25 [[32minfo[39m]: Payment captured {
        "paymentId": "0d1ec6bb-09bd-41a1-ba72-07e0e731044f",
        "userId": "bade20de-090d-499e-87f4-91a4341eaf3f"
      }

      at Console.log (node_modules/winston/lib/winston/transports/console.js:87:23)

    console.log
      2026-01-20 13:16:25 [[32minfo[39m]: Audit log created {
        "logId": "eee0b8c9-f33f-45f1-bb59-7a72f4cd93d4",
        "action": "PAYMENT_CREATED",
        "userId": "bade20de-090d-499e-87f4-91a4341eaf3f",
        "resource": "payments"
      }

      at Console.log (node_modules/winston/lib/winston/transports/console.js:87:23)

    console.log
      2026-01-20 13:16:25 [[32minfo[39m]: Payment created {
        "paymentId": "30715a1c-ce9d-4d61-8a16-d60a333563a0",
        "userId": "bade20de-090d-499e-87f4-91a4341eaf3f",
        "amount": 100,
        "provider": "STRIPE"
      }

      at Console.log (node_modules/winston/lib/winston/transports/console.js:87:23)

    console.log
      2026-01-20 13:16:25 [[31merror[39m]: Payment refund failed {
        "error": "Payment not eligible for refund",
        "paymentId": "30715a1c-ce9d-4d61-8a16-d60a333563a0"
      }

      at Console.log (node_modules/winston/lib/winston/transports/console.js:87:23)

    console.log
      2026-01-20 13:16:25 [[32minfo[39m]: Audit log created {
        "logId": "527e7652-aa38-48d0-917d-75d559ae83fb",
        "action": "PAYMENT_CREATED",
        "userId": "a99285e4-5b6b-4fd7-9996-9777ec122a18",
        "resource": "payments"
      }

      at Console.log (node_modules/winston/lib/winston/transports/console.js:87:23)

    console.log
      2026-01-20 13:16:25 [[32minfo[39m]: Payment created {
        "paymentId": "f30e819b-ed9b-47dc-8336-4b01c6d4ffd9",
        "userId": "a99285e4-5b6b-4fd7-9996-9777ec122a18",
        "amount": 100,
        "provider": "STRIPE"
      }

      at Console.log (node_modules/winston/lib/winston/transports/console.js:87:23)

    console.log
      2026-01-20 13:16:25 [[32minfo[39m]: Audit log created {
        "logId": "b649c2ab-ddd9-44a6-b290-cfa7583b817a",
        "action": "PAYMENT_CREATED",
        "userId": "a99285e4-5b6b-4fd7-9996-9777ec122a18",
        "resource": "payments"
      }

      at Console.log (node_modules/winston/lib/winston/transports/console.js:87:23)

    console.log
      2026-01-20 13:16:25 [[32minfo[39m]: Payment created {
        "paymentId": "84d7b80c-bd7e-4676-97e9-fb40c51beae7",
        "userId": "a99285e4-5b6b-4fd7-9996-9777ec122a18",
        "amount": 101,
        "provider": "STRIPE"
      }

      at Console.log (node_modules/winston/lib/winston/transports/console.js:87:23)

    console.log
      2026-01-20 13:16:25 [[32minfo[39m]: Audit log created {
        "logId": "117227db-02bd-4765-a21e-93fc662c1176",
        "action": "PAYMENT_CREATED",
        "userId": "a99285e4-5b6b-4fd7-9996-9777ec122a18",
        "resource": "payments"
      }

      at Console.log (node_modules/winston/lib/winston/transports/console.js:87:23)

    console.log
      2026-01-20 13:16:25 [[32minfo[39m]: Payment created {
        "paymentId": "13a1431f-1fa9-498a-a16b-5ff16fc70ab0",
        "userId": "a99285e4-5b6b-4fd7-9996-9777ec122a18",
        "amount": 102,
        "provider": "STRIPE"
      }

      at Console.log (node_modules/winston/lib/winston/transports/console.js:87:23)

    console.log
      2026-01-20 13:16:25 [[32minfo[39m]: Audit log created {
        "logId": "521d0e17-e54f-4798-ba6b-fb5ac2d18d43",
        "action": "PAYMENT_CREATED",
        "userId": "a99285e4-5b6b-4fd7-9996-9777ec122a18",
        "resource": "payments"
      }

      at Console.log (node_modules/winston/lib/winston/transports/console.js:87:23)

    console.log
      2026-01-20 13:16:25 [[32minfo[39m]: Payment created {
        "paymentId": "f007c3b6-ce4b-4c92-9dfb-b09313e582da",
        "userId": "a99285e4-5b6b-4fd7-9996-9777ec122a18",
        "amount": 103,
        "provider": "STRIPE"
      }

      at Console.log (node_modules/winston/lib/winston/transports/console.js:87:23)

    console.log
      2026-01-20 13:16:25 [[32minfo[39m]: Audit log created {
        "logId": "4f3fc8c9-8e63-444d-bbec-69bea6e31d29",
        "action": "PAYMENT_CREATED",
        "userId": "a99285e4-5b6b-4fd7-9996-9777ec122a18",
        "resource": "payments"
      }

      at Console.log (node_modules/winston/lib/winston/transports/console.js:87:23)

    console.log
      2026-01-20 13:16:26 [[32minfo[39m]: Payment created {
        "paymentId": "c17fd795-804e-4ff0-881b-19f53b60487c",
        "userId": "a99285e4-5b6b-4fd7-9996-9777ec122a18",
        "amount": 104,
        "provider": "STRIPE"
      }

      at Console.log (node_modules/winston/lib/winston/transports/console.js:87:23)

    console.log
      2026-01-20 13:16:26 [[32minfo[39m]: Audit log created {
        "logId": "71d14932-859a-4f62-bc94-5833561f4f34",
        "action": "PAYMENT_CREATED",
        "userId": "fbe6228e-dc1a-48e9-92ff-aa6476168f6b",
        "resource": "payments"
      }

      at Console.log (node_modules/winston/lib/winston/transports/console.js:87:23)

    console.log
      2026-01-20 13:16:26 [[32minfo[39m]: Payment created {
        "paymentId": "84eebcf3-149f-4f9c-becf-cfcfa3fbb1c5",
        "userId": "fbe6228e-dc1a-48e9-92ff-aa6476168f6b",
        "amount": 100,
        "provider": "STRIPE"
      }

      at Console.log (node_modules/winston/lib/winston/transports/console.js:87:23)

    console.log
      2026-01-20 13:16:26 [[32minfo[39m]: Audit log created {
        "logId": "822fb97d-338c-4e8b-8710-d6ef781d903f",
        "action": "PAYMENT_CREATED",
        "userId": "fbe6228e-dc1a-48e9-92ff-aa6476168f6b",
        "resource": "payments"
      }

      at Console.log (node_modules/winston/lib/winston/transports/console.js:87:23)

    console.log
      2026-01-20 13:16:26 [[32minfo[39m]: Payment created {
        "paymentId": "d7656b21-abbe-4d51-af6e-bb67659117c4",
        "userId": "fbe6228e-dc1a-48e9-92ff-aa6476168f6b",
        "amount": 101,
        "provider": "STRIPE"
      }

      at Console.log (node_modules/winston/lib/winston/transports/console.js:87:23)

    console.log
      2026-01-20 13:16:26 [[32minfo[39m]: Audit log created {
        "logId": "b2a5f89e-2c04-43b5-a083-49d351991ad0",
        "action": "PAYMENT_CREATED",
        "userId": "fbe6228e-dc1a-48e9-92ff-aa6476168f6b",
        "resource": "payments"
      }

      at Console.log (node_modules/winston/lib/winston/transports/console.js:87:23)

    console.log
      2026-01-20 13:16:26 [[32minfo[39m]: Payment created {
        "paymentId": "956aaab2-8ca9-4c62-813d-2cd0ef644eee",
        "userId": "fbe6228e-dc1a-48e9-92ff-aa6476168f6b",
        "amount": 102,
        "provider": "STRIPE"
      }

      at Console.log (node_modules/winston/lib/winston/transports/console.js:87:23)

    console.log
      2026-01-20 13:16:26 [[31merror[39m]: Database error 
      Invalid `prisma.payment.create()` invocation in
      /Users/user/Desktop/AI/projects/nextsaas/backend/src/services/paymentService.ts:60:42
      
        57 const paymentIntent = await provider.createPayment(params);
        58 
        59 // Store payment record in database for tracking and audit
      → 60 const payment = await prisma.payment.create(
      Foreign key constraint violated: `payments_userId_fkey (index)` {
        "target": "payment.create"
      }

      at Console.log (node_modules/winston/lib/winston/transports/console.js:87:23)

    console.log
      2026-01-20 13:16:26 [[31merror[39m]: Payment creation failed {
        "error": "\nInvalid `prisma.payment.create()` invocation in\n/Users/user/Desktop/AI/projects/nextsaas/backend/src/services/paymentService.ts:60:42\n\n  57 const paymentIntent = await provider.createPayment(params);\n  58 \n  59 // Store payment record in database for tracking and audit\n→ 60 const payment = await prisma.payment.create(\nForeign key constraint violated: `payments_userId_fkey (index)`",
        "userId": "fbe6228e-dc1a-48e9-92ff-aa6476168f6b"
      }

      at Console.log (node_modules/winston/lib/winston/transports/console.js:87:23)

    console.log
      2026-01-20 13:16:26 [[31merror[39m]: Database error 
      Invalid `prisma.user.delete()` invocation in
      /Users/user/Desktop/AI/projects/nextsaas/backend/src/__tests__/paymentService.test.ts:48:29
      
        45 afterEach(async () => {
        46   // Cleanup
        47   await prisma.payment.deleteMany({ where: { userId: testUserId } });
      → 48   await prisma.user.delete(
      An operation failed because it depends on one or more records that were required but not found. Record to delete does not exist. {
        "target": "user.delete"
      }

      at Console.log (node_modules/winston/lib/winston/transports/console.js:87:23)

    console.log
      2026-01-20 13:16:26 [[32minfo[39m]: Audit log created {
        "logId": "4aaa1e61-86c1-40f6-b40b-6a1e6267adf5",
        "action": "PAYMENT_CREATED",
        "userId": "32185b41-69f0-4fc2-9d2e-58f653d216e7",
        "resource": "payments"
      }

      at Console.log (node_modules/winston/lib/winston/transports/console.js:87:23)

    console.log
      2026-01-20 13:16:26 [[32minfo[39m]: Payment created {
        "paymentId": "5fa5346f-c0f9-4041-b6d4-64c2dd04cfd2",
        "userId": "32185b41-69f0-4fc2-9d2e-58f653d216e7",
        "amount": 100,
        "provider": "STRIPE"
      }

      at Console.log (node_modules/winston/lib/winston/transports/console.js:87:23)

    console.log
      2026-01-20 13:16:26 [[32minfo[39m]: Audit log created {
        "logId": "f0ab3ade-4110-4987-8208-4a07f20b0a38",
        "action": "PAYMENT_CREATED",
        "userId": "32185b41-69f0-4fc2-9d2e-58f653d216e7",
        "resource": "payments"
      }

      at Console.log (node_modules/winston/lib/winston/transports/console.js:87:23)

    console.log
      2026-01-20 13:16:26 [[32minfo[39m]: Payment created {
        "paymentId": "5d368601-ddf7-4592-a40c-e46862ee6a13",
        "userId": "32185b41-69f0-4fc2-9d2e-58f653d216e7",
        "amount": 101,
        "provider": "STRIPE"
      }

      at Console.log (node_modules/winston/lib/winston/transports/console.js:87:23)

    console.log
      2026-01-20 13:16:26 [[32minfo[39m]: Audit log created {
        "logId": "5c5662e1-737e-455a-b479-6b3794fe203d",
        "action": "PAYMENT_CREATED",
        "userId": "32185b41-69f0-4fc2-9d2e-58f653d216e7",
        "resource": "payments"
      }

      at Console.log (node_modules/winston/lib/winston/transports/console.js:87:23)

    console.log
      2026-01-20 13:16:26 [[32minfo[39m]: Payment created {
        "paymentId": "363f5c81-ad83-4228-9549-ca31d6029fe9",
        "userId": "32185b41-69f0-4fc2-9d2e-58f653d216e7",
        "amount": 102,
        "provider": "STRIPE"
      }

      at Console.log (node_modules/winston/lib/winston/transports/console.js:87:23)

    console.log
      2026-01-20 13:16:26 [[32minfo[39m]: Audit log created {
        "logId": "e3edf62c-3542-452c-9b08-d6f6dc9b3229",
        "action": "PAYMENT_CREATED",
        "userId": "32185b41-69f0-4fc2-9d2e-58f653d216e7",
        "resource": "payments"
      }

      at Console.log (node_modules/winston/lib/winston/transports/console.js:87:23)

    console.log
      2026-01-20 13:16:26 [[32minfo[39m]: Payment created {
        "paymentId": "22d2443b-e0d7-4284-92a0-f72fb791a532",
        "userId": "32185b41-69f0-4fc2-9d2e-58f653d216e7",
        "amount": 103,
        "provider": "STRIPE"
      }

      at Console.log (node_modules/winston/lib/winston/transports/console.js:87:23)

    console.log
      2026-01-20 13:16:26 [[32minfo[39m]: Audit log created {
        "logId": "a5a73526-9a65-4f5b-b583-5953f32c4141",
        "action": "PAYMENT_CREATED",
        "userId": "32185b41-69f0-4fc2-9d2e-58f653d216e7",
        "resource": "payments"
      }

      at Console.log (node_modules/winston/lib/winston/transports/console.js:87:23)

    console.log
      2026-01-20 13:16:26 [[32minfo[39m]: Payment created {
        "paymentId": "d2bd3d12-13d5-4605-891a-3c2c726bc663",
        "userId": "32185b41-69f0-4fc2-9d2e-58f653d216e7",
        "amount": 104,
        "provider": "STRIPE"
      }

      at Console.log (node_modules/winston/lib/winston/transports/console.js:87:23)

    console.log
      2026-01-20 13:16:26 [[32minfo[39m]: Webhook processed {
        "provider": "STRIPE",
        "eventType": "payment_intent.succeeded",
        "webhookId": "ba993a6e-2572-4b5a-9c0e-1ba9196c31d3"
      }

      at Console.log (node_modules/winston/lib/winston/transports/console.js:87:23)

    console.log
      2026-01-20 13:16:26 [[31merror[39m]: Webhook processing failed {
        "provider": "STRIPE",
        "error": "Invalid webhook signature"
      }

      at Console.log (node_modules/winston/lib/winston/transports/console.js:87:23)

  ● Payment Service › getUserPayments › should filter payments by status

    Payment creation failed: 
    Invalid `prisma.payment.create()` invocation in
    /Users/user/Desktop/AI/projects/nextsaas/backend/src/services/paymentService.ts:60:42

      57 const paymentIntent = await provider.createPayment(params);
      58 
      59 // Store payment record in database for tracking and audit
    → 60 const payment = await prisma.payment.create(
    Foreign key constraint violated: `payments_userId_fkey (index)`

      132 |       userId: params.userId,
      133 |     });
    > 134 |     throw new AppError(`Payment creation failed: ${error.message}`, 500);
          |           ^
      135 |   }
      136 | };
      137 |

      at Object.createPayment (src/services/paymentService.ts:134:11)
      at Object.<anonymous> (src/__tests__/paymentService.test.ts:329:9)

  ● Payment Service › getUserPayments › should filter payments by status

    PrismaClientKnownRequestError: 
    Invalid `prisma.user.delete()` invocation in
    /Users/user/Desktop/AI/projects/nextsaas/backend/src/__tests__/paymentService.test.ts:48:29

      45 afterEach(async () => {
      46   // Cleanup
      47   await prisma.payment.deleteMany({ where: { userId: testUserId } });
    → 48   await prisma.user.delete(
    An operation failed because it depends on one or more records that were required but not found. Record to delete does not exist.

      46 |     // Cleanup
      47 |     await prisma.payment.deleteMany({ where: { userId: testUserId } });
    > 48 |     await prisma.user.delete({ where: { id: testUserId } });
         |     ^
      49 |     jest.clearAllMocks();
      50 |   });
      51 |

      at $n.handleRequestError (node_modules/@prisma/client/runtime/library.js:121:7315)
      at $n.handleAndLogRequestError (node_modules/@prisma/client/runtime/library.js:121:6623)
      at $n.request (node_modules/@prisma/client/runtime/library.js:121:6307)
      at l (node_modules/@prisma/client/runtime/library.js:130:9633)
      at Object.<anonymous> (src/__tests__/paymentService.test.ts:48:5)

PASS src/__tests__/services/newsletterService.test.ts (12.333 s)
  ● Console

    console.log
      2026-01-20 13:16:15 [[32minfo[39m]: Newsletter subscription created {
        "email": "n***@example.com",
        "userId": "da6f961a-a223-4d56-b6b0-67c52b1d5ce5"
      }

      at Console.log (node_modules/winston/lib/winston/transports/console.js:87:23)

    console.log
      2026-01-20 13:16:16 [[32minfo[39m]: Newsletter subscription created {
        "email": "g***@example.com"
      }

      at Console.log (node_modules/winston/lib/winston/transports/console.js:87:23)

    console.log
      2026-01-20 13:16:17 [[32minfo[39m]: Newsletter subscription created {
        "email": "d***@example.com",
        "userId": "c32736cf-76ab-4cec-ad91-7cf5a7c95fda"
      }

      at Console.log (node_modules/winston/lib/winston/transports/console.js:87:23)

    console.log
      2026-01-20 13:16:18 [[32minfo[39m]: Newsletter unsubscribed {
        "email": "u***@example.com"
      }

      at Console.log (node_modules/winston/lib/winston/transports/console.js:87:23)

    console.log
      2026-01-20 13:16:19 [[32minfo[39m]: Newsletter created {
        "newsletterId": "0ce8feb0-337d-408e-80b4-0c659b667209",
        "createdBy": "d0d148df-f344-4a81-a8d0-5c3475b77478"
      }

      at Console.log (node_modules/winston/lib/winston/transports/console.js:87:23)

    console.log
      2026-01-20 13:16:20 [[32minfo[39m]: Newsletter created {
        "newsletterId": "03c150bd-f236-4d8d-9ee3-954d9ea55802",
        "createdBy": "87f1c3ee-7799-4c46-85f3-2fabca03f26d"
      }

      at Console.log (node_modules/winston/lib/winston/transports/console.js:87:23)

    console.log
      2026-01-20 13:16:20 [[32minfo[39m]: Newsletter updated {
        "newsletterId": "352d6c9b-2ff0-4c16-b7a1-fd2d36cdf27f"
      }

      at Console.log (node_modules/winston/lib/winston/transports/console.js:87:23)

    console.log
      2026-01-20 13:16:23 [[32minfo[39m]: Newsletter sent {
        "newsletterId": "217c3731-ef4c-4d05-bf78-3edc25657bf5",
        "sentCount": 2,
        "errorCount": 0
      }

      at Console.log (node_modules/winston/lib/winston/transports/console.js:87:23)

    console.log
      2026-01-20 13:16:25 [[32minfo[39m]: Newsletter scheduled {
        "newsletterId": "c17adaad-82d7-4aad-94e4-06bb77c1a522",
        "scheduledAt": "2026-01-21T13:16:25.449Z"
      }

      at Console.log (node_modules/winston/lib/winston/transports/console.js:87:23)

PASS src/__tests__/utils/getClientIp.test.ts
PASS src/__tests__/routes/auth.oauth.test.ts (6.024 s)
  ● Console

    console.log
      2026-01-20 13:16:29 [[32minfo[39m]: User logged in {
        "userId": "50071c3b-2b1a-4fe4-a5b0-a83dd83da1a3",
        "email": "t***@example.com"
      }

      at Console.log (node_modules/winston/lib/winston/transports/console.js:87:23)

    console.log
      2026-01-20 13:16:30 [[32minfo[39m]: User logged in {
        "userId": "ccb62aaa-84b1-4698-9adb-8029dd3dd963",
        "email": "o***@example.com"
      }

      at Console.log (node_modules/winston/lib/winston/transports/console.js:87:23)

    console.log
      2026-01-20 13:16:31 [[32minfo[39m]: User logged in {
        "userId": "e28b0da7-278b-4ddb-819f-2272830cb3f6",
        "email": "t***@example.com"
      }

      at Console.log (node_modules/winston/lib/winston/transports/console.js:87:23)

    console.log
      2026-01-20 13:16:32 [[32minfo[39m]: User logged in {
        "userId": "c378f564-3de9-407c-a419-ac004dc97e8d",
        "email": "t***@example.com"
      }

      at Console.log (node_modules/winston/lib/winston/transports/console.js:87:23)

FAIL src/__tests__/routes/notifications.e2e.test.ts (9.65 s)
  ● Console

    console.log
      2026-01-20 13:16:28 [[31merror[39m]: Database error 
      Invalid `prisma.session.create()` invocation in
      /Users/user/Desktop/AI/projects/nextsaas/backend/src/services/authService.ts:263:24
      
        260 const expiresAt = new Date();
        261 expiresAt.setDate(expiresAt.getDate() + 30); // 30 days
        262 
      → 263 await prisma.session.create(
      Foreign key constraint violated: `sessions_userId_fkey (index)` {
        "target": "session.create"
      }

      at Console.log (node_modules/winston/lib/winston/transports/console.js:87:23)

    console.log
      2026-01-20 13:16:28 [[31merror[39m]: Request error {
        "error": "\nInvalid `prisma.session.create()` invocation in\n/Users/user/Desktop/AI/projects/nextsaas/backend/src/services/authService.ts:263:24\n\n  260 const expiresAt = new Date();\n  261 expiresAt.setDate(expiresAt.getDate() + 30); // 30 days\n  262 \n→ 263 await prisma.session.create(\nForeign key constraint violated: `sessions_userId_fkey (index)`",
        "stack": "PrismaClientKnownRequestError: \nInvalid `prisma.session.create()` invocation in\n/Users/user/Desktop/AI/projects/nextsaas/backend/src/services/authService.ts:263:24\n\n  260 const expiresAt = new Date();\n  261 expiresAt.setDate(expiresAt.getDate() + 30); // 30 days\n  262 \n→ 263 await prisma.session.create(\nForeign key constraint violated: `sessions_userId_fkey (index)`\n    at $n.handleRequestError (/Users/user/Desktop/AI/projects/nextsaas/backend/node_modules/@prisma/client/runtime/library.js:121:7315)\n    at $n.handleAndLogRequestError (/Users/user/Desktop/AI/projects/nextsaas/backend/node_modules/@prisma/client/runtime/library.js:121:6623)\n    at $n.request (/Users/user/Desktop/AI/projects/nextsaas/backend/node_modules/@prisma/client/runtime/library.js:121:6307)\n    at l (/Users/user/Desktop/AI/projects/nextsaas/backend/node_modules/@prisma/client/runtime/library.js:130:9633)\n    at Object.login (/Users/user/Desktop/AI/projects/nextsaas/backend/src/services/authService.ts:263:3)\n    at /Users/user/Desktop/AI/projects/nextsaas/backend/src/routes/auth.ts:343:25",
        "requestId": "20941c82-e272-4c5a-8aa7-7ed4a5c8f7c9",
        "method": "POST",
        "path": "/api/auth/login",
        "statusCode": 500,
        "isOperational": false
      }

      at Console.log (node_modules/winston/lib/winston/transports/console.js:87:23)

    console.log
      2026-01-20 13:16:29 [[31merror[39m]: Database error 
      Invalid `prisma.session.create()` invocation in
      /Users/user/Desktop/AI/projects/nextsaas/backend/src/services/authService.ts:263:24
      
        260 const expiresAt = new Date();
        261 expiresAt.setDate(expiresAt.getDate() + 30); // 30 days
        262 
      → 263 await prisma.session.create(
      Foreign key constraint violated: `sessions_userId_fkey (index)` {
        "target": "session.create"
      }

      at Console.log (node_modules/winston/lib/winston/transports/console.js:87:23)

    console.log
      2026-01-20 13:16:29 [[31merror[39m]: Request error {
        "error": "\nInvalid `prisma.session.create()` invocation in\n/Users/user/Desktop/AI/projects/nextsaas/backend/src/services/authService.ts:263:24\n\n  260 const expiresAt = new Date();\n  261 expiresAt.setDate(expiresAt.getDate() + 30); // 30 days\n  262 \n→ 263 await prisma.session.create(\nForeign key constraint violated: `sessions_userId_fkey (index)`",
        "stack": "PrismaClientKnownRequestError: \nInvalid `prisma.session.create()` invocation in\n/Users/user/Desktop/AI/projects/nextsaas/backend/src/services/authService.ts:263:24\n\n  260 const expiresAt = new Date();\n  261 expiresAt.setDate(expiresAt.getDate() + 30); // 30 days\n  262 \n→ 263 await prisma.session.create(\nForeign key constraint violated: `sessions_userId_fkey (index)`\n    at $n.handleRequestError (/Users/user/Desktop/AI/projects/nextsaas/backend/node_modules/@prisma/client/runtime/library.js:121:7315)\n    at $n.handleAndLogRequestError (/Users/user/Desktop/AI/projects/nextsaas/backend/node_modules/@prisma/client/runtime/library.js:121:6623)\n    at $n.request (/Users/user/Desktop/AI/projects/nextsaas/backend/node_modules/@prisma/client/runtime/library.js:121:6307)\n    at l (/Users/user/Desktop/AI/projects/nextsaas/backend/node_modules/@prisma/client/runtime/library.js:130:9633)\n    at Object.login (/Users/user/Desktop/AI/projects/nextsaas/backend/src/services/authService.ts:263:3)\n    at /Users/user/Desktop/AI/projects/nextsaas/backend/src/routes/auth.ts:343:25",
        "requestId": "5c789ca3-2d2a-4d77-85f5-734ec85dba99",
        "method": "POST",
        "path": "/api/auth/login",
        "statusCode": 500,
        "isOperational": false
      }

      at Console.log (node_modules/winston/lib/winston/transports/console.js:87:23)

    console.log
      2026-01-20 13:16:30 [[31merror[39m]: Database error 
      Invalid `prisma.session.create()` invocation in
      /Users/user/Desktop/AI/projects/nextsaas/backend/src/services/authService.ts:263:24
      
        260 const expiresAt = new Date();
        261 expiresAt.setDate(expiresAt.getDate() + 30); // 30 days
        262 
      → 263 await prisma.session.create(
      Foreign key constraint violated: `sessions_userId_fkey (index)` {
        "target": "session.create"
      }

      at Console.log (node_modules/winston/lib/winston/transports/console.js:87:23)

    console.log
      2026-01-20 13:16:30 [[31merror[39m]: Request error {
        "error": "\nInvalid `prisma.session.create()` invocation in\n/Users/user/Desktop/AI/projects/nextsaas/backend/src/services/authService.ts:263:24\n\n  260 const expiresAt = new Date();\n  261 expiresAt.setDate(expiresAt.getDate() + 30); // 30 days\n  262 \n→ 263 await prisma.session.create(\nForeign key constraint violated: `sessions_userId_fkey (index)`",
        "stack": "PrismaClientKnownRequestError: \nInvalid `prisma.session.create()` invocation in\n/Users/user/Desktop/AI/projects/nextsaas/backend/src/services/authService.ts:263:24\n\n  260 const expiresAt = new Date();\n  261 expiresAt.setDate(expiresAt.getDate() + 30); // 30 days\n  262 \n→ 263 await prisma.session.create(\nForeign key constraint violated: `sessions_userId_fkey (index)`\n    at $n.handleRequestError (/Users/user/Desktop/AI/projects/nextsaas/backend/node_modules/@prisma/client/runtime/library.js:121:7315)\n    at $n.handleAndLogRequestError (/Users/user/Desktop/AI/projects/nextsaas/backend/node_modules/@prisma/client/runtime/library.js:121:6623)\n    at $n.request (/Users/user/Desktop/AI/projects/nextsaas/backend/node_modules/@prisma/client/runtime/library.js:121:6307)\n    at l (/Users/user/Desktop/AI/projects/nextsaas/backend/node_modules/@prisma/client/runtime/library.js:130:9633)\n    at Object.login (/Users/user/Desktop/AI/projects/nextsaas/backend/src/services/authService.ts:263:3)\n    at /Users/user/Desktop/AI/projects/nextsaas/backend/src/routes/auth.ts:343:25",
        "requestId": "3e4122be-88cc-4e80-a396-e90dd2e05b77",
        "method": "POST",
        "path": "/api/auth/login",
        "statusCode": 500,
        "isOperational": false
      }

      at Console.log (node_modules/winston/lib/winston/transports/console.js:87:23)

    console.log
      2026-01-20 13:16:31 [[31merror[39m]: Database error 
      Invalid `prisma.session.create()` invocation in
      /Users/user/Desktop/AI/projects/nextsaas/backend/src/services/authService.ts:263:24
      
        260 const expiresAt = new Date();
        261 expiresAt.setDate(expiresAt.getDate() + 30); // 30 days
        262 
      → 263 await prisma.session.create(
      Foreign key constraint violated: `sessions_userId_fkey (index)` {
        "target": "session.create"
      }

      at Console.log (node_modules/winston/lib/winston/transports/console.js:87:23)

    console.log
      2026-01-20 13:16:31 [[31merror[39m]: Request error {
        "error": "\nInvalid `prisma.session.create()` invocation in\n/Users/user/Desktop/AI/projects/nextsaas/backend/src/services/authService.ts:263:24\n\n  260 const expiresAt = new Date();\n  261 expiresAt.setDate(expiresAt.getDate() + 30); // 30 days\n  262 \n→ 263 await prisma.session.create(\nForeign key constraint violated: `sessions_userId_fkey (index)`",
        "stack": "PrismaClientKnownRequestError: \nInvalid `prisma.session.create()` invocation in\n/Users/user/Desktop/AI/projects/nextsaas/backend/src/services/authService.ts:263:24\n\n  260 const expiresAt = new Date();\n  261 expiresAt.setDate(expiresAt.getDate() + 30); // 30 days\n  262 \n→ 263 await prisma.session.create(\nForeign key constraint violated: `sessions_userId_fkey (index)`\n    at $n.handleRequestError (/Users/user/Desktop/AI/projects/nextsaas/backend/node_modules/@prisma/client/runtime/library.js:121:7315)\n    at $n.handleAndLogRequestError (/Users/user/Desktop/AI/projects/nextsaas/backend/node_modules/@prisma/client/runtime/library.js:121:6623)\n    at $n.request (/Users/user/Desktop/AI/projects/nextsaas/backend/node_modules/@prisma/client/runtime/library.js:121:6307)\n    at l (/Users/user/Desktop/AI/projects/nextsaas/backend/node_modules/@prisma/client/runtime/library.js:130:9633)\n    at Object.login (/Users/user/Desktop/AI/projects/nextsaas/backend/src/services/authService.ts:263:3)\n    at /Users/user/Desktop/AI/projects/nextsaas/backend/src/routes/auth.ts:343:25",
        "requestId": "d1344e26-ab02-466a-a1d3-bea2607a6747",
        "method": "POST",
        "path": "/api/auth/login",
        "statusCode": 500,
        "isOperational": false
      }

      at Console.log (node_modules/winston/lib/winston/transports/console.js:87:23)

    console.log
      2026-01-20 13:16:32 [[31merror[39m]: Database error 
      Invalid `prisma.session.create()` invocation in
      /Users/user/Desktop/AI/projects/nextsaas/backend/src/services/authService.ts:263:24
      
        260 const expiresAt = new Date();
        261 expiresAt.setDate(expiresAt.getDate() + 30); // 30 days
        262 
      → 263 await prisma.session.create(
      Foreign key constraint violated: `sessions_userId_fkey (index)` {
        "target": "session.create"
      }

      at Console.log (node_modules/winston/lib/winston/transports/console.js:87:23)

    console.log
      2026-01-20 13:16:32 [[31merror[39m]: Request error {
        "error": "\nInvalid `prisma.session.create()` invocation in\n/Users/user/Desktop/AI/projects/nextsaas/backend/src/services/authService.ts:263:24\n\n  260 const expiresAt = new Date();\n  261 expiresAt.setDate(expiresAt.getDate() + 30); // 30 days\n  262 \n→ 263 await prisma.session.create(\nForeign key constraint violated: `sessions_userId_fkey (index)`",
        "stack": "PrismaClientKnownRequestError: \nInvalid `prisma.session.create()` invocation in\n/Users/user/Desktop/AI/projects/nextsaas/backend/src/services/authService.ts:263:24\n\n  260 const expiresAt = new Date();\n  261 expiresAt.setDate(expiresAt.getDate() + 30); // 30 days\n  262 \n→ 263 await prisma.session.create(\nForeign key constraint violated: `sessions_userId_fkey (index)`\n    at $n.handleRequestError (/Users/user/Desktop/AI/projects/nextsaas/backend/node_modules/@prisma/client/runtime/library.js:121:7315)\n    at $n.handleAndLogRequestError (/Users/user/Desktop/AI/projects/nextsaas/backend/node_modules/@prisma/client/runtime/library.js:121:6623)\n    at $n.request (/Users/user/Desktop/AI/projects/nextsaas/backend/node_modules/@prisma/client/runtime/library.js:121:6307)\n    at l (/Users/user/Desktop/AI/projects/nextsaas/backend/node_modules/@prisma/client/runtime/library.js:130:9633)\n    at Object.login (/Users/user/Desktop/AI/projects/nextsaas/backend/src/services/authService.ts:263:3)\n    at /Users/user/Desktop/AI/projects/nextsaas/backend/src/routes/auth.ts:343:25",
        "requestId": "27baabe9-9752-4b0e-8445-2cc28ec82878",
        "method": "POST",
        "path": "/api/auth/login",
        "statusCode": 500,
        "isOperational": false
      }

      at Console.log (node_modules/winston/lib/winston/transports/console.js:87:23)

    console.log
      2026-01-20 13:16:33 [[31merror[39m]: Database error 
      Invalid `prisma.session.create()` invocation in
      /Users/user/Desktop/AI/projects/nextsaas/backend/src/services/authService.ts:263:24
      
        260 const expiresAt = new Date();
        261 expiresAt.setDate(expiresAt.getDate() + 30); // 30 days
        262 
      → 263 await prisma.session.create(
      Foreign key constraint violated: `sessions_userId_fkey (index)` {
        "target": "session.create"
      }

      at Console.log (node_modules/winston/lib/winston/transports/console.js:87:23)

    console.log
      2026-01-20 13:16:33 [[31merror[39m]: Request error {
        "error": "\nInvalid `prisma.session.create()` invocation in\n/Users/user/Desktop/AI/projects/nextsaas/backend/src/services/authService.ts:263:24\n\n  260 const expiresAt = new Date();\n  261 expiresAt.setDate(expiresAt.getDate() + 30); // 30 days\n  262 \n→ 263 await prisma.session.create(\nForeign key constraint violated: `sessions_userId_fkey (index)`",
        "stack": "PrismaClientKnownRequestError: \nInvalid `prisma.session.create()` invocation in\n/Users/user/Desktop/AI/projects/nextsaas/backend/src/services/authService.ts:263:24\n\n  260 const expiresAt = new Date();\n  261 expiresAt.setDate(expiresAt.getDate() + 30); // 30 days\n  262 \n→ 263 await prisma.session.create(\nForeign key constraint violated: `sessions_userId_fkey (index)`\n    at $n.handleRequestError (/Users/user/Desktop/AI/projects/nextsaas/backend/node_modules/@prisma/client/runtime/library.js:121:7315)\n    at $n.handleAndLogRequestError (/Users/user/Desktop/AI/projects/nextsaas/backend/node_modules/@prisma/client/runtime/library.js:121:6623)\n    at $n.request (/Users/user/Desktop/AI/projects/nextsaas/backend/node_modules/@prisma/client/runtime/library.js:121:6307)\n    at l (/Users/user/Desktop/AI/projects/nextsaas/backend/node_modules/@prisma/client/runtime/library.js:130:9633)\n    at Object.login (/Users/user/Desktop/AI/projects/nextsaas/backend/src/services/authService.ts:263:3)\n    at /Users/user/Desktop/AI/projects/nextsaas/backend/src/routes/auth.ts:343:25",
        "requestId": "ac00f892-2cbf-41c8-a939-8ef3f82f20f5",
        "method": "POST",
        "path": "/api/auth/login",
        "statusCode": 500,
        "isOperational": false
      }

      at Console.log (node_modules/winston/lib/winston/transports/console.js:87:23)

    console.log
      2026-01-20 13:16:33 [[32minfo[39m]: User logged in {
        "userId": "1985027e-02af-459d-aecd-982614995aa9",
        "email": "n***@example.com"
      }

      at Console.log (node_modules/winston/lib/winston/transports/console.js:87:23)

    console.log
      2026-01-20 13:16:34 [[31merror[39m]: Database error 
      Invalid `prisma.session.create()` invocation in
      /Users/user/Desktop/AI/projects/nextsaas/backend/src/services/authService.ts:263:24
      
        260 const expiresAt = new Date();
        261 expiresAt.setDate(expiresAt.getDate() + 30); // 30 days
        262 
      → 263 await prisma.session.create(
      Foreign key constraint violated: `sessions_userId_fkey (index)` {
        "target": "session.create"
      }

      at Console.log (node_modules/winston/lib/winston/transports/console.js:87:23)

    console.log
      2026-01-20 13:16:34 [[31merror[39m]: Request error {
        "error": "\nInvalid `prisma.session.create()` invocation in\n/Users/user/Desktop/AI/projects/nextsaas/backend/src/services/authService.ts:263:24\n\n  260 const expiresAt = new Date();\n  261 expiresAt.setDate(expiresAt.getDate() + 30); // 30 days\n  262 \n→ 263 await prisma.session.create(\nForeign key constraint violated: `sessions_userId_fkey (index)`",
        "stack": "PrismaClientKnownRequestError: \nInvalid `prisma.session.create()` invocation in\n/Users/user/Desktop/AI/projects/nextsaas/backend/src/services/authService.ts:263:24\n\n  260 const expiresAt = new Date();\n  261 expiresAt.setDate(expiresAt.getDate() + 30); // 30 days\n  262 \n→ 263 await prisma.session.create(\nForeign key constraint violated: `sessions_userId_fkey (index)`\n    at $n.handleRequestError (/Users/user/Desktop/AI/projects/nextsaas/backend/node_modules/@prisma/client/runtime/library.js:121:7315)\n    at $n.handleAndLogRequestError (/Users/user/Desktop/AI/projects/nextsaas/backend/node_modules/@prisma/client/runtime/library.js:121:6623)\n    at $n.request (/Users/user/Desktop/AI/projects/nextsaas/backend/node_modules/@prisma/client/runtime/library.js:121:6307)\n    at l (/Users/user/Desktop/AI/projects/nextsaas/backend/node_modules/@prisma/client/runtime/library.js:130:9633)\n    at Object.login (/Users/user/Desktop/AI/projects/nextsaas/backend/src/services/authService.ts:263:3)\n    at /Users/user/Desktop/AI/projects/nextsaas/backend/src/routes/auth.ts:343:25",
        "requestId": "66c8c8c6-07e4-4813-9cdd-840316c30742",
        "method": "POST",
        "path": "/api/auth/login",
        "statusCode": 500,
        "isOperational": false
      }

      at Console.log (node_modules/winston/lib/winston/transports/console.js:87:23)

    console.log
      2026-01-20 13:16:35 [[32minfo[39m]: User logged in {
        "userId": "68994f42-b2f9-409a-b947-6b5377d5ba69",
        "email": "n***@example.com"
      }

      at Console.log (node_modules/winston/lib/winston/transports/console.js:87:23)

  ● Notifications E2E Integration Tests › E2E: View Notifications › should fetch user notifications

    expected 200 "OK", got 500 "Internal Server Error"

      66 |         password: userPassword,
      67 |       })
    > 68 |       .expect(200);
         |        ^
      69 |
      70 |     const accessToken = findCookie(loginResponse.headers, 'accessToken');
      71 |     accessTokenCookie = `accessToken=${accessToken}`;

      at Object.<anonymous> (src/__tests__/routes/notifications.e2e.test.ts:68:8)
      ----
      at Test._assertStatus (node_modules/supertest/lib/test.js:252:14)
      at node_modules/supertest/lib/test.js:308:13
      at Test._assertFunction (node_modules/supertest/lib/test.js:285:13)
      at Test.assert (node_modules/supertest/lib/test.js:164:23)
      at Server.localAssert (node_modules/supertest/lib/test.js:120:14)

  ● Notifications E2E Integration Tests › E2E: View Notifications › should fetch unread count

    expected 200 "OK", got 500 "Internal Server Error"

      66 |         password: userPassword,
      67 |       })
    > 68 |       .expect(200);
         |        ^
      69 |
      70 |     const accessToken = findCookie(loginResponse.headers, 'accessToken');
      71 |     accessTokenCookie = `accessToken=${accessToken}`;

      at Object.<anonymous> (src/__tests__/routes/notifications.e2e.test.ts:68:8)
      ----
      at Test._assertStatus (node_modules/supertest/lib/test.js:252:14)
      at node_modules/supertest/lib/test.js:308:13
      at Test._assertFunction (node_modules/supertest/lib/test.js:285:13)
      at Test.assert (node_modules/supertest/lib/test.js:164:23)
      at Server.localAssert (node_modules/supertest/lib/test.js:120:14)

  ● Notifications E2E Integration Tests › E2E: View Notifications › should filter unread notifications only

    expected 200 "OK", got 500 "Internal Server Error"

      66 |         password: userPassword,
      67 |       })
    > 68 |       .expect(200);
         |        ^
      69 |
      70 |     const accessToken = findCookie(loginResponse.headers, 'accessToken');
      71 |     accessTokenCookie = `accessToken=${accessToken}`;

      at Object.<anonymous> (src/__tests__/routes/notifications.e2e.test.ts:68:8)
      ----
      at Test._assertStatus (node_modules/supertest/lib/test.js:252:14)
      at node_modules/supertest/lib/test.js:308:13
      at Test._assertFunction (node_modules/supertest/lib/test.js:285:13)
      at Test.assert (node_modules/supertest/lib/test.js:164:23)
      at Server.localAssert (node_modules/supertest/lib/test.js:120:14)

  ● Notifications E2E Integration Tests › E2E: Mark as Read › should mark notification as read

    expected 200 "OK", got 500 "Internal Server Error"

      66 |         password: userPassword,
      67 |       })
    > 68 |       .expect(200);
         |        ^
      69 |
      70 |     const accessToken = findCookie(loginResponse.headers, 'accessToken');
      71 |     accessTokenCookie = `accessToken=${accessToken}`;

      at Object.<anonymous> (src/__tests__/routes/notifications.e2e.test.ts:68:8)
      ----
      at Test._assertStatus (node_modules/supertest/lib/test.js:252:14)
      at node_modules/supertest/lib/test.js:308:13
      at Test._assertFunction (node_modules/supertest/lib/test.js:285:13)
      at Test.assert (node_modules/supertest/lib/test.js:164:23)
      at Server.localAssert (node_modules/supertest/lib/test.js:120:14)

  ● Notifications E2E Integration Tests › E2E: Mark as Read › should mark all notifications as read

    expected 200 "OK", got 500 "Internal Server Error"

      66 |         password: userPassword,
      67 |       })
    > 68 |       .expect(200);
         |        ^
      69 |
      70 |     const accessToken = findCookie(loginResponse.headers, 'accessToken');
      71 |     accessTokenCookie = `accessToken=${accessToken}`;

      at Object.<anonymous> (src/__tests__/routes/notifications.e2e.test.ts:68:8)
      ----
      at Test._assertStatus (node_modules/supertest/lib/test.js:252:14)
      at node_modules/supertest/lib/test.js:308:13
      at Test._assertFunction (node_modules/supertest/lib/test.js:285:13)
      at Test.assert (node_modules/supertest/lib/test.js:164:23)
      at Server.localAssert (node_modules/supertest/lib/test.js:120:14)

  ● Notifications E2E Integration Tests › E2E: Delete Notification › should delete notification

    expected 200 "OK", got 500 "Internal Server Error"

      66 |         password: userPassword,
      67 |       })
    > 68 |       .expect(200);
         |        ^
      69 |
      70 |     const accessToken = findCookie(loginResponse.headers, 'accessToken');
      71 |     accessTokenCookie = `accessToken=${accessToken}`;

      at Object.<anonymous> (src/__tests__/routes/notifications.e2e.test.ts:68:8)
      ----
      at Test._assertStatus (node_modules/supertest/lib/test.js:252:14)
      at node_modules/supertest/lib/test.js:308:13
      at Test._assertFunction (node_modules/supertest/lib/test.js:285:13)
      at Test.assert (node_modules/supertest/lib/test.js:164:23)
      at Server.localAssert (node_modules/supertest/lib/test.js:120:14)

  ● Notifications E2E Integration Tests › E2E: Notification Preferences › should update notification preferences

    expected 200 "OK", got 500 "Internal Server Error"

      66 |         password: userPassword,
      67 |       })
    > 68 |       .expect(200);
         |        ^
      69 |
      70 |     const accessToken = findCookie(loginResponse.headers, 'accessToken');
      71 |     accessTokenCookie = `accessToken=${accessToken}`;

      at Object.<anonymous> (src/__tests__/routes/notifications.e2e.test.ts:68:8)
      ----
      at Test._assertStatus (node_modules/supertest/lib/test.js:252:14)
      at node_modules/supertest/lib/test.js:308:13
      at Test._assertFunction (node_modules/supertest/lib/test.js:285:13)
      at Test.assert (node_modules/supertest/lib/test.js:164:23)
      at Server.localAssert (node_modules/supertest/lib/test.js:120:14)

  ● Notifications E2E Integration Tests › E2E: Authorization › should not allow accessing another user's notifications

    expected 403 "Forbidden", got 401 "Unauthorized"

      308 |         .put(`/api/notifications/${notification.id}/read`)
      309 |         .set('Cookie', accessTokenCookie)
    > 310 |         .expect(403);
          |          ^
      311 |
      312 |       expect(response.body.success).toBe(false);
      313 |       expect(response.body.error || response.body.message).toMatch(/forbidden|permission|another user|cannot/i);

      at Object.<anonymous> (src/__tests__/routes/notifications.e2e.test.ts:310:10)
      ----
      at Test._assertStatus (node_modules/supertest/lib/test.js:252:14)
      at node_modules/supertest/lib/test.js:308:13
      at Test._assertFunction (node_modules/supertest/lib/test.js:285:13)
      at Test.assert (node_modules/supertest/lib/test.js:164:23)
      at Server.localAssert (node_modules/supertest/lib/test.js:120:14)

FAIL src/__tests__/routes/auth.passwordReset.e2e.test.ts (5.221 s)
  ● Console

    console.log
      2026-01-20 13:16:34 [[32minfo[39m]: Email sent successfully {
        "emailId": "email-123",
        "to": "p***@example.com",
        "subject": "Reset Your Password"
      }

      at Console.log (node_modules/winston/lib/winston/transports/console.js:87:23)

    console.log
      2026-01-20 13:16:34 [[32minfo[39m]: Password reset email sent {
        "userId": "8c7f6dd8-9640-4dbf-a0a5-bb42c843f8fd",
        "email": "p***@example.com"
      }

      at Console.log (node_modules/winston/lib/winston/transports/console.js:87:23)

    console.log
      2026-01-20 13:16:37 [[32minfo[39m]: Email sent successfully {
        "emailId": "email-123",
        "to": "p***@example.com",
        "subject": "Reset Your Password"
      }

      at Console.log (node_modules/winston/lib/winston/transports/console.js:87:23)

    console.log
      2026-01-20 13:16:37 [[32minfo[39m]: Password reset email sent {
        "userId": "7b3f3533-fb50-4408-b00e-9f5e06c2763c",
        "email": "p***@example.com"
      }

      at Console.log (node_modules/winston/lib/winston/transports/console.js:87:23)

    console.log
      2026-01-20 13:16:37 [[32minfo[39m]: Email sent successfully {
        "emailId": "email-123",
        "to": "p***@example.com",
        "subject": "Reset Your Password"
      }

      at Console.log (node_modules/winston/lib/winston/transports/console.js:87:23)

    console.log
      2026-01-20 13:16:37 [[32minfo[39m]: Password reset email sent {
        "userId": "6a9575ef-546a-445f-9a6b-51a9541b5ef4",
        "email": "p***@example.com"
      }

      at Console.log (node_modules/winston/lib/winston/transports/console.js:87:23)

    console.log
      2026-01-20 13:16:37 [[32minfo[39m]: Email sent successfully {
        "emailId": "email-123",
        "to": "p***@example.com",
        "subject": "Reset Your Password"
      }

      at Console.log (node_modules/winston/lib/winston/transports/console.js:87:23)

    console.log
      2026-01-20 13:16:37 [[32minfo[39m]: Password reset email sent {
        "userId": "6a9575ef-546a-445f-9a6b-51a9541b5ef4",
        "email": "p***@example.com"
      }

      at Console.log (node_modules/winston/lib/winston/transports/console.js:87:23)

    console.log
      2026-01-20 13:16:37 [[32minfo[39m]: Password reset successful {
        "userId": "6a9575ef-546a-445f-9a6b-51a9541b5ef4",
        "email": "p***@example.com"
      }

      at Console.log (node_modules/winston/lib/winston/transports/console.js:87:23)

  ● Password Reset E2E Tests › E2E: Complete Password Reset Flow › should complete full password reset workflow

    expect(received).toBeTruthy()

    Received: undefined

      102 |
      103 |       expect(passwordReset).toBeDefined();
    > 104 |       expect(passwordReset?.token).toBeTruthy();
          |                                    ^
      105 |       expect(passwordReset?.used).toBe(false);
      106 |       expect(passwordReset?.expiresAt).toBeDefined();
      107 |       expect(new Date(passwordReset!.expiresAt) > new Date()).toBe(true);

      at Object.<anonymous> (src/__tests__/routes/auth.passwordReset.e2e.test.ts:104:36)

PASS src/__tests__/gdprService.test.ts
  ● Console

    console.log
      2026-01-20 13:16:38 [[32minfo[39m]: Audit log created {
        "logId": "ac***-***-6892-45ea-9212-3d9f14870570",
        "action": "DATA_EXPORT_REQUESTED",
        "userId": "b03b957b-a9b7-4f09-9dc2-c594829b2bac",
        "resource": "data_export_requests"
      }

      at Console.log (node_modules/winston/lib/winston/transports/console.js:87:23)

    console.log
      2026-01-20 13:16:38 [[32minfo[39m]: Data export requested {
        "userId": "b03b957b-a9b7-4f09-9dc2-c594829b2bac",
        "requestId": "500b16a7-c124-4f77-b247-f90bf85b6e99"
      }

      at Console.log (node_modules/winston/lib/winston/transports/console.js:87:23)

    console.log
      2026-01-20 13:16:38 [[32minfo[39m]: Audit log created {
        "logId": "7d37a3b3-7f56-4e2c-891c-e68e5ccbd8d5",
        "action": "DATA_EXPORT_REQUESTED",
        "userId": "f7c354f8-a2ea-4f2a-a468-0d1604a4798f",
        "resource": "data_export_requests"
      }

      at Console.log (node_modules/winston/lib/winston/transports/console.js:87:23)

    console.log
      2026-01-20 13:16:38 [[32minfo[39m]: Data export requested {
        "userId": "f7c354f8-a2ea-4f2a-a468-0d1604a4798f",
        "requestId": "aba89be5-d987-4904-b2a6-2fa8b275be95"
      }

      at Console.log (node_modules/winston/lib/winston/transports/console.js:87:23)

    console.log
      2026-01-20 13:16:38 [[32minfo[39m]: Audit log created {
        "logId": "d7a05137-00e6-46b1-a785-94c4dcd94488",
        "action": "DATA_EXPORT_REQUESTED",
        "userId": "f7c354f8-a2ea-4f2a-a468-0d1604a4798f",
        "resource": "data_export_requests"
      }

      at Console.log (node_modules/winston/lib/winston/transports/console.js:87:23)

    console.log
      2026-01-20 13:16:38 [[32minfo[39m]: Data export requested {
        "userId": "f7c354f8-a2ea-4f2a-a468-0d1604a4798f",
        "requestId": "2f8cb238-8e82-48f4-a1cb-320e13a89920"
      }

      at Console.log (node_modules/winston/lib/winston/transports/console.js:87:23)

    console.log
      2026-01-20 13:16:38 [[32minfo[39m]: Audit log created {
        "logId": "1cde8247-7375-456f-9b8c-cd9a0f9bfc48",
        "action": "DATA_EXPORT_REQUESTED",
        "userId": "2b13853a-243b-4e6d-b***-***-6244da06e",
        "resource": "data_export_requests"
      }

      at Console.log (node_modules/winston/lib/winston/transports/console.js:87:23)

    console.log
      2026-01-20 13:16:38 [[32minfo[39m]: Data export requested {
        "userId": "2b13853a-243b-4e6d-b***-***-6244da06e",
        "requestId": "3162d362-38d6-4921-b606-33b597fbce58"
      }

      at Console.log (node_modules/winston/lib/winston/transports/console.js:87:23)

    console.log
      2026-01-20 13:16:38 [[32minfo[39m]: Data export generated {
        "userId": "2b13853a-243b-4e6d-b***-***-6244da06e",
        "requestId": "3162d362-38d6-4921-b606-33b597fbce58",
        "fileSize": 1014
      }

      at Console.log (node_modules/winston/lib/winston/transports/console.js:87:23)

    console.log
      2026-01-20 13:16:38 [[32minfo[39m]: Audit log created {
        "logId": "f178f2a9-206f-48d8-b7ba-649f114b2619",
        "action": "DATA_EXPORT_REQUESTED",
        "userId": "99cc3953-ac7c-44bb-9662-3a42b64968d0",
        "resource": "data_export_requests"
      }

      at Console.log (node_modules/winston/lib/winston/transports/console.js:87:23)

    console.log
      2026-01-20 13:16:38 [[32minfo[39m]: Data export requested {
        "userId": "99cc3953-ac7c-44bb-9662-3a42b64968d0",
        "requestId": "2740ef3b-d0cf-4b85-95c7-08ee066ecfa3"
      }

      at Console.log (node_modules/winston/lib/winston/transports/console.js:87:23)

    console.log
      2026-01-20 13:16:38 [[32minfo[39m]: Data export generated {
        "userId": "99cc3953-ac7c-44bb-9662-3a42b64968d0",
        "requestId": "2740ef3b-d0cf-4b85-95c7-08ee066ecfa3",
        "fileSize": 700
      }

      at Console.log (node_modules/winston/lib/winston/transports/console.js:87:23)

    console.log
      2026-01-20 13:16:38 [[31merror[39m]: Database error 
      Invalid `prisma.dataExportRequest.update()` invocation in
      /Users/user/Desktop/AI/projects/nextsaas/backend/src/services/gdprService.ts:170:38
      
        167 } catch (error: any) {
        168   // Mark as failed (only if request exists)
        169   try {
      → 170     await prisma.dataExportRequest.update(
      An operation failed because it depends on one or more records that were required but not found. Record to update not found. {
        "target": "dataExportRequest.update"
      }

      at Console.log (node_modules/winston/lib/winston/transports/console.js:87:23)

    console.log
      2026-01-20 13:16:38 [[31merror[39m]: Data export generation failed {
        "requestId": "non-existent-id",
        "error": "Export request not found"
      }

      at Console.log (node_modules/winston/lib/winston/transports/console.js:87:23)

    console.log
      2026-01-20 13:16:38 [[32minfo[39m]: Audit log created {
        "logId": "9c3e1654-259f-4184-beda-7649dbe176d7",
        "action": "DATA_DELETION_REQUESTED",
        "userId": "08c7dec1-7af7-4fbb-8e22-d14c375e422b",
        "resource": "data_deletion_requests"
      }

      at Console.log (node_modules/winston/lib/winston/transports/console.js:87:23)

    console.log
      2026-01-20 13:16:38 [[32minfo[39m]: Data deletion requested {
        "userId": "08c7dec1-7af7-4fbb-8e22-d14c375e422b",
        "requestId": "13bbdcfe-6a42-435a-90db-704c5e37a920",
        "deletionType": "SOFT"
      }

      at Console.log (node_modules/winston/lib/winston/transports/console.js:87:23)

    console.log
      2026-01-20 13:16:38 [[32minfo[39m]: Audit log created {
        "logId": "8d2fe261-fcb3-4a28-929b-be280b2d5820",
        "action": "DATA_DELETION_REQUESTED",
        "userId": "06784391-f87f-4390-8781-e48d679d807c",
        "resource": "data_deletion_requests"
      }

      at Console.log (node_modules/winston/lib/winston/transports/console.js:87:23)

    console.log
      2026-01-20 13:16:38 [[32minfo[39m]: Data deletion requested {
        "userId": "06784391-f87f-4390-8781-e48d679d807c",
        "requestId": "425274ba-70e7-44c6-860b-69c4b7aecf82",
        "deletionType": "HARD"
      }

      at Console.log (node_modules/winston/lib/winston/transports/console.js:87:23)

    console.log
      2026-01-20 13:16:38 [[32minfo[39m]: Audit log created {
        "logId": "6324b199-bf38-4a0f-9700-d55f8bf5472a",
        "action": "DATA_DELETION_REQUESTED",
        "userId": "322775ed-0d39-411b-ab73-08daa977fe7f",
        "resource": "data_deletion_requests"
      }

      at Console.log (node_modules/winston/lib/winston/transports/console.js:87:23)

    console.log
      2026-01-20 13:16:38 [[32minfo[39m]: Data deletion requested {
        "userId": "322775ed-0d39-411b-ab73-08daa977fe7f",
        "requestId": "3a1cf025-8b2b-4ffd-b7aa-ea2bb3dd639a",
        "deletionType": "SOFT"
      }

      at Console.log (node_modules/winston/lib/winston/transports/console.js:87:23)

    console.log
      2026-01-20 13:16:38 [[32minfo[39m]: Data deletion confirmed {
        "userId": "322775ed-0d39-411b-ab73-08daa977fe7f",
        "requestId": "3a1cf025-8b2b-4ffd-b7aa-ea2bb3dd639a"
      }

      at Console.log (node_modules/winston/lib/winston/transports/console.js:87:23)

    console.log
      2026-01-20 13:16:38 [[31merror[39m]: Data deletion confirmation failed {
        "error": "Deletion request not found"
      }

      at Console.log (node_modules/winston/lib/winston/transports/console.js:87:23)

    console.log
      2026-01-20 13:16:38 [[32minfo[39m]: Audit log created {
        "logId": "92072b33-67fd-4ded-875b-4dd8bb971f4d",
        "action": "DATA_DELETION_REQUESTED",
        "userId": "42d5bbc5-900d-46ec-b899-082f4d45ed2b",
        "resource": "data_deletion_requests"
      }

      at Console.log (node_modules/winston/lib/winston/transports/console.js:87:23)

    console.log
      2026-01-20 13:16:38 [[32minfo[39m]: Data deletion requested {
        "userId": "42d5bbc5-900d-46ec-b899-082f4d45ed2b",
        "requestId": "13692e40-f585-4d7f-99bd-3323377bd139",
        "deletionType": "SOFT"
      }

      at Console.log (node_modules/winston/lib/winston/transports/console.js:87:23)

    console.log
      2026-01-20 13:16:38 [[32minfo[39m]: Data deletion confirmed {
        "userId": "42d5bbc5-900d-46ec-b899-082f4d45ed2b",
        "requestId": "13692e40-f585-4d7f-99bd-3323377bd139"
      }

      at Console.log (node_modules/winston/lib/winston/transports/console.js:87:23)

    console.log
      2026-01-20 13:16:38 [[31merror[39m]: Data deletion confirmation failed {
        "error": "Deletion request already processed"
      }

      at Console.log (node_modules/winston/lib/winston/transports/console.js:87:23)

    console.log
      2026-01-20 13:16:38 [[32minfo[39m]: Audit log created {
        "logId": "3116d453-ad8b-4209-be6a-68f0fc8cb0ad",
        "action": "DATA_DELETION_REQUESTED",
        "userId": "9fff20f1-fb41-4da4-93ab-02784becb3d0",
        "resource": "data_deletion_requests"
      }

      at Console.log (node_modules/winston/lib/winston/transports/console.js:87:23)

    console.log
      2026-01-20 13:16:38 [[32minfo[39m]: Data deletion requested {
        "userId": "9fff20f1-fb41-4da4-93ab-02784becb3d0",
        "requestId": "7a08f479-67b3-4874-b77e-7fb21fbb6902",
        "deletionType": "SOFT"
      }

      at Console.log (node_modules/winston/lib/winston/transports/console.js:87:23)

    console.log
      2026-01-20 13:16:38 [[32minfo[39m]: Data deletion confirmed {
        "userId": "9fff20f1-fb41-4da4-93ab-02784becb3d0",
        "requestId": "7a08f479-67b3-4874-b77e-7fb21fbb6902"
      }

      at Console.log (node_modules/winston/lib/winston/transports/console.js:87:23)

    console.log
      2026-01-20 13:16:38 [[32minfo[39m]: Data deletion executed {
        "userId": "9fff20f1-fb41-4da4-93ab-02784becb3d0",
        "requestId": "7a08f479-67b3-4874-b77e-7fb21fbb6902",
        "deletionType": "SOFT"
      }

      at Console.log (node_modules/winston/lib/winston/transports/console.js:87:23)

    console.log
      2026-01-20 13:16:38 [[32minfo[39m]: Audit log created {
        "logId": "850f8c9b-fb8d-46fb-8340-5236f448cb8f",
        "action": "DATA_DELETION_REQUESTED",
        "userId": "91a07ca4-e1ef-444e-baea-8172438a1640",
        "resource": "data_deletion_requests"
      }

      at Console.log (node_modules/winston/lib/winston/transports/console.js:87:23)

    console.log
      2026-01-20 13:16:38 [[32minfo[39m]: Data deletion requested {
        "userId": "91a07ca4-e1ef-444e-baea-8172438a1640",
        "requestId": "2b86a130-4f36-4a5e-835d-c197a38aec23",
        "deletionType": "HARD"
      }

      at Console.log (node_modules/winston/lib/winston/transports/console.js:87:23)

    console.log
      2026-01-20 13:16:38 [[32minfo[39m]: Data deletion confirmed {
        "userId": "91a07ca4-e1ef-444e-baea-8172438a1640",
        "requestId": "2b86a130-4f36-4a5e-835d-c197a38aec23"
      }

      at Console.log (node_modules/winston/lib/winston/transports/console.js:87:23)

    console.log
      2026-01-20 13:16:38 [[32minfo[39m]: Data deletion executed {
        "userId": "91a07ca4-e1ef-444e-baea-8172438a1640",
        "requestId": "2b86a130-4f36-4a5e-835d-c197a38aec23",
        "deletionType": "HARD"
      }

      at Console.log (node_modules/winston/lib/winston/transports/console.js:87:23)

    console.log
      2026-01-20 13:16:38 [[32minfo[39m]: Audit log created {
        "logId": "c239743b-af46-477f-b23b-cd6554db6434",
        "action": "DATA_DELETION_REQUESTED",
        "userId": "821e6590-dcac-46cc-9ea4-09b6ed7d6738",
        "resource": "data_deletion_requests"
      }

      at Console.log (node_modules/winston/lib/winston/transports/console.js:87:23)

    console.log
      2026-01-20 13:16:38 [[32minfo[39m]: Data deletion requested {
        "userId": "821e6590-dcac-46cc-9ea4-09b6ed7d6738",
        "requestId": "b5724cf8-8e5b-4cf5-9207-78d02b531946",
        "deletionType": "SOFT"
      }

      at Console.log (node_modules/winston/lib/winston/transports/console.js:87:23)

    console.log
      2026-01-20 13:16:38 [[31merror[39m]: Data deletion execution failed {
        "requestId": "b5724cf8-8e5b-4cf5-9207-78d02b531946",
        "error": "Deletion request not confirmed"
      }

      at Console.log (node_modules/winston/lib/winston/transports/console.js:87:23)

    console.log
      2026-01-20 13:16:38 [[32minfo[39m]: Audit log created {
        "logId": "98293456-3ccb-4b36-b027-b***-***-8505a",
        "action": "CONSENT_GRANTED",
        "userId": "cd44e0a4-db11-445a-883d-ff71f9f7818c",
        "resource": "consent_records"
      }

      at Console.log (node_modules/winston/lib/winston/transports/console.js:87:23)

    console.log
      2026-01-20 13:16:38 [[32minfo[39m]: Consent granted {
        "userId": "cd44e0a4-db11-445a-883d-ff71f9f7818c",
        "consentType": "MARKETING_EMAILS"
      }

      at Console.log (node_modules/winston/lib/winston/transports/console.js:87:23)

    console.log
      2026-01-20 13:16:38 [[32minfo[39m]: Audit log created {
        "logId": "d2a4a03f-3b0e-435b-b19f-37f3916e77b8",
        "action": "CONSENT_GRANTED",
        "userId": "7b8be8b7-a16c-4c3e-9586-d87be502259d",
        "resource": "consent_records"
      }

      at Console.log (node_modules/winston/lib/winston/transports/console.js:87:23)

    console.log
      2026-01-20 13:16:38 [[32minfo[39m]: Consent granted {
        "userId": "7b8be8b7-a16c-4c3e-9586-d87be502259d",
        "consentType": "ANALYTICS"
      }

      at Console.log (node_modules/winston/lib/winston/transports/console.js:87:23)

    console.log
      2026-01-20 13:16:38 [[32minfo[39m]: Audit log created {
        "logId": "02a49114-6232-4ea7-b41e-***-***-257677",
        "action": "CONSENT_GRANTED",
        "userId": "7b8be8b7-a16c-4c3e-9586-d87be502259d",
        "resource": "consent_records"
      }

      at Console.log (node_modules/winston/lib/winston/transports/console.js:87:23)

    console.log
      2026-01-20 13:16:38 [[32minfo[39m]: Consent granted {
        "userId": "7b8be8b7-a16c-4c3e-9586-d87be502259d",
        "consentType": "ANALYTICS"
      }

      at Console.log (node_modules/winston/lib/winston/transports/console.js:87:23)

    console.log
      2026-01-20 13:16:38 [[32minfo[39m]: Audit log created {
        "logId": "5f59452c-a970-4886-a574-28cd273353bd",
        "action": "CONSENT_GRANTED",
        "userId": "be6a179d-28ef-43cb-a637-5c3dc6a58ac3",
        "resource": "consent_records"
      }

      at Console.log (node_modules/winston/lib/winston/transports/console.js:87:23)

    console.log
      2026-01-20 13:16:38 [[32minfo[39m]: Consent granted {
        "userId": "be6a179d-28ef-43cb-a637-5c3dc6a58ac3",
        "consentType": "COOKIES"
      }

      at Console.log (node_modules/winston/lib/winston/transports/console.js:87:23)

    console.log
      2026-01-20 13:16:38 [[32minfo[39m]: Audit log created {
        "logId": "df921e27-41e8-4a24-94ef-64b8adb1c599",
        "action": "CONSENT_REVOKED",
        "userId": "be6a179d-28ef-43cb-a637-5c3dc6a58ac3",
        "resource": "consent_records"
      }

      at Console.log (node_modules/winston/lib/winston/transports/console.js:87:23)

    console.log
      2026-01-20 13:16:38 [[32minfo[39m]: Consent revoked {
        "userId": "be6a179d-28ef-43cb-a637-5c3dc6a58ac3",
        "consentType": "COOKIES"
      }

      at Console.log (node_modules/winston/lib/winston/transports/console.js:87:23)

    console.log
      2026-01-20 13:16:38 [[31merror[39m]: Database error 
      Invalid `prisma.consentRecord.update()` invocation in
      /Users/user/Desktop/AI/projects/nextsaas/backend/src/services/gdprService.ts:426:48
      
        423   userAgent?: string
        424 ) => {
        425   try {
      → 426     const consent = await prisma.consentRecord.update(
      An operation failed because it depends on one or more records that were required but not found. Record to update not found. {
        "target": "consentRecord.update"
      }

      at Console.log (node_modules/winston/lib/winston/transports/console.js:87:23)

    console.log
      2026-01-20 13:16:38 [[31merror[39m]: Revoke consent failed {
        "userId": "f833f9c7-6484-4057-bc91-0c9967159b96",
        "consentType": "THIRD_PARTY_SHARING",
        "error": "\nInvalid `prisma.consentRecord.update()` invocation in\n/Users/user/Desktop/AI/projects/nextsaas/backend/src/services/gdprService.ts:426:48\n\n  423   userAgent?: string\n  424 ) => {\n  425   try {\n→ 426     const consent = await prisma.consentRecord.update(\nAn operation failed because it depends on one or more records that were required but not found. Record to update not found."
      }

      at Console.log (node_modules/winston/lib/winston/transports/console.js:87:23)

    console.log
      2026-01-20 13:16:38 [[32minfo[39m]: Audit log created {
        "logId": "d3daa209-e388-40bd-bfd7-02418c98ab4a",
        "action": "CONSENT_GRANTED",
        "userId": "90822d8f-4fc6-4480-8d1e-2ae38bf1d288",
        "resource": "consent_records"
      }

      at Console.log (node_modules/winston/lib/winston/transports/console.js:87:23)

    console.log
      2026-01-20 13:16:38 [[32minfo[39m]: Consent granted {
        "userId": "90822d8f-4fc6-4480-8d1e-2ae38bf1d288",
        "consentType": "MARKETING_EMAILS"
      }

      at Console.log (node_modules/winston/lib/winston/transports/console.js:87:23)

    console.log
      2026-01-20 13:16:38 [[32minfo[39m]: Audit log created {
        "logId": "18c166f9-1f9f-455b-9297-66f0ae61610c",
        "action": "CONSENT_GRANTED",
        "userId": "90822d8f-4fc6-4480-8d1e-2ae38bf1d288",
        "resource": "consent_records"
      }

      at Console.log (node_modules/winston/lib/winston/transports/console.js:87:23)

    console.log
      2026-01-20 13:16:38 [[32minfo[39m]: Consent granted {
        "userId": "90822d8f-4fc6-4480-8d1e-2ae38bf1d288",
        "consentType": "ANALYTICS"
      }

      at Console.log (node_modules/winston/lib/winston/transports/console.js:87:23)

    console.log
      2026-01-20 13:16:39 [[32minfo[39m]: Audit log created {
        "logId": "6e161837-92a3-4b60-b298-3f49de6edceb",
        "action": "CONSENT_GRANTED",
        "userId": "0acbbe93-0758-4631-b0fe-8a88a6515aa4",
        "resource": "consent_records"
      }

      at Console.log (node_modules/winston/lib/winston/transports/console.js:87:23)

    console.log
      2026-01-20 13:16:39 [[32minfo[39m]: Consent granted {
        "userId": "0acbbe93-0758-4631-b0fe-8a88a6515aa4",
        "consentType": "TERMS_OF_SERVICE"
      }

      at Console.log (node_modules/winston/lib/winston/transports/console.js:87:23)

    console.log
      2026-01-20 13:16:39 [[32minfo[39m]: Audit log created {
        "logId": "36e03895-4e23-467d-9451-86e58363e1dd",
        "action": "CONSENT_GRANTED",
        "userId": "0b291235-46e2-4eb0-bf58-e1107e59a351",
        "resource": "consent_records"
      }

      at Console.log (node_modules/winston/lib/winston/transports/console.js:87:23)

    console.log
      2026-01-20 13:16:39 [[32minfo[39m]: Consent granted {
        "userId": "0b291235-46e2-4eb0-bf58-e1107e59a351",
        "consentType": "PRIVACY_POLICY"
      }

      at Console.log (node_modules/winston/lib/winston/transports/console.js:87:23)

    console.log
      2026-01-20 13:16:39 [[32minfo[39m]: Audit log created {
        "logId": "c02ad9d7-ccd2-4a84-bb6b-ff8388b6a9aa",
        "action": "CONSENT_REVOKED",
        "userId": "0b291235-46e2-4eb0-bf58-e1107e59a351",
        "resource": "consent_records"
      }

      at Console.log (node_modules/winston/lib/winston/transports/console.js:87:23)

    console.log
      2026-01-20 13:16:39 [[32minfo[39m]: Consent revoked {
        "userId": "0b291235-46e2-4eb0-bf58-e1107e59a351",
        "consentType": "PRIVACY_POLICY"
      }

      at Console.log (node_modules/winston/lib/winston/transports/console.js:87:23)

PASS src/__tests__/services/adminFeatureFlagsService.test.ts
  ● Console

    console.log
      2026-01-20 13:16:39 [[32minfo[39m]: Audit log created {
        "logId": "e9631816-e675-4930-bdee-acde297f0d09",
        "action": "FEATURE_FLAGS_VIEWED",
        "userId": "42a63724-441c-476e-8a8f-6b9265dd8299",
        "resource": "feature_flags"
      }

      at Console.log (node_modules/winston/lib/winston/transports/console.js:87:23)

    console.log
      2026-01-20 13:16:39 [[32minfo[39m]: Audit log created {
        "logId": "af3dc3b7-3387-400c-835c-b27b5e6d1f9e",
        "action": "FEATURE_FLAGS_VIEWED",
        "userId": "bcc5a46b-fe9c-4fc4-9a2f-6ff347323f4c",
        "resource": "feature_flags"
      }

      at Console.log (node_modules/winston/lib/winston/transports/console.js:87:23)

    console.log
      2026-01-20 13:16:39 [[32minfo[39m]: Audit log created {
        "logId": "f06a7ec8-b65d-4c7f-9e82-9208a9660fe0",
        "action": "FEATURE_FLAGS_VIEWED",
        "userId": "9eb0fff5-05f6-4eae-9f88-***-***-1648e1",
        "resource": "feature_flags"
      }

      at Console.log (node_modules/winston/lib/winston/transports/console.js:87:23)

    console.log
      2026-01-20 13:16:39 [[32minfo[39m]: Audit log created {
        "logId": "e5b65777-7449-4326-a133-2d8773c25dd3",
        "action": "FEATURE_FLAGS_VIEWED",
        "userId": "5945c660-2385-48df-98b6-ef8b451698ad",
        "resource": "feature_flags"
      }

      at Console.log (node_modules/winston/lib/winston/transports/console.js:87:23)

    console.log
      2026-01-20 13:16:39 [[32minfo[39m]: Audit log created {
        "logId": "286721ec-18b8-42e1-9217-192e42b13173",
        "action": "FEATURE_FLAGS_VIEWED",
        "userId": "8e26d3e7-faa8-43e4-bbc7-188df98b35d3",
        "resource": "feature_flags"
      }

      at Console.log (node_modules/winston/lib/winston/transports/console.js:87:23)

    console.log
      2026-01-20 13:16:39 [[32minfo[39m]: Audit log created {
        "logId": "a5020c81-a45b-4dc6-8bd9-6e3bf2f94c4e",
        "action": "FEATURE_FLAG_UPDATED",
        "userId": "4fe506fb-3ca0-4711-a82d-8dcf0b5401f2",
        "resource": "feature_flags"
      }

      at Console.log (node_modules/winston/lib/winston/transports/console.js:87:23)

    console.log
      2026-01-20 13:16:39 [[32minfo[39m]: Audit log created {
        "logId": "5d106878-5a62-468a-8ca5-2c5637acf0b8",
        "action": "FEATURE_FLAG_UPDATED",
        "userId": "a49a703c-7814-451b-9adc-dfc8ab7d467c",
        "resource": "feature_flags"
      }

      at Console.log (node_modules/winston/lib/winston/transports/console.js:87:23)

    console.log
      2026-01-20 13:16:39 [[32minfo[39m]: Audit log created {
        "logId": "1800bf35-c23f-4c3b-b5ff-59e5f7b587f5",
        "action": "FEATURE_FLAG_UPDATED",
        "userId": "33ede078-126f-4aa3-828d-1155e3d3d7cf",
        "resource": "feature_flags"
      }

      at Console.log (node_modules/winston/lib/winston/transports/console.js:87:23)

    console.log
      2026-01-20 13:16:39 [[32minfo[39m]: Audit log created {
        "logId": "03921d29-0b1a-4143-856c-60dc3b8c17f3",
        "action": "FEATURE_FLAG_UPDATED",
        "userId": "142b5d92-a057-4e86-b553-21bd88ad6405",
        "resource": "feature_flags"
      }

      at Console.log (node_modules/winston/lib/winston/transports/console.js:87:23)

    console.log
      2026-01-20 13:16:39 [[32minfo[39m]: Audit log created {
        "logId": "e40b325a-824d-4578-83f0-a69aa1016d1c",
        "action": "FEATURE_FLAG_UPDATED",
        "userId": "da41e4d7-a61a-49dd-831c-0d994f8f2702",
        "resource": "feature_flags"
      }

      at Console.log (node_modules/winston/lib/winston/transports/console.js:87:23)

    console.log
      2026-01-20 13:16:39 [[32minfo[39m]: Audit log created {
        "logId": "549e3af1-bc69-4835-b2d7-267c96a16781",
        "action": "FEATURE_FLAG_UPDATED",
        "userId": "fc2368d5-07a1-4662-8101-b38a8507479e",
        "resource": "feature_flags"
      }

      at Console.log (node_modules/winston/lib/winston/transports/console.js:87:23)

    console.log
      2026-01-20 13:16:39 [[32minfo[39m]: Audit log created {
        "logId": "4f8f7619-a103-46c5-91b4-b26cd9de212a",
        "action": "FEATURE_FLAG_UPDATED",
        "userId": "5eb8b83b-1ce6-4500-b35d-cc20811f3761",
        "resource": "feature_flags"
      }

      at Console.log (node_modules/winston/lib/winston/transports/console.js:87:23)

    console.log
      2026-01-20 13:16:39 [[32minfo[39m]: Audit log created {
        "logId": "1b668bd1-2d1c-4e43-ac77-883f61a34db9",
        "action": "FEATURE_FLAG_UPDATED",
        "userId": "5eb8b83b-1ce6-4500-b35d-cc20811f3761",
        "resource": "feature_flags"
      }

      at Console.log (node_modules/winston/lib/winston/transports/console.js:87:23)

    console.log
      2026-01-20 13:16:39 [[32minfo[39m]: Audit log created {
        "logId": "16f9fb3b-e8b7-4855-8a6b-b285c9a43c1a",
        "action": "FEATURE_FLAG_UPDATED",
        "userId": "5eb8b83b-1ce6-4500-b35d-cc20811f3761",
        "resource": "feature_flags"
      }

      at Console.log (node_modules/winston/lib/winston/transports/console.js:87:23)

    console.log
      2026-01-20 13:16:39 [[32minfo[39m]: Audit log created {
        "logId": "9129b52b-a6a4-4bc1-af28-00aced22935d",
        "action": "FEATURE_FLAG_UPDATED",
        "userId": "8931900e-bbf5-41fc-98e7-d6e38c84633a",
        "resource": "feature_flags"
      }

      at Console.log (node_modules/winston/lib/winston/transports/console.js:87:23)

    console.log
      2026-01-20 13:16:39 [[32minfo[39m]: Audit log created {
        "logId": "e627ffc4-f35b-458e-942c-68a5c9758096",
        "action": "FEATURE_FLAGS_VIEWED",
        "userId": "79ab4345-bfb1-485e-bdb7-1d7b5f08d283",
        "resource": "feature_flags"
      }

      at Console.log (node_modules/winston/lib/winston/transports/console.js:87:23)

    console.log
      2026-01-20 13:16:39 [[31merror[39m]: Database error 
      Invalid `prisma.auditLog.create()` invocation in
      /Users/user/Desktop/AI/projects/nextsaas/backend/src/services/auditService.ts:18:39
      
        15   userAgent?: string;
        16 }): Promise<AuditLog> => {
        17   try {
      → 18     const log = await prisma.auditLog.create(
      Foreign key constraint violated: `audit_logs_userId_fkey (index)` {
        "target": "auditLog.create"
      }

      at Console.log (node_modules/winston/lib/winston/transports/console.js:87:23)

    console.log
      2026-01-20 13:16:39 [[31merror[39m]: Failed to create audit log {
        "error": "\nInvalid `prisma.auditLog.create()` invocation in\n/Users/user/Desktop/AI/projects/nextsaas/backend/src/services/auditService.ts:18:39\n\n  15   userAgent?: string;\n  16 }): Promise<AuditLog> => {\n  17   try {\n→ 18     const log = await prisma.auditLog.create(\nForeign key constraint violated: `audit_logs_userId_fkey (index)`",
        "action": "FEATURE_FLAGS_VIEWED"
      }

      at Console.log (node_modules/winston/lib/winston/transports/console.js:87:23)

PASS src/__tests__/notificationService.test.ts
  ● Console

    console.log
      2026-01-20 13:16:40 [[32minfo[39m]: Email notification sent {
        "notificationId": "e9886ff3-f751-459c-81d9-7303fa53e480",
        "userId": "1fa3f631-5bc7-4024-99ab-85a4844f8266"
      }

      at Console.log (node_modules/winston/lib/winston/transports/console.js:87:23)

    console.log
      2026-01-20 13:16:40 [[32minfo[39m]: Notification not sent - channel disabled {
        "notificationId": "fedbe72a-5c0c-4ffd-bb9f-045fb6705bf1",
        "channel": "EMAIL"
      }

      at Console.log (node_modules/winston/lib/winston/transports/console.js:87:23)

FAIL src/__tests__/routes/admin.featureFlags.e2e.test.ts (6.446 s)
  ● Console

    console.log
      2026-01-20 13:16:37 [[32minfo[39m]: User logged in {
        "userId": "9aa4a161-5068-4894-9b73-06d07f1c34e2",
        "email": "a***@example.com"
      }

      at Console.log (node_modules/winston/lib/winston/transports/console.js:87:23)

    console.log
      2026-01-20 13:16:37 [[31merror[39m]: Database error 
      Invalid `prisma.auditLog.create()` invocation in
      /Users/user/Desktop/AI/projects/nextsaas/backend/src/services/auditService.ts:18:39
      
        15   userAgent?: string;
        16 }): Promise<AuditLog> => {
        17   try {
      → 18     const log = await prisma.auditLog.create(
      Foreign key constraint violated: `audit_logs_userId_fkey (index)` {
        "target": "auditLog.create"
      }

      at Console.log (node_modules/winston/lib/winston/transports/console.js:87:23)

    console.log
      2026-01-20 13:16:37 [[31merror[39m]: Failed to create audit log {
        "error": "\nInvalid `prisma.auditLog.create()` invocation in\n/Users/user/Desktop/AI/projects/nextsaas/backend/src/services/auditService.ts:18:39\n\n  15   userAgent?: string;\n  16 }): Promise<AuditLog> => {\n  17   try {\n→ 18     const log = await prisma.auditLog.create(\nForeign key constraint violated: `audit_logs_userId_fkey (index)`",
        "action": "FEATURE_FLAGS_VIEWED"
      }

      at Console.log (node_modules/winston/lib/winston/transports/console.js:87:23)

    console.log
      2026-01-20 13:16:37 [[31merror[39m]: Request error {
        "error": "\nInvalid `prisma.auditLog.create()` invocation in\n/Users/user/Desktop/AI/projects/nextsaas/backend/src/services/auditService.ts:18:39\n\n  15   userAgent?: string;\n  16 }): Promise<AuditLog> => {\n  17   try {\n→ 18     const log = await prisma.auditLog.create(\nForeign key constraint violated: `audit_logs_userId_fkey (index)`",
        "stack": "PrismaClientKnownRequestError: \nInvalid `prisma.auditLog.create()` invocation in\n/Users/user/Desktop/AI/projects/nextsaas/backend/src/services/auditService.ts:18:39\n\n  15   userAgent?: string;\n  16 }): Promise<AuditLog> => {\n  17   try {\n→ 18     const log = await prisma.auditLog.create(\nForeign key constraint violated: `audit_logs_userId_fkey (index)`\n    at $n.handleRequestError (/Users/user/Desktop/AI/projects/nextsaas/backend/node_modules/@prisma/client/runtime/library.js:121:7315)\n    at $n.handleAndLogRequestError (/Users/user/Desktop/AI/projects/nextsaas/backend/node_modules/@prisma/client/runtime/library.js:121:6623)\n    at $n.request (/Users/user/Desktop/AI/projects/nextsaas/backend/node_modules/@prisma/client/runtime/library.js:121:6307)\n    at l (/Users/user/Desktop/AI/projects/nextsaas/backend/node_modules/@prisma/client/runtime/library.js:130:9633)\n    at createAuditLog (/Users/user/Desktop/AI/projects/nextsaas/backend/src/services/auditService.ts:18:17)\n    at Object.getAllFeatureFlags (/Users/user/Desktop/AI/projects/nextsaas/backend/src/services/adminFeatureFlagsService.ts:28:3)\n    at /Users/user/Desktop/AI/projects/nextsaas/backend/src/routes/admin.ts:526:20",
        "requestId": "8322908b-9676-4371-930b-072b13eb81b2",
        "userId": "9aa4a161-5068-4894-9b73-06d07f1c34e2",
        "method": "GET",
        "path": "/api/admin/feature-flags",
        "statusCode": 500,
        "isOperational": false
      }

      at Console.log (node_modules/winston/lib/winston/transports/console.js:87:23)

    console.log
      2026-01-20 13:16:39 [[32minfo[39m]: User logged in {
        "userId": "e24343fa-45d5-4002-a9b9-81e1ab197dfa",
        "email": "a***@example.com"
      }

      at Console.log (node_modules/winston/lib/winston/transports/console.js:87:23)

    console.log
      2026-01-20 13:16:39 [[32minfo[39m]: Audit log created {
        "logId": "da214083-3f9a-4a5d-b92f-fee1822e7e47",
        "action": "FEATURE_FLAG_UPDATED",
        "userId": "e24343fa-45d5-4002-a9b9-81e1ab197dfa",
        "resource": "feature_flags"
      }

      at Console.log (node_modules/winston/lib/winston/transports/console.js:87:23)

    console.log
      2026-01-20 13:16:39 [[32minfo[39m]: Audit log created {
        "logId": "1cd2cc21-9b9f-47c2-a488-71a47b6b60fe",
        "action": "FEATURE_FLAG_UPDATED",
        "userId": "e24343fa-45d5-4002-a9b9-81e1ab197dfa",
        "resource": "feature_flags"
      }

      at Console.log (node_modules/winston/lib/winston/transports/console.js:87:23)

    console.log
      2026-01-20 13:16:39 [[32minfo[39m]: Audit log created {
        "logId": "e2d1946d-3691-4903-b11d-98ea85497448",
        "action": "FEATURE_FLAGS_VIEWED",
        "userId": "e24343fa-45d5-4002-a9b9-81e1ab197dfa",
        "resource": "feature_flags"
      }

      at Console.log (node_modules/winston/lib/winston/transports/console.js:87:23)

    console.log
      2026-01-20 13:16:39 [[32minfo[39m]: Audit log created {
        "logId": "587b4d68-67ed-417f-9416-be40dfccd036",
        "action": "FEATURE_FLAG_UPDATED",
        "userId": "e24343fa-45d5-4002-a9b9-81e1ab197dfa",
        "resource": "feature_flags"
      }

      at Console.log (node_modules/winston/lib/winston/transports/console.js:87:23)

    console.log
      2026-01-20 13:16:40 [[32minfo[39m]: User logged in {
        "userId": "1438a94e-0723-4829-8310-987d13df674e",
        "email": "a***@example.com"
      }

      at Console.log (node_modules/winston/lib/winston/transports/console.js:87:23)

    console.log
      2026-01-20 13:16:40 [[32minfo[39m]: User logged in {
        "userId": "f2c2c543-6e5a-4562-b8a7-2d23af527e9a",
        "email": "a***@example.com"
      }

      at Console.log (node_modules/winston/lib/winston/transports/console.js:87:23)

    console.log
      2026-01-20 13:16:41 [[32minfo[39m]: User logged in {
        "userId": "eb799769-cb63-4754-a0d1-1904df053056",
        "email": "u***@example.com"
      }

      at Console.log (node_modules/winston/lib/winston/transports/console.js:87:23)

    console.log
      2026-01-20 13:16:42 [[32minfo[39m]: User logged in {
        "userId": "97b3d18e-dcd0-41af-9911-9b6a64e07d36",
        "email": "a***@example.com"
      }

      at Console.log (node_modules/winston/lib/winston/transports/console.js:87:23)

    console.log
      2026-01-20 13:16:42 [[32minfo[39m]: Audit log created {
        "logId": "b9a44d14-ae23-4ee4-ad1d-e4c10c2666cb",
        "action": "FEATURE_FLAG_UPDATED",
        "userId": "97b3d18e-dcd0-41af-9911-9b6a64e07d36",
        "resource": "feature_flags"
      }

      at Console.log (node_modules/winston/lib/winston/transports/console.js:87:23)

    console.log
      2026-01-20 13:16:42 [[32minfo[39m]: Audit log created {
        "logId": "0c1965af-d337-497a-9a31-***-***-954408",
        "action": "FEATURE_FLAG_UPDATED",
        "userId": "97b3d18e-dcd0-41af-9911-9b6a64e07d36",
        "resource": "feature_flags"
      }

      at Console.log (node_modules/winston/lib/winston/transports/console.js:87:23)

  ● Admin Feature Flags E2E Tests › E2E: Complete Feature Flags Management Flow › should complete full feature flags management workflow

    expected 200 "OK", got 500 "Internal Server Error"

      90 |         .get('/api/admin/feature-flags')
      91 |         .set('Cookie', authToken)
    > 92 |         .expect(200);
         |          ^
      93 |
      94 |       const flagsData = getFlagsResponse.body as FeatureFlagsResponse;
      95 |       expect(flagsData.success).toBe(true);

      at Object.<anonymous> (src/__tests__/routes/admin.featureFlags.e2e.test.ts:92:10)
      ----
      at Test._assertStatus (node_modules/supertest/lib/test.js:252:14)
      at node_modules/supertest/lib/test.js:308:13
      at Test._assertFunction (node_modules/supertest/lib/test.js:285:13)
      at Test.assert (node_modules/supertest/lib/test.js:164:23)
      at Server.localAssert (node_modules/supertest/lib/test.js:120:14)

PASS src/__tests__/auditService.test.ts
  ● Console

    console.log
      2026-01-20 13:16:43 [[32minfo[39m]: Audit log created {
        "logId": "3c7826ee-a0a5-429b-81eb-f3a3fd2c335a",
        "action": "USER_LOGIN",
        "userId": "423e2a96-955f-4a85-8e80-579a0711be68",
        "resource": "users"
      }

      at Console.log (node_modules/winston/lib/winston/transports/console.js:87:23)

    console.log
      2026-01-20 13:16:43 [[32minfo[39m]: Audit log created {
        "logId": "dcbdfcde-ffa4-4f16-a7eb-4d03f2728e98",
        "action": "SYSTEM_STARTUP",
        "userId": null,
        "resource": null
      }

      at Console.log (node_modules/winston/lib/winston/transports/console.js:87:23)

    console.log
      2026-01-20 13:16:43 [[32minfo[39m]: Audit log created {
        "logId": "ceca6363-eef3-46c7-be57-f6fdfbd2cbc1",
        "action": "USER_UPDATED",
        "userId": "f5b04004-8f07-4ba0-80a6-ea9e469175f6",
        "resource": null
      }

      at Console.log (node_modules/winston/lib/winston/transports/console.js:87:23)

    console.log
      2026-01-20 13:16:43 [[32minfo[39m]: Audit log created {
        "logId": "47d0110b-73ec-42cd-8fdb-7d3f2bca200d",
        "action": "TEST_ACTION",
        "userId": "13353276-1c7e-44ed-a9c8-bd803e651719",
        "resource": null
      }

      at Console.log (node_modules/winston/lib/winston/transports/console.js:87:23)

    console.log
      2026-01-20 13:16:43 [[32minfo[39m]: Audit log created {
        "logId": "602b9def-4ee3-4150-a34c-c69f370ce8f2",
        "action": "RECENT_ACTION",
        "userId": "a9bce811-81ae-4e2c-9a58-db7f6c17d6cc",
        "resource": null
      }

      at Console.log (node_modules/winston/lib/winston/transports/console.js:87:23)

    console.log
      2026-01-20 13:16:43 [[32minfo[39m]: Old audit logs deleted {
        "daysToKeep": 90,
        "deletedCount": 1
      }

      at Console.log (node_modules/winston/lib/winston/transports/console.js:87:23)

FAIL src/__tests__/routes/gdpr.deletion.e2e.test.ts (9.598 s)
  ● Console

    console.log
      2026-01-20 13:16:41 [[31merror[39m]: Database error 
      Invalid `prisma.session.create()` invocation in
      /Users/user/Desktop/AI/projects/nextsaas/backend/src/services/authService.ts:263:24
      
        260 const expiresAt = new Date();
        261 expiresAt.setDate(expiresAt.getDate() + 30); // 30 days
        262 
      → 263 await prisma.session.create(
      Foreign key constraint violated: `sessions_userId_fkey (index)` {
        "target": "session.create"
      }

      at Console.log (node_modules/winston/lib/winston/transports/console.js:87:23)

    console.log
      2026-01-20 13:16:41 [[31merror[39m]: Request error {
        "error": "\nInvalid `prisma.session.create()` invocation in\n/Users/user/Desktop/AI/projects/nextsaas/backend/src/services/authService.ts:263:24\n\n  260 const expiresAt = new Date();\n  261 expiresAt.setDate(expiresAt.getDate() + 30); // 30 days\n  262 \n→ 263 await prisma.session.create(\nForeign key constraint violated: `sessions_userId_fkey (index)`",
        "stack": "PrismaClientKnownRequestError: \nInvalid `prisma.session.create()` invocation in\n/Users/user/Desktop/AI/projects/nextsaas/backend/src/services/authService.ts:263:24\n\n  260 const expiresAt = new Date();\n  261 expiresAt.setDate(expiresAt.getDate() + 30); // 30 days\n  262 \n→ 263 await prisma.session.create(\nForeign key constraint violated: `sessions_userId_fkey (index)`\n    at $n.handleRequestError (/Users/user/Desktop/AI/projects/nextsaas/backend/node_modules/@prisma/client/runtime/library.js:121:7315)\n    at $n.handleAndLogRequestError (/Users/user/Desktop/AI/projects/nextsaas/backend/node_modules/@prisma/client/runtime/library.js:121:6623)\n    at $n.request (/Users/user/Desktop/AI/projects/nextsaas/backend/node_modules/@prisma/client/runtime/library.js:121:6307)\n    at l (/Users/user/Desktop/AI/projects/nextsaas/backend/node_modules/@prisma/client/runtime/library.js:130:9633)\n    at Object.login (/Users/user/Desktop/AI/projects/nextsaas/backend/src/services/authService.ts:263:3)\n    at /Users/user/Desktop/AI/projects/nextsaas/backend/src/routes/auth.ts:343:25",
        "requestId": "0baee724-ed12-4e2e-8bc7-0fa9b0855a2a",
        "method": "POST",
        "path": "/api/auth/login",
        "statusCode": 500,
        "isOperational": false
      }

      at Console.log (node_modules/winston/lib/winston/transports/console.js:87:23)

    console.log
      2026-01-20 13:16:42 [[31merror[39m]: Database error 
      Invalid `prisma.session.create()` invocation in
      /Users/user/Desktop/AI/projects/nextsaas/backend/src/services/authService.ts:263:24
      
        260 const expiresAt = new Date();
        261 expiresAt.setDate(expiresAt.getDate() + 30); // 30 days
        262 
      → 263 await prisma.session.create(
      Foreign key constraint violated: `sessions_userId_fkey (index)` {
        "target": "session.create"
      }

      at Console.log (node_modules/winston/lib/winston/transports/console.js:87:23)

    console.log
      2026-01-20 13:16:42 [[31merror[39m]: Request error {
        "error": "\nInvalid `prisma.session.create()` invocation in\n/Users/user/Desktop/AI/projects/nextsaas/backend/src/services/authService.ts:263:24\n\n  260 const expiresAt = new Date();\n  261 expiresAt.setDate(expiresAt.getDate() + 30); // 30 days\n  262 \n→ 263 await prisma.session.create(\nForeign key constraint violated: `sessions_userId_fkey (index)`",
        "stack": "PrismaClientKnownRequestError: \nInvalid `prisma.session.create()` invocation in\n/Users/user/Desktop/AI/projects/nextsaas/backend/src/services/authService.ts:263:24\n\n  260 const expiresAt = new Date();\n  261 expiresAt.setDate(expiresAt.getDate() + 30); // 30 days\n  262 \n→ 263 await prisma.session.create(\nForeign key constraint violated: `sessions_userId_fkey (index)`\n    at $n.handleRequestError (/Users/user/Desktop/AI/projects/nextsaas/backend/node_modules/@prisma/client/runtime/library.js:121:7315)\n    at $n.handleAndLogRequestError (/Users/user/Desktop/AI/projects/nextsaas/backend/node_modules/@prisma/client/runtime/library.js:121:6623)\n    at $n.request (/Users/user/Desktop/AI/projects/nextsaas/backend/node_modules/@prisma/client/runtime/library.js:121:6307)\n    at l (/Users/user/Desktop/AI/projects/nextsaas/backend/node_modules/@prisma/client/runtime/library.js:130:9633)\n    at Object.login (/Users/user/Desktop/AI/projects/nextsaas/backend/src/services/authService.ts:263:3)\n    at /Users/user/Desktop/AI/projects/nextsaas/backend/src/routes/auth.ts:343:25",
        "requestId": "bb643b2d-1672-4bc9-83e2-2331998b8e43",
        "method": "POST",
        "path": "/api/auth/login",
        "statusCode": 500,
        "isOperational": false
      }

      at Console.log (node_modules/winston/lib/winston/transports/console.js:87:23)

    console.log
      2026-01-20 13:16:43 [[32minfo[39m]: User logged in {
        "userId": "dda157fc-28de-4db8-8229-b843c85fa279",
        "email": "g***@example.com"
      }

      at Console.log (node_modules/winston/lib/winston/transports/console.js:87:23)

    console.log
      2026-01-20 13:16:43 [[32minfo[39m]: Audit log created {
        "logId": "003cc02b-7d03-4317-b***-***-7210e88c6",
        "action": "DATA_DELETION_REQUESTED",
        "userId": "dda157fc-28de-4db8-8229-b843c85fa279",
        "resource": "data_deletion_requests"
      }

      at Console.log (node_modules/winston/lib/winston/transports/console.js:87:23)

    console.log
      2026-01-20 13:16:43 [[32minfo[39m]: Data deletion requested {
        "userId": "dda157fc-28de-4db8-8229-b843c85fa279",
        "requestId": "a4aa675c-1c13-445f-b000-cec319feaea9",
        "deletionType": "SOFT"
      }

      at Console.log (node_modules/winston/lib/winston/transports/console.js:87:23)

    console.log
      2026-01-20 13:16:44 [[32minfo[39m]: User logged in {
        "userId": "42a66adb-cb79-4add-a27d-24841384bcd0",
        "email": "g***@example.com"
      }

      at Console.log (node_modules/winston/lib/winston/transports/console.js:87:23)

    console.log
      2026-01-20 13:16:44 [[32minfo[39m]: Audit log created {
        "logId": "f78de82f-aad8-4dd3-9c92-c4b9804deab9",
        "action": "DATA_DELETION_REQUESTED",
        "userId": "42a66adb-cb79-4add-a27d-24841384bcd0",
        "resource": "data_deletion_requests"
      }

      at Console.log (node_modules/winston/lib/winston/transports/console.js:87:23)

    console.log
      2026-01-20 13:16:44 [[32minfo[39m]: Data deletion requested {
        "userId": "42a66adb-cb79-4add-a27d-24841384bcd0",
        "requestId": "54a654a8-d21f-447c-9d75-003b9595db2e",
        "deletionType": "SOFT"
      }

      at Console.log (node_modules/winston/lib/winston/transports/console.js:87:23)

    console.log
      2026-01-20 13:16:45 [[32minfo[39m]: User logged in {
        "userId": "ca2dd006-2d80-486f-b34d-***-***-2741f1",
        "email": "g***@example.com"
      }

      at Console.log (node_modules/winston/lib/winston/transports/console.js:87:23)

    console.log
      2026-01-20 13:16:46 [[32minfo[39m]: User logged in {
        "userId": "ea15dc48-9f97-44ee-81b4-9b249fbdb44a",
        "email": "g***@example.com"
      }

      at Console.log (node_modules/winston/lib/winston/transports/console.js:87:23)

    console.log
      2026-01-20 13:16:47 [[32minfo[39m]: User logged in {
        "userId": "8af3b5e6-960b-4c64-ad92-3401120cc3fc",
        "email": "g***@example.com"
      }

      at Console.log (node_modules/winston/lib/winston/transports/console.js:87:23)

    console.log
      2026-01-20 13:16:47 [[32minfo[39m]: Data deletion confirmed {
        "userId": "8af3b5e6-960b-4c64-ad92-3401120cc3fc",
        "requestId": "a1fdc02f-2fdd-42ea-bdcb-7e0d7dabbd27"
      }

      at Console.log (node_modules/winston/lib/winston/transports/console.js:87:23)

    console.log
      2026-01-20 13:16:48 [[32minfo[39m]: User logged in {
        "userId": "2450f326-d5c9-4424-a772-90b9535834cb",
        "email": "g***@example.com"
      }

      at Console.log (node_modules/winston/lib/winston/transports/console.js:87:23)

    console.log
      2026-01-20 13:16:49 [[32minfo[39m]: User logged in {
        "userId": "df45c1ed-071a-4199-9730-a9cf05ae5ab2",
        "email": "g***@example.com"
      }

      at Console.log (node_modules/winston/lib/winston/transports/console.js:87:23)

    console.log
      2026-01-20 13:16:50 [[32minfo[39m]: User logged in {
        "userId": "75c90635-14ba-4131-8938-7132b3b31883",
        "email": "g***@example.com"
      }

      at Console.log (node_modules/winston/lib/winston/transports/console.js:87:23)

  ● GDPR Data Deletion E2E Integration Tests › E2E: Request Data Deletion › should request soft deletion successfully

    expected 200 "OK", got 500 "Internal Server Error"

      69 |         password: userPassword,
      70 |       })
    > 71 |       .expect(200);
         |        ^
      72 |
      73 |     const accessToken = findCookie(loginResponse.headers, 'accessToken');
      74 |     accessTokenCookie = `accessToken=${accessToken}`;

      at Object.<anonymous> (src/__tests__/routes/gdpr.deletion.e2e.test.ts:71:8)
      ----
      at Test._assertStatus (node_modules/supertest/lib/test.js:252:14)
      at node_modules/supertest/lib/test.js:308:13
      at Test._assertFunction (node_modules/supertest/lib/test.js:285:13)
      at Test.assert (node_modules/supertest/lib/test.js:164:23)
      at Server.localAssert (node_modules/supertest/lib/test.js:120:14)

  ● GDPR Data Deletion E2E Integration Tests › E2E: Request Data Deletion › should request hard deletion successfully

    expected 200 "OK", got 500 "Internal Server Error"

      69 |         password: userPassword,
      70 |       })
    > 71 |       .expect(200);
         |        ^
      72 |
      73 |     const accessToken = findCookie(loginResponse.headers, 'accessToken');
      74 |     accessTokenCookie = `accessToken=${accessToken}`;

      at Object.<anonymous> (src/__tests__/routes/gdpr.deletion.e2e.test.ts:71:8)
      ----
      at Test._assertStatus (node_modules/supertest/lib/test.js:252:14)
      at node_modules/supertest/lib/test.js:308:13
      at Test._assertFunction (node_modules/supertest/lib/test.js:285:13)
      at Test.assert (node_modules/supertest/lib/test.js:164:23)
      at Server.localAssert (node_modules/supertest/lib/test.js:120:14)

FAIL src/__tests__/routes/idempotency.e2e.test.ts (6.801 s)
  ● Console

    console.log
      2026-01-20 13:16:44 [[31merror[39m]: Database error 
      Invalid `prisma.session.create()` invocation in
      /Users/user/Desktop/AI/projects/nextsaas/backend/src/services/authService.ts:263:24
      
        260 const expiresAt = new Date();
        261 expiresAt.setDate(expiresAt.getDate() + 30); // 30 days
        262 
      → 263 await prisma.session.create(
      Foreign key constraint violated: `sessions_userId_fkey (index)` {
        "target": "session.create"
      }

      at Console.log (node_modules/winston/lib/winston/transports/console.js:87:23)

    console.log
      2026-01-20 13:16:44 [[31merror[39m]: Request error {
        "error": "\nInvalid `prisma.session.create()` invocation in\n/Users/user/Desktop/AI/projects/nextsaas/backend/src/services/authService.ts:263:24\n\n  260 const expiresAt = new Date();\n  261 expiresAt.setDate(expiresAt.getDate() + 30); // 30 days\n  262 \n→ 263 await prisma.session.create(\nForeign key constraint violated: `sessions_userId_fkey (index)`",
        "stack": "PrismaClientKnownRequestError: \nInvalid `prisma.session.create()` invocation in\n/Users/user/Desktop/AI/projects/nextsaas/backend/src/services/authService.ts:263:24\n\n  260 const expiresAt = new Date();\n  261 expiresAt.setDate(expiresAt.getDate() + 30); // 30 days\n  262 \n→ 263 await prisma.session.create(\nForeign key constraint violated: `sessions_userId_fkey (index)`\n    at $n.handleRequestError (/Users/user/Desktop/AI/projects/nextsaas/backend/node_modules/@prisma/client/runtime/library.js:121:7315)\n    at $n.handleAndLogRequestError (/Users/user/Desktop/AI/projects/nextsaas/backend/node_modules/@prisma/client/runtime/library.js:121:6623)\n    at $n.request (/Users/user/Desktop/AI/projects/nextsaas/backend/node_modules/@prisma/client/runtime/library.js:121:6307)\n    at l (/Users/user/Desktop/AI/projects/nextsaas/backend/node_modules/@prisma/client/runtime/library.js:130:9633)\n    at Object.login (/Users/user/Desktop/AI/projects/nextsaas/backend/src/services/authService.ts:263:3)\n    at /Users/user/Desktop/AI/projects/nextsaas/backend/src/routes/auth.ts:343:25",
        "requestId": "52b900f7-35d8-479a-9f50-e3a98458c24e",
        "method": "POST",
        "path": "/api/auth/login",
        "statusCode": 500,
        "isOperational": false
      }

      at Console.log (node_modules/winston/lib/winston/transports/console.js:87:23)

    console.log
      2026-01-20 13:16:45 [[31merror[39m]: Database error 
      Invalid `prisma.session.create()` invocation in
      /Users/user/Desktop/AI/projects/nextsaas/backend/src/services/authService.ts:263:24
      
        260 const expiresAt = new Date();
        261 expiresAt.setDate(expiresAt.getDate() + 30); // 30 days
        262 
      → 263 await prisma.session.create(
      Foreign key constraint violated: `sessions_userId_fkey (index)` {
        "target": "session.create"
      }

      at Console.log (node_modules/winston/lib/winston/transports/console.js:87:23)

    console.log
      2026-01-20 13:16:45 [[31merror[39m]: Request error {
        "error": "\nInvalid `prisma.session.create()` invocation in\n/Users/user/Desktop/AI/projects/nextsaas/backend/src/services/authService.ts:263:24\n\n  260 const expiresAt = new Date();\n  261 expiresAt.setDate(expiresAt.getDate() + 30); // 30 days\n  262 \n→ 263 await prisma.session.create(\nForeign key constraint violated: `sessions_userId_fkey (index)`",
        "stack": "PrismaClientKnownRequestError: \nInvalid `prisma.session.create()` invocation in\n/Users/user/Desktop/AI/projects/nextsaas/backend/src/services/authService.ts:263:24\n\n  260 const expiresAt = new Date();\n  261 expiresAt.setDate(expiresAt.getDate() + 30); // 30 days\n  262 \n→ 263 await prisma.session.create(\nForeign key constraint violated: `sessions_userId_fkey (index)`\n    at $n.handleRequestError (/Users/user/Desktop/AI/projects/nextsaas/backend/node_modules/@prisma/client/runtime/library.js:121:7315)\n    at $n.handleAndLogRequestError (/Users/user/Desktop/AI/projects/nextsaas/backend/node_modules/@prisma/client/runtime/library.js:121:6623)\n    at $n.request (/Users/user/Desktop/AI/projects/nextsaas/backend/node_modules/@prisma/client/runtime/library.js:121:6307)\n    at l (/Users/user/Desktop/AI/projects/nextsaas/backend/node_modules/@prisma/client/runtime/library.js:130:9633)\n    at Object.login (/Users/user/Desktop/AI/projects/nextsaas/backend/src/services/authService.ts:263:3)\n    at /Users/user/Desktop/AI/projects/nextsaas/backend/src/routes/auth.ts:343:25",
        "requestId": "21c4266c-6b5a-4bbc-94f3-76ea7daa5da3",
        "method": "POST",
        "path": "/api/auth/login",
        "statusCode": 500,
        "isOperational": false
      }

      at Console.log (node_modules/winston/lib/winston/transports/console.js:87:23)

    console.log
      2026-01-20 13:16:46 [[31merror[39m]: Database error 
      Invalid `prisma.session.create()` invocation in
      /Users/user/Desktop/AI/projects/nextsaas/backend/src/services/authService.ts:263:24
      
        260 const expiresAt = new Date();
        261 expiresAt.setDate(expiresAt.getDate() + 30); // 30 days
        262 
      → 263 await prisma.session.create(
      Foreign key constraint violated: `sessions_userId_fkey (index)` {
        "target": "session.create"
      }

      at Console.log (node_modules/winston/lib/winston/transports/console.js:87:23)

    console.log
      2026-01-20 13:16:46 [[31merror[39m]: Request error {
        "error": "\nInvalid `prisma.session.create()` invocation in\n/Users/user/Desktop/AI/projects/nextsaas/backend/src/services/authService.ts:263:24\n\n  260 const expiresAt = new Date();\n  261 expiresAt.setDate(expiresAt.getDate() + 30); // 30 days\n  262 \n→ 263 await prisma.session.create(\nForeign key constraint violated: `sessions_userId_fkey (index)`",
        "stack": "PrismaClientKnownRequestError: \nInvalid `prisma.session.create()` invocation in\n/Users/user/Desktop/AI/projects/nextsaas/backend/src/services/authService.ts:263:24\n\n  260 const expiresAt = new Date();\n  261 expiresAt.setDate(expiresAt.getDate() + 30); // 30 days\n  262 \n→ 263 await prisma.session.create(\nForeign key constraint violated: `sessions_userId_fkey (index)`\n    at $n.handleRequestError (/Users/user/Desktop/AI/projects/nextsaas/backend/node_modules/@prisma/client/runtime/library.js:121:7315)\n    at $n.handleAndLogRequestError (/Users/user/Desktop/AI/projects/nextsaas/backend/node_modules/@prisma/client/runtime/library.js:121:6623)\n    at $n.request (/Users/user/Desktop/AI/projects/nextsaas/backend/node_modules/@prisma/client/runtime/library.js:121:6307)\n    at l (/Users/user/Desktop/AI/projects/nextsaas/backend/node_modules/@prisma/client/runtime/library.js:130:9633)\n    at Object.login (/Users/user/Desktop/AI/projects/nextsaas/backend/src/services/authService.ts:263:3)\n    at /Users/user/Desktop/AI/projects/nextsaas/backend/src/routes/auth.ts:343:25",
        "requestId": "ec7d8c6e-c176-4e3b-b256-abc6cc042229",
        "method": "POST",
        "path": "/api/auth/login",
        "statusCode": 500,
        "isOperational": false
      }

      at Console.log (node_modules/winston/lib/winston/transports/console.js:87:23)

    console.log
      2026-01-20 13:16:47 [[31merror[39m]: Database error 
      Invalid `prisma.session.create()` invocation in
      /Users/user/Desktop/AI/projects/nextsaas/backend/src/services/authService.ts:263:24
      
        260 const expiresAt = new Date();
        261 expiresAt.setDate(expiresAt.getDate() + 30); // 30 days
        262 
      → 263 await prisma.session.create(
      Foreign key constraint violated: `sessions_userId_fkey (index)` {
        "target": "session.create"
      }

      at Console.log (node_modules/winston/lib/winston/transports/console.js:87:23)

    console.log
      2026-01-20 13:16:47 [[31merror[39m]: Request error {
        "error": "\nInvalid `prisma.session.create()` invocation in\n/Users/user/Desktop/AI/projects/nextsaas/backend/src/services/authService.ts:263:24\n\n  260 const expiresAt = new Date();\n  261 expiresAt.setDate(expiresAt.getDate() + 30); // 30 days\n  262 \n→ 263 await prisma.session.create(\nForeign key constraint violated: `sessions_userId_fkey (index)`",
        "stack": "PrismaClientKnownRequestError: \nInvalid `prisma.session.create()` invocation in\n/Users/user/Desktop/AI/projects/nextsaas/backend/src/services/authService.ts:263:24\n\n  260 const expiresAt = new Date();\n  261 expiresAt.setDate(expiresAt.getDate() + 30); // 30 days\n  262 \n→ 263 await prisma.session.create(\nForeign key constraint violated: `sessions_userId_fkey (index)`\n    at $n.handleRequestError (/Users/user/Desktop/AI/projects/nextsaas/backend/node_modules/@prisma/client/runtime/library.js:121:7315)\n    at $n.handleAndLogRequestError (/Users/user/Desktop/AI/projects/nextsaas/backend/node_modules/@prisma/client/runtime/library.js:121:6623)\n    at $n.request (/Users/user/Desktop/AI/projects/nextsaas/backend/node_modules/@prisma/client/runtime/library.js:121:6307)\n    at l (/Users/user/Desktop/AI/projects/nextsaas/backend/node_modules/@prisma/client/runtime/library.js:130:9633)\n    at Object.login (/Users/user/Desktop/AI/projects/nextsaas/backend/src/services/authService.ts:263:3)\n    at /Users/user/Desktop/AI/projects/nextsaas/backend/src/routes/auth.ts:343:25",
        "requestId": "e85b0b3f-a2bb-4355-b4e0-e39a3a2782df",
        "method": "POST",
        "path": "/api/auth/login",
        "statusCode": 500,
        "isOperational": false
      }

      at Console.log (node_modules/winston/lib/winston/transports/console.js:87:23)

    console.log
      2026-01-20 13:16:48 [[31merror[39m]: Database error 
      Invalid `prisma.session.create()` invocation in
      /Users/user/Desktop/AI/projects/nextsaas/backend/src/services/authService.ts:263:24
      
        260 const expiresAt = new Date();
        261 expiresAt.setDate(expiresAt.getDate() + 30); // 30 days
        262 
      → 263 await prisma.session.create(
      Foreign key constraint violated: `sessions_userId_fkey (index)` {
        "target": "session.create"
      }

      at Console.log (node_modules/winston/lib/winston/transports/console.js:87:23)

    console.log
      2026-01-20 13:16:48 [[31merror[39m]: Request error {
        "error": "\nInvalid `prisma.session.create()` invocation in\n/Users/user/Desktop/AI/projects/nextsaas/backend/src/services/authService.ts:263:24\n\n  260 const expiresAt = new Date();\n  261 expiresAt.setDate(expiresAt.getDate() + 30); // 30 days\n  262 \n→ 263 await prisma.session.create(\nForeign key constraint violated: `sessions_userId_fkey (index)`",
        "stack": "PrismaClientKnownRequestError: \nInvalid `prisma.session.create()` invocation in\n/Users/user/Desktop/AI/projects/nextsaas/backend/src/services/authService.ts:263:24\n\n  260 const expiresAt = new Date();\n  261 expiresAt.setDate(expiresAt.getDate() + 30); // 30 days\n  262 \n→ 263 await prisma.session.create(\nForeign key constraint violated: `sessions_userId_fkey (index)`\n    at $n.handleRequestError (/Users/user/Desktop/AI/projects/nextsaas/backend/node_modules/@prisma/client/runtime/library.js:121:7315)\n    at $n.handleAndLogRequestError (/Users/user/Desktop/AI/projects/nextsaas/backend/node_modules/@prisma/client/runtime/library.js:121:6623)\n    at $n.request (/Users/user/Desktop/AI/projects/nextsaas/backend/node_modules/@prisma/client/runtime/library.js:121:6307)\n    at l (/Users/user/Desktop/AI/projects/nextsaas/backend/node_modules/@prisma/client/runtime/library.js:130:9633)\n    at Object.login (/Users/user/Desktop/AI/projects/nextsaas/backend/src/services/authService.ts:263:3)\n    at /Users/user/Desktop/AI/projects/nextsaas/backend/src/routes/auth.ts:343:25",
        "requestId": "75bd1b08-df4f-4c57-b319-ebb43989a9f1",
        "method": "POST",
        "path": "/api/auth/login",
        "statusCode": 500,
        "isOperational": false
      }

      at Console.log (node_modules/winston/lib/winston/transports/console.js:87:23)

    console.log
      2026-01-20 13:16:49 [[31merror[39m]: Database error 
      Invalid `prisma.session.create()` invocation in
      /Users/user/Desktop/AI/projects/nextsaas/backend/src/services/authService.ts:263:24
      
        260 const expiresAt = new Date();
        261 expiresAt.setDate(expiresAt.getDate() + 30); // 30 days
        262 
      → 263 await prisma.session.create(
      Foreign key constraint violated: `sessions_userId_fkey (index)` {
        "target": "session.create"
      }

      at Console.log (node_modules/winston/lib/winston/transports/console.js:87:23)

    console.log
      2026-01-20 13:16:49 [[31merror[39m]: Request error {
        "error": "\nInvalid `prisma.session.create()` invocation in\n/Users/user/Desktop/AI/projects/nextsaas/backend/src/services/authService.ts:263:24\n\n  260 const expiresAt = new Date();\n  261 expiresAt.setDate(expiresAt.getDate() + 30); // 30 days\n  262 \n→ 263 await prisma.session.create(\nForeign key constraint violated: `sessions_userId_fkey (index)`",
        "stack": "PrismaClientKnownRequestError: \nInvalid `prisma.session.create()` invocation in\n/Users/user/Desktop/AI/projects/nextsaas/backend/src/services/authService.ts:263:24\n\n  260 const expiresAt = new Date();\n  261 expiresAt.setDate(expiresAt.getDate() + 30); // 30 days\n  262 \n→ 263 await prisma.session.create(\nForeign key constraint violated: `sessions_userId_fkey (index)`\n    at $n.handleRequestError (/Users/user/Desktop/AI/projects/nextsaas/backend/node_modules/@prisma/client/runtime/library.js:121:7315)\n    at $n.handleAndLogRequestError (/Users/user/Desktop/AI/projects/nextsaas/backend/node_modules/@prisma/client/runtime/library.js:121:6623)\n    at $n.request (/Users/user/Desktop/AI/projects/nextsaas/backend/node_modules/@prisma/client/runtime/library.js:121:6307)\n    at l (/Users/user/Desktop/AI/projects/nextsaas/backend/node_modules/@prisma/client/runtime/library.js:130:9633)\n    at Object.login (/Users/user/Desktop/AI/projects/nextsaas/backend/src/services/authService.ts:263:3)\n    at /Users/user/Desktop/AI/projects/nextsaas/backend/src/routes/auth.ts:343:25",
        "requestId": "d1458b67-1819-496f-9d03-25af1494a80e",
        "method": "POST",
        "path": "/api/auth/login",
        "statusCode": 500,
        "isOperational": false
      }

      at Console.log (node_modules/winston/lib/winston/transports/console.js:87:23)

    console.log
      2026-01-20 13:16:50 [[31merror[39m]: Database error 
      Invalid `prisma.session.create()` invocation in
      /Users/user/Desktop/AI/projects/nextsaas/backend/src/services/authService.ts:263:24
      
        260 const expiresAt = new Date();
        261 expiresAt.setDate(expiresAt.getDate() + 30); // 30 days
        262 
      → 263 await prisma.session.create(
      Foreign key constraint violated: `sessions_userId_fkey (index)` {
        "target": "session.create"
      }

      at Console.log (node_modules/winston/lib/winston/transports/console.js:87:23)

    console.log
      2026-01-20 13:16:50 [[31merror[39m]: Request error {
        "error": "\nInvalid `prisma.session.create()` invocation in\n/Users/user/Desktop/AI/projects/nextsaas/backend/src/services/authService.ts:263:24\n\n  260 const expiresAt = new Date();\n  261 expiresAt.setDate(expiresAt.getDate() + 30); // 30 days\n  262 \n→ 263 await prisma.session.create(\nForeign key constraint violated: `sessions_userId_fkey (index)`",
        "stack": "PrismaClientKnownRequestError: \nInvalid `prisma.session.create()` invocation in\n/Users/user/Desktop/AI/projects/nextsaas/backend/src/services/authService.ts:263:24\n\n  260 const expiresAt = new Date();\n  261 expiresAt.setDate(expiresAt.getDate() + 30); // 30 days\n  262 \n→ 263 await prisma.session.create(\nForeign key constraint violated: `sessions_userId_fkey (index)`\n    at $n.handleRequestError (/Users/user/Desktop/AI/projects/nextsaas/backend/node_modules/@prisma/client/runtime/library.js:121:7315)\n    at $n.handleAndLogRequestError (/Users/user/Desktop/AI/projects/nextsaas/backend/node_modules/@prisma/client/runtime/library.js:121:6623)\n    at $n.request (/Users/user/Desktop/AI/projects/nextsaas/backend/node_modules/@prisma/client/runtime/library.js:121:6307)\n    at l (/Users/user/Desktop/AI/projects/nextsaas/backend/node_modules/@prisma/client/runtime/library.js:130:9633)\n    at Object.login (/Users/user/Desktop/AI/projects/nextsaas/backend/src/services/authService.ts:263:3)\n    at /Users/user/Desktop/AI/projects/nextsaas/backend/src/routes/auth.ts:343:25",
        "requestId": "4d69f062-a19b-49e0-aecf-88296536adc4",
        "method": "POST",
        "path": "/api/auth/login",
        "statusCode": 500,
        "isOperational": false
      }

      at Console.log (node_modules/winston/lib/winston/transports/console.js:87:23)

  ● Idempotency Middleware E2E Integration Tests › E2E: GDPR Deletion Request Idempotency › should return same response for duplicate deletion requests with same idempotency key

    expected 200 "OK", got 500 "Internal Server Error"

      76 |         password: userPassword,
      77 |       })
    > 78 |       .expect(200);
         |        ^
      79 |
      80 |     const accessToken = findCookie(loginResponse.headers, 'accessToken');
      81 |     accessTokenCookie = `accessToken=${accessToken}`;

      at Object.<anonymous> (src/__tests__/routes/idempotency.e2e.test.ts:78:8)
      ----
      at Test._assertStatus (node_modules/supertest/lib/test.js:252:14)
      at node_modules/supertest/lib/test.js:308:13
      at Test._assertFunction (node_modules/supertest/lib/test.js:285:13)
      at Test.assert (node_modules/supertest/lib/test.js:164:23)
      at Server.localAssert (node_modules/supertest/lib/test.js:120:14)

  ● Idempotency Middleware E2E Integration Tests › E2E: GDPR Deletion Request Idempotency › should allow different deletion requests with different idempotency keys

    expected 200 "OK", got 500 "Internal Server Error"

      76 |         password: userPassword,
      77 |       })
    > 78 |       .expect(200);
         |        ^
      79 |
      80 |     const accessToken = findCookie(loginResponse.headers, 'accessToken');
      81 |     accessTokenCookie = `accessToken=${accessToken}`;

      at Object.<anonymous> (src/__tests__/routes/idempotency.e2e.test.ts:78:8)
      ----
      at Test._assertStatus (node_modules/supertest/lib/test.js:252:14)
      at node_modules/supertest/lib/test.js:308:13
      at Test._assertFunction (node_modules/supertest/lib/test.js:285:13)
      at Test.assert (node_modules/supertest/lib/test.js:164:23)
      at Server.localAssert (node_modules/supertest/lib/test.js:120:14)

  ● Idempotency Middleware E2E Integration Tests › E2E: GDPR Consent Grant Idempotency › should return same response for duplicate consent grants with same idempotency key

    expected 200 "OK", got 500 "Internal Server Error"

      76 |         password: userPassword,
      77 |       })
    > 78 |       .expect(200);
         |        ^
      79 |
      80 |     const accessToken = findCookie(loginResponse.headers, 'accessToken');
      81 |     accessTokenCookie = `accessToken=${accessToken}`;

      at Object.<anonymous> (src/__tests__/routes/idempotency.e2e.test.ts:78:8)
      ----
      at Test._assertStatus (node_modules/supertest/lib/test.js:252:14)
      at node_modules/supertest/lib/test.js:308:13
      at Test._assertFunction (node_modules/supertest/lib/test.js:285:13)
      at Test.assert (node_modules/supertest/lib/test.js:164:23)
      at Server.localAssert (node_modules/supertest/lib/test.js:120:14)

  ● Idempotency Middleware E2E Integration Tests › E2E: Idempotency Key Header Formats › should accept idempotency-key header (lowercase)

    expected 200 "OK", got 500 "Internal Server Error"

      76 |         password: userPassword,
      77 |       })
    > 78 |       .expect(200);
         |        ^
      79 |
      80 |     const accessToken = findCookie(loginResponse.headers, 'accessToken');
      81 |     accessTokenCookie = `accessToken=${accessToken}`;

      at Object.<anonymous> (src/__tests__/routes/idempotency.e2e.test.ts:78:8)
      ----
      at Test._assertStatus (node_modules/supertest/lib/test.js:252:14)
      at node_modules/supertest/lib/test.js:308:13
      at Test._assertFunction (node_modules/supertest/lib/test.js:285:13)
      at Test.assert (node_modules/supertest/lib/test.js:164:23)
      at Server.localAssert (node_modules/supertest/lib/test.js:120:14)

  ● Idempotency Middleware E2E Integration Tests › E2E: Idempotency Key Header Formats › should accept Idempotency-Key header (title case)

    expected 200 "OK", got 500 "Internal Server Error"

      76 |         password: userPassword,
      77 |       })
    > 78 |       .expect(200);
         |        ^
      79 |
      80 |     const accessToken = findCookie(loginResponse.headers, 'accessToken');
      81 |     accessTokenCookie = `accessToken=${accessToken}`;

      at Object.<anonymous> (src/__tests__/routes/idempotency.e2e.test.ts:78:8)
      ----
      at Test._assertStatus (node_modules/supertest/lib/test.js:252:14)
      at node_modules/supertest/lib/test.js:308:13
      at Test._assertFunction (node_modules/supertest/lib/test.js:285:13)
      at Test.assert (node_modules/supertest/lib/test.js:164:23)
      at Server.localAssert (node_modules/supertest/lib/test.js:120:14)

  ● Idempotency Middleware E2E Integration Tests › E2E: Idempotency Key Header Formats › should accept x-idempotency-key header

    expected 200 "OK", got 500 "Internal Server Error"

      76 |         password: userPassword,
      77 |       })
    > 78 |       .expect(200);
         |        ^
      79 |
      80 |     const accessToken = findCookie(loginResponse.headers, 'accessToken');
      81 |     accessTokenCookie = `accessToken=${accessToken}`;

      at Object.<anonymous> (src/__tests__/routes/idempotency.e2e.test.ts:78:8)
      ----
      at Test._assertStatus (node_modules/supertest/lib/test.js:252:14)
      at node_modules/supertest/lib/test.js:308:13
      at Test._assertFunction (node_modules/supertest/lib/test.js:285:13)
      at Test.assert (node_modules/supertest/lib/test.js:164:23)
      at Server.localAssert (node_modules/supertest/lib/test.js:120:14)

  ● Idempotency Middleware E2E Integration Tests › E2E: Idempotency Without Key › should process requests normally when no idempotency key is provided

    expected 200 "OK", got 500 "Internal Server Error"

      76 |         password: userPassword,
      77 |       })
    > 78 |       .expect(200);
         |        ^
      79 |
      80 |     const accessToken = findCookie(loginResponse.headers, 'accessToken');
      81 |     accessTokenCookie = `accessToken=${accessToken}`;

      at Object.<anonymous> (src/__tests__/routes/idempotency.e2e.test.ts:78:8)
      ----
      at Test._assertStatus (node_modules/supertest/lib/test.js:252:14)
      at node_modules/supertest/lib/test.js:308:13
      at Test._assertFunction (node_modules/supertest/lib/test.js:285:13)
      at Test.assert (node_modules/supertest/lib/test.js:164:23)
      at Server.localAssert (node_modules/supertest/lib/test.js:120:14)

FAIL src/__tests__/routes/profile-audit.test.ts (9.584 s)
  ● Console

    console.log
      2026-01-20 13:16:51 [[32minfo[39m]: Swagger UI available at /api-docs

      at Console.log (node_modules/winston/lib/winston/transports/console.js:87:23)

    console.log
      2026-01-20 13:16:52 [[32minfo[39m]: Incoming request {
        "method": "POST",
        "path": "/api/auth/login",
        "requestId": "e3af0d71-0654-4a38-be6c-2f6e901a0b3e",
        "ip": "::ffff:127.0.0.1"
      }

      at Console.log (node_modules/winston/lib/winston/transports/console.js:87:23)

    console.log
      2026-01-20 13:16:52 [[32minfo[39m]: User logged in {
        "userId": "5bf2213e-02f9-443a-a7e5-8dc3f275bc7c",
        "email": "a***@example.com"
      }

      at Console.log (node_modules/winston/lib/winston/transports/console.js:87:23)

    console.log
      2026-01-20 13:16:52 [[32minfo[39m]: Incoming request {
        "method": "PUT",
        "path": "/api/profile/me",
        "requestId": "936d1ec6-7a54-4dda-8150-c7550105b562",
        "ip": "::ffff:127.0.0.1"
      }

      at Console.log (node_modules/winston/lib/winston/transports/console.js:87:23)

    console.log
      2026-01-20 13:16:52 [[32minfo[39m]: Audit log created {
        "logId": "df65056e-bc99-446e-9b4f-d1cf2377b189",
        "action": "PROFILE_UPDATED",
        "userId": "5bf2213e-02f9-443a-a7e5-8dc3f275bc7c",
        "resource": "users"
      }

      at Console.log (node_modules/winston/lib/winston/transports/console.js:87:23)

    console.log
      2026-01-20 13:16:52 [[32minfo[39m]: User profile updated {
        "userId": "5bf2213e-02f9-443a-a7e5-8dc3f275bc7c",
        "email": "a***@example.com",
        "changes": [
          "name: \"Original Name\" → \"Updated Name\""
        ],
        "ipAddress": "::ffff:127.0.0.1"
      }

      at Console.log (node_modules/winston/lib/winston/transports/console.js:87:23)

    console.log
      2026-01-20 13:16:52 [[32minfo[39m]: Incoming request {
        "method": "POST",
        "path": "/api/auth/login",
        "requestId": "0cddea12-f1a3-4b99-8610-221666e63fc4",
        "ip": "::ffff:127.0.0.1"
      }

      at Console.log (node_modules/winston/lib/winston/transports/console.js:87:23)

    console.log
      2026-01-20 13:16:53 [[32minfo[39m]: User logged in {
        "userId": "5a19817c-0e65-47b2-9260-8c51fe17474d",
        "email": "a***@example.com"
      }

      at Console.log (node_modules/winston/lib/winston/transports/console.js:87:23)

    console.log
      2026-01-20 13:16:53 [[32minfo[39m]: Incoming request {
        "method": "PUT",
        "path": "/api/profile/me",
        "requestId": "7c4ce350-25d1-45c7-abc2-93ecdf045ebd",
        "ip": "::ffff:127.0.0.1"
      }

      at Console.log (node_modules/winston/lib/winston/transports/console.js:87:23)

    console.log
      2026-01-20 13:16:53 [[32minfo[39m]: Audit log created {
        "logId": "d2009a16-ab99-498b-8b96-3d8d177f1761",
        "action": "PROFILE_UPDATED",
        "userId": "5a19817c-0e65-47b2-9260-8c51fe17474d",
        "resource": "users"
      }

      at Console.log (node_modules/winston/lib/winston/transports/console.js:87:23)

    console.log
      2026-01-20 13:16:53 [[32minfo[39m]: User profile updated {
        "userId": "5a19817c-0e65-47b2-9260-8c51fe17474d",
        "email": "u***@example.com",
        "changes": [
          "email: \"a***@example.com\" → \"u***@example.com\""
        ],
        "ipAddress": "::ffff:127.0.0.1"
      }

      at Console.log (node_modules/winston/lib/winston/transports/console.js:87:23)

    console.log
      2026-01-20 13:16:53 [[32minfo[39m]: Incoming request {
        "method": "POST",
        "path": "/api/auth/login",
        "requestId": "f195d179-00bc-4b9c-a205-9dbef20333a2",
        "ip": "::ffff:127.0.0.1"
      }

      at Console.log (node_modules/winston/lib/winston/transports/console.js:87:23)

    console.log
      2026-01-20 13:16:54 [[32minfo[39m]: User logged in {
        "userId": "daec8618-9b1d-4a3e-903f-baf0defb7471",
        "email": "a***@example.com"
      }

      at Console.log (node_modules/winston/lib/winston/transports/console.js:87:23)

    console.log
      2026-01-20 13:16:54 [[32minfo[39m]: Incoming request {
        "method": "PUT",
        "path": "/api/profile/me",
        "requestId": "c7a1bdd7-440e-4dd9-94ca-97d27ea4ea52",
        "ip": "192.168.1.100"
      }

      at Console.log (node_modules/winston/lib/winston/transports/console.js:87:23)

    console.log
      2026-01-20 13:16:54 [[32minfo[39m]: Audit log created {
        "logId": "2bf0adc1-6aad-4666-b091-72a086aaa0ec",
        "action": "PROFILE_UPDATED",
        "userId": "daec8618-9b1d-4a3e-903f-baf0defb7471",
        "resource": "users"
      }

      at Console.log (node_modules/winston/lib/winston/transports/console.js:87:23)

    console.log
      2026-01-20 13:16:54 [[32minfo[39m]: User profile updated {
        "userId": "daec8618-9b1d-4a3e-903f-baf0defb7471",
        "email": "a***@example.com",
        "changes": [
          "name: \"Test User\" → \"Updated Name\""
        ],
        "ipAddress": "192.168.1.100",
        "userAgent": "Test User Agent"
      }

      at Console.log (node_modules/winston/lib/winston/transports/console.js:87:23)

    console.log
      2026-01-20 13:16:54 [[32minfo[39m]: Incoming request {
        "method": "POST",
        "path": "/api/auth/login",
        "requestId": "a72e1b9f-67ce-4e22-bbda-de8832941a6c",
        "ip": "::ffff:127.0.0.1"
      }

      at Console.log (node_modules/winston/lib/winston/transports/console.js:87:23)

    console.log
      2026-01-20 13:16:54 [[32minfo[39m]: User logged in {
        "userId": "a9fef387-ed15-4937-9caa-ee876a780f0a",
        "email": "a***@example.com"
      }

      at Console.log (node_modules/winston/lib/winston/transports/console.js:87:23)

    console.log
      2026-01-20 13:16:55 [[32minfo[39m]: Incoming request {
        "method": "PUT",
        "path": "/api/profile/me",
        "requestId": "3ea87c01-aa54-4749-b53c-0bab5eb8c26b",
        "ip": "::ffff:127.0.0.1"
      }

      at Console.log (node_modules/winston/lib/winston/transports/console.js:87:23)

    console.log
      2026-01-20 13:16:55 [[32minfo[39m]: Incoming request {
        "method": "POST",
        "path": "/api/auth/login",
        "requestId": "d8e9963b-dfdd-4a56-8e3e-0dbd5251f007",
        "ip": "::ffff:127.0.0.1"
      }

      at Console.log (node_modules/winston/lib/winston/transports/console.js:87:23)

    console.log
      2026-01-20 13:16:55 [[32minfo[39m]: User logged in {
        "userId": "d05e316d-3f33-4a38-9648-67af420b5985",
        "email": "a***@example.com"
      }

      at Console.log (node_modules/winston/lib/winston/transports/console.js:87:23)

    console.log
      2026-01-20 13:16:55 [[32minfo[39m]: Incoming request {
        "method": "PUT",
        "path": "/api/profile/password",
        "requestId": "355d3d3d-32b5-46dd-9818-c67521d9de5f",
        "ip": "::ffff:127.0.0.1"
      }

      at Console.log (node_modules/winston/lib/winston/transports/console.js:87:23)

    console.log
      2026-01-20 13:16:56 [[31merror[39m]: Database error 
      Invalid `prisma.user.update()` invocation in
      /Users/user/Desktop/AI/projects/nextsaas/backend/src/services/profileService.ts:210:21
      
        207 const hashedPassword = await hashPassword(newPassword);
        208 
        209 // Update password
      → 210 await prisma.user.update(
      An operation failed because it depends on one or more records that were required but not found. Record to update not found. {
        "target": "user.update"
      }

      at Console.log (node_modules/winston/lib/winston/transports/console.js:87:23)

    console.log
      2026-01-20 13:16:56 [[31merror[39m]: Request error {
        "error": "\nInvalid `prisma.user.update()` invocation in\n/Users/user/Desktop/AI/projects/nextsaas/backend/src/services/profileService.ts:210:21\n\n  207 const hashedPassword = await hashPassword(newPassword);\n  208 \n  209 // Update password\n→ 210 await prisma.user.update(\nAn operation failed because it depends on one or more records that were required but not found. Record to update not found.",
        "stack": "PrismaClientKnownRequestError: \nInvalid `prisma.user.update()` invocation in\n/Users/user/Desktop/AI/projects/nextsaas/backend/src/services/profileService.ts:210:21\n\n  207 const hashedPassword = await hashPassword(newPassword);\n  208 \n  209 // Update password\n→ 210 await prisma.user.update(\nAn operation failed because it depends on one or more records that were required but not found. Record to update not found.\n    at $n.handleRequestError (/Users/user/Desktop/AI/projects/nextsaas/backend/node_modules/@prisma/client/runtime/library.js:121:7315)\n    at $n.handleAndLogRequestError (/Users/user/Desktop/AI/projects/nextsaas/backend/node_modules/@prisma/client/runtime/library.js:121:6623)\n    at $n.request (/Users/user/Desktop/AI/projects/nextsaas/backend/node_modules/@prisma/client/runtime/library.js:121:6307)\n    at l (/Users/user/Desktop/AI/projects/nextsaas/backend/node_modules/@prisma/client/runtime/library.js:130:9633)\n    at Object.changePassword (/Users/user/Desktop/AI/projects/nextsaas/backend/src/services/profileService.ts:210:3)\n    at /Users/user/Desktop/AI/projects/nextsaas/backend/src/routes/profile.ts:209:20",
        "requestId": "355d3d3d-32b5-46dd-9818-c67521d9de5f",
        "userId": "d05e316d-3f33-4a38-9648-67af420b5985",
        "method": "PUT",
        "path": "/api/profile/password",
        "statusCode": 500,
        "isOperational": false
      }

      at Console.log (node_modules/winston/lib/winston/transports/console.js:87:23)

    console.log
      2026-01-20 13:16:57 [[32minfo[39m]: Incoming request {
        "method": "POST",
        "path": "/api/auth/login",
        "requestId": "4ed62fce-d5fa-4d7d-8363-b58fd8f4cee9",
        "ip": "::ffff:127.0.0.1"
      }

      at Console.log (node_modules/winston/lib/winston/transports/console.js:87:23)

    console.log
      2026-01-20 13:16:57 [[32minfo[39m]: User logged in {
        "userId": "e458862e-475a-4fa5-888f-4187d6bc8f7f",
        "email": "a***@example.com"
      }

      at Console.log (node_modules/winston/lib/winston/transports/console.js:87:23)

    console.log
      2026-01-20 13:16:57 [[32minfo[39m]: Incoming request {
        "method": "PUT",
        "path": "/api/profile/password",
        "requestId": "3a7e6f24-2aa9-4e59-a4bd-200bf28a3fed",
        "ip": "::ffff:127.0.0.1"
      }

      at Console.log (node_modules/winston/lib/winston/transports/console.js:87:23)

    console.log
      2026-01-20 13:16:58 [[32minfo[39m]: Incoming request {
        "method": "POST",
        "path": "/api/auth/login",
        "requestId": "a1ec6206-4ce1-4037-a516-506ba23544ad",
        "ip": "::ffff:127.0.0.1"
      }

      at Console.log (node_modules/winston/lib/winston/transports/console.js:87:23)

    console.log
      2026-01-20 13:16:58 [[32minfo[39m]: User logged in {
        "userId": "27e96bb4-2f00-40c3-8ec9-59e9932d32ab",
        "email": "a***@example.com"
      }

      at Console.log (node_modules/winston/lib/winston/transports/console.js:87:23)

    console.log
      2026-01-20 13:16:58 [[32minfo[39m]: Incoming request {
        "method": "PUT",
        "path": "/api/profile/password",
        "requestId": "fd7d9bbe-a458-4342-ac82-21492a8c3792",
        "ip": "192.168.1.100"
      }

      at Console.log (node_modules/winston/lib/winston/transports/console.js:87:23)

    console.log
      2026-01-20 13:16:59 [[31merror[39m]: Database error 
      Invalid `prisma.user.update()` invocation in
      /Users/user/Desktop/AI/projects/nextsaas/backend/src/services/profileService.ts:210:21
      
        207 const hashedPassword = await hashPassword(newPassword);
        208 
        209 // Update password
      → 210 await prisma.user.update(
      An operation failed because it depends on one or more records that were required but not found. Record to update not found. {
        "target": "user.update"
      }

      at Console.log (node_modules/winston/lib/winston/transports/console.js:87:23)

    console.log
      2026-01-20 13:16:59 [[31merror[39m]: Request error {
        "error": "\nInvalid `prisma.user.update()` invocation in\n/Users/user/Desktop/AI/projects/nextsaas/backend/src/services/profileService.ts:210:21\n\n  207 const hashedPassword = await hashPassword(newPassword);\n  208 \n  209 // Update password\n→ 210 await prisma.user.update(\nAn operation failed because it depends on one or more records that were required but not found. Record to update not found.",
        "stack": "PrismaClientKnownRequestError: \nInvalid `prisma.user.update()` invocation in\n/Users/user/Desktop/AI/projects/nextsaas/backend/src/services/profileService.ts:210:21\n\n  207 const hashedPassword = await hashPassword(newPassword);\n  208 \n  209 // Update password\n→ 210 await prisma.user.update(\nAn operation failed because it depends on one or more records that were required but not found. Record to update not found.\n    at $n.handleRequestError (/Users/user/Desktop/AI/projects/nextsaas/backend/node_modules/@prisma/client/runtime/library.js:121:7315)\n    at $n.handleAndLogRequestError (/Users/user/Desktop/AI/projects/nextsaas/backend/node_modules/@prisma/client/runtime/library.js:121:6623)\n    at $n.request (/Users/user/Desktop/AI/projects/nextsaas/backend/node_modules/@prisma/client/runtime/library.js:121:6307)\n    at l (/Users/user/Desktop/AI/projects/nextsaas/backend/node_modules/@prisma/client/runtime/library.js:130:9633)\n    at Object.changePassword (/Users/user/Desktop/AI/projects/nextsaas/backend/src/services/profileService.ts:210:3)\n    at /Users/user/Desktop/AI/projects/nextsaas/backend/src/routes/profile.ts:209:20",
        "requestId": "fd7d9bbe-a458-4342-ac82-21492a8c3792",
        "userId": "27e96bb4-2f00-40c3-8ec9-59e9932d32ab",
        "method": "PUT",
        "path": "/api/profile/password",
        "statusCode": 500,
        "isOperational": false
      }

      at Console.log (node_modules/winston/lib/winston/transports/console.js:87:23)

  ● Profile Audit Logging › Password Change Audit Logging › should create audit log when password is changed

    expect(received).toHaveLength(expected)

    Expected length: 1
    Received length: 0
    Received array:  []

      207 |       });
      208 |
    > 209 |       expect(auditLogs).toHaveLength(1);
          |                         ^
      210 |       expect(auditLogs[0].action).toBe('PASSWORD_CHANGED');
      211 |       expect(auditLogs[0].resource).toBe('users');
      212 |       expect(auditLogs[0].resourceId).toBe(user.id);

      at Object.<anonymous> (src/__tests__/routes/profile-audit.test.ts:209:25)

  ● Profile Audit Logging › Password Change Audit Logging › should create audit log with IP address and user agent for password change

    expect(received).toHaveLength(expected)

    Expected length: 1
    Received length: 0
    Received array:  []

      285 |       });
      286 |
    > 287 |       expect(auditLogs).toHaveLength(1);
          |                         ^
      288 |       expect(auditLogs[0].ipAddress).toBeTruthy();
      289 |       expect(auditLogs[0].userAgent).toBeTruthy();
      290 |     });

      at Object.<anonymous> (src/__tests__/routes/profile-audit.test.ts:287:25)

PASS src/__tests__/routes/gdpr.consent.e2e.test.ts (10.036 s)
  ● Console

    console.log
      2026-01-20 13:16:51 [[32minfo[39m]: User logged in {
        "userId": "08e19ff0-7de9-40fb-939f-04c1629e09e9",
        "email": "g***@example.com"
      }

      at Console.log (node_modules/winston/lib/winston/transports/console.js:87:23)

    console.log
      2026-01-20 13:16:51 [[32minfo[39m]: Audit log created {
        "logId": "bc1e3a40-45ac-4dcd-aaa8-0c364dcfc6e9",
        "action": "CONSENT_GRANTED",
        "userId": "08e19ff0-7de9-40fb-939f-04c1629e09e9",
        "resource": "consent_records"
      }

      at Console.log (node_modules/winston/lib/winston/transports/console.js:87:23)

    console.log
      2026-01-20 13:16:51 [[32minfo[39m]: Consent granted {
        "userId": "08e19ff0-7de9-40fb-939f-04c1629e09e9",
        "consentType": "MARKETING_EMAILS"
      }

      at Console.log (node_modules/winston/lib/winston/transports/console.js:87:23)

    console.log
      2026-01-20 13:16:52 [[32minfo[39m]: User logged in {
        "userId": "cadf28fb-6533-4b34-9eb7-1ec7bd9e7c08",
        "email": "g***@example.com"
      }

      at Console.log (node_modules/winston/lib/winston/transports/console.js:87:23)

    console.log
      2026-01-20 13:16:52 [[32minfo[39m]: Audit log created {
        "logId": "8fb89e22-7145-484f-b968-c189dc1ad874",
        "action": "CONSENT_GRANTED",
        "userId": "cadf28fb-6533-4b34-9eb7-1ec7bd9e7c08",
        "resource": "consent_records"
      }

      at Console.log (node_modules/winston/lib/winston/transports/console.js:87:23)

    console.log
      2026-01-20 13:16:52 [[32minfo[39m]: Consent granted {
        "userId": "cadf28fb-6533-4b34-9eb7-1ec7bd9e7c08",
        "consentType": "MARKETING_EMAILS"
      }

      at Console.log (node_modules/winston/lib/winston/transports/console.js:87:23)

    console.log
      2026-01-20 13:16:52 [[32minfo[39m]: Audit log created {
        "logId": "765e56ad-fb5d-4bb1-bae9-d77b5599712b",
        "action": "CONSENT_GRANTED",
        "userId": "cadf28fb-6533-4b34-9eb7-1ec7bd9e7c08",
        "resource": "consent_records"
      }

      at Console.log (node_modules/winston/lib/winston/transports/console.js:87:23)

    console.log
      2026-01-20 13:16:52 [[32minfo[39m]: Consent granted {
        "userId": "cadf28fb-6533-4b34-9eb7-1ec7bd9e7c08",
        "consentType": "ANALYTICS"
      }

      at Console.log (node_modules/winston/lib/winston/transports/console.js:87:23)

    console.log
      2026-01-20 13:16:53 [[32minfo[39m]: User logged in {
        "userId": "c80e021b-2416-47df-b592-6de0a217664a",
        "email": "g***@example.com"
      }

      at Console.log (node_modules/winston/lib/winston/transports/console.js:87:23)

    console.log
      2026-01-20 13:16:54 [[32minfo[39m]: User logged in {
        "userId": "712a3410-1adb-42df-ad14-e07c41a57e21",
        "email": "g***@example.com"
      }

      at Console.log (node_modules/winston/lib/winston/transports/console.js:87:23)

    console.log
      2026-01-20 13:16:54 [[32minfo[39m]: Audit log created {
        "logId": "9a9dada9-0948-4eb5-a79e-42b1420f4577",
        "action": "CONSENT_GRANTED",
        "userId": "712a3410-1adb-42df-ad14-e07c41a57e21",
        "resource": "consent_records"
      }

      at Console.log (node_modules/winston/lib/winston/transports/console.js:87:23)

    console.log
      2026-01-20 13:16:54 [[32minfo[39m]: Consent granted {
        "userId": "712a3410-1adb-42df-ad14-e07c41a57e21",
        "consentType": "MARKETING_EMAILS"
      }

      at Console.log (node_modules/winston/lib/winston/transports/console.js:87:23)

    console.log
      2026-01-20 13:16:54 [[32minfo[39m]: Audit log created {
        "logId": "711cae46-5723-4567-bfdb-12e3fb03e8ac",
        "action": "CONSENT_REVOKED",
        "userId": "712a3410-1adb-42df-ad14-e07c41a57e21",
        "resource": "consent_records"
      }

      at Console.log (node_modules/winston/lib/winston/transports/console.js:87:23)

    console.log
      2026-01-20 13:16:54 [[32minfo[39m]: Consent revoked {
        "userId": "712a3410-1adb-42df-ad14-e07c41a57e21",
        "consentType": "MARKETING_EMAILS"
      }

      at Console.log (node_modules/winston/lib/winston/transports/console.js:87:23)

    console.log
      2026-01-20 13:16:55 [[32minfo[39m]: User logged in {
        "userId": "1d8abb47-f63c-4f0a-8ea3-7be68b8d401c",
        "email": "g***@example.com"
      }

      at Console.log (node_modules/winston/lib/winston/transports/console.js:87:23)

    console.log
      2026-01-20 13:16:56 [[32minfo[39m]: User logged in {
        "userId": "c403c23c-4b47-4d45-a536-2cce5ce25201",
        "email": "g***@example.com"
      }

      at Console.log (node_modules/winston/lib/winston/transports/console.js:87:23)

    console.log
      2026-01-20 13:16:57 [[32minfo[39m]: User logged in {
        "userId": "c9fae81d-be4b-4187-bb10-158f79ff8b39",
        "email": "g***@example.com"
      }

      at Console.log (node_modules/winston/lib/winston/transports/console.js:87:23)

    console.log
      2026-01-20 13:16:58 [[32minfo[39m]: User logged in {
        "userId": "497eb4d0-5d50-468e-97d6-a6a4e426f01c",
        "email": "g***@example.com"
      }

      at Console.log (node_modules/winston/lib/winston/transports/console.js:87:23)

    console.log
      2026-01-20 13:16:59 [[32minfo[39m]: User logged in {
        "userId": "3f88adc2-00a7-48d1-99c0-22e4e8864f6e",
        "email": "g***@example.com"
      }

      at Console.log (node_modules/winston/lib/winston/transports/console.js:87:23)

    console.log
      2026-01-20 13:17:00 [[32minfo[39m]: User logged in {
        "userId": "ae16b132-21e1-45af-abfc-ff6b645e29b1",
        "email": "g***@example.com"
      }

      at Console.log (node_modules/winston/lib/winston/transports/console.js:87:23)

PASS src/__tests__/rbacService.test.ts
  ● Console

    console.log
      2026-01-20 13:17:00 [[32minfo[39m]: User role updated {
        "userId": "f886f2f7-0100-4a8c-ac54-c2f1f6517392",
        "newRole": "ADMIN"
      }

      at Console.log (node_modules/winston/lib/winston/transports/console.js:87:23)

    console.log
      2026-01-20 13:17:00 [[31merror[39m]: Database error 
      Invalid `prisma.user.update()` invocation in
      /Users/user/Desktop/AI/projects/nextsaas/backend/src/services/rbacService.ts:120:36
      
        117   newRole: Role
        118 ): Promise<User> => {
        119   try {
      → 120     const user = await prisma.user.update({
                  where: {
                    id: "57246f83-0d40-4b8a-bc10-b9f04876af3f"
                  },
                  data: {
                    role: "INVALID_ROLE"
                          ~~~~~~~~~~~~~~
                  }
                })
      
      Invalid value for argument `role`. Expected Role. {
        "target": "user.update"
      }

      at Console.log (node_modules/winston/lib/winston/transports/console.js:87:23)

    console.log
      2026-01-20 13:17:00 [[31merror[39m]: Failed to update user role {
        "userId": "57246f83-0d40-4b8a-bc10-b9f04876af3f",
        "newRole": "INVALID_ROLE",
        "error": "\nInvalid `prisma.user.update()` invocation in\n/Users/user/Desktop/AI/projects/nextsaas/backend/src/services/rbacService.ts:120:36\n\n  117   newRole: Role\n  118 ): Promise<User> => {\n  119   try {\n→ 120     const user = await prisma.user.update({\n            where: {\n              id: \"57246f83-0d40-4b8a-bc10-b9f04876af3f\"\n            },\n            data: {\n              role: \"INVALID_ROLE\"\n                    ~~~~~~~~~~~~~~\n            }\n          })\n\nInvalid value for argument `role`. Expected Role."
      }

      at Console.log (node_modules/winston/lib/winston/transports/console.js:87:23)

    console.log
      2026-01-20 13:17:00 [[31merror[39m]: Database error 
      Invalid `prisma.user.update()` invocation in
      /Users/user/Desktop/AI/projects/nextsaas/backend/src/services/rbacService.ts:120:36
      
        117   newRole: Role
        118 ): Promise<User> => {
        119   try {
      → 120     const user = await prisma.user.update(
      An operation failed because it depends on one or more records that were required but not found. Record to update not found. {
        "target": "user.update"
      }

      at Console.log (node_modules/winston/lib/winston/transports/console.js:87:23)

    console.log
      2026-01-20 13:17:00 [[31merror[39m]: Failed to update user role {
        "userId": "non-existent-id",
        "newRole": "ADMIN",
        "error": "\nInvalid `prisma.user.update()` invocation in\n/Users/user/Desktop/AI/projects/nextsaas/backend/src/services/rbacService.ts:120:36\n\n  117   newRole: Role\n  118 ): Promise<User> => {\n  119   try {\n→ 120     const user = await prisma.user.update(\nAn operation failed because it depends on one or more records that were required but not found. Record to update not found."
      }

      at Console.log (node_modules/winston/lib/winston/transports/console.js:87:23)

FAIL src/__tests__/routes/auth.forgotPassword.test.ts (7.017 s)
  ● Console

    console.log
      2026-01-20 13:17:01 [[31merror[39m]: Failed to send email {
        "to": "t***@example.com",
        "subject": "Reset Your Password",
        "error": "You can only send testing emails to your own email address (v***@gmail.com). To send emails to other recipients, please verify a domain at resend.com/domains, and change the `from` address to an email using this domain."
      }

      at Console.log (node_modules/winston/lib/winston/transports/console.js:87:23)

    console.log
      2026-01-20 13:17:01 [[31merror[39m]: Failed to send password reset email {
        "userId": "951442a6-6eba-4c3a-9abc-ce0b8ba4771d",
        "email": "t***@example.com",
        "error": "Failed to send email"
      }

      at Console.log (node_modules/winston/lib/winston/transports/console.js:87:23)

    console.log
      2026-01-20 13:17:01 [[31merror[39m]: Database error 
      Invalid `prisma.user.create()` invocation in
      /Users/user/Desktop/AI/projects/nextsaas/backend/src/tests/setup.ts:61:22
      
        58   role: 'USER' as any,
        59 };
        60 
      → 61 return prisma.user.create(
      Unique constraint failed on the fields: (`email`) {
        "target": "user.create"
      }

      at Console.log (node_modules/winston/lib/winston/transports/console.js:87:23)

    console.log
      2026-01-20 13:17:02 [[31merror[39m]: Failed to send email {
        "to": "t***@example.com",
        "subject": "Reset Your Password",
        "error": "You can only send testing emails to your own email address (v***@gmail.com). To send emails to other recipients, please verify a domain at resend.com/domains, and change the `from` address to an email using this domain."
      }

      at Console.log (node_modules/winston/lib/winston/transports/console.js:87:23)

    console.log
      2026-01-20 13:17:02 [[31merror[39m]: Failed to send password reset email {
        "userId": "d2046911-96ee-486b-8f38-c6ed68735e0b",
        "email": "t***@example.com",
        "error": "Failed to send email"
      }

      at Console.log (node_modules/winston/lib/winston/transports/console.js:87:23)

    console.log
      2026-01-20 13:17:03 [[31merror[39m]: Database error 
      Invalid `prisma.user.update()` invocation in
      /Users/user/Desktop/AI/projects/nextsaas/backend/src/services/authService.ts:503:21
      
        500 const hashedPassword = await hashPassword(newPassword);
        501 
        502 // Update user password
      → 503 await prisma.user.update(
      An operation failed because it depends on one or more records that were required but not found. Record to update not found. {
        "target": "user.update"
      }

      at Console.log (node_modules/winston/lib/winston/transports/console.js:87:23)

    console.log
      2026-01-20 13:17:03 [[31merror[39m]: Request error {
        "error": "\nInvalid `prisma.user.update()` invocation in\n/Users/user/Desktop/AI/projects/nextsaas/backend/src/services/authService.ts:503:21\n\n  500 const hashedPassword = await hashPassword(newPassword);\n  501 \n  502 // Update user password\n→ 503 await prisma.user.update(\nAn operation failed because it depends on one or more records that were required but not found. Record to update not found.",
        "stack": "PrismaClientKnownRequestError: \nInvalid `prisma.user.update()` invocation in\n/Users/user/Desktop/AI/projects/nextsaas/backend/src/services/authService.ts:503:21\n\n  500 const hashedPassword = await hashPassword(newPassword);\n  501 \n  502 // Update user password\n→ 503 await prisma.user.update(\nAn operation failed because it depends on one or more records that were required but not found. Record to update not found.\n    at $n.handleRequestError (/Users/user/Desktop/AI/projects/nextsaas/backend/node_modules/@prisma/client/runtime/library.js:121:7315)\n    at $n.handleAndLogRequestError (/Users/user/Desktop/AI/projects/nextsaas/backend/node_modules/@prisma/client/runtime/library.js:121:6623)\n    at $n.request (/Users/user/Desktop/AI/projects/nextsaas/backend/node_modules/@prisma/client/runtime/library.js:121:6307)\n    at l (/Users/user/Desktop/AI/projects/nextsaas/backend/node_modules/@prisma/client/runtime/library.js:130:9633)\n    at Object.resetPassword (/Users/user/Desktop/AI/projects/nextsaas/backend/src/services/authService.ts:503:3)\n    at /Users/user/Desktop/AI/projects/nextsaas/backend/src/routes/auth.ts:632:20",
        "requestId": "bffe4d02-d89d-4dca-b36f-0104a71b6df4",
        "method": "POST",
        "path": "/api/auth/reset-password/test-reset-token-123",
        "statusCode": 500,
        "isOperational": false
      }

      at Console.log (node_modules/winston/lib/winston/transports/console.js:87:23)

    console.log
      2026-01-20 13:17:04 [[31merror[39m]: Database error 
      Invalid `prisma.user.update()` invocation in
      /Users/user/Desktop/AI/projects/nextsaas/backend/src/services/authService.ts:503:21
      
        500 const hashedPassword = await hashPassword(newPassword);
        501 
        502 // Update user password
      → 503 await prisma.user.update(
      An operation failed because it depends on one or more records that were required but not found. Record to update not found. {
        "target": "user.update"
      }

      at Console.log (node_modules/winston/lib/winston/transports/console.js:87:23)

    console.log
      2026-01-20 13:17:04 [[31merror[39m]: Request error {
        "error": "\nInvalid `prisma.user.update()` invocation in\n/Users/user/Desktop/AI/projects/nextsaas/backend/src/services/authService.ts:503:21\n\n  500 const hashedPassword = await hashPassword(newPassword);\n  501 \n  502 // Update user password\n→ 503 await prisma.user.update(\nAn operation failed because it depends on one or more records that were required but not found. Record to update not found.",
        "stack": "PrismaClientKnownRequestError: \nInvalid `prisma.user.update()` invocation in\n/Users/user/Desktop/AI/projects/nextsaas/backend/src/services/authService.ts:503:21\n\n  500 const hashedPassword = await hashPassword(newPassword);\n  501 \n  502 // Update user password\n→ 503 await prisma.user.update(\nAn operation failed because it depends on one or more records that were required but not found. Record to update not found.\n    at $n.handleRequestError (/Users/user/Desktop/AI/projects/nextsaas/backend/node_modules/@prisma/client/runtime/library.js:121:7315)\n    at $n.handleAndLogRequestError (/Users/user/Desktop/AI/projects/nextsaas/backend/node_modules/@prisma/client/runtime/library.js:121:6623)\n    at $n.request (/Users/user/Desktop/AI/projects/nextsaas/backend/node_modules/@prisma/client/runtime/library.js:121:6307)\n    at l (/Users/user/Desktop/AI/projects/nextsaas/backend/node_modules/@prisma/client/runtime/library.js:130:9633)\n    at Object.resetPassword (/Users/user/Desktop/AI/projects/nextsaas/backend/src/services/authService.ts:503:3)\n    at /Users/user/Desktop/AI/projects/nextsaas/backend/src/routes/auth.ts:632:20",
        "requestId": "2838adb7-5a9a-4fbf-b6e8-43af79efc2b4",
        "method": "POST",
        "path": "/api/auth/reset-password/test-reset-token-123",
        "statusCode": 500,
        "isOperational": false
      }

      at Console.log (node_modules/winston/lib/winston/transports/console.js:87:23)

    console.log
      2026-01-20 13:17:04 [[31merror[39m]: Database error 
      Invalid `prisma.user.create()` invocation in
      /Users/user/Desktop/AI/projects/nextsaas/backend/src/tests/setup.ts:61:22
      
        58   role: 'USER' as any,
        59 };
        60 
      → 61 return prisma.user.create(
      Unique constraint failed on the fields: (`email`) {
        "target": "user.create"
      }

      at Console.log (node_modules/winston/lib/winston/transports/console.js:87:23)

    console.log
      2026-01-20 13:17:06 [[31merror[39m]: Database error 
      Invalid `prisma.user.update()` invocation in
      /Users/user/Desktop/AI/projects/nextsaas/backend/src/services/authService.ts:503:21
      
        500 const hashedPassword = await hashPassword(newPassword);
        501 
        502 // Update user password
      → 503 await prisma.user.update(
      An operation failed because it depends on one or more records that were required but not found. Record to update not found. {
        "target": "user.update"
      }

      at Console.log (node_modules/winston/lib/winston/transports/console.js:87:23)

    console.log
      2026-01-20 13:17:06 [[31merror[39m]: Request error {
        "error": "\nInvalid `prisma.user.update()` invocation in\n/Users/user/Desktop/AI/projects/nextsaas/backend/src/services/authService.ts:503:21\n\n  500 const hashedPassword = await hashPassword(newPassword);\n  501 \n  502 // Update user password\n→ 503 await prisma.user.update(\nAn operation failed because it depends on one or more records that were required but not found. Record to update not found.",
        "stack": "PrismaClientKnownRequestError: \nInvalid `prisma.user.update()` invocation in\n/Users/user/Desktop/AI/projects/nextsaas/backend/src/services/authService.ts:503:21\n\n  500 const hashedPassword = await hashPassword(newPassword);\n  501 \n  502 // Update user password\n→ 503 await prisma.user.update(\nAn operation failed because it depends on one or more records that were required but not found. Record to update not found.\n    at $n.handleRequestError (/Users/user/Desktop/AI/projects/nextsaas/backend/node_modules/@prisma/client/runtime/library.js:121:7315)\n    at $n.handleAndLogRequestError (/Users/user/Desktop/AI/projects/nextsaas/backend/node_modules/@prisma/client/runtime/library.js:121:6623)\n    at $n.request (/Users/user/Desktop/AI/projects/nextsaas/backend/node_modules/@prisma/client/runtime/library.js:121:6307)\n    at l (/Users/user/Desktop/AI/projects/nextsaas/backend/node_modules/@prisma/client/runtime/library.js:130:9633)\n    at Object.resetPassword (/Users/user/Desktop/AI/projects/nextsaas/backend/src/services/authService.ts:503:3)\n    at /Users/user/Desktop/AI/projects/nextsaas/backend/src/routes/auth.ts:632:20",
        "requestId": "25395d65-90bc-49c1-ad9b-e93c9b855602",
        "method": "POST",
        "path": "/api/auth/reset-password/test-reset-token-123",
        "statusCode": 500,
        "isOperational": false
      }

      at Console.log (node_modules/winston/lib/winston/transports/console.js:87:23)

  ● Forgot Password Endpoints › POST /api/auth/forgot-password › should create password reset token in database

    PrismaClientKnownRequestError: 
    Invalid `prisma.user.create()` invocation in
    /Users/user/Desktop/AI/projects/nextsaas/backend/src/tests/setup.ts:61:22

      58   role: 'USER' as any,
      59 };
      60 
    → 61 return prisma.user.create(
    Unique constraint failed on the fields: (`email`)

      22 |     await prisma.user.deleteMany();
      23 |     // Create test user
    > 24 |     testUser = await createTestUser({
         |                ^
      25 |       email: 'test@example.com',
      26 |       name: 'Test User',
      27 |     });

      at $n.handleRequestError (node_modules/@prisma/client/runtime/library.js:121:7315)
      at $n.handleAndLogRequestError (node_modules/@prisma/client/runtime/library.js:121:6623)
      at $n.request (node_modules/@prisma/client/runtime/library.js:121:6307)
      at l (node_modules/@prisma/client/runtime/library.js:130:9633)
      at Object.<anonymous> (src/__tests__/routes/auth.forgotPassword.test.ts:24:16)

  ● Forgot Password Endpoints › POST /api/auth/reset-password/:token › should reset password with valid token

    expected 200 "OK", got 500 "Internal Server Error"

      159 |         .post(`/api/auth/reset-password/${resetToken}`)
      160 |         .send({ password: newPassword })
    > 161 |         .expect(200);
          |          ^
      162 |
      163 |       expect(response.body.success).toBe(true);
      164 |       expect(response.body.message).toContain('Password reset successfully');

      at Object.<anonymous> (src/__tests__/routes/auth.forgotPassword.test.ts:161:10)
      ----
      at Test._assertStatus (node_modules/supertest/lib/test.js:252:14)
      at node_modules/supertest/lib/test.js:308:13
      at Test._assertFunction (node_modules/supertest/lib/test.js:285:13)
      at Test.assert (node_modules/supertest/lib/test.js:164:23)
      at Server.localAssert (node_modules/supertest/lib/test.js:120:14)

  ● Forgot Password Endpoints › POST /api/auth/reset-password/:token › should update user password in database

    expected 200 "OK", got 500 "Internal Server Error"

      171 |         .post(`/api/auth/reset-password/${resetToken}`)
      172 |         .send({ password: newPassword })
    > 173 |         .expect(200);
          |          ^
      174 |
      175 |       // Verify password was changed by attempting login
      176 |       const loginResponse = await request(app)

      at Object.<anonymous> (src/__tests__/routes/auth.forgotPassword.test.ts:173:10)
      ----
      at Test._assertStatus (node_modules/supertest/lib/test.js:252:14)
      at node_modules/supertest/lib/test.js:308:13
      at Test._assertFunction (node_modules/supertest/lib/test.js:285:13)
      at Test.assert (node_modules/supertest/lib/test.js:164:23)
      at Server.localAssert (node_modules/supertest/lib/test.js:120:14)

  ● Forgot Password Endpoints › POST /api/auth/reset-password/:token › should mark reset token as used

    PrismaClientKnownRequestError: 
    Invalid `prisma.user.create()` invocation in
    /Users/user/Desktop/AI/projects/nextsaas/backend/src/tests/setup.ts:61:22

      58   role: 'USER' as any,
      59 };
      60 
    → 61 return prisma.user.create(
    Unique constraint failed on the fields: (`email`)

      22 |     await prisma.user.deleteMany();
      23 |     // Create test user
    > 24 |     testUser = await createTestUser({
         |                ^
      25 |       email: 'test@example.com',
      26 |       name: 'Test User',
      27 |     });

      at $n.handleRequestError (node_modules/@prisma/client/runtime/library.js:121:7315)
      at $n.handleAndLogRequestError (node_modules/@prisma/client/runtime/library.js:121:6623)
      at $n.request (node_modules/@prisma/client/runtime/library.js:121:6307)
      at l (node_modules/@prisma/client/runtime/library.js:130:9633)
      at Object.<anonymous> (src/__tests__/routes/auth.forgotPassword.test.ts:24:16)

  ● Forgot Password Endpoints › POST /api/auth/reset-password/:token › should not allow reusing the same token twice

    expected 200 "OK", got 500 "Internal Server Error"

      274 |         .post(`/api/auth/reset-password/${resetToken}`)
      275 |         .send({ password: newPassword })
    > 276 |         .expect(200);
          |          ^
      277 |
      278 |       // Second reset with same token should fail
      279 |       const response = await request(app)

      at Object.<anonymous> (src/__tests__/routes/auth.forgotPassword.test.ts:276:10)
      ----
      at Test._assertStatus (node_modules/supertest/lib/test.js:252:14)
      at node_modules/supertest/lib/test.js:308:13
      at Test._assertFunction (node_modules/supertest/lib/test.js:285:13)
      at Test.assert (node_modules/supertest/lib/test.js:164:23)
      at Server.localAssert (node_modules/supertest/lib/test.js:120:14)

FAIL src/__tests__/services/mfaService.test.ts (19.2 s)
  ● Console

    console.log
      2026-01-20 13:17:03 [[31merror[39m]: Database error 
      Invalid `prisma.mfaBackupCode.create()` invocation in
      /Users/user/Desktop/AI/projects/nextsaas/backend/src/services/mfaService.ts:316:32
      
        313 const code = generateBackupCode();
        314 codes.push(code);
        315 
      → 316 await prisma.mfaBackupCode.create(
      Foreign key constraint violated: `mfa_backup_codes_userId_fkey (index)` {
        "target": "mfaBackupCode.create"
      }

      at Console.log (node_modules/winston/lib/winston/transports/console.js:87:23)

    console.log
      2026-01-20 13:17:03 [[31merror[39m]: Database error 
      Invalid `prisma.user.create()` invocation in
      /Users/user/Desktop/AI/projects/nextsaas/backend/src/tests/setup.ts:61:22
      
        58   role: 'USER' as any,
        59 };
        60 
      → 61 return prisma.user.create(
      Unique constraint failed on the fields: (`email`) {
        "target": "user.create"
      }

      at Console.log (node_modules/winston/lib/winston/transports/console.js:87:23)

    console.log
      2026-01-20 13:17:04 [[31merror[39m]: Database error 
      Invalid `prisma.user.create()` invocation in
      /Users/user/Desktop/AI/projects/nextsaas/backend/src/tests/setup.ts:61:22
      
        58   role: 'USER' as any,
        59 };
        60 
      → 61 return prisma.user.create(
      Unique constraint failed on the fields: (`email`) {
        "target": "user.create"
      }

      at Console.log (node_modules/winston/lib/winston/transports/console.js:87:23)

    console.log
      2026-01-20 13:17:06 [[31merror[39m]: Database error 
      Invalid `prisma.mfaBackupCode.create()` invocation in
      /Users/user/Desktop/AI/projects/nextsaas/backend/src/services/mfaService.ts:316:32
      
        313 const code = generateBackupCode();
        314 codes.push(code);
        315 
      → 316 await prisma.mfaBackupCode.create(
      Foreign key constraint violated: `mfa_backup_codes_userId_fkey (index)` {
        "target": "mfaBackupCode.create"
      }

      at Console.log (node_modules/winston/lib/winston/transports/console.js:87:23)

    console.log
      2026-01-20 13:17:06 [[31merror[39m]: Database error 
      Invalid `prisma.user.create()` invocation in
      /Users/user/Desktop/AI/projects/nextsaas/backend/src/tests/setup.ts:61:22
      
        58   role: 'USER' as any,
        59 };
        60 
      → 61 return prisma.user.create(
      Unique constraint failed on the fields: (`email`) {
        "target": "user.create"
      }

      at Console.log (node_modules/winston/lib/winston/transports/console.js:87:23)

    console.log
      2026-01-20 13:17:09 [[31merror[39m]: Database error 
      Invalid `prisma.mfaBackupCode.create()` invocation in
      /Users/user/Desktop/AI/projects/nextsaas/backend/src/services/mfaService.ts:316:32
      
        313 const code = generateBackupCode();
        314 codes.push(code);
        315 
      → 316 await prisma.mfaBackupCode.create(
      Foreign key constraint violated: `mfa_backup_codes_userId_fkey (index)` {
        "target": "mfaBackupCode.create"
      }

      at Console.log (node_modules/winston/lib/winston/transports/console.js:87:23)

    console.log
      2026-01-20 13:17:11 [[32minfo[39m]: Audit log created {
        "logId": "c42c5402-8f4d-44ee-84ef-4c01b11108ca",
        "action": "MFA_BACKUP_CODES_GENERATED",
        "userId": "03c0391b-ddc4-4070-a96b-0c10e21ec369",
        "resource": "mfa_backup_codes"
      }

      at Console.log (node_modules/winston/lib/winston/transports/console.js:87:23)

    console.log
      2026-01-20 13:17:11 [[32minfo[39m]: Audit log created {
        "logId": "b66c95c6-1b89-40b2-9a6f-d0264ca6e893",
        "action": "MFA_TOTP_SETUP",
        "userId": "03c0391b-ddc4-4070-a96b-0c10e21ec369",
        "resource": "mfa_methods"
      }

      at Console.log (node_modules/winston/lib/winston/transports/console.js:87:23)

    console.log
      2026-01-20 13:17:11 [[32minfo[39m]: TOTP MFA setup initiated {
        "userId": "03c0391b-ddc4-4070-a96b-0c10e21ec369"
      }

      at Console.log (node_modules/winston/lib/winston/transports/console.js:87:23)

    console.log
      2026-01-20 13:17:11 [[32minfo[39m]: Audit log created {
        "logId": "54d14af3-c796-49a8-9c55-def3275d068d",
        "action": "MFA_TOTP_VERIFICATION_FAILED",
        "userId": "03c0391b-ddc4-4070-a96b-0c10e21ec369",
        "resource": "mfa_methods"
      }

      at Console.log (node_modules/winston/lib/winston/transports/console.js:87:23)

    console.log
      2026-01-20 13:17:13 [[32minfo[39m]: Audit log created {
        "logId": "c4254d83-bd31-4858-b213-064c2f43af8d",
        "action": "MFA_BACKUP_CODES_GENERATED",
        "userId": "8ff9717a-9195-4b81-8908-e8fb9bc9e7ab",
        "resource": "mfa_backup_codes"
      }

      at Console.log (node_modules/winston/lib/winston/transports/console.js:87:23)

    console.log
      2026-01-20 13:17:13 [[32minfo[39m]: Audit log created {
        "logId": "a42277cd-e789-4386-9ba4-1e1d0800cda9",
        "action": "MFA_TOTP_SETUP",
        "userId": "8ff9717a-9195-4b81-8908-e8fb9bc9e7ab",
        "resource": "mfa_methods"
      }

      at Console.log (node_modules/winston/lib/winston/transports/console.js:87:23)

    console.log
      2026-01-20 13:17:13 [[32minfo[39m]: TOTP MFA setup initiated {
        "userId": "8ff9717a-9195-4b81-8908-e8fb9bc9e7ab"
      }

      at Console.log (node_modules/winston/lib/winston/transports/console.js:87:23)

    console.log
      2026-01-20 13:17:13 [[32minfo[39m]: Audit log created {
        "logId": "c994fb9a-67d1-492d-8494-07c897787f9e",
        "action": "MFA_TOTP_VERIFIED",
        "userId": "8ff9717a-9195-4b81-8908-e8fb9bc9e7ab",
        "resource": "mfa_methods"
      }

      at Console.log (node_modules/winston/lib/winston/transports/console.js:87:23)

    console.log
      2026-01-20 13:17:13 [[32minfo[39m]: Audit log created {
        "logId": "ea5acf09-6358-4b20-bc1f-c94e10b61cfd",
        "action": "MFA_ENABLED",
        "userId": "8ff9717a-9195-4b81-8908-e8fb9bc9e7ab",
        "resource": "mfa_methods"
      }

      at Console.log (node_modules/winston/lib/winston/transports/console.js:87:23)

    console.log
      2026-01-20 13:17:13 [[32minfo[39m]: MFA enabled {
        "userId": "8ff9717a-9195-4b81-8908-e8fb9bc9e7ab",
        "method": "TOTP"
      }

      at Console.log (node_modules/winston/lib/winston/transports/console.js:87:23)

    console.log
      2026-01-20 13:17:13 [[32minfo[39m]: Audit log created {
        "logId": "4b70a937-a3f1-445c-98e9-c6aba0d93cc6",
        "action": "MFA_DISABLED",
        "userId": "8ff9717a-9195-4b81-8908-e8fb9bc9e7ab",
        "resource": "mfa_methods"
      }

      at Console.log (node_modules/winston/lib/winston/transports/console.js:87:23)

    console.log
      2026-01-20 13:17:13 [[32minfo[39m]: MFA disabled {
        "userId": "8ff9717a-9195-4b81-8908-e8fb9bc9e7ab",
        "method": "TOTP"
      }

      at Console.log (node_modules/winston/lib/winston/transports/console.js:87:23)

    console.log
      2026-01-20 13:17:13 [[32minfo[39m]: Audit log created {
        "logId": "1ddc1de8-27aa-49bc-8387-377f5fdb116b",
        "action": "MFA_BACKUP_CODES_GENERATED",
        "userId": "8b560af5-d33d-4cd0-a7f1-784ac915e346",
        "resource": "mfa_backup_codes"
      }

      at Console.log (node_modules/winston/lib/winston/transports/console.js:87:23)

    console.log
      2026-01-20 13:17:14 [[32minfo[39m]: Audit log created {
        "logId": "cbaa2073-960c-4618-ba6e-c3fcceffff83",
        "action": "MFA_BACKUP_CODES_GENERATED",
        "userId": "73807126-d253-4184-ada4-b7a70d00dcb3",
        "resource": "mfa_backup_codes"
      }

      at Console.log (node_modules/winston/lib/winston/transports/console.js:87:23)

    console.log
      2026-01-20 13:17:14 [[32minfo[39m]: Audit log created {
        "logId": "d7d8d505-ac17-4ce9-ae58-20bc7b4600b1",
        "action": "MFA_BACKUP_CODES_GENERATED",
        "userId": "369bf2d8-cbb7-4243-8718-839b540bd691",
        "resource": "mfa_backup_codes"
      }

      at Console.log (node_modules/winston/lib/winston/transports/console.js:87:23)

    console.log
      2026-01-20 13:17:14 [[32minfo[39m]: Audit log created {
        "logId": "f5a18be8-ce59-4bb7-9473-76391cbcfe68",
        "action": "MFA_BACKUP_CODES_GENERATED",
        "userId": "369bf2d8-cbb7-4243-8718-839b540bd691",
        "resource": "mfa_backup_codes"
      }

      at Console.log (node_modules/winston/lib/winston/transports/console.js:87:23)

    console.log
      2026-01-20 13:17:14 [[32minfo[39m]: Audit log created {
        "logId": "d46208da-3814-4e2f-a01a-153563b65ec6",
        "action": "MFA_BACKUP_CODES_GENERATED",
        "userId": "8c01d45c-3b00-486a-b2ef-eac74801905b",
        "resource": "mfa_backup_codes"
      }

      at Console.log (node_modules/winston/lib/winston/transports/console.js:87:23)

    console.log
      2026-01-20 13:17:14 [[32minfo[39m]: Audit log created {
        "logId": "cf1371a7-6911-4e95-8bb7-1b1f9d94ac86",
        "action": "MFA_BACKUP_CODE_USED",
        "userId": "8c01d45c-3b00-486a-b2ef-eac74801905b",
        "resource": "mfa_backup_codes"
      }

      at Console.log (node_modules/winston/lib/winston/transports/console.js:87:23)

    console.log
      2026-01-20 13:17:15 [[32minfo[39m]: Audit log created {
        "logId": "81fe36f2-84de-476a-990e-4b129a107452",
        "action": "MFA_BACKUP_CODES_GENERATED",
        "userId": "ce477bda-0bd8-482c-beb5-456bff5a0ee8",
        "resource": "mfa_backup_codes"
      }

      at Console.log (node_modules/winston/lib/winston/transports/console.js:87:23)

    console.log
      2026-01-20 13:17:15 [[32minfo[39m]: Audit log created {
        "logId": "b1a7719a-1851-4697-8669-e***-***-23607",
        "action": "MFA_BACKUP_CODE_USED",
        "userId": "ce477bda-0bd8-482c-beb5-456bff5a0ee8",
        "resource": "mfa_backup_codes"
      }

      at Console.log (node_modules/winston/lib/winston/transports/console.js:87:23)

    console.log
      2026-01-20 13:17:17 [[32minfo[39m]: Audit log created {
        "logId": "fe60785a-9837-485b-a627-0c3992752ed4",
        "action": "MFA_BACKUP_CODES_GENERATED",
        "userId": "5d01d5bb-6a0e-4860-be1c-4936edd49e29",
        "resource": "mfa_backup_codes"
      }

      at Console.log (node_modules/winston/lib/winston/transports/console.js:87:23)

    console.log
      2026-01-20 13:17:17 [[32minfo[39m]: Audit log created {
        "logId": "d42694aa-ebfd-403b-a552-2aa9c66c8702",
        "action": "MFA_TOTP_SETUP",
        "userId": "5d01d5bb-6a0e-4860-be1c-4936edd49e29",
        "resource": "mfa_methods"
      }

      at Console.log (node_modules/winston/lib/winston/transports/console.js:87:23)

    console.log
      2026-01-20 13:17:17 [[32minfo[39m]: TOTP MFA setup initiated {
        "userId": "5d01d5bb-6a0e-4860-be1c-4936edd49e29"
      }

      at Console.log (node_modules/winston/lib/winston/transports/console.js:87:23)

    console.log
      2026-01-20 13:17:18 [[32minfo[39m]: Audit log created {
        "logId": "3c57740a-5fdc-4b03-907d-89b6d8220028",
        "action": "MFA_EMAIL_SETUP",
        "userId": "8848a8a6-910b-40d8-b859-e3b613f127fe",
        "resource": "mfa_methods"
      }

      at Console.log (node_modules/winston/lib/winston/transports/console.js:87:23)

    console.log
      2026-01-20 13:17:18 [[32minfo[39m]: Email MFA setup initiated {
        "userId": "8848a8a6-910b-40d8-b859-e3b613f127fe"
      }

      at Console.log (node_modules/winston/lib/winston/transports/console.js:87:23)

    console.log
      2026-01-20 13:17:18 [[33mwarn[39m]: Email not sent - Resend not configured or in test mode {
        "to": "t***@example.com",
        "subject": "Your MFA Verification Code"
      }

      at Console.log (node_modules/winston/lib/winston/transports/console.js:87:23)

    console.log
      2026-01-20 13:17:18 [[32minfo[39m]: Audit log created {
        "logId": "e3bcf0b9-1b1f-4c94-a7ad-546287847ed5",
        "action": "MFA_EMAIL_OTP_SENT",
        "userId": "8848a8a6-910b-40d8-b859-e3b613f127fe",
        "resource": "mfa_methods"
      }

      at Console.log (node_modules/winston/lib/winston/transports/console.js:87:23)

    console.log
      2026-01-20 13:17:18 [[32minfo[39m]: Email OTP sent {
        "userId": "8848a8a6-910b-40d8-b859-e3b613f127fe"
      }

      at Console.log (node_modules/winston/lib/winston/transports/console.js:87:23)

    console.log
      2026-01-20 13:17:18 [[32minfo[39m]: OTP automatically sent after Email MFA setup {
        "userId": "8848a8a6-910b-40d8-b859-e3b613f127fe"
      }

      at Console.log (node_modules/winston/lib/winston/transports/console.js:87:23)

    console.log
      2026-01-20 13:17:18 [[32minfo[39m]: Audit log created {
        "logId": "d58886b0-a923-4034-b9bc-09bfc130d5d4",
        "action": "MFA_EMAIL_SETUP",
        "userId": "d9f1e100-4391-4088-8736-42c6687922ec",
        "resource": "mfa_methods"
      }

      at Console.log (node_modules/winston/lib/winston/transports/console.js:87:23)

    console.log
      2026-01-20 13:17:18 [[32minfo[39m]: Email MFA setup initiated {
        "userId": "d9f1e100-4391-4088-8736-42c6687922ec"
      }

      at Console.log (node_modules/winston/lib/winston/transports/console.js:87:23)

    console.log
      2026-01-20 13:17:18 [[33mwarn[39m]: Email not sent - Resend not configured or in test mode {
        "to": "t***@example.com",
        "subject": "Your MFA Verification Code"
      }

      at Console.log (node_modules/winston/lib/winston/transports/console.js:87:23)

    console.log
      2026-01-20 13:17:18 [[32minfo[39m]: Audit log created {
        "logId": "009f2841-224d-4acf-a936-a***-***-9119f",
        "action": "MFA_EMAIL_OTP_SENT",
        "userId": "d9f1e100-4391-4088-8736-42c6687922ec",
        "resource": "mfa_methods"
      }

      at Console.log (node_modules/winston/lib/winston/transports/console.js:87:23)

    console.log
      2026-01-20 13:17:18 [[32minfo[39m]: Email OTP sent {
        "userId": "d9f1e100-4391-4088-8736-42c6687922ec"
      }

      at Console.log (node_modules/winston/lib/winston/transports/console.js:87:23)

    console.log
      2026-01-20 13:17:18 [[32minfo[39m]: OTP automatically sent after Email MFA setup {
        "userId": "d9f1e100-4391-4088-8736-42c6687922ec"
      }

      at Console.log (node_modules/winston/lib/winston/transports/console.js:87:23)

    console.log
      2026-01-20 13:17:18 [[33mwarn[39m]: Email not sent - Resend not configured or in test mode {
        "to": "t***@example.com",
        "subject": "Your MFA Verification Code"
      }

      at Console.log (node_modules/winston/lib/winston/transports/console.js:87:23)

    console.log
      2026-01-20 13:17:18 [[32minfo[39m]: Audit log created {
        "logId": "5b3a2869-f097-4ea6-856e-0e9e548a0a06",
        "action": "MFA_EMAIL_OTP_SENT",
        "userId": "d9f1e100-4391-4088-8736-42c6687922ec",
        "resource": "mfa_methods"
      }

      at Console.log (node_modules/winston/lib/winston/transports/console.js:87:23)

    console.log
      2026-01-20 13:17:18 [[32minfo[39m]: Email OTP sent {
        "userId": "d9f1e100-4391-4088-8736-42c6687922ec"
      }

      at Console.log (node_modules/winston/lib/winston/transports/console.js:87:23)

    console.log
      2026-01-20 13:17:19 [[32minfo[39m]: Audit log created {
        "logId": "bf662a55-2c3a-436f-a0eb-6194915ba567",
        "action": "MFA_EMAIL_SETUP",
        "userId": "407677ba-34d6-485e-b***-***-5885a1064",
        "resource": "mfa_methods"
      }

      at Console.log (node_modules/winston/lib/winston/transports/console.js:87:23)

    console.log
      2026-01-20 13:17:19 [[32minfo[39m]: Email MFA setup initiated {
        "userId": "407677ba-34d6-485e-b***-***-5885a1064"
      }

      at Console.log (node_modules/winston/lib/winston/transports/console.js:87:23)

    console.log
      2026-01-20 13:17:19 [[33mwarn[39m]: Email not sent - Resend not configured or in test mode {
        "to": "t***@example.com",
        "subject": "Your MFA Verification Code"
      }

      at Console.log (node_modules/winston/lib/winston/transports/console.js:87:23)

    console.log
      2026-01-20 13:17:19 [[32minfo[39m]: Audit log created {
        "logId": "32d94019-1f1e-4947-a1cf-c206f35f8519",
        "action": "MFA_EMAIL_OTP_SENT",
        "userId": "407677ba-34d6-485e-b***-***-5885a1064",
        "resource": "mfa_methods"
      }

      at Console.log (node_modules/winston/lib/winston/transports/console.js:87:23)

    console.log
      2026-01-20 13:17:19 [[32minfo[39m]: Email OTP sent {
        "userId": "407677ba-34d6-485e-b***-***-5885a1064"
      }

      at Console.log (node_modules/winston/lib/winston/transports/console.js:87:23)

    console.log
      2026-01-20 13:17:19 [[32minfo[39m]: OTP automatically sent after Email MFA setup {
        "userId": "407677ba-34d6-485e-b***-***-5885a1064"
      }

      at Console.log (node_modules/winston/lib/winston/transports/console.js:87:23)

    console.log
      2026-01-20 13:17:19 [[33mwarn[39m]: Email not sent - Resend not configured or in test mode {
        "to": "t***@example.com",
        "subject": "Your MFA Verification Code"
      }

      at Console.log (node_modules/winston/lib/winston/transports/console.js:87:23)

    console.log
      2026-01-20 13:17:19 [[32minfo[39m]: Audit log created {
        "logId": "622ec69f-2549-4b40-8f31-6a543e7062c6",
        "action": "MFA_EMAIL_OTP_SENT",
        "userId": "407677ba-34d6-485e-b***-***-5885a1064",
        "resource": "mfa_methods"
      }

      at Console.log (node_modules/winston/lib/winston/transports/console.js:87:23)

    console.log
      2026-01-20 13:17:19 [[32minfo[39m]: Email OTP sent {
        "userId": "407677ba-34d6-485e-b***-***-5885a1064"
      }

      at Console.log (node_modules/winston/lib/winston/transports/console.js:87:23)

    console.log
      2026-01-20 13:17:19 [[32minfo[39m]: Audit log created {
        "logId": "50f4b34f-5ebd-4439-827a-f8650dcbb282",
        "action": "MFA_EMAIL_OTP_VERIFIED",
        "userId": "407677ba-34d6-485e-b***-***-5885a1064",
        "resource": "mfa_methods"
      }

      at Console.log (node_modules/winston/lib/winston/transports/console.js:87:23)

    console.log
      2026-01-20 13:17:19 [[32minfo[39m]: Audit log created {
        "logId": "04088c23-7a61-4cc3-8c9a-c1f7e3509482",
        "action": "MFA_EMAIL_SETUP",
        "userId": "414933cb-8c33-47f4-9aef-9bdbea739c9e",
        "resource": "mfa_methods"
      }

      at Console.log (node_modules/winston/lib/winston/transports/console.js:87:23)

    console.log
      2026-01-20 13:17:19 [[32minfo[39m]: Email MFA setup initiated {
        "userId": "414933cb-8c33-47f4-9aef-9bdbea739c9e"
      }

      at Console.log (node_modules/winston/lib/winston/transports/console.js:87:23)

    console.log
      2026-01-20 13:17:19 [[33mwarn[39m]: Email not sent - Resend not configured or in test mode {
        "to": "t***@example.com",
        "subject": "Your MFA Verification Code"
      }

      at Console.log (node_modules/winston/lib/winston/transports/console.js:87:23)

    console.log
      2026-01-20 13:17:19 [[32minfo[39m]: Audit log created {
        "logId": "b3c8b96b-ac69-408c-92ce-05332ad60cb9",
        "action": "MFA_EMAIL_OTP_SENT",
        "userId": "414933cb-8c33-47f4-9aef-9bdbea739c9e",
        "resource": "mfa_methods"
      }

      at Console.log (node_modules/winston/lib/winston/transports/console.js:87:23)

    console.log
      2026-01-20 13:17:19 [[32minfo[39m]: Email OTP sent {
        "userId": "414933cb-8c33-47f4-9aef-9bdbea739c9e"
      }

      at Console.log (node_modules/winston/lib/winston/transports/console.js:87:23)

    console.log
      2026-01-20 13:17:19 [[32minfo[39m]: OTP automatically sent after Email MFA setup {
        "userId": "414933cb-8c33-47f4-9aef-9bdbea739c9e"
      }

      at Console.log (node_modules/winston/lib/winston/transports/console.js:87:23)

    console.log
      2026-01-20 13:17:19 [[33mwarn[39m]: Email not sent - Resend not configured or in test mode {
        "to": "t***@example.com",
        "subject": "Your MFA Verification Code"
      }

      at Console.log (node_modules/winston/lib/winston/transports/console.js:87:23)

    console.log
      2026-01-20 13:17:19 [[32minfo[39m]: Audit log created {
        "logId": "89968a41-da67-462f-8798-bf94bd9e146b",
        "action": "MFA_EMAIL_OTP_SENT",
        "userId": "414933cb-8c33-47f4-9aef-9bdbea739c9e",
        "resource": "mfa_methods"
      }

      at Console.log (node_modules/winston/lib/winston/transports/console.js:87:23)

    console.log
      2026-01-20 13:17:19 [[32minfo[39m]: Email OTP sent {
        "userId": "414933cb-8c33-47f4-9aef-9bdbea739c9e"
      }

      at Console.log (node_modules/winston/lib/winston/transports/console.js:87:23)

    console.log
      2026-01-20 13:17:20 [[32minfo[39m]: Audit log created {
        "logId": "65efc654-8cd6-40c9-b107-c20266e9ef65",
        "action": "MFA_EMAIL_SETUP",
        "userId": "fe5e91d0-ec79-4d71-a924-ea95399ea311",
        "resource": "mfa_methods"
      }

      at Console.log (node_modules/winston/lib/winston/transports/console.js:87:23)

    console.log
      2026-01-20 13:17:20 [[32minfo[39m]: Email MFA setup initiated {
        "userId": "fe5e91d0-ec79-4d71-a924-ea95399ea311"
      }

      at Console.log (node_modules/winston/lib/winston/transports/console.js:87:23)

    console.log
      2026-01-20 13:17:20 [[33mwarn[39m]: Email not sent - Resend not configured or in test mode {
        "to": "t***@example.com",
        "subject": "Your MFA Verification Code"
      }

      at Console.log (node_modules/winston/lib/winston/transports/console.js:87:23)

    console.log
      2026-01-20 13:17:20 [[32minfo[39m]: Audit log created {
        "logId": "b4f89199-304f-4234-94fa-9c1fc7889173",
        "action": "MFA_EMAIL_OTP_SENT",
        "userId": "fe5e91d0-ec79-4d71-a924-ea95399ea311",
        "resource": "mfa_methods"
      }

      at Console.log (node_modules/winston/lib/winston/transports/console.js:87:23)

    console.log
      2026-01-20 13:17:20 [[32minfo[39m]: Email OTP sent {
        "userId": "fe5e91d0-ec79-4d71-a924-ea95399ea311"
      }

      at Console.log (node_modules/winston/lib/winston/transports/console.js:87:23)

    console.log
      2026-01-20 13:17:20 [[32minfo[39m]: OTP automatically sent after Email MFA setup {
        "userId": "fe5e91d0-ec79-4d71-a924-ea95399ea311"
      }

      at Console.log (node_modules/winston/lib/winston/transports/console.js:87:23)

    console.log
      2026-01-20 13:17:20 [[33mwarn[39m]: Email not sent - Resend not configured or in test mode {
        "to": "t***@example.com",
        "subject": "Your MFA Verification Code"
      }

      at Console.log (node_modules/winston/lib/winston/transports/console.js:87:23)

    console.log
      2026-01-20 13:17:20 [[32minfo[39m]: Audit log created {
        "logId": "e5da74c9-f0ff-4e84-b495-689bbefe58fb",
        "action": "MFA_EMAIL_OTP_SENT",
        "userId": "fe5e91d0-ec79-4d71-a924-ea95399ea311",
        "resource": "mfa_methods"
      }

      at Console.log (node_modules/winston/lib/winston/transports/console.js:87:23)

    console.log
      2026-01-20 13:17:20 [[32minfo[39m]: Email OTP sent {
        "userId": "fe5e91d0-ec79-4d71-a924-ea95399ea311"
      }

      at Console.log (node_modules/winston/lib/winston/transports/console.js:87:23)

    console.log
      2026-01-20 13:17:20 [[32minfo[39m]: Audit log created {
        "logId": "10552eed-b242-4478-905a-d8b693e72a85",
        "action": "MFA_EMAIL_OTP_VERIFIED",
        "userId": "fe5e91d0-ec79-4d71-a924-ea95399ea311",
        "resource": "mfa_methods"
      }

      at Console.log (node_modules/winston/lib/winston/transports/console.js:87:23)

  ● MFA Service › setupTotp › should generate TOTP secret and QR code data

    PrismaClientKnownRequestError: 
    Invalid `prisma.mfaBackupCode.create()` invocation in
    /Users/user/Desktop/AI/projects/nextsaas/backend/src/services/mfaService.ts:316:32

      313 const code = generateBackupCode();
      314 codes.push(code);
      315 
    → 316 await prisma.mfaBackupCode.create(
    Foreign key constraint violated: `mfa_backup_codes_userId_fkey (index)`

      314 |     codes.push(code);
      315 |
    > 316 |     await prisma.mfaBackupCode.create({
          |     ^
      317 |       data: {
      318 |         userId,
      319 |         code,

      at $n.handleRequestError (node_modules/@prisma/client/runtime/library.js:121:7315)
      at $n.handleAndLogRequestError (node_modules/@prisma/client/runtime/library.js:121:6623)
      at $n.request (node_modules/@prisma/client/runtime/library.js:121:6307)
      at l (node_modules/@prisma/client/runtime/library.js:130:9633)
      at generateBackupCodes (src/services/mfaService.ts:316:5)
      at Object.setupTotp (src/services/mfaService.ts:57:23)
      at Object.<anonymous> (src/__tests__/services/mfaService.test.ts:27:22)

  ● MFA Service › setupTotp › should create MfaMethod record

    PrismaClientKnownRequestError: 
    Invalid `prisma.user.create()` invocation in
    /Users/user/Desktop/AI/projects/nextsaas/backend/src/tests/setup.ts:61:22

      58   role: 'USER' as any,
      59 };
      60 
    → 61 return prisma.user.create(
    Unique constraint failed on the fields: (`email`)

      12 |     await prisma.user.deleteMany();
      13 |
    > 14 |     testUser = await createTestUser({
         |                ^
      15 |       email: 'test@example.com',
      16 |     });
      17 |   });

      at $n.handleRequestError (node_modules/@prisma/client/runtime/library.js:121:7315)
      at $n.handleAndLogRequestError (node_modules/@prisma/client/runtime/library.js:121:6623)
      at $n.request (node_modules/@prisma/client/runtime/library.js:121:6307)
      at l (node_modules/@prisma/client/runtime/library.js:130:9633)
      at Object.<anonymous> (src/__tests__/services/mfaService.test.ts:14:16)

  ● MFA Service › verifyTotp › should verify valid TOTP code

    PrismaClientKnownRequestError: 
    Invalid `prisma.user.create()` invocation in
    /Users/user/Desktop/AI/projects/nextsaas/backend/src/tests/setup.ts:61:22

      58   role: 'USER' as any,
      59 };
      60 
    → 61 return prisma.user.create(
    Unique constraint failed on the fields: (`email`)

      12 |     await prisma.user.deleteMany();
      13 |
    > 14 |     testUser = await createTestUser({
         |                ^
      15 |       email: 'test@example.com',
      16 |     });
      17 |   });

      at $n.handleRequestError (node_modules/@prisma/client/runtime/library.js:121:7315)
      at $n.handleAndLogRequestError (node_modules/@prisma/client/runtime/library.js:121:6623)
      at $n.request (node_modules/@prisma/client/runtime/library.js:121:6307)
      at l (node_modules/@prisma/client/runtime/library.js:130:9633)
      at Object.<anonymous> (src/__tests__/services/mfaService.test.ts:14:16)

  ● MFA Service › verifyTotp › should reject invalid TOTP code

    PrismaClientKnownRequestError: 
    Invalid `prisma.mfaBackupCode.create()` invocation in
    /Users/user/Desktop/AI/projects/nextsaas/backend/src/services/mfaService.ts:316:32

      313 const code = generateBackupCode();
      314 codes.push(code);
      315 
    → 316 await prisma.mfaBackupCode.create(
    Foreign key constraint violated: `mfa_backup_codes_userId_fkey (index)`

      314 |     codes.push(code);
      315 |
    > 316 |     await prisma.mfaBackupCode.create({
          |     ^
      317 |       data: {
      318 |         userId,
      319 |         code,

      at $n.handleRequestError (node_modules/@prisma/client/runtime/library.js:121:7315)
      at $n.handleAndLogRequestError (node_modules/@prisma/client/runtime/library.js:121:6623)
      at $n.request (node_modules/@prisma/client/runtime/library.js:121:6307)
      at l (node_modules/@prisma/client/runtime/library.js:130:9633)
      at generateBackupCodes (src/services/mfaService.ts:316:5)
      at Object.setupTotp (src/services/mfaService.ts:57:23)
      at Object.<anonymous> (src/__tests__/services/mfaService.test.ts:73:7)

  ● MFA Service › verifyTotp › should throw error if TOTP not set up

    PrismaClientKnownRequestError: 
    Invalid `prisma.user.create()` invocation in
    /Users/user/Desktop/AI/projects/nextsaas/backend/src/tests/setup.ts:61:22

      58   role: 'USER' as any,
      59 };
      60 
    → 61 return prisma.user.create(
    Unique constraint failed on the fields: (`email`)

      12 |     await prisma.user.deleteMany();
      13 |
    > 14 |     testUser = await createTestUser({
         |                ^
      15 |       email: 'test@example.com',
      16 |     });
      17 |   });

      at $n.handleRequestError (node_modules/@prisma/client/runtime/library.js:121:7315)
      at $n.handleAndLogRequestError (node_modules/@prisma/client/runtime/library.js:121:6623)
      at $n.request (node_modules/@prisma/client/runtime/library.js:121:6307)
      at l (node_modules/@prisma/client/runtime/library.js:130:9633)
      at Object.<anonymous> (src/__tests__/services/mfaService.test.ts:14:16)

  ● MFA Service › enableMfa › should enable TOTP MFA after verification

    PrismaClientKnownRequestError: 
    Invalid `prisma.mfaBackupCode.create()` invocation in
    /Users/user/Desktop/AI/projects/nextsaas/backend/src/services/mfaService.ts:316:32

      313 const code = generateBackupCode();
      314 codes.push(code);
      315 
    → 316 await prisma.mfaBackupCode.create(
    Foreign key constraint violated: `mfa_backup_codes_userId_fkey (index)`

      314 |     codes.push(code);
      315 |
    > 316 |     await prisma.mfaBackupCode.create({
          |     ^
      317 |       data: {
      318 |         userId,
      319 |         code,

      at $n.handleRequestError (node_modules/@prisma/client/runtime/library.js:121:7315)
      at $n.handleAndLogRequestError (node_modules/@prisma/client/runtime/library.js:121:6623)
      at $n.request (node_modules/@prisma/client/runtime/library.js:121:6307)
      at l (node_modules/@prisma/client/runtime/library.js:130:9633)
      at generateBackupCodes (src/services/mfaService.ts:316:5)
      at Object.setupTotp (src/services/mfaService.ts:57:23)
      at Object.<anonymous> (src/__tests__/services/mfaService.test.ts:86:26)

PASS src/__tests__/config/dataRetention.test.ts
FAIL src/__tests__/routes/observability.e2e.test.ts (14.252 s)
  ● Console

    console.log
      2026-01-20 13:17:09 [[31merror[39m]: Database error 
      Invalid `prisma.session.create()` invocation in
      /Users/user/Desktop/AI/projects/nextsaas/backend/src/services/authService.ts:263:24
      
        260 const expiresAt = new Date();
        261 expiresAt.setDate(expiresAt.getDate() + 30); // 30 days
        262 
      → 263 await prisma.session.create(
      Foreign key constraint violated: `sessions_userId_fkey (index)` {
        "target": "session.create"
      }

      at Console.log (node_modules/winston/lib/winston/transports/console.js:87:23)

    console.log
      2026-01-20 13:17:09 [[31merror[39m]: Request error {
        "error": "\nInvalid `prisma.session.create()` invocation in\n/Users/user/Desktop/AI/projects/nextsaas/backend/src/services/authService.ts:263:24\n\n  260 const expiresAt = new Date();\n  261 expiresAt.setDate(expiresAt.getDate() + 30); // 30 days\n  262 \n→ 263 await prisma.session.create(\nForeign key constraint violated: `sessions_userId_fkey (index)`",
        "stack": "PrismaClientKnownRequestError: \nInvalid `prisma.session.create()` invocation in\n/Users/user/Desktop/AI/projects/nextsaas/backend/src/services/authService.ts:263:24\n\n  260 const expiresAt = new Date();\n  261 expiresAt.setDate(expiresAt.getDate() + 30); // 30 days\n  262 \n→ 263 await prisma.session.create(\nForeign key constraint violated: `sessions_userId_fkey (index)`\n    at $n.handleRequestError (/Users/user/Desktop/AI/projects/nextsaas/backend/node_modules/@prisma/client/runtime/library.js:121:7315)\n    at $n.handleAndLogRequestError (/Users/user/Desktop/AI/projects/nextsaas/backend/node_modules/@prisma/client/runtime/library.js:121:6623)\n    at $n.request (/Users/user/Desktop/AI/projects/nextsaas/backend/node_modules/@prisma/client/runtime/library.js:121:6307)\n    at l (/Users/user/Desktop/AI/projects/nextsaas/backend/node_modules/@prisma/client/runtime/library.js:130:9633)\n    at Object.login (/Users/user/Desktop/AI/projects/nextsaas/backend/src/services/authService.ts:263:3)\n    at /Users/user/Desktop/AI/projects/nextsaas/backend/src/routes/auth.ts:343:25",
        "requestId": "11df3a7b-a500-4fb8-bc29-1bd86908deab",
        "method": "POST",
        "path": "/api/auth/login",
        "statusCode": 500,
        "isOperational": false
      }

      at Console.log (node_modules/winston/lib/winston/transports/console.js:87:23)

    console.log
      2026-01-20 13:17:10 [[32minfo[39m]: User logged in {
        "userId": "c3ee5d6a-8574-472b-9603-5caac973d83c",
        "email": "a***@test.com"
      }

      at Console.log (node_modules/winston/lib/winston/transports/console.js:87:23)

    console.log
      2026-01-20 13:17:11 [[32minfo[39m]: User logged in {
        "userId": "38284c11-da85-4589-808d-55d132e988b5",
        "email": "u***@test.com"
      }

      at Console.log (node_modules/winston/lib/winston/transports/console.js:87:23)

    console.log
      2026-01-20 13:17:11 [[31merror[39m]: Database error 
      Invalid `prisma.session.create()` invocation in
      /Users/user/Desktop/AI/projects/nextsaas/backend/src/services/authService.ts:263:24
      
        260 const expiresAt = new Date();
        261 expiresAt.setDate(expiresAt.getDate() + 30); // 30 days
        262 
      → 263 await prisma.session.create(
      Foreign key constraint violated: `sessions_userId_fkey (index)` {
        "target": "session.create"
      }

      at Console.log (node_modules/winston/lib/winston/transports/console.js:87:23)

    console.log
      2026-01-20 13:17:11 [[31merror[39m]: Request error {
        "error": "\nInvalid `prisma.session.create()` invocation in\n/Users/user/Desktop/AI/projects/nextsaas/backend/src/services/authService.ts:263:24\n\n  260 const expiresAt = new Date();\n  261 expiresAt.setDate(expiresAt.getDate() + 30); // 30 days\n  262 \n→ 263 await prisma.session.create(\nForeign key constraint violated: `sessions_userId_fkey (index)`",
        "stack": "PrismaClientKnownRequestError: \nInvalid `prisma.session.create()` invocation in\n/Users/user/Desktop/AI/projects/nextsaas/backend/src/services/authService.ts:263:24\n\n  260 const expiresAt = new Date();\n  261 expiresAt.setDate(expiresAt.getDate() + 30); // 30 days\n  262 \n→ 263 await prisma.session.create(\nForeign key constraint violated: `sessions_userId_fkey (index)`\n    at $n.handleRequestError (/Users/user/Desktop/AI/projects/nextsaas/backend/node_modules/@prisma/client/runtime/library.js:121:7315)\n    at $n.handleAndLogRequestError (/Users/user/Desktop/AI/projects/nextsaas/backend/node_modules/@prisma/client/runtime/library.js:121:6623)\n    at $n.request (/Users/user/Desktop/AI/projects/nextsaas/backend/node_modules/@prisma/client/runtime/library.js:121:6307)\n    at l (/Users/user/Desktop/AI/projects/nextsaas/backend/node_modules/@prisma/client/runtime/library.js:130:9633)\n    at Object.login (/Users/user/Desktop/AI/projects/nextsaas/backend/src/services/authService.ts:263:3)\n    at /Users/user/Desktop/AI/projects/nextsaas/backend/src/routes/auth.ts:343:25",
        "requestId": "565b9b3e-75d1-46d8-9b3e-f6844e421268",
        "method": "POST",
        "path": "/api/auth/login",
        "statusCode": 500,
        "isOperational": false
      }

      at Console.log (node_modules/winston/lib/winston/transports/console.js:87:23)

    console.log
      2026-01-20 13:17:12 [[32minfo[39m]: User logged in {
        "userId": "b8b0dcde-d762-428b-8759-76665ce1ee1a",
        "email": "a***@test.com"
      }

      at Console.log (node_modules/winston/lib/winston/transports/console.js:87:23)

    console.log
      2026-01-20 13:17:13 [[32minfo[39m]: User logged in {
        "userId": "51c8017e-41bf-4212-9dc1-050e21f12516",
        "email": "u***@test.com"
      }

      at Console.log (node_modules/winston/lib/winston/transports/console.js:87:23)

    console.log
      2026-01-20 13:17:13 [[32minfo[39m]: User logged in {
        "userId": "b8b0dcde-d762-428b-8759-76665ce1ee1a",
        "email": "a***@test.com"
      }

      at Console.log (node_modules/winston/lib/winston/transports/console.js:87:23)

    console.log
      2026-01-20 13:17:13 [[31merror[39m]: Database error 
      Invalid `prisma.session.create()` invocation in
      /Users/user/Desktop/AI/projects/nextsaas/backend/src/services/authService.ts:263:24
      
        260 const expiresAt = new Date();
        261 expiresAt.setDate(expiresAt.getDate() + 30); // 30 days
        262 
      → 263 await prisma.session.create(
      Foreign key constraint violated: `sessions_userId_fkey (index)` {
        "target": "session.create"
      }

      at Console.log (node_modules/winston/lib/winston/transports/console.js:87:23)

    console.log
      2026-01-20 13:17:13 [[31merror[39m]: Request error {
        "error": "\nInvalid `prisma.session.create()` invocation in\n/Users/user/Desktop/AI/projects/nextsaas/backend/src/services/authService.ts:263:24\n\n  260 const expiresAt = new Date();\n  261 expiresAt.setDate(expiresAt.getDate() + 30); // 30 days\n  262 \n→ 263 await prisma.session.create(\nForeign key constraint violated: `sessions_userId_fkey (index)`",
        "stack": "PrismaClientKnownRequestError: \nInvalid `prisma.session.create()` invocation in\n/Users/user/Desktop/AI/projects/nextsaas/backend/src/services/authService.ts:263:24\n\n  260 const expiresAt = new Date();\n  261 expiresAt.setDate(expiresAt.getDate() + 30); // 30 days\n  262 \n→ 263 await prisma.session.create(\nForeign key constraint violated: `sessions_userId_fkey (index)`\n    at $n.handleRequestError (/Users/user/Desktop/AI/projects/nextsaas/backend/node_modules/@prisma/client/runtime/library.js:121:7315)\n    at $n.handleAndLogRequestError (/Users/user/Desktop/AI/projects/nextsaas/backend/node_modules/@prisma/client/runtime/library.js:121:6623)\n    at $n.request (/Users/user/Desktop/AI/projects/nextsaas/backend/node_modules/@prisma/client/runtime/library.js:121:6307)\n    at l (/Users/user/Desktop/AI/projects/nextsaas/backend/node_modules/@prisma/client/runtime/library.js:130:9633)\n    at Object.login (/Users/user/Desktop/AI/projects/nextsaas/backend/src/services/authService.ts:263:3)\n    at /Users/user/Desktop/AI/projects/nextsaas/backend/src/routes/auth.ts:343:25",
        "requestId": "62a7b115-b084-417f-bce0-3944b2ddcdf6",
        "method": "POST",
        "path": "/api/auth/login",
        "statusCode": 500,
        "isOperational": false
      }

      at Console.log (node_modules/winston/lib/winston/transports/console.js:87:23)

    console.log
      2026-01-20 13:17:15 [[32minfo[39m]: User logged in {
        "userId": "6006eb4d-f90f-4467-a7ce-9bb429d58ac6",
        "email": "a***@test.com"
      }

      at Console.log (node_modules/winston/lib/winston/transports/console.js:87:23)

    console.log
      2026-01-20 13:17:16 [[32minfo[39m]: User logged in {
        "userId": "6006eb4d-f90f-4467-a7ce-9bb429d58ac6",
        "email": "a***@test.com"
      }

      at Console.log (node_modules/winston/lib/winston/transports/console.js:87:23)

    console.log
      2026-01-20 13:17:17 [[32minfo[39m]: User logged in {
        "userId": "dd132dc1-8a04-4e0a-9166-4f59c404ca82",
        "email": "u***@test.com"
      }

      at Console.log (node_modules/winston/lib/winston/transports/console.js:87:23)

    console.log
      2026-01-20 13:17:17 [[32minfo[39m]: User logged in {
        "userId": "6006eb4d-f90f-4467-a7ce-9bb429d58ac6",
        "email": "a***@test.com"
      }

      at Console.log (node_modules/winston/lib/winston/transports/console.js:87:23)

    console.log
      2026-01-20 13:17:17 [[31merror[39m]: Database error 
      Invalid `prisma.session.create()` invocation in
      /Users/user/Desktop/AI/projects/nextsaas/backend/src/services/authService.ts:263:24
      
        260 const expiresAt = new Date();
        261 expiresAt.setDate(expiresAt.getDate() + 30); // 30 days
        262 
      → 263 await prisma.session.create(
      Foreign key constraint violated: `sessions_userId_fkey (index)` {
        "target": "session.create"
      }

      at Console.log (node_modules/winston/lib/winston/transports/console.js:87:23)

    console.log
      2026-01-20 13:17:17 [[31merror[39m]: Request error {
        "error": "\nInvalid `prisma.session.create()` invocation in\n/Users/user/Desktop/AI/projects/nextsaas/backend/src/services/authService.ts:263:24\n\n  260 const expiresAt = new Date();\n  261 expiresAt.setDate(expiresAt.getDate() + 30); // 30 days\n  262 \n→ 263 await prisma.session.create(\nForeign key constraint violated: `sessions_userId_fkey (index)`",
        "stack": "PrismaClientKnownRequestError: \nInvalid `prisma.session.create()` invocation in\n/Users/user/Desktop/AI/projects/nextsaas/backend/src/services/authService.ts:263:24\n\n  260 const expiresAt = new Date();\n  261 expiresAt.setDate(expiresAt.getDate() + 30); // 30 days\n  262 \n→ 263 await prisma.session.create(\nForeign key constraint violated: `sessions_userId_fkey (index)`\n    at $n.handleRequestError (/Users/user/Desktop/AI/projects/nextsaas/backend/node_modules/@prisma/client/runtime/library.js:121:7315)\n    at $n.handleAndLogRequestError (/Users/user/Desktop/AI/projects/nextsaas/backend/node_modules/@prisma/client/runtime/library.js:121:6623)\n    at $n.request (/Users/user/Desktop/AI/projects/nextsaas/backend/node_modules/@prisma/client/runtime/library.js:121:6307)\n    at l (/Users/user/Desktop/AI/projects/nextsaas/backend/node_modules/@prisma/client/runtime/library.js:130:9633)\n    at Object.login (/Users/user/Desktop/AI/projects/nextsaas/backend/src/services/authService.ts:263:3)\n    at /Users/user/Desktop/AI/projects/nextsaas/backend/src/routes/auth.ts:343:25",
        "requestId": "0b9aa811-a3fb-485f-9280-993208a65b5c",
        "method": "POST",
        "path": "/api/auth/login",
        "statusCode": 500,
        "isOperational": false
      }

      at Console.log (node_modules/winston/lib/winston/transports/console.js:87:23)

    console.log
      2026-01-20 13:17:20 [[31merror[39m]: Database error 
      Invalid `prisma.session.create()` invocation in
      /Users/user/Desktop/AI/projects/nextsaas/backend/src/services/authService.ts:263:24
      
        260 const expiresAt = new Date();
        261 expiresAt.setDate(expiresAt.getDate() + 30); // 30 days
        262 
      → 263 await prisma.session.create(
      Foreign key constraint violated: `sessions_userId_fkey (index)` {
        "target": "session.create"
      }

      at Console.log (node_modules/winston/lib/winston/transports/console.js:87:23)

    console.log
      2026-01-20 13:17:20 [[31merror[39m]: Request error {
        "error": "\nInvalid `prisma.session.create()` invocation in\n/Users/user/Desktop/AI/projects/nextsaas/backend/src/services/authService.ts:263:24\n\n  260 const expiresAt = new Date();\n  261 expiresAt.setDate(expiresAt.getDate() + 30); // 30 days\n  262 \n→ 263 await prisma.session.create(\nForeign key constraint violated: `sessions_userId_fkey (index)`",
        "stack": "PrismaClientKnownRequestError: \nInvalid `prisma.session.create()` invocation in\n/Users/user/Desktop/AI/projects/nextsaas/backend/src/services/authService.ts:263:24\n\n  260 const expiresAt = new Date();\n  261 expiresAt.setDate(expiresAt.getDate() + 30); // 30 days\n  262 \n→ 263 await prisma.session.create(\nForeign key constraint violated: `sessions_userId_fkey (index)`\n    at $n.handleRequestError (/Users/user/Desktop/AI/projects/nextsaas/backend/node_modules/@prisma/client/runtime/library.js:121:7315)\n    at $n.handleAndLogRequestError (/Users/user/Desktop/AI/projects/nextsaas/backend/node_modules/@prisma/client/runtime/library.js:121:6623)\n    at $n.request (/Users/user/Desktop/AI/projects/nextsaas/backend/node_modules/@prisma/client/runtime/library.js:121:6307)\n    at l (/Users/user/Desktop/AI/projects/nextsaas/backend/node_modules/@prisma/client/runtime/library.js:130:9633)\n    at Object.login (/Users/user/Desktop/AI/projects/nextsaas/backend/src/services/authService.ts:263:3)\n    at /Users/user/Desktop/AI/projects/nextsaas/backend/src/routes/auth.ts:343:25",
        "requestId": "fbc7eebd-ed73-49d0-8df0-b673b703aafc",
        "method": "POST",
        "path": "/api/auth/login",
        "statusCode": 500,
        "isOperational": false
      }

      at Console.log (node_modules/winston/lib/winston/transports/console.js:87:23)

  ● Observability Routes E2E › GET /api/observability/alerts/check › should return alerts for admin user

    expect(received).toBe(expected) // Object.is equality

    Expected: 200
    Received: 500

      82 |       .send({ email: adminEmail, password: adminPassword });
      83 |
    > 84 |     expect(adminLogin.status).toBe(200);
         |                               ^
      85 |     const adminTokenValue = findCookie(adminLogin.headers, 'accessToken');
      86 |     expect(adminTokenValue).toBeDefined();
      87 |     adminToken = adminTokenValue ? `accessToken=${adminTokenValue}` : '';

      at Object.<anonymous> (src/__tests__/routes/observability.e2e.test.ts:84:31)

  ● Observability Routes E2E › GET /api/observability/alerts/check › should reject unauthenticated request

    expect(received).toBe(expected) // Object.is equality

    Expected: 200
    Received: 500

      82 |       .send({ email: adminEmail, password: adminPassword });
      83 |
    > 84 |     expect(adminLogin.status).toBe(200);
         |                               ^
      85 |     const adminTokenValue = findCookie(adminLogin.headers, 'accessToken');
      86 |     expect(adminTokenValue).toBeDefined();
      87 |     adminToken = adminTokenValue ? `accessToken=${adminTokenValue}` : '';

      at Object.<anonymous> (src/__tests__/routes/observability.e2e.test.ts:84:31)

  ● Observability Routes E2E › GET /api/observability/alerts/rules › should reject regular user

    expect(received).toBe(expected) // Object.is equality

    Expected: 200
    Received: 500

      92 |       .send({ email: userEmail, password: userPassword });
      93 |
    > 94 |     expect(userLogin.status).toBe(200);
         |                              ^
      95 |     const userTokenValue = findCookie(userLogin.headers, 'accessToken');
      96 |     expect(userTokenValue).toBeDefined();
      97 |     regularToken = userTokenValue ? `accessToken=${userTokenValue}` : '';

      at Object.<anonymous> (src/__tests__/routes/observability.e2e.test.ts:94:30)

  ● Observability Routes E2E › POST /api/observability/alerts/check › should trigger alert check with custom rules

    expect(received).toBe(expected) // Object.is equality

    Expected: 200
    Received: 401

      82 |       .send({ email: adminEmail, password: adminPassword });
      83 |
    > 84 |     expect(adminLogin.status).toBe(200);
         |                               ^
      85 |     const adminTokenValue = findCookie(adminLogin.headers, 'accessToken');
      86 |     expect(adminTokenValue).toBeDefined();
      87 |     adminToken = adminTokenValue ? `accessToken=${adminTokenValue}` : '';

      at Object.<anonymous> (src/__tests__/routes/observability.e2e.test.ts:84:31)

  ● Observability Routes E2E › POST /api/observability/alerts/check › should use default rules if none provided

    expect(received).toBe(expected) // Object.is equality

    Expected: 200
    Received: 401

      92 |       .send({ email: userEmail, password: userPassword });
      93 |
    > 94 |     expect(userLogin.status).toBe(200);
         |                              ^
      95 |     const userTokenValue = findCookie(userLogin.headers, 'accessToken');
      96 |     expect(userTokenValue).toBeDefined();
      97 |     regularToken = userTokenValue ? `accessToken=${userTokenValue}` : '';

      at Object.<anonymous> (src/__tests__/routes/observability.e2e.test.ts:94:30)

  ● Observability Routes E2E › GET /api/observability/metrics/verify › should reject regular user

    expect(received).toBe(expected) // Object.is equality

    Expected: 200
    Received: 500

      92 |       .send({ email: userEmail, password: userPassword });
      93 |
    > 94 |     expect(userLogin.status).toBe(200);
         |                              ^
      95 |     const userTokenValue = findCookie(userLogin.headers, 'accessToken');
      96 |     expect(userTokenValue).toBeDefined();
      97 |     regularToken = userTokenValue ? `accessToken=${userTokenValue}` : '';

      at Object.<anonymous> (src/__tests__/routes/observability.e2e.test.ts:94:30)

  ● Observability Routes E2E › GET /api/observability/metrics/verify/endpoint › should verify metrics endpoint accessibility

    expect(received).toBe(expected) // Object.is equality

    Expected: 200
    Received: 401

      82 |       .send({ email: adminEmail, password: adminPassword });
      83 |
    > 84 |     expect(adminLogin.status).toBe(200);
         |                               ^
      85 |     const adminTokenValue = findCookie(adminLogin.headers, 'accessToken');
      86 |     expect(adminTokenValue).toBeDefined();
      87 |     adminToken = adminTokenValue ? `accessToken=${adminTokenValue}` : '';

      at Object.<anonymous> (src/__tests__/routes/observability.e2e.test.ts:84:31)

  ● Observability Routes E2E › GET /api/observability/metrics/verify/format › should verify metrics format

    expect(received).toBe(expected) // Object.is equality

    Expected: 200
    Received: 500

      82 |       .send({ email: adminEmail, password: adminPassword });
      83 |
    > 84 |     expect(adminLogin.status).toBe(200);
         |                               ^
      85 |     const adminTokenValue = findCookie(adminLogin.headers, 'accessToken');
      86 |     expect(adminTokenValue).toBeDefined();
      87 |     adminToken = adminTokenValue ? `accessToken=${adminTokenValue}` : '';

      at Object.<anonymous> (src/__tests__/routes/observability.e2e.test.ts:84:31)

  ● Observability Routes E2E › GET /api/observability/metrics/verify/content › should verify metrics content

    expect(received).toBe(expected) // Object.is equality

    Expected: 200
    Received: 401

      82 |       .send({ email: adminEmail, password: adminPassword });
      83 |
    > 84 |     expect(adminLogin.status).toBe(200);
         |                               ^
      85 |     const adminTokenValue = findCookie(adminLogin.headers, 'accessToken');
      86 |     expect(adminTokenValue).toBeDefined();
      87 |     adminToken = adminTokenValue ? `accessToken=${adminTokenValue}` : '';

      at Object.<anonymous> (src/__tests__/routes/observability.e2e.test.ts:84:31)

PASS src/__tests__/documentation/screenshots.test.ts
  ● Console

    console.warn
      ⚠️  Missing required screenshots:
        - dashboard (e.g., dashboard.png or dashboard-*.png)
        - login (e.g., login.png or login-*.png)
        - register (e.g., register.png or register-*.png)
        - admin (e.g., admin.png or admin-*.png)
        - payment (e.g., payment.png or payment-*.png)
        - settings (e.g., settings.png or settings-*.png)
        - api-docs (e.g., api-docs.png or api-docs-*.png)
        - mobile (e.g., mobile.png or mobile-*.png)
      
      Found screenshots: none
      
      This is a documentation requirement for CodeCanyon submission.
      Tests will pass but screenshots should be added before submission.

      104 |
      105 |     if (missing.length > 0) {
    > 106 |       console.warn(
          |               ^
      107 |         `⚠️  Missing required screenshots:\n${missing.map(s => `  - ${s} (e.g., ${s}.png or ${s}-*.png)`).join('\n')}\n\n` +
      108 |         `Found screenshots: ${files.length > 0 ? files.join(', ') : 'none'}\n\n` +
      109 |         'This is a documentation requirement for CodeCanyon submission.\n' +

      at Object.<anonymous> (src/__tests__/documentation/screenshots.test.ts:106:15)

    console.warn
      ⚠️  Only 0 screenshots found. Minimum 8 screenshots required for CodeCanyon.
      Found: 
      
      This is a documentation requirement for CodeCanyon submission.
      Tests will pass but screenshots should be added before submission.

      126 |
      127 |     if (files.length < 8) {
    > 128 |       console.warn(
          |               ^
      129 |         `⚠️  Only ${files.length} screenshots found. Minimum 8 screenshots required for CodeCanyon.\n` +
      130 |         `Found: ${files.join(', ')}\n\n` +
      131 |         'This is a documentation requirement for CodeCanyon submission.\n' +

      at Object.<anonymous> (src/__tests__/documentation/screenshots.test.ts:128:15)

    console.warn
      ⚠️  Preview image not found. CodeCanyon requires a 590x300px preview image.
      Looked for: preview-image.png, preview-image.jpg, preview.png, preview.jpg, item-preview.png, item-preview.jpg
      
      This is a documentation requirement for CodeCanyon submission.
      Tests will pass but preview image should be added before submission.
      
      Create a professional preview image with:
        - Size: 590x300px (CodeCanyon requirement)
        - App name/logo
        - Key features
        - Professional design

      222 |
      223 |     if (!previewImage) {
    > 224 |       console.warn(
          |               ^
      225 |         '⚠️  Preview image not found. CodeCanyon requires a 590x300px preview image.\n' +
      226 |         `Looked for: ${previewImageNames.join(', ')}\n\n` +
      227 |         'This is a documentation requirement for CodeCanyon submission.\n' +

      at Object.<anonymous> (src/__tests__/documentation/screenshots.test.ts:224:15)

    console.warn
      ⚠️  Preview image not found. Skipping dimension check.

      243 |
      244 |     if (!previewImage) {
    > 245 |       console.warn('⚠️  Preview image not found. Skipping dimension check.');
          |               ^
      246 |       console.warn('   This is a documentation requirement for CodeCanyon submission.');
      247 |       return; // Skip test instead of failing
      248 |     }

      at Object.<anonymous> (src/__tests__/documentation/screenshots.test.ts:245:15)

    console.warn
         This is a documentation requirement for CodeCanyon submission.

      244 |     if (!previewImage) {
      245 |       console.warn('⚠️  Preview image not found. Skipping dimension check.');
    > 246 |       console.warn('   This is a documentation requirement for CodeCanyon submission.');
          |               ^
      247 |       return; // Skip test instead of failing
      248 |     }
      249 |

      at Object.<anonymous> (src/__tests__/documentation/screenshots.test.ts:246:15)

PASS src/__tests__/services/adminDashboardService.test.ts
FAIL src/__tests__/services/oauthService.test.ts
  ● Console

    console.log
      2026-01-20 13:17:22 [[32minfo[39m]: OAuth user created {
        "userId": "85f9052c-4fe9-456c-8eb2-d4958789d140",
        "provider": "google",
        "email": "g***@example.com"
      }

      at Console.log (node_modules/winston/lib/winston/transports/console.js:87:23)

    console.log
      2026-01-20 13:17:22 [[32minfo[39m]: OAuth user created {
        "userId": "05b7709d-5f5b-40d9-90e8-3e2771675d5c",
        "provider": "github",
        "email": "g***@example.com"
      }

      at Console.log (node_modules/winston/lib/winston/transports/console.js:87:23)

    console.log
      2026-01-20 13:17:22 [[32minfo[39m]: OAuth user updated {
        "userId": "d39d86fc-f507-4692-a1bc-f84bc71ad179",
        "provider": "google",
        "email": "u***@example.com"
      }

      at Console.log (node_modules/winston/lib/winston/transports/console.js:87:23)

    console.log
      2026-01-20 13:17:22 [[32minfo[39m]: OAuth user created {
        "userId": "e0215a21-2747-493f-94a5-a5d227dad55b",
        "provider": "google",
        "email": "u***@example.com"
      }

      at Console.log (node_modules/winston/lib/winston/transports/console.js:87:23)

    console.log
      2026-01-20 13:17:22 [[32minfo[39m]: OAuth user created {
        "userId": "746d9f87-0b17-434b-8918-0ac6abade9a0",
        "provider": "google",
        "email": "n***@example.com"
      }

      at Console.log (node_modules/winston/lib/winston/transports/console.js:87:23)

    console.log
      2026-01-20 13:17:22 [[32minfo[39m]: OAuth provider linked to user {
        "userId": "491df4f3-adbe-439d-a4a2-0082b7988cbf",
        "provider": "google",
        "email": "e***@example.com"
      }

      at Console.log (node_modules/winston/lib/winston/transports/console.js:87:23)

    console.log
      2026-01-20 13:17:22 [[32minfo[39m]: OAuth provider linked to user {
        "userId": "fb0f1162-d931-49f2-b3f3-bff73eec82a7",
        "provider": "google",
        "email": "o***@example.com"
      }

      at Console.log (node_modules/winston/lib/winston/transports/console.js:87:23)

    console.log
      2026-01-20 13:17:22 [[32minfo[39m]: OAuth provider unlinked from user {
        "userId": "d28bdf16-b62b-424f-929f-b064e7d7a242",
        "provider": "google",
        "email": "o***@example.com"
      }

      at Console.log (node_modules/winston/lib/winston/transports/console.js:87:23)

  ● OAuth Service › linkOAuthToUser › should throw ConflictError if OAuth provider already linked to another user

    expect(received).rejects.toThrow()

    Received promise resolved instead of rejected
    Resolved to value: {"createdAt": 2026-01-20T13:17:22.851Z, "email": "other@example.com", "emailVerified": true, "emailVerifiedAt": 2026-01-20T13:17:22.853Z, "id": "fb0f1162-d931-49f2-b3f3-bff73eec82a7", "name": "Test User", "oauthEmail": "test@example.com", "oauthProvider": "google", "oauthProviderId": "google-123", "role": "USER"}

      188 |       };
      189 |
    > 190 |       await expect(
          |             ^
      191 |         oauthService.linkOAuthToUser(user.id, 'google', profile)
      192 |       ).rejects.toThrow(ConflictError);
      193 |     });

      at expect (node_modules/expect/build/index.js:113:15)
      at Object.<anonymous> (src/__tests__/services/oauthService.test.ts:190:13)

PASS src/__tests__/middleware/idempotency.test.ts
FAIL src/__tests__/routes/auth.oauth.e2e.test.ts (5.514 s)
  ● Console

    console.log
      2026-01-20 13:17:22 [[31merror[39m]: Failed to verify Google token {
        "error": "Request failed with status code 401"
      }

      at Console.log (node_modules/winston/lib/winston/transports/console.js:87:23)

    console.log
      2026-01-20 13:17:23 [[31merror[39m]: Database error 
      Invalid `prisma.session.create()` invocation in
      /Users/user/Desktop/AI/projects/nextsaas/backend/src/services/authService.ts:263:24
      
        260 const expiresAt = new Date();
        261 expiresAt.setDate(expiresAt.getDate() + 30); // 30 days
        262 
      → 263 await prisma.session.create(
      Foreign key constraint violated: `sessions_userId_fkey (index)` {
        "target": "session.create"
      }

      at Console.log (node_modules/winston/lib/winston/transports/console.js:87:23)

    console.log
      2026-01-20 13:17:23 [[31merror[39m]: Request error {
        "error": "\nInvalid `prisma.session.create()` invocation in\n/Users/user/Desktop/AI/projects/nextsaas/backend/src/services/authService.ts:263:24\n\n  260 const expiresAt = new Date();\n  261 expiresAt.setDate(expiresAt.getDate() + 30); // 30 days\n  262 \n→ 263 await prisma.session.create(\nForeign key constraint violated: `sessions_userId_fkey (index)`",
        "stack": "PrismaClientKnownRequestError: \nInvalid `prisma.session.create()` invocation in\n/Users/user/Desktop/AI/projects/nextsaas/backend/src/services/authService.ts:263:24\n\n  260 const expiresAt = new Date();\n  261 expiresAt.setDate(expiresAt.getDate() + 30); // 30 days\n  262 \n→ 263 await prisma.session.create(\nForeign key constraint violated: `sessions_userId_fkey (index)`\n    at $n.handleRequestError (/Users/user/Desktop/AI/projects/nextsaas/backend/node_modules/@prisma/client/runtime/library.js:121:7315)\n    at $n.handleAndLogRequestError (/Users/user/Desktop/AI/projects/nextsaas/backend/node_modules/@prisma/client/runtime/library.js:121:6623)\n    at $n.request (/Users/user/Desktop/AI/projects/nextsaas/backend/node_modules/@prisma/client/runtime/library.js:121:6307)\n    at l (/Users/user/Desktop/AI/projects/nextsaas/backend/node_modules/@prisma/client/runtime/library.js:130:9633)\n    at Object.login (/Users/user/Desktop/AI/projects/nextsaas/backend/src/services/authService.ts:263:3)\n    at /Users/user/Desktop/AI/projects/nextsaas/backend/src/routes/auth.ts:343:25",
        "requestId": "f3e4e3cc-ec41-4026-8497-76c628b39b71",
        "method": "POST",
        "path": "/api/auth/login",
        "statusCode": 500,
        "isOperational": false
      }

      at Console.log (node_modules/winston/lib/winston/transports/console.js:87:23)

    console.log
      2026-01-20 13:17:24 [[31merror[39m]: Database error 
      Invalid `prisma.session.create()` invocation in
      /Users/user/Desktop/AI/projects/nextsaas/backend/src/services/authService.ts:263:24
      
        260 const expiresAt = new Date();
        261 expiresAt.setDate(expiresAt.getDate() + 30); // 30 days
        262 
      → 263 await prisma.session.create(
      Foreign key constraint violated: `sessions_userId_fkey (index)` {
        "target": "session.create"
      }

      at Console.log (node_modules/winston/lib/winston/transports/console.js:87:23)

    console.log
      2026-01-20 13:17:24 [[31merror[39m]: Request error {
        "error": "\nInvalid `prisma.session.create()` invocation in\n/Users/user/Desktop/AI/projects/nextsaas/backend/src/services/authService.ts:263:24\n\n  260 const expiresAt = new Date();\n  261 expiresAt.setDate(expiresAt.getDate() + 30); // 30 days\n  262 \n→ 263 await prisma.session.create(\nForeign key constraint violated: `sessions_userId_fkey (index)`",
        "stack": "PrismaClientKnownRequestError: \nInvalid `prisma.session.create()` invocation in\n/Users/user/Desktop/AI/projects/nextsaas/backend/src/services/authService.ts:263:24\n\n  260 const expiresAt = new Date();\n  261 expiresAt.setDate(expiresAt.getDate() + 30); // 30 days\n  262 \n→ 263 await prisma.session.create(\nForeign key constraint violated: `sessions_userId_fkey (index)`\n    at $n.handleRequestError (/Users/user/Desktop/AI/projects/nextsaas/backend/node_modules/@prisma/client/runtime/library.js:121:7315)\n    at $n.handleAndLogRequestError (/Users/user/Desktop/AI/projects/nextsaas/backend/node_modules/@prisma/client/runtime/library.js:121:6623)\n    at $n.request (/Users/user/Desktop/AI/projects/nextsaas/backend/node_modules/@prisma/client/runtime/library.js:121:6307)\n    at l (/Users/user/Desktop/AI/projects/nextsaas/backend/node_modules/@prisma/client/runtime/library.js:130:9633)\n    at Object.login (/Users/user/Desktop/AI/projects/nextsaas/backend/src/services/authService.ts:263:3)\n    at /Users/user/Desktop/AI/projects/nextsaas/backend/src/routes/auth.ts:343:25",
        "requestId": "3dbd2c14-67e2-4ef4-af17-774df0371cc9",
        "method": "POST",
        "path": "/api/auth/login",
        "statusCode": 500,
        "isOperational": false
      }

      at Console.log (node_modules/winston/lib/winston/transports/console.js:87:23)

    console.log
      2026-01-20 13:17:25 [[32minfo[39m]: User logged in {
        "userId": "bb8e59e5-3549-4cb0-acd5-401754766bbc",
        "email": "o***@example.com"
      }

      at Console.log (node_modules/winston/lib/winston/transports/console.js:87:23)

    console.log
      2026-01-20 13:17:26 [[32minfo[39m]: User logged in {
        "userId": "717ffcac-2b72-48ca-a26e-0a8f97330f39",
        "email": "o***@example.com"
      }

      at Console.log (node_modules/winston/lib/winston/transports/console.js:87:23)

    console.log
      2026-01-20 13:17:27 [[31merror[39m]: Database error 
      Invalid `prisma.session.create()` invocation in
      /Users/user/Desktop/AI/projects/nextsaas/backend/src/services/authService.ts:263:24
      
        260 const expiresAt = new Date();
        261 expiresAt.setDate(expiresAt.getDate() + 30); // 30 days
        262 
      → 263 await prisma.session.create(
      Foreign key constraint violated: `sessions_userId_fkey (index)` {
        "target": "session.create"
      }

      at Console.log (node_modules/winston/lib/winston/transports/console.js:87:23)

    console.log
      2026-01-20 13:17:27 [[31merror[39m]: Request error {
        "error": "\nInvalid `prisma.session.create()` invocation in\n/Users/user/Desktop/AI/projects/nextsaas/backend/src/services/authService.ts:263:24\n\n  260 const expiresAt = new Date();\n  261 expiresAt.setDate(expiresAt.getDate() + 30); // 30 days\n  262 \n→ 263 await prisma.session.create(\nForeign key constraint violated: `sessions_userId_fkey (index)`",
        "stack": "PrismaClientKnownRequestError: \nInvalid `prisma.session.create()` invocation in\n/Users/user/Desktop/AI/projects/nextsaas/backend/src/services/authService.ts:263:24\n\n  260 const expiresAt = new Date();\n  261 expiresAt.setDate(expiresAt.getDate() + 30); // 30 days\n  262 \n→ 263 await prisma.session.create(\nForeign key constraint violated: `sessions_userId_fkey (index)`\n    at $n.handleRequestError (/Users/user/Desktop/AI/projects/nextsaas/backend/node_modules/@prisma/client/runtime/library.js:121:7315)\n    at $n.handleAndLogRequestError (/Users/user/Desktop/AI/projects/nextsaas/backend/node_modules/@prisma/client/runtime/library.js:121:6623)\n    at $n.request (/Users/user/Desktop/AI/projects/nextsaas/backend/node_modules/@prisma/client/runtime/library.js:121:6307)\n    at l (/Users/user/Desktop/AI/projects/nextsaas/backend/node_modules/@prisma/client/runtime/library.js:130:9633)\n    at Object.login (/Users/user/Desktop/AI/projects/nextsaas/backend/src/services/authService.ts:263:3)\n    at /Users/user/Desktop/AI/projects/nextsaas/backend/src/routes/auth.ts:343:25",
        "requestId": "dd876ab8-42d1-4fbf-9bbd-4275e45ad6e2",
        "method": "POST",
        "path": "/api/auth/login",
        "statusCode": 500,
        "isOperational": false
      }

      at Console.log (node_modules/winston/lib/winston/transports/console.js:87:23)

  ● OAuth E2E Tests › POST /api/auth/oauth/link › should require authentication

    Failed to get auth token

      168 |       const accessTokenCookie = findCookie(loginResponse.headers, 'accessToken');
      169 |       if (!accessTokenCookie) {
    > 170 |         throw new Error('Failed to get auth token');
          |               ^
      171 |       }
      172 |       authToken = `accessToken=${accessTokenCookie}`;
      173 |     });

      at Object.<anonymous> (src/__tests__/routes/auth.oauth.e2e.test.ts:170:15)

  ● OAuth E2E Tests › POST /api/auth/oauth/link › should return error for invalid provider

    Failed to get auth token

      168 |       const accessTokenCookie = findCookie(loginResponse.headers, 'accessToken');
      169 |       if (!accessTokenCookie) {
    > 170 |         throw new Error('Failed to get auth token');
          |               ^
      171 |       }
      172 |       authToken = `accessToken=${accessTokenCookie}`;
      173 |     });

      at Object.<anonymous> (src/__tests__/routes/auth.oauth.e2e.test.ts:170:15)

  ● OAuth E2E Tests › GET /api/auth/oauth/methods › should return empty array if user has no linked OAuth methods

    Failed to get auth token

      239 |       const accessTokenCookie = findCookie(loginResponse.headers, 'accessToken');
      240 |       if (!accessTokenCookie) {
    > 241 |         throw new Error('Failed to get auth token');
          |               ^
      242 |       }
      243 |       authToken = `accessToken=${accessTokenCookie}`;
      244 |     });

      at Object.<anonymous> (src/__tests__/routes/auth.oauth.e2e.test.ts:241:15)

FAIL src/__tests__/routes/admin.dashboard.test.ts (8.782 s)
  ● Console

    console.log
      2026-01-20 13:17:31 [[31merror[39m]: Database error 
      Invalid `prisma.session.createMany()` invocation in
      /Users/user/Desktop/AI/projects/nextsaas/backend/src/__tests__/routes/admin.dashboard.test.ts:117:28
      
        114 const pastDate = new Date();
        115 pastDate.setDate(pastDate.getDate() - 1);
        116 
      → 117 await prisma.session.createMany(
      Foreign key constraint violated: `sessions_userId_fkey (index)` {
        "target": "session.createMany"
      }

      at Console.log (node_modules/winston/lib/winston/transports/console.js:87:23)

  ● Admin Dashboard Route - Integration Tests › GET /api/admin/dashboard › should return correct active sessions count

    PrismaClientKnownRequestError: 
    Invalid `prisma.session.createMany()` invocation in
    /Users/user/Desktop/AI/projects/nextsaas/backend/src/__tests__/routes/admin.dashboard.test.ts:117:28

      114 const pastDate = new Date();
      115 pastDate.setDate(pastDate.getDate() - 1);
      116 
    → 117 await prisma.session.createMany(
    Foreign key constraint violated: `sessions_userId_fkey (index)`

      115 |       pastDate.setDate(pastDate.getDate() - 1);
      116 |
    > 117 |       await prisma.session.createMany({
          |       ^
      118 |         data: [
      119 |           {
      120 |             userId: adminUser.id,

      at $n.handleRequestError (node_modules/@prisma/client/runtime/library.js:121:7315)
      at $n.handleAndLogRequestError (node_modules/@prisma/client/runtime/library.js:121:6623)
      at $n.request (node_modules/@prisma/client/runtime/library.js:121:6307)
      at l (node_modules/@prisma/client/runtime/library.js:130:9633)
      at Object.<anonymous> (src/__tests__/routes/admin.dashboard.test.ts:117:7)

  ● Admin Dashboard Route - Integration Tests › GET /api/admin/dashboard › should return system health information

    expected 200 "OK", got 401 "Unauthorized"

      203 |         .get('/api/admin/dashboard')
      204 |         .set('Cookie', `accessToken=${adminToken}`)
    > 205 |         .expect(200);
          |          ^
      206 |
      207 |       // Assert
      208 |       expect(response.body.data.stats.systemHealth).toBeDefined();

      at Object.<anonymous> (src/__tests__/routes/admin.dashboard.test.ts:205:10)
      ----
      at Test._assertStatus (node_modules/supertest/lib/test.js:252:14)
      at node_modules/supertest/lib/test.js:308:13
      at Test._assertFunction (node_modules/supertest/lib/test.js:285:13)
      at Test.assert (node_modules/supertest/lib/test.js:164:23)
      at Server.localAssert (node_modules/supertest/lib/test.js:120:14)

FAIL src/__tests__/routes/auth.mfa.test.ts (16.302 s)
  ● Console

    console.log
      2026-01-20 13:17:26 [[31merror[39m]: Database error 
      Invalid `prisma.mfaBackupCode.create()` invocation in
      /Users/user/Desktop/AI/projects/nextsaas/backend/src/services/mfaService.ts:316:32
      
        313 const code = generateBackupCode();
        314 codes.push(code);
        315 
      → 316 await prisma.mfaBackupCode.create(
      Foreign key constraint violated: `mfa_backup_codes_userId_fkey (index)` {
        "target": "mfaBackupCode.create"
      }

      at Console.log (node_modules/winston/lib/winston/transports/console.js:87:23)

    console.log
      2026-01-20 13:17:26 [[31merror[39m]: Request error {
        "error": "\nInvalid `prisma.mfaBackupCode.create()` invocation in\n/Users/user/Desktop/AI/projects/nextsaas/backend/src/services/mfaService.ts:316:32\n\n  313 const code = generateBackupCode();\n  314 codes.push(code);\n  315 \n→ 316 await prisma.mfaBackupCode.create(\nForeign key constraint violated: `mfa_backup_codes_userId_fkey (index)`",
        "stack": "PrismaClientKnownRequestError: \nInvalid `prisma.mfaBackupCode.create()` invocation in\n/Users/user/Desktop/AI/projects/nextsaas/backend/src/services/mfaService.ts:316:32\n\n  313 const code = generateBackupCode();\n  314 codes.push(code);\n  315 \n→ 316 await prisma.mfaBackupCode.create(\nForeign key constraint violated: `mfa_backup_codes_userId_fkey (index)`\n    at $n.handleRequestError (/Users/user/Desktop/AI/projects/nextsaas/backend/node_modules/@prisma/client/runtime/library.js:121:7315)\n    at $n.handleAndLogRequestError (/Users/user/Desktop/AI/projects/nextsaas/backend/node_modules/@prisma/client/runtime/library.js:121:6623)\n    at $n.request (/Users/user/Desktop/AI/projects/nextsaas/backend/node_modules/@prisma/client/runtime/library.js:121:6307)\n    at l (/Users/user/Desktop/AI/projects/nextsaas/backend/node_modules/@prisma/client/runtime/library.js:130:9633)\n    at generateBackupCodes (/Users/user/Desktop/AI/projects/nextsaas/backend/src/services/mfaService.ts:316:5)\n    at Object.setupTotp (/Users/user/Desktop/AI/projects/nextsaas/backend/src/services/mfaService.ts:57:23)\n    at /Users/user/Desktop/AI/projects/nextsaas/backend/src/routes/auth.ts:1130:20",
        "requestId": "40ffc216-d5cd-4a09-b056-592f3f0d415c",
        "userId": "ba89814c-1ae2-4624-9bf4-8feae249b110",
        "method": "POST",
        "path": "/api/auth/mfa/setup/totp",
        "statusCode": 500,
        "isOperational": false
      }

      at Console.log (node_modules/winston/lib/winston/transports/console.js:87:23)

    console.log
      2026-01-20 13:17:29 [[31merror[39m]: Database error 
      Invalid `prisma.mfaBackupCode.create()` invocation in
      /Users/user/Desktop/AI/projects/nextsaas/backend/src/services/mfaService.ts:316:32
      
        313 const code = generateBackupCode();
        314 codes.push(code);
        315 
      → 316 await prisma.mfaBackupCode.create(
      Foreign key constraint violated: `mfa_backup_codes_userId_fkey (index)` {
        "target": "mfaBackupCode.create"
      }

      at Console.log (node_modules/winston/lib/winston/transports/console.js:87:23)

    console.log
      2026-01-20 13:17:29 [[31merror[39m]: Request error {
        "error": "\nInvalid `prisma.mfaBackupCode.create()` invocation in\n/Users/user/Desktop/AI/projects/nextsaas/backend/src/services/mfaService.ts:316:32\n\n  313 const code = generateBackupCode();\n  314 codes.push(code);\n  315 \n→ 316 await prisma.mfaBackupCode.create(\nForeign key constraint violated: `mfa_backup_codes_userId_fkey (index)`",
        "stack": "PrismaClientKnownRequestError: \nInvalid `prisma.mfaBackupCode.create()` invocation in\n/Users/user/Desktop/AI/projects/nextsaas/backend/src/services/mfaService.ts:316:32\n\n  313 const code = generateBackupCode();\n  314 codes.push(code);\n  315 \n→ 316 await prisma.mfaBackupCode.create(\nForeign key constraint violated: `mfa_backup_codes_userId_fkey (index)`\n    at $n.handleRequestError (/Users/user/Desktop/AI/projects/nextsaas/backend/node_modules/@prisma/client/runtime/library.js:121:7315)\n    at $n.handleAndLogRequestError (/Users/user/Desktop/AI/projects/nextsaas/backend/node_modules/@prisma/client/runtime/library.js:121:6623)\n    at $n.request (/Users/user/Desktop/AI/projects/nextsaas/backend/node_modules/@prisma/client/runtime/library.js:121:6307)\n    at l (/Users/user/Desktop/AI/projects/nextsaas/backend/node_modules/@prisma/client/runtime/library.js:130:9633)\n    at generateBackupCodes (/Users/user/Desktop/AI/projects/nextsaas/backend/src/services/mfaService.ts:316:5)\n    at Object.setupTotp (/Users/user/Desktop/AI/projects/nextsaas/backend/src/services/mfaService.ts:57:23)\n    at /Users/user/Desktop/AI/projects/nextsaas/backend/src/routes/auth.ts:1130:20",
        "requestId": "6330ebe3-4d72-4c38-a620-129c0ba6975b",
        "userId": "68c59fa5-b0c3-4f08-aafa-44e46e125063",
        "method": "POST",
        "path": "/api/auth/mfa/setup/totp",
        "statusCode": 500,
        "isOperational": false
      }

      at Console.log (node_modules/winston/lib/winston/transports/console.js:87:23)

    console.log
      2026-01-20 13:17:31 [[31merror[39m]: Database error 
      Invalid `prisma.mfaBackupCode.create()` invocation in
      /Users/user/Desktop/AI/projects/nextsaas/backend/src/services/mfaService.ts:316:32
      
        313 const code = generateBackupCode();
        314 codes.push(code);
        315 
      → 316 await prisma.mfaBackupCode.create(
      Foreign key constraint violated: `mfa_backup_codes_userId_fkey (index)` {
        "target": "mfaBackupCode.create"
      }

      at Console.log (node_modules/winston/lib/winston/transports/console.js:87:23)

    console.log
      2026-01-20 13:17:31 [[31merror[39m]: Request error {
        "error": "\nInvalid `prisma.mfaBackupCode.create()` invocation in\n/Users/user/Desktop/AI/projects/nextsaas/backend/src/services/mfaService.ts:316:32\n\n  313 const code = generateBackupCode();\n  314 codes.push(code);\n  315 \n→ 316 await prisma.mfaBackupCode.create(\nForeign key constraint violated: `mfa_backup_codes_userId_fkey (index)`",
        "stack": "PrismaClientKnownRequestError: \nInvalid `prisma.mfaBackupCode.create()` invocation in\n/Users/user/Desktop/AI/projects/nextsaas/backend/src/services/mfaService.ts:316:32\n\n  313 const code = generateBackupCode();\n  314 codes.push(code);\n  315 \n→ 316 await prisma.mfaBackupCode.create(\nForeign key constraint violated: `mfa_backup_codes_userId_fkey (index)`\n    at $n.handleRequestError (/Users/user/Desktop/AI/projects/nextsaas/backend/node_modules/@prisma/client/runtime/library.js:121:7315)\n    at $n.handleAndLogRequestError (/Users/user/Desktop/AI/projects/nextsaas/backend/node_modules/@prisma/client/runtime/library.js:121:6623)\n    at $n.request (/Users/user/Desktop/AI/projects/nextsaas/backend/node_modules/@prisma/client/runtime/library.js:121:6307)\n    at l (/Users/user/Desktop/AI/projects/nextsaas/backend/node_modules/@prisma/client/runtime/library.js:130:9633)\n    at generateBackupCodes (/Users/user/Desktop/AI/projects/nextsaas/backend/src/services/mfaService.ts:316:5)\n    at Object.setupTotp (/Users/user/Desktop/AI/projects/nextsaas/backend/src/services/mfaService.ts:57:23)\n    at /Users/user/Desktop/AI/projects/nextsaas/backend/src/routes/auth.ts:1130:20",
        "requestId": "ecda82c5-8fb3-4b34-9f21-076a4b0ae81e",
        "userId": "e0358388-d706-408e-a203-50e7491fb068",
        "method": "POST",
        "path": "/api/auth/mfa/setup/totp",
        "statusCode": 500,
        "isOperational": false
      }

      at Console.log (node_modules/winston/lib/winston/transports/console.js:87:23)

    console.log
      2026-01-20 13:17:33 [[31merror[39m]: Database error 
      Invalid `prisma.mfaBackupCode.create()` invocation in
      /Users/user/Desktop/AI/projects/nextsaas/backend/src/services/mfaService.ts:316:32
      
        313 const code = generateBackupCode();
        314 codes.push(code);
        315 
      → 316 await prisma.mfaBackupCode.create(
      Foreign key constraint violated: `mfa_backup_codes_userId_fkey (index)` {
        "target": "mfaBackupCode.create"
      }

      at Console.log (node_modules/winston/lib/winston/transports/console.js:87:23)

    console.log
      2026-01-20 13:17:33 [[31merror[39m]: Request error {
        "error": "\nInvalid `prisma.mfaBackupCode.create()` invocation in\n/Users/user/Desktop/AI/projects/nextsaas/backend/src/services/mfaService.ts:316:32\n\n  313 const code = generateBackupCode();\n  314 codes.push(code);\n  315 \n→ 316 await prisma.mfaBackupCode.create(\nForeign key constraint violated: `mfa_backup_codes_userId_fkey (index)`",
        "stack": "PrismaClientKnownRequestError: \nInvalid `prisma.mfaBackupCode.create()` invocation in\n/Users/user/Desktop/AI/projects/nextsaas/backend/src/services/mfaService.ts:316:32\n\n  313 const code = generateBackupCode();\n  314 codes.push(code);\n  315 \n→ 316 await prisma.mfaBackupCode.create(\nForeign key constraint violated: `mfa_backup_codes_userId_fkey (index)`\n    at $n.handleRequestError (/Users/user/Desktop/AI/projects/nextsaas/backend/node_modules/@prisma/client/runtime/library.js:121:7315)\n    at $n.handleAndLogRequestError (/Users/user/Desktop/AI/projects/nextsaas/backend/node_modules/@prisma/client/runtime/library.js:121:6623)\n    at $n.request (/Users/user/Desktop/AI/projects/nextsaas/backend/node_modules/@prisma/client/runtime/library.js:121:6307)\n    at l (/Users/user/Desktop/AI/projects/nextsaas/backend/node_modules/@prisma/client/runtime/library.js:130:9633)\n    at generateBackupCodes (/Users/user/Desktop/AI/projects/nextsaas/backend/src/services/mfaService.ts:316:5)\n    at Object.setupTotp (/Users/user/Desktop/AI/projects/nextsaas/backend/src/services/mfaService.ts:57:23)\n    at /Users/user/Desktop/AI/projects/nextsaas/backend/src/routes/auth.ts:1130:20",
        "requestId": "2eca8d6d-1288-4baf-a20c-dbd0f981dbf3",
        "userId": "1b5de3d3-ceb7-47a5-8f66-7d03de10cc99",
        "method": "POST",
        "path": "/api/auth/mfa/setup/totp",
        "statusCode": 500,
        "isOperational": false
      }

      at Console.log (node_modules/winston/lib/winston/transports/console.js:87:23)

    console.log
      2026-01-20 13:17:36 [[31merror[39m]: Database error 
      Invalid `prisma.mfaBackupCode.create()` invocation in
      /Users/user/Desktop/AI/projects/nextsaas/backend/src/services/mfaService.ts:316:32
      
        313 const code = generateBackupCode();
        314 codes.push(code);
        315 
      → 316 await prisma.mfaBackupCode.create(
      Foreign key constraint violated: `mfa_backup_codes_userId_fkey (index)` {
        "target": "mfaBackupCode.create"
      }

      at Console.log (node_modules/winston/lib/winston/transports/console.js:87:23)

    console.log
      2026-01-20 13:17:36 [[31merror[39m]: Request error {
        "error": "\nInvalid `prisma.mfaBackupCode.create()` invocation in\n/Users/user/Desktop/AI/projects/nextsaas/backend/src/services/mfaService.ts:316:32\n\n  313 const code = generateBackupCode();\n  314 codes.push(code);\n  315 \n→ 316 await prisma.mfaBackupCode.create(\nForeign key constraint violated: `mfa_backup_codes_userId_fkey (index)`",
        "stack": "PrismaClientKnownRequestError: \nInvalid `prisma.mfaBackupCode.create()` invocation in\n/Users/user/Desktop/AI/projects/nextsaas/backend/src/services/mfaService.ts:316:32\n\n  313 const code = generateBackupCode();\n  314 codes.push(code);\n  315 \n→ 316 await prisma.mfaBackupCode.create(\nForeign key constraint violated: `mfa_backup_codes_userId_fkey (index)`\n    at $n.handleRequestError (/Users/user/Desktop/AI/projects/nextsaas/backend/node_modules/@prisma/client/runtime/library.js:121:7315)\n    at $n.handleAndLogRequestError (/Users/user/Desktop/AI/projects/nextsaas/backend/node_modules/@prisma/client/runtime/library.js:121:6623)\n    at $n.request (/Users/user/Desktop/AI/projects/nextsaas/backend/node_modules/@prisma/client/runtime/library.js:121:6307)\n    at l (/Users/user/Desktop/AI/projects/nextsaas/backend/node_modules/@prisma/client/runtime/library.js:130:9633)\n    at generateBackupCodes (/Users/user/Desktop/AI/projects/nextsaas/backend/src/services/mfaService.ts:316:5)\n    at Object.setupTotp (/Users/user/Desktop/AI/projects/nextsaas/backend/src/services/mfaService.ts:57:23)\n    at /Users/user/Desktop/AI/projects/nextsaas/backend/src/routes/auth.ts:1130:20",
        "requestId": "944d7c65-3347-4637-8869-d8267d8e9023",
        "userId": "39c22b6c-8c26-4629-ad79-d4a0f7d5f42b",
        "method": "POST",
        "path": "/api/auth/mfa/setup/totp",
        "statusCode": 500,
        "isOperational": false
      }

      at Console.log (node_modules/winston/lib/winston/transports/console.js:87:23)

    console.log
      2026-01-20 13:17:36 [[32minfo[39m]: Audit log created {
        "logId": "57285fb8-0ae9-48dd-89e6-ecf4a68f06ad",
        "action": "MFA_BACKUP_CODES_GENERATED",
        "userId": "9294e054-a765-4595-ab6c-a***-***-38488",
        "resource": "mfa_backup_codes"
      }

      at Console.log (node_modules/winston/lib/winston/transports/console.js:87:23)

    console.log
      2026-01-20 13:17:36 [[32minfo[39m]: Audit log created {
        "logId": "ae9da73d-b186-4344-831d-eb3bc9378fc8",
        "action": "MFA_BACKUP_CODES_GENERATED",
        "userId": "199c0c99-ac9f-451f-880d-ed65f1a8dc60",
        "resource": "mfa_backup_codes"
      }

      at Console.log (node_modules/winston/lib/winston/transports/console.js:87:23)

    console.log
      2026-01-20 13:17:37 [[32minfo[39m]: Audit log created {
        "logId": "85946095-b799-4660-ba97-a29f7f0eb4d2",
        "action": "MFA_BACKUP_CODE_USED",
        "userId": "199c0c99-ac9f-451f-880d-ed65f1a8dc60",
        "resource": "mfa_backup_codes"
      }

      at Console.log (node_modules/winston/lib/winston/transports/console.js:87:23)

    console.log
      2026-01-20 13:17:39 [[31merror[39m]: Database error 
      Invalid `prisma.mfaBackupCode.create()` invocation in
      /Users/user/Desktop/AI/projects/nextsaas/backend/src/services/mfaService.ts:316:32
      
        313 const code = generateBackupCode();
        314 codes.push(code);
        315 
      → 316 await prisma.mfaBackupCode.create(
      Foreign key constraint violated: `mfa_backup_codes_userId_fkey (index)` {
        "target": "mfaBackupCode.create"
      }

      at Console.log (node_modules/winston/lib/winston/transports/console.js:87:23)

    console.log
      2026-01-20 13:17:39 [[31merror[39m]: Request error {
        "error": "\nInvalid `prisma.mfaBackupCode.create()` invocation in\n/Users/user/Desktop/AI/projects/nextsaas/backend/src/services/mfaService.ts:316:32\n\n  313 const code = generateBackupCode();\n  314 codes.push(code);\n  315 \n→ 316 await prisma.mfaBackupCode.create(\nForeign key constraint violated: `mfa_backup_codes_userId_fkey (index)`",
        "stack": "PrismaClientKnownRequestError: \nInvalid `prisma.mfaBackupCode.create()` invocation in\n/Users/user/Desktop/AI/projects/nextsaas/backend/src/services/mfaService.ts:316:32\n\n  313 const code = generateBackupCode();\n  314 codes.push(code);\n  315 \n→ 316 await prisma.mfaBackupCode.create(\nForeign key constraint violated: `mfa_backup_codes_userId_fkey (index)`\n    at $n.handleRequestError (/Users/user/Desktop/AI/projects/nextsaas/backend/node_modules/@prisma/client/runtime/library.js:121:7315)\n    at $n.handleAndLogRequestError (/Users/user/Desktop/AI/projects/nextsaas/backend/node_modules/@prisma/client/runtime/library.js:121:6623)\n    at $n.request (/Users/user/Desktop/AI/projects/nextsaas/backend/node_modules/@prisma/client/runtime/library.js:121:6307)\n    at l (/Users/user/Desktop/AI/projects/nextsaas/backend/node_modules/@prisma/client/runtime/library.js:130:9633)\n    at generateBackupCodes (/Users/user/Desktop/AI/projects/nextsaas/backend/src/services/mfaService.ts:316:5)\n    at Object.setupTotp (/Users/user/Desktop/AI/projects/nextsaas/backend/src/services/mfaService.ts:57:23)\n    at /Users/user/Desktop/AI/projects/nextsaas/backend/src/routes/auth.ts:1130:20",
        "requestId": "1b429b72-62fe-4764-b9e6-0fbfd07be457",
        "userId": "013c5d17-2248-4f66-8b11-d54e8f443f88",
        "method": "POST",
        "path": "/api/auth/mfa/setup/totp",
        "statusCode": 500,
        "isOperational": false
      }

      at Console.log (node_modules/winston/lib/winston/transports/console.js:87:23)

    console.log
      2026-01-20 13:17:39 [[32minfo[39m]: Audit log created {
        "logId": "3b059330-fd0d-41af-9aa5-44f771afd1fd",
        "action": "MFA_EMAIL_SETUP",
        "userId": "9c015b2d-397d-4b86-b1e3-53175d8b16e3",
        "resource": "mfa_methods"
      }

      at Console.log (node_modules/winston/lib/winston/transports/console.js:87:23)

    console.log
      2026-01-20 13:17:39 [[32minfo[39m]: Email MFA setup initiated {
        "userId": "9c015b2d-397d-4b86-b1e3-53175d8b16e3"
      }

      at Console.log (node_modules/winston/lib/winston/transports/console.js:87:23)

    console.log
      2026-01-20 13:17:39 [[33mwarn[39m]: Email not sent - Resend not configured or in test mode {
        "to": "t***@example.com",
        "subject": "Your MFA Verification Code"
      }

      at Console.log (node_modules/winston/lib/winston/transports/console.js:87:23)

    console.log
      2026-01-20 13:17:39 [[32minfo[39m]: Audit log created {
        "logId": "97d739f1-2c0e-49a1-beaf-948aa1134ea6",
        "action": "MFA_EMAIL_OTP_SENT",
        "userId": "9c015b2d-397d-4b86-b1e3-53175d8b16e3",
        "resource": "mfa_methods"
      }

      at Console.log (node_modules/winston/lib/winston/transports/console.js:87:23)

    console.log
      2026-01-20 13:17:39 [[32minfo[39m]: Email OTP sent {
        "userId": "9c015b2d-397d-4b86-b1e3-53175d8b16e3"
      }

      at Console.log (node_modules/winston/lib/winston/transports/console.js:87:23)

    console.log
      2026-01-20 13:17:39 [[32minfo[39m]: OTP automatically sent after Email MFA setup {
        "userId": "9c015b2d-397d-4b86-b1e3-53175d8b16e3"
      }

      at Console.log (node_modules/winston/lib/winston/transports/console.js:87:23)

    console.log
      2026-01-20 13:17:40 [[32minfo[39m]: Audit log created {
        "logId": "9252d27c-4347-4e91-a6cc-5d6d624a1596",
        "action": "MFA_EMAIL_SETUP",
        "userId": "744e0cab-03b1-47ab-b58e-9e60a2c452f4",
        "resource": "mfa_methods"
      }

      at Console.log (node_modules/winston/lib/winston/transports/console.js:87:23)

    console.log
      2026-01-20 13:17:40 [[32minfo[39m]: Email MFA setup initiated {
        "userId": "744e0cab-03b1-47ab-b58e-9e60a2c452f4"
      }

      at Console.log (node_modules/winston/lib/winston/transports/console.js:87:23)

    console.log
      2026-01-20 13:17:40 [[33mwarn[39m]: Email not sent - Resend not configured or in test mode {
        "to": "t***@example.com",
        "subject": "Your MFA Verification Code"
      }

      at Console.log (node_modules/winston/lib/winston/transports/console.js:87:23)

    console.log
      2026-01-20 13:17:40 [[32minfo[39m]: Audit log created {
        "logId": "593d9fb8-f31e-4355-9691-8b98bb39b9a8",
        "action": "MFA_EMAIL_OTP_SENT",
        "userId": "744e0cab-03b1-47ab-b58e-9e60a2c452f4",
        "resource": "mfa_methods"
      }

      at Console.log (node_modules/winston/lib/winston/transports/console.js:87:23)

    console.log
      2026-01-20 13:17:40 [[32minfo[39m]: Email OTP sent {
        "userId": "744e0cab-03b1-47ab-b58e-9e60a2c452f4"
      }

      at Console.log (node_modules/winston/lib/winston/transports/console.js:87:23)

    console.log
      2026-01-20 13:17:40 [[32minfo[39m]: OTP automatically sent after Email MFA setup {
        "userId": "744e0cab-03b1-47ab-b58e-9e60a2c452f4"
      }

      at Console.log (node_modules/winston/lib/winston/transports/console.js:87:23)

    console.log
      2026-01-20 13:17:40 [[33mwarn[39m]: Email not sent - Resend not configured or in test mode {
        "to": "t***@example.com",
        "subject": "Your MFA Verification Code"
      }

      at Console.log (node_modules/winston/lib/winston/transports/console.js:87:23)

    console.log
      2026-01-20 13:17:40 [[32minfo[39m]: Audit log created {
        "logId": "e8c7c8f6-8b28-4eb5-86b5-f66c0e6e5ddc",
        "action": "MFA_EMAIL_OTP_SENT",
        "userId": "744e0cab-03b1-47ab-b58e-9e60a2c452f4",
        "resource": "mfa_methods"
      }

      at Console.log (node_modules/winston/lib/winston/transports/console.js:87:23)

    console.log
      2026-01-20 13:17:40 [[32minfo[39m]: Email OTP sent {
        "userId": "744e0cab-03b1-47ab-b58e-9e60a2c452f4"
      }

      at Console.log (node_modules/winston/lib/winston/transports/console.js:87:23)

  ● MFA Routes › POST /api/auth/mfa/setup/totp › should setup TOTP MFA

    expected 200 "OK", got 500 "Internal Server Error"

      44 |         .post('/api/auth/mfa/setup/totp')
      45 |         .set('Cookie', `accessToken=${userToken}`)
    > 46 |         .expect(200);
         |          ^
      47 |
      48 |       expect(response.body.success).toBe(true);
      49 |       expect(response.body.data.secret).toBeDefined();

      at Object.<anonymous> (src/__tests__/routes/auth.mfa.test.ts:46:10)
      ----
      at Test._assertStatus (node_modules/supertest/lib/test.js:252:14)
      at node_modules/supertest/lib/test.js:308:13
      at Test._assertFunction (node_modules/supertest/lib/test.js:285:13)
      at Test.assert (node_modules/supertest/lib/test.js:164:23)
      at Server.localAssert (node_modules/supertest/lib/test.js:120:14)

  ● MFA Routes › POST /api/auth/mfa/verify › should verify TOTP code

    expected 200 "OK", got 500 "Internal Server Error"

      67 |         .post('/api/auth/mfa/setup/totp')
      68 |         .set('Cookie', `accessToken=${userToken}`)
    > 69 |         .expect(200);
         |          ^
      70 |
      71 |       const secret = setupResponse.body.data.secret;
      72 |       const speakeasy = require('speakeasy');

      at Object.<anonymous> (src/__tests__/routes/auth.mfa.test.ts:69:10)
      ----
      at Test._assertStatus (node_modules/supertest/lib/test.js:252:14)
      at node_modules/supertest/lib/test.js:308:13
      at Test._assertFunction (node_modules/supertest/lib/test.js:285:13)
      at Test.assert (node_modules/supertest/lib/test.js:164:23)
      at Server.localAssert (node_modules/supertest/lib/test.js:120:14)

  ● MFA Routes › POST /api/auth/mfa/verify › should reject invalid TOTP code

    expected 200 "OK", got 500 "Internal Server Error"

      90 |         .post('/api/auth/mfa/setup/totp')
      91 |         .set('Cookie', `accessToken=${userToken}`)
    > 92 |         .expect(200);
         |          ^
      93 |
      94 |       const response = await request(app)
      95 |         .post('/api/auth/mfa/verify')

      at Object.<anonymous> (src/__tests__/routes/auth.mfa.test.ts:92:10)
      ----
      at Test._assertStatus (node_modules/supertest/lib/test.js:252:14)
      at node_modules/supertest/lib/test.js:308:13
      at Test._assertFunction (node_modules/supertest/lib/test.js:285:13)
      at Test.assert (node_modules/supertest/lib/test.js:164:23)
      at Server.localAssert (node_modules/supertest/lib/test.js:120:14)

  ● MFA Routes › POST /api/auth/mfa/enable › should enable TOTP MFA after verification

    expected 200 "OK", got 500 "Internal Server Error"

      109 |         .post('/api/auth/mfa/setup/totp')
      110 |         .set('Cookie', `accessToken=${userToken}`)
    > 111 |         .expect(200);
          |          ^
      112 |
      113 |       const secret = setupResponse.body.data.secret;
      114 |       const speakeasy = require('speakeasy');

      at Object.<anonymous> (src/__tests__/routes/auth.mfa.test.ts:111:10)
      ----
      at Test._assertStatus (node_modules/supertest/lib/test.js:252:14)
      at node_modules/supertest/lib/test.js:308:13
      at Test._assertFunction (node_modules/supertest/lib/test.js:285:13)
      at Test.assert (node_modules/supertest/lib/test.js:164:23)
      at Server.localAssert (node_modules/supertest/lib/test.js:120:14)

  ● MFA Routes › POST /api/auth/mfa/disable › should disable MFA method

    expected 200 "OK", got 500 "Internal Server Error"

      146 |         .post('/api/auth/mfa/setup/totp')
      147 |         .set('Cookie', `accessToken=${userToken}`)
    > 148 |         .expect(200);
          |          ^
      149 |
      150 |       const secret = setupResponse.body.data.secret;
      151 |       const speakeasy = require('speakeasy');

      at Object.<anonymous> (src/__tests__/routes/auth.mfa.test.ts:148:10)
      ----
      at Test._assertStatus (node_modules/supertest/lib/test.js:252:14)
      at node_modules/supertest/lib/test.js:308:13
      at Test._assertFunction (node_modules/supertest/lib/test.js:285:13)
      at Test.assert (node_modules/supertest/lib/test.js:164:23)
      at Server.localAssert (node_modules/supertest/lib/test.js:120:14)

  ● MFA Routes › GET /api/auth/mfa/methods › should return user MFA methods

    expected 200 "OK", got 500 "Internal Server Error"

      234 |         .post('/api/auth/mfa/setup/totp')
      235 |         .set('Cookie', `accessToken=${userToken}`)
    > 236 |         .expect(200);
          |          ^
      237 |
      238 |       const response = await request(app)
      239 |         .get('/api/auth/mfa/methods')

      at Object.<anonymous> (src/__tests__/routes/auth.mfa.test.ts:236:10)
      ----
      at Test._assertStatus (node_modules/supertest/lib/test.js:252:14)
      at node_modules/supertest/lib/test.js:308:13
      at Test._assertFunction (node_modules/supertest/lib/test.js:285:13)
      at Test.assert (node_modules/supertest/lib/test.js:164:23)
      at Server.localAssert (node_modules/supertest/lib/test.js:120:14)

FAIL src/__tests__/routes/audit.ipCapture.test.ts (8.693 s)
  ● Console

    console.log
      2026-01-20 13:17:37 [[32minfo[39m]: Swagger UI available at /api-docs

      at Console.log (node_modules/winston/lib/winston/transports/console.js:87:23)

    console.log
      2026-01-20 13:17:37 [[32minfo[39m]: Incoming request {
        "method": "POST",
        "path": "/api/auth/login",
        "requestId": "b37f4e04-df89-488c-bcb3-153e6abe175c",
        "ip": "::ffff:127.0.0.1"
      }

      at Console.log (node_modules/winston/lib/winston/transports/console.js:87:23)

    console.log
      2026-01-20 13:17:38 [[32minfo[39m]: User logged in {
        "userId": "319fbf76-54ce-4c57-9738-e254b2728b23",
        "email": "i***@example.com"
      }

      at Console.log (node_modules/winston/lib/winston/transports/console.js:87:23)

    console.log
      2026-01-20 13:17:38 [[32minfo[39m]: Incoming request {
        "method": "PUT",
        "path": "/api/profile/me",
        "requestId": "99d5cf20-da78-4dc5-a771-2ae3c8b47764",
        "ip": "203.0.113.1"
      }

      at Console.log (node_modules/winston/lib/winston/transports/console.js:87:23)

    console.log
      2026-01-20 13:17:38 [[32minfo[39m]: Audit log created {
        "logId": "14e6bbad-3467-4955-8e18-b9c92582bb15",
        "action": "PROFILE_UPDATED",
        "userId": "319fbf76-54ce-4c57-9738-e254b2728b23",
        "resource": "users"
      }

      at Console.log (node_modules/winston/lib/winston/transports/console.js:87:23)

    console.log
      2026-01-20 13:17:38 [[32minfo[39m]: User profile updated {
        "userId": "319fbf76-54ce-4c57-9738-e254b2728b23",
        "email": "i***@example.com",
        "changes": [
          "name: \"Test User\" → \"Updated Name\""
        ],
        "ipAddress": "203.0.113.1"
      }

      at Console.log (node_modules/winston/lib/winston/transports/console.js:87:23)

    console.log
      2026-01-20 13:17:38 [[32minfo[39m]: Incoming request {
        "method": "POST",
        "path": "/api/auth/login",
        "requestId": "538c4b17-bc70-4cc0-8cd5-dae05f19d3bd",
        "ip": "::ffff:127.0.0.1"
      }

      at Console.log (node_modules/winston/lib/winston/transports/console.js:87:23)

    console.log
      2026-01-20 13:17:39 [[32minfo[39m]: User logged in {
        "userId": "1b1dd5cc-19c2-41c4-a099-d815afda89ba",
        "email": "i***@example.com"
      }

      at Console.log (node_modules/winston/lib/winston/transports/console.js:87:23)

    console.log
      2026-01-20 13:17:39 [[32minfo[39m]: Incoming request {
        "method": "PUT",
        "path": "/api/profile/me",
        "requestId": "77fbc86b-5afb-4dd7-87c9-0db79af5f69f",
        "ip": "::ffff:127.0.0.1"
      }

      at Console.log (node_modules/winston/lib/winston/transports/console.js:87:23)

    console.log
      2026-01-20 13:17:39 [[32minfo[39m]: Audit log created {
        "logId": "9738a4a5-6fe2-4458-8ac4-64fcad04d2d5",
        "action": "PROFILE_UPDATED",
        "userId": "1b1dd5cc-19c2-41c4-a099-d815afda89ba",
        "resource": "users"
      }

      at Console.log (node_modules/winston/lib/winston/transports/console.js:87:23)

    console.log
      2026-01-20 13:17:39 [[32minfo[39m]: User profile updated {
        "userId": "1b1dd5cc-19c2-41c4-a099-d815afda89ba",
        "email": "i***@example.com",
        "changes": [
          "name: \"Test User\" → \"Updated Name 2\""
        ],
        "ipAddress": "198.51.100.1"
      }

      at Console.log (node_modules/winston/lib/winston/transports/console.js:87:23)

    console.log
      2026-01-20 13:17:39 [[32minfo[39m]: Incoming request {
        "method": "POST",
        "path": "/api/auth/login",
        "requestId": "d641228b-eac8-4218-8bc7-dcd7030825dc",
        "ip": "::ffff:127.0.0.1"
      }

      at Console.log (node_modules/winston/lib/winston/transports/console.js:87:23)

    console.log
      2026-01-20 13:17:40 [[31merror[39m]: Database error 
      Invalid `prisma.session.create()` invocation in
      /Users/user/Desktop/AI/projects/nextsaas/backend/src/services/authService.ts:263:24
      
        260 const expiresAt = new Date();
        261 expiresAt.setDate(expiresAt.getDate() + 30); // 30 days
        262 
      → 263 await prisma.session.create(
      Foreign key constraint violated: `sessions_userId_fkey (index)` {
        "target": "session.create"
      }

      at Console.log (node_modules/winston/lib/winston/transports/console.js:87:23)

    console.log
      2026-01-20 13:17:40 [[31merror[39m]: Request error {
        "error": "\nInvalid `prisma.session.create()` invocation in\n/Users/user/Desktop/AI/projects/nextsaas/backend/src/services/authService.ts:263:24\n\n  260 const expiresAt = new Date();\n  261 expiresAt.setDate(expiresAt.getDate() + 30); // 30 days\n  262 \n→ 263 await prisma.session.create(\nForeign key constraint violated: `sessions_userId_fkey (index)`",
        "stack": "PrismaClientKnownRequestError: \nInvalid `prisma.session.create()` invocation in\n/Users/user/Desktop/AI/projects/nextsaas/backend/src/services/authService.ts:263:24\n\n  260 const expiresAt = new Date();\n  261 expiresAt.setDate(expiresAt.getDate() + 30); // 30 days\n  262 \n→ 263 await prisma.session.create(\nForeign key constraint violated: `sessions_userId_fkey (index)`\n    at $n.handleRequestError (/Users/user/Desktop/AI/projects/nextsaas/backend/node_modules/@prisma/client/runtime/library.js:121:7315)\n    at $n.handleAndLogRequestError (/Users/user/Desktop/AI/projects/nextsaas/backend/node_modules/@prisma/client/runtime/library.js:121:6623)\n    at $n.request (/Users/user/Desktop/AI/projects/nextsaas/backend/node_modules/@prisma/client/runtime/library.js:121:6307)\n    at l (/Users/user/Desktop/AI/projects/nextsaas/backend/node_modules/@prisma/client/runtime/library.js:130:9633)\n    at Object.login (/Users/user/Desktop/AI/projects/nextsaas/backend/src/services/authService.ts:263:3)\n    at /Users/user/Desktop/AI/projects/nextsaas/backend/src/routes/auth.ts:343:25",
        "requestId": "d641228b-eac8-4218-8bc7-dcd7030825dc",
        "method": "POST",
        "path": "/api/auth/login",
        "statusCode": 500,
        "isOperational": false
      }

      at Console.log (node_modules/winston/lib/winston/transports/console.js:87:23)

    console.log
      2026-01-20 13:17:40 [[32minfo[39m]: Incoming request {
        "method": "POST",
        "path": "/api/auth/login",
        "requestId": "7149d938-dd5c-40e6-81d3-81fb6fbca56a",
        "ip": "::ffff:127.0.0.1"
      }

      at Console.log (node_modules/winston/lib/winston/transports/console.js:87:23)

    console.log
      2026-01-20 13:17:40 [[32minfo[39m]: User logged in {
        "userId": "247e2276-5530-4f43-8724-de60763d3a42",
        "email": "i***@example.com"
      }

      at Console.log (node_modules/winston/lib/winston/transports/console.js:87:23)

    console.log
      2026-01-20 13:17:40 [[32minfo[39m]: Incoming request {
        "method": "PUT",
        "path": "/api/profile/me",
        "requestId": "e6ab0bf9-bb29-4dfa-9602-04578d27a901",
        "ip": "172.16.0.1"
      }

      at Console.log (node_modules/winston/lib/winston/transports/console.js:87:23)

    console.log
      2026-01-20 13:17:40 [[32minfo[39m]: Audit log created {
        "logId": "95f1fb2d-65c2-4d56-b62e-7608a6fa018b",
        "action": "PROFILE_UPDATED",
        "userId": "247e2276-5530-4f43-8724-de60763d3a42",
        "resource": "users"
      }

      at Console.log (node_modules/winston/lib/winston/transports/console.js:87:23)

    console.log
      2026-01-20 13:17:40 [[32minfo[39m]: User profile updated {
        "userId": "247e2276-5530-4f43-8724-de60763d3a42",
        "email": "i***@example.com",
        "changes": [
          "name: \"Test User\" → \"Updated Name 4\""
        ],
        "ipAddress": "203.0.113.3"
      }

      at Console.log (node_modules/winston/lib/winston/transports/console.js:87:23)

    console.log
      2026-01-20 13:17:41 [[32minfo[39m]: Incoming request {
        "method": "POST",
        "path": "/api/auth/login",
        "requestId": "99f4d6fb-25df-4224-ae43-c3e7c70e57d1",
        "ip": "::ffff:127.0.0.1"
      }

      at Console.log (node_modules/winston/lib/winston/transports/console.js:87:23)

    console.log
      2026-01-20 13:17:41 [[32minfo[39m]: User logged in {
        "userId": "2ce57aea-0298-4048-ba65-aa05ac699bac",
        "email": "i***@example.com"
      }

      at Console.log (node_modules/winston/lib/winston/transports/console.js:87:23)

    console.log
      2026-01-20 13:17:41 [[32minfo[39m]: Incoming request {
        "method": "PUT",
        "path": "/api/profile/me",
        "requestId": "cfe91c50-15c1-4800-b3dd-7a0c62d6496f",
        "ip": "2001:0db8:85a3:0000:0000:8a2e:0370:7334"
      }

      at Console.log (node_modules/winston/lib/winston/transports/console.js:87:23)

    console.log
      2026-01-20 13:17:41 [[32minfo[39m]: Audit log created {
        "logId": "867904c5-6fae-481f-9690-4a2df9c4a823",
        "action": "PROFILE_UPDATED",
        "userId": "2ce57aea-0298-4048-ba65-aa05ac699bac",
        "resource": "users"
      }

      at Console.log (node_modules/winston/lib/winston/transports/console.js:87:23)

    console.log
      2026-01-20 13:17:41 [[32minfo[39m]: User profile updated {
        "userId": "2ce57aea-0298-4048-ba65-aa05ac699bac",
        "email": "i***@example.com",
        "changes": [
          "name: \"Test User\" → \"Updated Name 5\""
        ],
        "ipAddress": "2001:0db8:85a3:0000:0000:8a2e:0370:7334"
      }

      at Console.log (node_modules/winston/lib/winston/transports/console.js:87:23)

    console.log
      2026-01-20 13:17:42 [[32minfo[39m]: Incoming request {
        "method": "POST",
        "path": "/api/auth/login",
        "requestId": "355e2ed5-c284-4903-8d95-452a106a9b32",
        "ip": "::ffff:127.0.0.1"
      }

      at Console.log (node_modules/winston/lib/winston/transports/console.js:87:23)

    console.log
      2026-01-20 13:17:42 [[32minfo[39m]: User logged in {
        "userId": "f216e1fc-ad9b-43a9-ac8d-9dbd709affc6",
        "email": "i***@example.com"
      }

      at Console.log (node_modules/winston/lib/winston/transports/console.js:87:23)

    console.log
      2026-01-20 13:17:42 [[32minfo[39m]: Incoming request {
        "method": "PUT",
        "path": "/api/profile/password",
        "requestId": "a0e48c0f-1edc-4a7f-a8f9-8951b50f49e6",
        "ip": "203.0.113.4"
      }

      at Console.log (node_modules/winston/lib/winston/transports/console.js:87:23)

    console.log
      2026-01-20 13:17:43 [[32minfo[39m]: Audit log created {
        "logId": "87327b90-0f08-4ca1-a59e-763798bf96de",
        "action": "PASSWORD_CHANGED",
        "userId": "f216e1fc-ad9b-43a9-ac8d-9dbd709affc6",
        "resource": "users"
      }

      at Console.log (node_modules/winston/lib/winston/transports/console.js:87:23)

    console.log
      2026-01-20 13:17:43 [[32minfo[39m]: User password changed {
        "userId": "f216e1fc-ad9b-43a9-ac8d-9dbd709affc6",
        "email": "i***@example.com",
        "ipAddress": "203.0.113.4"
      }

      at Console.log (node_modules/winston/lib/winston/transports/console.js:87:23)

    console.log
      2026-01-20 13:17:44 [[32minfo[39m]: Incoming request {
        "method": "POST",
        "path": "/api/auth/login",
        "requestId": "c7***-***-0205-41e2-91bb-fbd809ffaf18",
        "ip": "203.0.113.5"
      }

      at Console.log (node_modules/winston/lib/winston/transports/console.js:87:23)

    console.log
      2026-01-20 13:17:44 [[32minfo[39m]: User logged in {
        "userId": "03a8e806-6d98-48b1-b2df-122e709eebdc",
        "email": "i***@example.com"
      }

      at Console.log (node_modules/winston/lib/winston/transports/console.js:87:23)

    console.log
      2026-01-20 13:17:44 [[32minfo[39m]: Incoming request {
        "method": "POST",
        "path": "/api/auth/register",
        "requestId": "4720b833-2097-4e03-b084-bbe66cd65848",
        "ip": "203.0.113.6"
      }

      at Console.log (node_modules/winston/lib/winston/transports/console.js:87:23)

    console.log
      2026-01-20 13:17:44 [[32minfo[39m]: User registered {
        "userId": "63921f44-165c-4d38-bfd6-d3502c03170a",
        "email": "i***@example.com"
      }

      at Console.log (node_modules/winston/lib/winston/transports/console.js:87:23)

  ● Audit Log IP Capture › Profile Update IP Capture › should prefer X-Forwarded-For over X-Real-IP

    TypeError: Cannot read properties of undefined (reading 'startsWith')

      19 |   const setCookieHeader = loginResponse.headers['set-cookie'];
      20 |   const cookies = Array.isArray(setCookieHeader) ? setCookieHeader : [setCookieHeader];
    > 21 |   const accessTokenCookie = cookies.find((c: string) => c.startsWith('accessToken='));
         |                                                           ^
      22 |   
      23 |   if (!accessTokenCookie) {
      24 |     throw new Error('Failed to get access token cookie');

      at src/__tests__/routes/audit.ipCapture.test.ts:21:59
          at Array.find (<anonymous>)
      at getAuthCookie (src/__tests__/routes/audit.ipCapture.test.ts:21:37)
      at Object.<anonymous> (src/__tests__/routes/audit.ipCapture.test.ts:102:22)

PASS src/__tests__/codeQuality/consoleLogs.test.ts
PASS src/__tests__/services/metricsVerificationService.test.ts
  ● Console

    console.log
      2026-01-20 13:17:45 [[31merror[39m]: Metrics endpoint verification failed {
        "error": "Metrics generation failed"
      }

      at Console.log (node_modules/winston/lib/winston/transports/console.js:87:23)

PASS src/__tests__/utils/passwordStrength.test.ts
FAIL src/__tests__/routes/auth.passwordStrength.test.ts (5.865 s)
  ● Console

    console.log
      2026-01-20 13:17:41 [[32minfo[39m]: Swagger UI available at /api-docs

      at Console.log (node_modules/winston/lib/winston/transports/console.js:87:23)

    console.log
      2026-01-20 13:17:41 [[32minfo[39m]: Incoming request {
        "method": "POST",
        "path": "/api/auth/register",
        "requestId": "f9e840af-455d-42ee-8fd1-3971f0b3f36b",
        "ip": "::ffff:127.0.0.1"
      }

      at Console.log (node_modules/winston/lib/winston/transports/console.js:87:23)

    console.log
      2026-01-20 13:17:41 [[32minfo[39m]: Incoming request {
        "method": "POST",
        "path": "/api/auth/register",
        "requestId": "3339d191-44f0-4b78-9735-c9322da50530",
        "ip": "::ffff:127.0.0.1"
      }

      at Console.log (node_modules/winston/lib/winston/transports/console.js:87:23)

    console.log
      2026-01-20 13:17:41 [[32minfo[39m]: Incoming request {
        "method": "POST",
        "path": "/api/auth/register",
        "requestId": "8de5189a-905a-45d7-bcd4-ae2b73ac3b19",
        "ip": "::ffff:127.0.0.1"
      }

      at Console.log (node_modules/winston/lib/winston/transports/console.js:87:23)

    console.log
      2026-01-20 13:17:41 [[32minfo[39m]: Incoming request {
        "method": "POST",
        "path": "/api/auth/register",
        "requestId": "aedd373e-f3d4-423f-92e8-01f1899401f8",
        "ip": "::ffff:127.0.0.1"
      }

      at Console.log (node_modules/winston/lib/winston/transports/console.js:87:23)

    console.log
      2026-01-20 13:17:41 [[32minfo[39m]: User registered {
        "userId": "b27cbaad-6367-4b26-8ac9-d69a124170e6",
        "email": "p***@example.com"
      }

      at Console.log (node_modules/winston/lib/winston/transports/console.js:87:23)

    console.log
      2026-01-20 13:17:41 [[32minfo[39m]: Incoming request {
        "method": "POST",
        "path": "/api/auth/register",
        "requestId": "34dfb583-a1b7-42d8-baca-272495ebd601",
        "ip": "::ffff:127.0.0.1"
      }

      at Console.log (node_modules/winston/lib/winston/transports/console.js:87:23)

    console.log
      2026-01-20 13:17:41 [[32minfo[39m]: User registered {
        "userId": "1da6df51-8710-4f0e-86d3-90b3a7958624",
        "email": "p***@example.com"
      }

      at Console.log (node_modules/winston/lib/winston/transports/console.js:87:23)

    console.log
      2026-01-20 13:17:41 [[32minfo[39m]: Incoming request {
        "method": "POST",
        "path": "/api/auth/register",
        "requestId": "dea7aff1-bcd8-4bc0-bd1c-a8c7c11b8492",
        "ip": "::ffff:127.0.0.1"
      }

      at Console.log (node_modules/winston/lib/winston/transports/console.js:87:23)

    console.log
      2026-01-20 13:17:42 [[32minfo[39m]: User registered {
        "userId": "80307333-cb9b-4f2d-b295-128ae42e927a",
        "email": "p***@example.com"
      }

      at Console.log (node_modules/winston/lib/winston/transports/console.js:87:23)

    console.log
      2026-01-20 13:17:42 [[32minfo[39m]: Incoming request {
        "method": "POST",
        "path": "/api/auth/login",
        "requestId": "98baebe8-e61e-4c10-bdae-26e1cf5217ca",
        "ip": "::ffff:127.0.0.1"
      }

      at Console.log (node_modules/winston/lib/winston/transports/console.js:87:23)

    console.log
      2026-01-20 13:17:42 [[32minfo[39m]: User logged in {
        "userId": "065c7b23-8e8a-49ac-b5c5-c43d321016ac",
        "email": "p***@example.com"
      }

      at Console.log (node_modules/winston/lib/winston/transports/console.js:87:23)

    console.log
      2026-01-20 13:17:42 [[32minfo[39m]: Incoming request {
        "method": "PUT",
        "path": "/api/profile/password",
        "requestId": "083afe5d-f8f5-4f8a-9bf4-7835587c0893",
        "ip": "::ffff:127.0.0.1"
      }

      at Console.log (node_modules/winston/lib/winston/transports/console.js:87:23)

    console.log
      2026-01-20 13:17:43 [[32minfo[39m]: Incoming request {
        "method": "POST",
        "path": "/api/auth/login",
        "requestId": "bcce6098-0a89-48c9-a6e5-c4c575ebf2c3",
        "ip": "::ffff:127.0.0.1"
      }

      at Console.log (node_modules/winston/lib/winston/transports/console.js:87:23)

    console.log
      2026-01-20 13:17:43 [[32minfo[39m]: User logged in {
        "userId": "3d8fe547-f0c8-4fa4-a3a6-8929b0be740a",
        "email": "p***@example.com"
      }

      at Console.log (node_modules/winston/lib/winston/transports/console.js:87:23)

    console.log
      2026-01-20 13:17:43 [[32minfo[39m]: Incoming request {
        "method": "PUT",
        "path": "/api/profile/password",
        "requestId": "bef42abc-6ffa-490c-8186-9fec6cc0ff39",
        "ip": "::ffff:127.0.0.1"
      }

      at Console.log (node_modules/winston/lib/winston/transports/console.js:87:23)

    console.log
      2026-01-20 13:17:44 [[32minfo[39m]: Incoming request {
        "method": "POST",
        "path": "/api/auth/login",
        "requestId": "83cd87b1-8bb7-42db-8696-88aa37347688",
        "ip": "::ffff:127.0.0.1"
      }

      at Console.log (node_modules/winston/lib/winston/transports/console.js:87:23)

    console.log
      2026-01-20 13:17:44 [[31merror[39m]: Database error 
      Invalid `prisma.session.create()` invocation in
      /Users/user/Desktop/AI/projects/nextsaas/backend/src/services/authService.ts:263:24
      
        260 const expiresAt = new Date();
        261 expiresAt.setDate(expiresAt.getDate() + 30); // 30 days
        262 
      → 263 await prisma.session.create(
      Foreign key constraint violated: `sessions_userId_fkey (index)` {
        "target": "session.create"
      }

      at Console.log (node_modules/winston/lib/winston/transports/console.js:87:23)

    console.log
      2026-01-20 13:17:44 [[31merror[39m]: Request error {
        "error": "\nInvalid `prisma.session.create()` invocation in\n/Users/user/Desktop/AI/projects/nextsaas/backend/src/services/authService.ts:263:24\n\n  260 const expiresAt = new Date();\n  261 expiresAt.setDate(expiresAt.getDate() + 30); // 30 days\n  262 \n→ 263 await prisma.session.create(\nForeign key constraint violated: `sessions_userId_fkey (index)`",
        "stack": "PrismaClientKnownRequestError: \nInvalid `prisma.session.create()` invocation in\n/Users/user/Desktop/AI/projects/nextsaas/backend/src/services/authService.ts:263:24\n\n  260 const expiresAt = new Date();\n  261 expiresAt.setDate(expiresAt.getDate() + 30); // 30 days\n  262 \n→ 263 await prisma.session.create(\nForeign key constraint violated: `sessions_userId_fkey (index)`\n    at $n.handleRequestError (/Users/user/Desktop/AI/projects/nextsaas/backend/node_modules/@prisma/client/runtime/library.js:121:7315)\n    at $n.handleAndLogRequestError (/Users/user/Desktop/AI/projects/nextsaas/backend/node_modules/@prisma/client/runtime/library.js:121:6623)\n    at $n.request (/Users/user/Desktop/AI/projects/nextsaas/backend/node_modules/@prisma/client/runtime/library.js:121:6307)\n    at l (/Users/user/Desktop/AI/projects/nextsaas/backend/node_modules/@prisma/client/runtime/library.js:130:9633)\n    at Object.login (/Users/user/Desktop/AI/projects/nextsaas/backend/src/services/authService.ts:263:3)\n    at /Users/user/Desktop/AI/projects/nextsaas/backend/src/routes/auth.ts:343:25",
        "requestId": "83cd87b1-8bb7-42db-8696-88aa37347688",
        "method": "POST",
        "path": "/api/auth/login",
        "statusCode": 500,
        "isOperational": false
      }

      at Console.log (node_modules/winston/lib/winston/transports/console.js:87:23)

    console.log
      2026-01-20 13:17:44 [[32minfo[39m]: Incoming request {
        "method": "PUT",
        "path": "/api/profile/password",
        "requestId": "445609c5-b16f-4725-9e88-630b498bc5bf",
        "ip": "::ffff:127.0.0.1"
      }

      at Console.log (node_modules/winston/lib/winston/transports/console.js:87:23)

    console.log
      2026-01-20 13:17:44 [[32minfo[39m]: Incoming request {
        "method": "POST",
        "path": "/api/auth/login",
        "requestId": "3abe2830-6c2e-42ae-9492-6e795a104709",
        "ip": "::ffff:127.0.0.1"
      }

      at Console.log (node_modules/winston/lib/winston/transports/console.js:87:23)

    console.log
      2026-01-20 13:17:45 [[32minfo[39m]: User logged in {
        "userId": "e1929f51-e8a9-44ae-8731-6886fa54422b",
        "email": "p***@example.com"
      }

      at Console.log (node_modules/winston/lib/winston/transports/console.js:87:23)

    console.log
      2026-01-20 13:17:45 [[32minfo[39m]: Incoming request {
        "method": "PUT",
        "path": "/api/profile/password",
        "requestId": "d746a5a5-ba98-4160-aa15-001c6e4af32c",
        "ip": "::ffff:127.0.0.1"
      }

      at Console.log (node_modules/winston/lib/winston/transports/console.js:87:23)

    console.log
      2026-01-20 13:17:46 [[32minfo[39m]: Audit log created {
        "logId": "297f55ee-fa45-4f95-92e2-a941a76a8a1e",
        "action": "PASSWORD_CHANGED",
        "userId": "e1929f51-e8a9-44ae-8731-6886fa54422b",
        "resource": "users"
      }

      at Console.log (node_modules/winston/lib/winston/transports/console.js:87:23)

    console.log
      2026-01-20 13:17:46 [[32minfo[39m]: User password changed {
        "userId": "e1929f51-e8a9-44ae-8731-6886fa54422b",
        "email": "p***@example.com",
        "ipAddress": "::ffff:127.0.0.1"
      }

      at Console.log (node_modules/winston/lib/winston/transports/console.js:87:23)

  ● Password Strength Validation in Auth Routes › PUT /api/profile/password - Password Strength › should accept GOOD password when changing password

    expect(received).toBe(expected) // Object.is equality

    Expected: 200
    Received: 401

      222 |         });
      223 |
    > 224 |       expect(response.status).toBe(200);
          |                               ^
      225 |       expect(response.body.success).toBe(true);
      226 |     });
      227 |

      at Object.<anonymous> (src/__tests__/routes/auth.passwordStrength.test.ts:224:31)

PASS src/__tests__/services/featureFlags.test.ts
FAIL src/__tests__/routes/gdpr.cookies.test.ts
  ● Console

    console.log
      2026-01-20 13:17:46 [[32minfo[39m]: Swagger UI available at /api-docs

      at Console.log (node_modules/winston/lib/winston/transports/console.js:87:23)

    console.log
      2026-01-20 13:17:47 [[32minfo[39m]: Incoming request {
        "method": "POST",
        "path": "/api/auth/login",
        "requestId": "484e933c-d600-4395-b7e5-5831ca4cb16b",
        "ip": "::ffff:127.0.0.1"
      }

      at Console.log (node_modules/winston/lib/winston/transports/console.js:87:23)

    console.log
      2026-01-20 13:17:47 [[31merror[39m]: Database error 
      Invalid `prisma.session.create()` invocation in
      /Users/user/Desktop/AI/projects/nextsaas/backend/src/services/authService.ts:263:24
      
        260 const expiresAt = new Date();
        261 expiresAt.setDate(expiresAt.getDate() + 30); // 30 days
        262 
      → 263 await prisma.session.create(
      Foreign key constraint violated: `sessions_userId_fkey (index)` {
        "target": "session.create"
      }

      at Console.log (node_modules/winston/lib/winston/transports/console.js:87:23)

    console.log
      2026-01-20 13:17:47 [[31merror[39m]: Request error {
        "error": "\nInvalid `prisma.session.create()` invocation in\n/Users/user/Desktop/AI/projects/nextsaas/backend/src/services/authService.ts:263:24\n\n  260 const expiresAt = new Date();\n  261 expiresAt.setDate(expiresAt.getDate() + 30); // 30 days\n  262 \n→ 263 await prisma.session.create(\nForeign key constraint violated: `sessions_userId_fkey (index)`",
        "stack": "PrismaClientKnownRequestError: \nInvalid `prisma.session.create()` invocation in\n/Users/user/Desktop/AI/projects/nextsaas/backend/src/services/authService.ts:263:24\n\n  260 const expiresAt = new Date();\n  261 expiresAt.setDate(expiresAt.getDate() + 30); // 30 days\n  262 \n→ 263 await prisma.session.create(\nForeign key constraint violated: `sessions_userId_fkey (index)`\n    at $n.handleRequestError (/Users/user/Desktop/AI/projects/nextsaas/backend/node_modules/@prisma/client/runtime/library.js:121:7315)\n    at $n.handleAndLogRequestError (/Users/user/Desktop/AI/projects/nextsaas/backend/node_modules/@prisma/client/runtime/library.js:121:6623)\n    at $n.request (/Users/user/Desktop/AI/projects/nextsaas/backend/node_modules/@prisma/client/runtime/library.js:121:6307)\n    at l (/Users/user/Desktop/AI/projects/nextsaas/backend/node_modules/@prisma/client/runtime/library.js:130:9633)\n    at Object.login (/Users/user/Desktop/AI/projects/nextsaas/backend/src/services/authService.ts:263:3)\n    at /Users/user/Desktop/AI/projects/nextsaas/backend/src/routes/auth.ts:343:25",
        "requestId": "484e933c-d600-4395-b7e5-5831ca4cb16b",
        "method": "POST",
        "path": "/api/auth/login",
        "statusCode": 500,
        "isOperational": false
      }

      at Console.log (node_modules/winston/lib/winston/transports/console.js:87:23)

    console.log
      2026-01-20 13:17:47 [[31merror[39m]: Database error 
      Invalid `prisma.user.delete()` invocation in
      /Users/user/Desktop/AI/projects/nextsaas/backend/src/__tests__/routes/gdpr.cookies.test.ts:50:29
      
        47 // Cleanup
        48 await prisma.consentRecord.deleteMany({ where: { userId } });
        49 await prisma.session.deleteMany({ where: { userId } });
      → 50 await prisma.user.delete(
      An operation failed because it depends on one or more records that were required but not found. Record to delete does not exist. {
        "target": "user.delete"
      }

      at Console.log (node_modules/winston/lib/winston/transports/console.js:87:23)

  ● Cookie Consent API › POST /api/gdpr/consents/cookies › should save cookie consent preferences

    expected 200 "OK", got 500 "Internal Server Error"

      35 |         password: 'Test123!@#'
      36 |       })
    > 37 |       .expect(200);
         |        ^
      38 |
      39 |     authCookies = extractCookies(loginResponse.headers);
      40 |

      at Object.<anonymous> (src/__tests__/routes/gdpr.cookies.test.ts:37:8)
      ----
      at Test._assertStatus (node_modules/supertest/lib/test.js:252:14)
      at node_modules/supertest/lib/test.js:308:13
      at Test._assertFunction (node_modules/supertest/lib/test.js:285:13)
      at Test.assert (node_modules/supertest/lib/test.js:164:23)
      at Server.localAssert (node_modules/supertest/lib/test.js:120:14)

  ● Cookie Consent API › POST /api/gdpr/consents/cookies › should update existing cookie consent

    expected 200 "OK", got 500 "Internal Server Error"

      35 |         password: 'Test123!@#'
      36 |       })
    > 37 |       .expect(200);
         |        ^
      38 |
      39 |     authCookies = extractCookies(loginResponse.headers);
      40 |

      at Object.<anonymous> (src/__tests__/routes/gdpr.cookies.test.ts:37:8)
      ----
      at Test._assertStatus (node_modules/supertest/lib/test.js:252:14)
      at node_modules/supertest/lib/test.js:308:13
      at Test._assertFunction (node_modules/supertest/lib/test.js:285:13)
      at Test.assert (node_modules/supertest/lib/test.js:164:23)
      at Server.localAssert (node_modules/supertest/lib/test.js:120:14)

  ● Cookie Consent API › POST /api/gdpr/consents/cookies › should require authentication

    expected 200 "OK", got 500 "Internal Server Error"

      35 |         password: 'Test123!@#'
      36 |       })
    > 37 |       .expect(200);
         |        ^
      38 |
      39 |     authCookies = extractCookies(loginResponse.headers);
      40 |

      at Object.<anonymous> (src/__tests__/routes/gdpr.cookies.test.ts:37:8)
      ----
      at Test._assertStatus (node_modules/supertest/lib/test.js:252:14)
      at node_modules/supertest/lib/test.js:308:13
      at Test._assertFunction (node_modules/supertest/lib/test.js:285:13)
      at Test.assert (node_modules/supertest/lib/test.js:164:23)
      at Server.localAssert (node_modules/supertest/lib/test.js:120:14)

  ● Cookie Consent API › POST /api/gdpr/consents/cookies › should validate consent data

    expected 200 "OK", got 500 "Internal Server Error"

      35 |         password: 'Test123!@#'
      36 |       })
    > 37 |       .expect(200);
         |        ^
      38 |
      39 |     authCookies = extractCookies(loginResponse.headers);
      40 |

      at Object.<anonymous> (src/__tests__/routes/gdpr.cookies.test.ts:37:8)
      ----
      at Test._assertStatus (node_modules/supertest/lib/test.js:252:14)
      at node_modules/supertest/lib/test.js:308:13
      at Test._assertFunction (node_modules/supertest/lib/test.js:285:13)
      at Test.assert (node_modules/supertest/lib/test.js:164:23)
      at Server.localAssert (node_modules/supertest/lib/test.js:120:14)

  ● Cookie Consent API › POST /api/gdpr/consents/cookies › should track IP address and user agent

    expected 200 "OK", got 500 "Internal Server Error"

      35 |         password: 'Test123!@#'
      36 |       })
    > 37 |       .expect(200);
         |        ^
      38 |
      39 |     authCookies = extractCookies(loginResponse.headers);
      40 |

      at Object.<anonymous> (src/__tests__/routes/gdpr.cookies.test.ts:37:8)
      ----
      at Test._assertStatus (node_modules/supertest/lib/test.js:252:14)
      at node_modules/supertest/lib/test.js:308:13
      at Test._assertFunction (node_modules/supertest/lib/test.js:285:13)
      at Test.assert (node_modules/supertest/lib/test.js:164:23)
      at Server.localAssert (node_modules/supertest/lib/test.js:120:14)

  ● Cookie Consent API › POST /api/gdpr/consents/cookies › should track consent version

    expected 200 "OK", got 500 "Internal Server Error"

      35 |         password: 'Test123!@#'
      36 |       })
    > 37 |       .expect(200);
         |        ^
      38 |
      39 |     authCookies = extractCookies(loginResponse.headers);
      40 |

      at Object.<anonymous> (src/__tests__/routes/gdpr.cookies.test.ts:37:8)
      ----
      at Test._assertStatus (node_modules/supertest/lib/test.js:252:14)
      at node_modules/supertest/lib/test.js:308:13
      at Test._assertFunction (node_modules/supertest/lib/test.js:285:13)
      at Test.assert (node_modules/supertest/lib/test.js:164:23)
      at Server.localAssert (node_modules/supertest/lib/test.js:120:14)

  ● Cookie Consent API › GET /api/gdpr/consents/cookies › should retrieve cookie consent preferences

    expected 200 "OK", got 500 "Internal Server Error"

      35 |         password: 'Test123!@#'
      36 |       })
    > 37 |       .expect(200);
         |        ^
      38 |
      39 |     authCookies = extractCookies(loginResponse.headers);
      40 |

      at Object.<anonymous> (src/__tests__/routes/gdpr.cookies.test.ts:37:8)
      ----
      at Test._assertStatus (node_modules/supertest/lib/test.js:252:14)
      at node_modules/supertest/lib/test.js:308:13
      at Test._assertFunction (node_modules/supertest/lib/test.js:285:13)
      at Test.assert (node_modules/supertest/lib/test.js:164:23)
      at Server.localAssert (node_modules/supertest/lib/test.js:120:14)

  ● Cookie Consent API › GET /api/gdpr/consents/cookies › should return null if no consent exists

    expected 200 "OK", got 500 "Internal Server Error"

      35 |         password: 'Test123!@#'
      36 |       })
    > 37 |       .expect(200);
         |        ^
      38 |
      39 |     authCookies = extractCookies(loginResponse.headers);
      40 |

      at Object.<anonymous> (src/__tests__/routes/gdpr.cookies.test.ts:37:8)
      ----
      at Test._assertStatus (node_modules/supertest/lib/test.js:252:14)
      at node_modules/supertest/lib/test.js:308:13
      at Test._assertFunction (node_modules/supertest/lib/test.js:285:13)
      at Test.assert (node_modules/supertest/lib/test.js:164:23)
      at Server.localAssert (node_modules/supertest/lib/test.js:120:14)

  ● Cookie Consent API › GET /api/gdpr/consents/cookies › should require authentication

    expected 200 "OK", got 500 "Internal Server Error"

      35 |         password: 'Test123!@#'
      36 |       })
    > 37 |       .expect(200);
         |        ^
      38 |
      39 |     authCookies = extractCookies(loginResponse.headers);
      40 |

      at Object.<anonymous> (src/__tests__/routes/gdpr.cookies.test.ts:37:8)
      ----
      at Test._assertStatus (node_modules/supertest/lib/test.js:252:14)
      at node_modules/supertest/lib/test.js:308:13
      at Test._assertFunction (node_modules/supertest/lib/test.js:285:13)
      at Test.assert (node_modules/supertest/lib/test.js:164:23)
      at Server.localAssert (node_modules/supertest/lib/test.js:120:14)


  ● Test suite failed to run

    PrismaClientKnownRequestError: 
    Invalid `prisma.user.delete()` invocation in
    /Users/user/Desktop/AI/projects/nextsaas/backend/src/__tests__/routes/gdpr.cookies.test.ts:50:29

      47 // Cleanup
      48 await prisma.consentRecord.deleteMany({ where: { userId } });
      49 await prisma.session.deleteMany({ where: { userId } });
    → 50 await prisma.user.delete(
    An operation failed because it depends on one or more records that were required but not found. Record to delete does not exist.

      48 |     await prisma.consentRecord.deleteMany({ where: { userId } });
      49 |     await prisma.session.deleteMany({ where: { userId } });
    > 50 |     await prisma.user.delete({ where: { id: userId } });
         |     ^
      51 |   });
      52 |
      53 |   describe('POST /api/gdpr/consents/cookies', () => {

      at $n.handleRequestError (node_modules/@prisma/client/runtime/library.js:121:7315)
      at $n.handleAndLogRequestError (node_modules/@prisma/client/runtime/library.js:121:6623)
      at $n.request (node_modules/@prisma/client/runtime/library.js:121:6307)
      at l (node_modules/@prisma/client/runtime/library.js:130:9633)
      at Object.<anonymous> (src/__tests__/routes/gdpr.cookies.test.ts:50:5)

PASS src/__tests__/services/alertingService.test.ts
  ● Console

    console.log
      2026-01-20 13:17:47 [[33mwarn[39m]: Alert triggered {
        "ruleName": "High Error Rate",
        "metric": "errorRate",
        "value": 1.5,
        "threshold": 1,
        "severity": "critical"
      }

      at Console.log (node_modules/winston/lib/winston/transports/console.js:87:23)

    console.log
      2026-01-20 13:17:47 [[33mwarn[39m]: Alert triggered {
        "ruleName": "High Latency",
        "metric": "avgLatency",
        "value": 2500,
        "threshold": 2000,
        "severity": "warning"
      }

      at Console.log (node_modules/winston/lib/winston/transports/console.js:87:23)

    console.log
      2026-01-20 13:17:47 [[33mwarn[39m]: Alert triggered {
        "ruleName": "High Error Rate",
        "metric": "errorRate",
        "value": 1.5,
        "threshold": 1,
        "severity": "critical"
      }

      at Console.log (node_modules/winston/lib/winston/transports/console.js:87:23)

    console.log
      2026-01-20 13:17:47 [[33mwarn[39m]: Alert triggered {
        "ruleName": "High Latency",
        "metric": "avgLatency",
        "value": 2500,
        "threshold": 2000,
        "severity": "warning"
      }

      at Console.log (node_modules/winston/lib/winston/transports/console.js:87:23)

    console.log
      2026-01-20 13:17:47 [[33mwarn[39m]: Alert triggered {
        "ruleName": "High Error Rate",
        "metric": "errorRate",
        "value": 1.5,
        "threshold": 1,
        "severity": "critical"
      }

      at Console.log (node_modules/winston/lib/winston/transports/console.js:87:23)

PASS src/__tests__/codeQuality/security.test.ts
PASS src/__tests__/routes/featureFlags.uniqueConstraint.test.ts
  ● Console

    console.log
      2026-01-20 13:17:48 [[31merror[39m]: Database error 
      Invalid `prisma.featureFlag.create()` invocation in
      /Users/user/Desktop/AI/projects/nextsaas/backend/src/__tests__/routes/featureFlags.uniqueConstraint.test.ts:41:26
      
        38 
        39 // Try to create duplicate - should fail
        40 await expect(
      → 41   prisma.featureFlag.create(
      Unique constraint failed on the fields: (`key`) {
        "target": "featureFlag.create"
      }

      at Console.log (node_modules/winston/lib/winston/transports/console.js:87:23)

    console.log
      2026-01-20 13:17:48 [[31merror[39m]: Database error 
      Invalid `prisma.featureFlag.createMany()` invocation in
      /Users/user/Desktop/AI/projects/nextsaas/backend/src/__tests__/routes/featureFlags.uniqueConstraint.test.ts:84:26
      
        81 
        82 // Try createMany with duplicate key - should fail
        83 await expect(
      → 84   prisma.featureFlag.createMany(
      Unique constraint failed on the fields: (`key`) {
        "target": "featureFlag.createMany"
      }

      at Console.log (node_modules/winston/lib/winston/transports/console.js:87:23)

PASS src/__tests__/documentation/userGuide.test.ts
FAIL src/__tests__/routes/adminUserPermissions.test.ts
  ● Console

    console.log
      2026-01-20 13:17:47 [[32minfo[39m]: Audit log created {
        "logId": "0e662c69-c384-4ec0-9407-f328790049ec",
        "action": "USER_UPDATED",
        "userId": "771c8c58-d44f-462a-89f8-391e77187b7b",
        "resource": "users"
      }

      at Console.log (node_modules/winston/lib/winston/transports/console.js:87:23)

    console.log
      2026-01-20 13:17:47 [[32minfo[39m]: User updated by admin {
        "userId": "fc4eb8c4-33e5-4447-a502-c049732c7cf3",
        "updatedBy": "771c8c58-d44f-462a-89f8-391e77187b7b",
        "changes": [
          "name"
        ]
      }

      at Console.log (node_modules/winston/lib/winston/transports/console.js:87:23)

    console.log
      2026-01-20 13:17:47 [[32minfo[39m]: Audit log created {
        "logId": "2ac3e677-f5b6-41db-90ae-bbd1bc3a63f2",
        "action": "USER_UPDATED",
        "userId": "525ce8ff-bcf6-4fcc-9f69-652d6fafbb03",
        "resource": "users"
      }

      at Console.log (node_modules/winston/lib/winston/transports/console.js:87:23)

    console.log
      2026-01-20 13:17:47 [[32minfo[39m]: User updated by admin {
        "userId": "16d58bea-dd9b-4971-89cf-efd5a6748614",
        "updatedBy": "525ce8ff-bcf6-4fcc-9f69-652d6fafbb03",
        "changes": [
          "email"
        ]
      }

      at Console.log (node_modules/winston/lib/winston/transports/console.js:87:23)

    console.log
      2026-01-20 13:17:47 [[32minfo[39m]: Audit log created {
        "logId": "071104f6-c54d-492d-b25e-e3c51e51114b",
        "action": "USER_UPDATED",
        "userId": "8c9e206b-3298-491e-b7c6-591571d53796",
        "resource": "users"
      }

      at Console.log (node_modules/winston/lib/winston/transports/console.js:87:23)

    console.log
      2026-01-20 13:17:47 [[32minfo[39m]: User updated by admin {
        "userId": "06605b54-2e1e-4eb2-8136-62ae720bc561",
        "updatedBy": "8c9e206b-3298-491e-b7c6-591571d53796",
        "changes": [
          "isActive"
        ]
      }

      at Console.log (node_modules/winston/lib/winston/transports/console.js:87:23)

    console.log
      2026-01-20 13:17:48 [[32minfo[39m]: Audit log created {
        "logId": "c65deef6-805a-4a17-a4a4-7661cc2bdb72",
        "action": "USER_UPDATED",
        "userId": "145a5a7a-800e-4a5f-9e9d-1c9b8ee174d0",
        "resource": "users"
      }

      at Console.log (node_modules/winston/lib/winston/transports/console.js:87:23)

    console.log
      2026-01-20 13:17:48 [[32minfo[39m]: User updated by admin {
        "userId": "ec1c6df5-b737-42fb-8739-d1b4db88d915",
        "updatedBy": "145a5a7a-800e-4a5f-9e9d-1c9b8ee174d0",
        "changes": [
          "password"
        ]
      }

      at Console.log (node_modules/winston/lib/winston/transports/console.js:87:23)

    console.log
      2026-01-20 13:17:49 [[32minfo[39m]: Audit log created {
        "logId": "491d40d0-c93f-4424-9b96-8d44f9818d88",
        "action": "USER_UPDATED",
        "userId": "b2211eb5-fee2-4ace-87f0-dcdd74377ec9",
        "resource": "users"
      }

      at Console.log (node_modules/winston/lib/winston/transports/console.js:87:23)

    console.log
      2026-01-20 13:17:49 [[32minfo[39m]: User updated by admin {
        "userId": "a856ca9d-4022-406b-b737-beb4549134d0",
        "updatedBy": "b2211eb5-fee2-4ace-87f0-dcdd74377ec9",
        "changes": [
          "role"
        ]
      }

      at Console.log (node_modules/winston/lib/winston/transports/console.js:87:23)

    console.log
      2026-01-20 13:17:50 [[31merror[39m]: Database error 
      Invalid `prisma.auditLog.create()` invocation in
      /Users/user/Desktop/AI/projects/nextsaas/backend/src/services/auditService.ts:18:39
      
        15   userAgent?: string;
        16 }): Promise<AuditLog> => {
        17   try {
      → 18     const log = await prisma.auditLog.create(
      Foreign key constraint violated: `audit_logs_userId_fkey (index)` {
        "target": "auditLog.create"
      }

      at Console.log (node_modules/winston/lib/winston/transports/console.js:87:23)

    console.log
      2026-01-20 13:17:50 [[31merror[39m]: Failed to create audit log {
        "error": "\nInvalid `prisma.auditLog.create()` invocation in\n/Users/user/Desktop/AI/projects/nextsaas/backend/src/services/auditService.ts:18:39\n\n  15   userAgent?: string;\n  16 }): Promise<AuditLog> => {\n  17   try {\n→ 18     const log = await prisma.auditLog.create(\nForeign key constraint violated: `audit_logs_userId_fkey (index)`",
        "action": "USER_UPDATED"
      }

      at Console.log (node_modules/winston/lib/winston/transports/console.js:87:23)

  ● Admin User Test Setup Pattern › should verify test needs SUPER_ADMIN to change roles

    PrismaClientKnownRequestError: 
    Invalid `prisma.auditLog.create()` invocation in
    /Users/user/Desktop/AI/projects/nextsaas/backend/src/services/auditService.ts:18:39

      15   userAgent?: string;
      16 }): Promise<AuditLog> => {
      17   try {
    → 18     const log = await prisma.auditLog.create(
    Foreign key constraint violated: `audit_logs_userId_fkey (index)`

      16 | }): Promise<AuditLog> => {
      17 |   try {
    > 18 |     const log = await prisma.auditLog.create({
         |                 ^
      19 |       data: {
      20 |         userId: params.userId || null,
      21 |         action: params.action,

      at $n.handleRequestError (node_modules/@prisma/client/runtime/library.js:121:7315)
      at $n.handleAndLogRequestError (node_modules/@prisma/client/runtime/library.js:121:6623)
      at $n.request (node_modules/@prisma/client/runtime/library.js:121:6307)
      at l (node_modules/@prisma/client/runtime/library.js:130:9633)
      at createAuditLog (src/services/auditService.ts:18:17)
      at Object.updateUser (src/services/adminUserService.ts:294:3)
      at Object.<anonymous> (src/__tests__/routes/adminUserPermissions.test.ts:217:20)

FAIL src/__tests__/routes/auth.login.toast.e2e.test.ts
  ● Console

    console.log
      2026-01-20 13:17:50 [[32minfo[39m]: User logged in {
        "userId": "b685e278-db7e-45fb-9148-6028f2724fb3",
        "email": "l***@example.com"
      }

      at Console.log (node_modules/winston/lib/winston/transports/console.js:87:23)

    console.log
      2026-01-20 13:17:51 [[31merror[39m]: Database error 
      Invalid `prisma.session.create()` invocation in
      /Users/user/Desktop/AI/projects/nextsaas/backend/src/services/authService.ts:263:24
      
        260 const expiresAt = new Date();
        261 expiresAt.setDate(expiresAt.getDate() + 30); // 30 days
        262 
      → 263 await prisma.session.create(
      Foreign key constraint violated: `sessions_userId_fkey (index)` {
        "target": "session.create"
      }

      at Console.log (node_modules/winston/lib/winston/transports/console.js:87:23)

    console.log
      2026-01-20 13:17:51 [[31merror[39m]: Request error {
        "error": "\nInvalid `prisma.session.create()` invocation in\n/Users/user/Desktop/AI/projects/nextsaas/backend/src/services/authService.ts:263:24\n\n  260 const expiresAt = new Date();\n  261 expiresAt.setDate(expiresAt.getDate() + 30); // 30 days\n  262 \n→ 263 await prisma.session.create(\nForeign key constraint violated: `sessions_userId_fkey (index)`",
        "stack": "PrismaClientKnownRequestError: \nInvalid `prisma.session.create()` invocation in\n/Users/user/Desktop/AI/projects/nextsaas/backend/src/services/authService.ts:263:24\n\n  260 const expiresAt = new Date();\n  261 expiresAt.setDate(expiresAt.getDate() + 30); // 30 days\n  262 \n→ 263 await prisma.session.create(\nForeign key constraint violated: `sessions_userId_fkey (index)`\n    at $n.handleRequestError (/Users/user/Desktop/AI/projects/nextsaas/backend/node_modules/@prisma/client/runtime/library.js:121:7315)\n    at $n.handleAndLogRequestError (/Users/user/Desktop/AI/projects/nextsaas/backend/node_modules/@prisma/client/runtime/library.js:121:6623)\n    at $n.request (/Users/user/Desktop/AI/projects/nextsaas/backend/node_modules/@prisma/client/runtime/library.js:121:6307)\n    at l (/Users/user/Desktop/AI/projects/nextsaas/backend/node_modules/@prisma/client/runtime/library.js:130:9633)\n    at Object.login (/Users/user/Desktop/AI/projects/nextsaas/backend/src/services/authService.ts:263:3)\n    at /Users/user/Desktop/AI/projects/nextsaas/backend/src/routes/auth.ts:343:25",
        "requestId": "08561c3e-d562-4490-a754-29aae9126199",
        "method": "POST",
        "path": "/api/auth/login",
        "statusCode": 500,
        "isOperational": false
      }

      at Console.log (node_modules/winston/lib/winston/transports/console.js:87:23)

    console.log
      2026-01-20 13:17:52 [[31merror[39m]: Database error 
      Invalid `prisma.auditLog.create()` invocation in
      /Users/user/Desktop/AI/projects/nextsaas/backend/src/services/authService.ts:210:27
      
        207 
        208 if (!isValidPassword) {
        209   // Log failed login attempt
      → 210   await prisma.auditLog.create(
      Foreign key constraint violated: `audit_logs_userId_fkey (index)` {
        "target": "auditLog.create"
      }

      at Console.log (node_modules/winston/lib/winston/transports/console.js:87:23)

    console.log
      2026-01-20 13:17:52 [[31merror[39m]: Request error {
        "error": "\nInvalid `prisma.auditLog.create()` invocation in\n/Users/user/Desktop/AI/projects/nextsaas/backend/src/services/authService.ts:210:27\n\n  207 \n  208 if (!isValidPassword) {\n  209   // Log failed login attempt\n→ 210   await prisma.auditLog.create(\nForeign key constraint violated: `audit_logs_userId_fkey (index)`",
        "stack": "PrismaClientKnownRequestError: \nInvalid `prisma.auditLog.create()` invocation in\n/Users/user/Desktop/AI/projects/nextsaas/backend/src/services/authService.ts:210:27\n\n  207 \n  208 if (!isValidPassword) {\n  209   // Log failed login attempt\n→ 210   await prisma.auditLog.create(\nForeign key constraint violated: `audit_logs_userId_fkey (index)`\n    at $n.handleRequestError (/Users/user/Desktop/AI/projects/nextsaas/backend/node_modules/@prisma/client/runtime/library.js:121:7315)\n    at $n.handleAndLogRequestError (/Users/user/Desktop/AI/projects/nextsaas/backend/node_modules/@prisma/client/runtime/library.js:121:6623)\n    at $n.request (/Users/user/Desktop/AI/projects/nextsaas/backend/node_modules/@prisma/client/runtime/library.js:121:6307)\n    at l (/Users/user/Desktop/AI/projects/nextsaas/backend/node_modules/@prisma/client/runtime/library.js:130:9633)\n    at Object.login (/Users/user/Desktop/AI/projects/nextsaas/backend/src/services/authService.ts:210:5)\n    at /Users/user/Desktop/AI/projects/nextsaas/backend/src/routes/auth.ts:343:25",
        "requestId": "467bd7b9-addc-4e25-becb-c7339b78fb8a",
        "method": "POST",
        "path": "/api/auth/login",
        "statusCode": 500,
        "isOperational": false
      }

      at Console.log (node_modules/winston/lib/winston/transports/console.js:87:23)

  ● Login Toast Notification E2E Tests › E2E: Successful Login Response › should return success response even if user already has active session

    expected 200 "OK", got 500 "Internal Server Error"

      111 |           password: userPassword,
      112 |         })
    > 113 |         .expect(200);
          |          ^
      114 |
      115 |       expect(response.body.success).toBe(true);
      116 |       expect(response.body.data).toBeDefined();

      at Object.<anonymous> (src/__tests__/routes/auth.login.toast.e2e.test.ts:113:10)
      ----
      at Test._assertStatus (node_modules/supertest/lib/test.js:252:14)
      at node_modules/supertest/lib/test.js:308:13
      at Test._assertFunction (node_modules/supertest/lib/test.js:285:13)
      at Test.assert (node_modules/supertest/lib/test.js:164:23)
      at Server.localAssert (node_modules/supertest/lib/test.js:120:14)

  ● Login Toast Notification E2E Tests › E2E: Login Error Handling › should not return success on invalid credentials (no toast)

    expected 401 "Unauthorized", got 500 "Internal Server Error"

      130 |           password: 'WrongPassword123!',
      131 |         })
    > 132 |         .expect(401);
          |          ^
      133 |
      134 |       expect(response.body.success).toBe(false);
      135 |       expect(response.body.error || response.body.message).toMatch(/invalid|credentials|password|email/i);

      at Object.<anonymous> (src/__tests__/routes/auth.login.toast.e2e.test.ts:132:10)
      ----
      at Test._assertStatus (node_modules/supertest/lib/test.js:252:14)
      at node_modules/supertest/lib/test.js:308:13
      at Test._assertFunction (node_modules/supertest/lib/test.js:285:13)
      at Test.assert (node_modules/supertest/lib/test.js:164:23)
      at Server.localAssert (node_modules/supertest/lib/test.js:120:14)

PASS src/__tests__/middleware/apiVersioning.test.ts
PASS src/__tests__/prisma/seed.featureFlags.test.ts
PASS src/__tests__/middleware/metrics.test.ts
PASS src/__tests__/codeQuality/packageValidation.test.ts
  ● Console

    console.warn
      ⚠️  .env files found. Ensure they are in .gitignore and excluded from package.

      80 |     // Check .env doesn't exist (or is gitignored)
      81 |     if (fileExists(backendEnv) || fileExists(frontendEnv)) {
    > 82 |       console.warn('⚠️  .env files found. Ensure they are in .gitignore and excluded from package.');
         |               ^
      83 |     }
      84 |
      85 |     expect(fileExists(backendEnvExample)).toBe(true);

      at Object.<anonymous> (src/__tests__/codeQuality/packageValidation.test.ts:82:15)

PASS src/__tests__/documentation/faq.test.ts
PASS src/__tests__/routes/swagger.integration.test.ts
FAIL src/__tests__/middleware/idempotency.activation.test.ts (5.624 s)
  ● Console

    console.log
      2026-01-20 13:17:52 [[32minfo[39m]: User logged in {
        "userId": "6ecb4665-41eb-4ee8-890b-db80f37a5289",
        "email": "i***@example.com"
      }

      at Console.log (node_modules/winston/lib/winston/transports/console.js:87:23)

    console.log
      2026-01-20 13:17:52 [[32minfo[39m]: Audit log created {
        "logId": "d6180811-9c09-4987-9b15-f434c10edc24",
        "action": "DATA_DELETION_REQUESTED",
        "userId": "6ecb4665-41eb-4ee8-890b-db80f37a5289",
        "resource": "data_deletion_requests"
      }

      at Console.log (node_modules/winston/lib/winston/transports/console.js:87:23)

    console.log
      2026-01-20 13:17:52 [[32minfo[39m]: Data deletion requested {
        "userId": "6ecb4665-41eb-4ee8-890b-db80f37a5289",
        "requestId": "e062a013-0e99-4ec7-b3f8-b52f1f3a0949",
        "deletionType": "SOFT"
      }

      at Console.log (node_modules/winston/lib/winston/transports/console.js:87:23)

    console.log
      2026-01-20 13:17:53 [[31merror[39m]: Database error 
      Invalid `prisma.session.create()` invocation in
      /Users/user/Desktop/AI/projects/nextsaas/backend/src/services/authService.ts:263:24
      
        260 const expiresAt = new Date();
        261 expiresAt.setDate(expiresAt.getDate() + 30); // 30 days
        262 
      → 263 await prisma.session.create(
      Foreign key constraint violated: `sessions_userId_fkey (index)` {
        "target": "session.create"
      }

      at Console.log (node_modules/winston/lib/winston/transports/console.js:87:23)

    console.log
      2026-01-20 13:17:53 [[31merror[39m]: Request error {
        "error": "\nInvalid `prisma.session.create()` invocation in\n/Users/user/Desktop/AI/projects/nextsaas/backend/src/services/authService.ts:263:24\n\n  260 const expiresAt = new Date();\n  261 expiresAt.setDate(expiresAt.getDate() + 30); // 30 days\n  262 \n→ 263 await prisma.session.create(\nForeign key constraint violated: `sessions_userId_fkey (index)`",
        "stack": "PrismaClientKnownRequestError: \nInvalid `prisma.session.create()` invocation in\n/Users/user/Desktop/AI/projects/nextsaas/backend/src/services/authService.ts:263:24\n\n  260 const expiresAt = new Date();\n  261 expiresAt.setDate(expiresAt.getDate() + 30); // 30 days\n  262 \n→ 263 await prisma.session.create(\nForeign key constraint violated: `sessions_userId_fkey (index)`\n    at $n.handleRequestError (/Users/user/Desktop/AI/projects/nextsaas/backend/node_modules/@prisma/client/runtime/library.js:121:7315)\n    at $n.handleAndLogRequestError (/Users/user/Desktop/AI/projects/nextsaas/backend/node_modules/@prisma/client/runtime/library.js:121:6623)\n    at $n.request (/Users/user/Desktop/AI/projects/nextsaas/backend/node_modules/@prisma/client/runtime/library.js:121:6307)\n    at l (/Users/user/Desktop/AI/projects/nextsaas/backend/node_modules/@prisma/client/runtime/library.js:130:9633)\n    at Object.login (/Users/user/Desktop/AI/projects/nextsaas/backend/src/services/authService.ts:263:3)\n    at /Users/user/Desktop/AI/projects/nextsaas/backend/src/routes/auth.ts:343:25",
        "requestId": "c5ff698e-0f75-4b42-8db3-f647fb80dc0b",
        "method": "POST",
        "path": "/api/auth/login",
        "statusCode": 500,
        "isOperational": false
      }

      at Console.log (node_modules/winston/lib/winston/transports/console.js:87:23)

    console.log
      2026-01-20 13:17:54 [[32minfo[39m]: User logged in {
        "userId": "6d31b7e2-064e-4f93-bc02-d2922e2b2ebc",
        "email": "i***@example.com"
      }

      at Console.log (node_modules/winston/lib/winston/transports/console.js:87:23)

    console.log
      2026-01-20 13:17:54 [[32minfo[39m]: Audit log created {
        "logId": "da89f474-0109-4b7a-85cf-45cdf2f4f27a",
        "action": "CONSENT_GRANTED",
        "userId": "6d31b7e2-064e-4f93-bc02-d2922e2b2ebc",
        "resource": "consent_records"
      }

      at Console.log (node_modules/winston/lib/winston/transports/console.js:87:23)

    console.log
      2026-01-20 13:17:54 [[32minfo[39m]: Consent granted {
        "userId": "6d31b7e2-064e-4f93-bc02-d2922e2b2ebc",
        "consentType": "MARKETING_EMAILS"
      }

      at Console.log (node_modules/winston/lib/winston/transports/console.js:87:23)

    console.log
      2026-01-20 13:17:55 [[32minfo[39m]: User logged in {
        "userId": "732b6e6e-fce6-4a08-a082-1d04bc9b623a",
        "email": "i***@example.com"
      }

      at Console.log (node_modules/winston/lib/winston/transports/console.js:87:23)

    console.log
      2026-01-20 13:17:55 [[32minfo[39m]: Audit log created {
        "logId": "cb597e56-dc66-4091-b718-3ecf74c9ca8c",
        "action": "CONSENT_GRANTED",
        "userId": "732b6e6e-fce6-4a08-a082-1d04bc9b623a",
        "resource": "consent_records"
      }

      at Console.log (node_modules/winston/lib/winston/transports/console.js:87:23)

    console.log
      2026-01-20 13:17:55 [[32minfo[39m]: Consent granted {
        "userId": "732b6e6e-fce6-4a08-a082-1d04bc9b623a",
        "consentType": "MARKETING_EMAILS"
      }

      at Console.log (node_modules/winston/lib/winston/transports/console.js:87:23)

    console.log
      2026-01-20 13:17:56 [[32minfo[39m]: User logged in {
        "userId": "aa4a56b4-5ab7-4d76-9bce-7bb073cb00d4",
        "email": "i***@example.com"
      }

      at Console.log (node_modules/winston/lib/winston/transports/console.js:87:23)

    console.log
      2026-01-20 13:17:56 [[32minfo[39m]: Audit log created {
        "logId": "36415412-510b-4c0f-9498-bdfd1982d697",
        "action": "CONSENT_GRANTED",
        "userId": "aa4a56b4-5ab7-4d76-9bce-7bb073cb00d4",
        "resource": "consent_records"
      }

      at Console.log (node_modules/winston/lib/winston/transports/console.js:87:23)

    console.log
      2026-01-20 13:17:56 [[32minfo[39m]: Consent granted {
        "userId": "aa4a56b4-5ab7-4d76-9bce-7bb073cb00d4",
        "consentType": "MARKETING_EMAILS"
      }

      at Console.log (node_modules/winston/lib/winston/transports/console.js:87:23)

  ● Idempotency Middleware Activation › GDPR Consent Grant Idempotency › should return same response for duplicate consent grant with same idempotency key

    expected 200 "OK", got 500 "Internal Server Error"

      55 |       .post('/api/auth/login')
      56 |       .send({ email: userEmail, password: userPassword })
    > 57 |       .expect(200);
         |        ^
      58 |
      59 |     const accessToken = findCookie(loginResponse.headers, 'accessToken');
      60 |     accessTokenCookie = `accessToken=${accessToken}`;

      at Object.<anonymous> (src/__tests__/middleware/idempotency.activation.test.ts:57:8)
      ----
      at Test._assertStatus (node_modules/supertest/lib/test.js:252:14)
      at node_modules/supertest/lib/test.js:308:13
      at Test._assertFunction (node_modules/supertest/lib/test.js:285:13)
      at Test.assert (node_modules/supertest/lib/test.js:164:23)
      at Server.localAssert (node_modules/supertest/lib/test.js:120:14)

PASS src/__tests__/services/authService.mfa.test.ts
  ● Console

    console.log
      2026-01-20 13:17:56 [[32minfo[39m]: User logged in {
        "userId": "830bd4c3-8ba6-4ae9-b692-ec7c8e31455d",
        "email": "t***@example.com"
      }

      at Console.log (node_modules/winston/lib/winston/transports/console.js:87:23)

PASS src/__tests__/routes/featureFlags.test.ts
  ● Console

    console.log
      2026-01-20 13:17:56 [[32minfo[39m]: Swagger UI available at /api-docs

      at Console.log (node_modules/winston/lib/winston/transports/console.js:87:23)

    console.log
      2026-01-20 13:17:56 [[32minfo[39m]: Incoming request {
        "method": "GET",
        "path": "/api/feature-flags/NEW_DASHBOARD",
        "requestId": "21f1b14b-b404-4fd5-b81d-46cc6480209a",
        "ip": "::ffff:127.0.0.1"
      }

      at Console.log (node_modules/winston/lib/winston/transports/console.js:87:23)

    console.log
      2026-01-20 13:17:56 [[32minfo[39m]: Incoming request {
        "method": "GET",
        "path": "/api/feature-flags/NEW_DASHBOARD",
        "requestId": "6b5ec63b-ac54-484a-a676-53de2095410f",
        "ip": "::ffff:127.0.0.1"
      }

      at Console.log (node_modules/winston/lib/winston/transports/console.js:87:23)

    console.log
      2026-01-20 13:17:56 [[32minfo[39m]: Incoming request {
        "method": "GET",
        "path": "/api/feature-flags/NEW_DASHBOARD",
        "requestId": "20389db0-946b-46db-909c-c2f884b33720",
        "ip": "::ffff:127.0.0.1"
      }

      at Console.log (node_modules/winston/lib/winston/transports/console.js:87:23)

    console.log
      2026-01-20 13:17:56 [[32minfo[39m]: Incoming request {
        "method": "GET",
        "path": "/api/feature-flags",
        "requestId": "b2940d93-1cf8-4c5f-97fe-562cfa9ee20a",
        "ip": "::ffff:127.0.0.1"
      }

      at Console.log (node_modules/winston/lib/winston/transports/console.js:87:23)

    console.log
      2026-01-20 13:17:56 [[32minfo[39m]: Incoming request {
        "method": "GET",
        "path": "/api/feature-flags",
        "requestId": "9276a9da-7168-42b9-b7db-4498230fdd0a",
        "ip": "::ffff:127.0.0.1"
      }

      at Console.log (node_modules/winston/lib/winston/transports/console.js:87:23)

PASS src/__tests__/prisma/oauthSchema.test.ts
  ● Console

    console.log
      2026-01-20 13:17:57 [[31merror[39m]: Database error 
      Invalid `prisma.user.create()` invocation in
      /Users/user/Desktop/AI/projects/nextsaas/backend/src/__tests__/prisma/oauthSchema.test.ts:67:19
      
        64 
        65 // Try to create another user with same provider + providerId (should fail)
        66 await expect(
      → 67   prisma.user.create(
      Unique constraint failed on the fields: (`oauthProvider`,`oauthProviderId`) {
        "target": "user.create"
      }

      at Console.log (node_modules/winston/lib/winston/transports/console.js:87:23)

PASS src/__tests__/services/mfaService.totp.test.ts
  ● Console

    console.log
      2026-01-20 13:17:57 [[32minfo[39m]: TOTP MFA setup initiated {
        "userId": "user-123"
      }

      at Console.log (node_modules/winston/lib/winston/transports/console.js:87:23)

    console.log
      2026-01-20 13:17:57 [[32minfo[39m]: TOTP MFA setup initiated {
        "userId": "user-123"
      }

      at Console.log (node_modules/winston/lib/winston/transports/console.js:87:23)

    console.log
      2026-01-20 13:17:57 [[32minfo[39m]: TOTP MFA setup initiated {
        "userId": "user-123"
      }

      at Console.log (node_modules/winston/lib/winston/transports/console.js:87:23)

    console.log
      2026-01-20 13:17:57 [[32minfo[39m]: TOTP MFA setup initiated {
        "userId": "user-123"
      }

      at Console.log (node_modules/winston/lib/winston/transports/console.js:87:23)

PASS src/__tests__/config/swagger.test.ts
PASS src/__tests__/routes/apiVersioning.integration.test.ts
  ● Console

    console.log
      2026-01-20 13:17:58 [[32minfo[39m]: Swagger UI available at /api-docs

      at Console.log (node_modules/winston/lib/winston/transports/console.js:87:23)

    console.log
      2026-01-20 13:17:58 [[32minfo[39m]: Incoming request {
        "method": "GET",
        "path": "/api/profile/me",
        "requestId": "30136ad5-5183-40ff-8f63-c8c1f2de45c8",
        "ip": "::ffff:127.0.0.1"
      }

      at Console.log (node_modules/winston/lib/winston/transports/console.js:87:23)

    console.log
      2026-01-20 13:17:58 [[32minfo[39m]: Incoming request {
        "method": "GET",
        "path": "/api/profile/me",
        "requestId": "f687ca16-3b59-4b67-8aad-d39c6e39a237",
        "ip": "::ffff:127.0.0.1"
      }

      at Console.log (node_modules/winston/lib/winston/transports/console.js:87:23)

    console.log
      2026-01-20 13:17:58 [[32minfo[39m]: Incoming request {
        "method": "GET",
        "path": "/api/profile/me",
        "requestId": "34b9ddae-95a7-44b4-8932-f2696c471f9e",
        "ip": "::ffff:127.0.0.1"
      }

      at Console.log (node_modules/winston/lib/winston/transports/console.js:87:23)

    console.log
      2026-01-20 13:17:58 [[32minfo[39m]: Incoming request {
        "method": "GET",
        "path": "/api/profile/me",
        "requestId": "191d91eb-ac96-4bd3-b754-43f9915dc9da",
        "ip": "::ffff:127.0.0.1"
      }

      at Console.log (node_modules/winston/lib/winston/transports/console.js:87:23)

    console.log
      2026-01-20 13:17:58 [[32minfo[39m]: Incoming request {
        "method": "GET",
        "path": "/api/profile/me",
        "requestId": "c6c5a9c9-c955-45cd-9970-24067e9a0b48",
        "ip": "::ffff:127.0.0.1"
      }

      at Console.log (node_modules/winston/lib/winston/transports/console.js:87:23)

PASS src/__tests__/utils/testUsers.ts
PASS src/__tests__/utils/cookies.ts
PASS src/__tests__/services/adminUserService.roleChange.test.ts
  ● Console

    console.log
      2026-01-20 13:17:59 [[32minfo[39m]: User updated by admin {
        "userId": "user-123",
        "updatedBy": "admin-123",
        "changes": [
          "role"
        ]
      }

      at Console.log (node_modules/winston/lib/winston/transports/console.js:87:23)

    console.log
      2026-01-20 13:17:59 [[32minfo[39m]: User updated by admin {
        "userId": "user-123",
        "updatedBy": "admin-123",
        "changes": [
          "name"
        ]
      }

      at Console.log (node_modules/winston/lib/winston/transports/console.js:87:23)

PASS src/__tests__/services/dataRetentionService.integration.test.ts
PASS src/__tests__/utils/getClientIp.localhost.test.ts
PASS src/__tests__/services/mfaService.emailSetup.test.ts
  ● Console

    console.log
      2026-01-20 13:18:00 [[32minfo[39m]: Email MFA setup initiated {
        "userId": "user-123"
      }

      at Console.log (node_modules/winston/lib/winston/transports/console.js:87:23)

    console.log
      2026-01-20 13:18:00 [[32minfo[39m]: OTP automatically sent after Email MFA setup {
        "userId": "user-123"
      }

      at Console.log (node_modules/winston/lib/winston/transports/console.js:87:23)

    console.log
      2026-01-20 13:18:00 [[32minfo[39m]: Email MFA setup initiated {
        "userId": "user-123"
      }

      at Console.log (node_modules/winston/lib/winston/transports/console.js:87:23)

    console.log
      2026-01-20 13:18:00 [[33mwarn[39m]: Failed to send OTP during Email MFA setup {
        "userId": "user-123",
        "error": "Email sending failed"
      }

      at Console.log (node_modules/winston/lib/winston/transports/console.js:87:23)

PASS src/__tests__/integration/emailSend.test.ts
  ● Console

    console.log
      📧 Attempting to send test email to: delivered@resend.dev

      at Object.<anonymous> (src/__tests__/integration/emailSend.test.ts:38:13)

    console.log
      2026-01-20 13:18:01 [[32minfo[39m]: Email sent successfully {
        "emailId": "52875e02-d5a1-45e2-a3dc-c0187bb070c4",
        "to": "d***@resend.dev",
        "subject": "Reset Your Password"
      }

      at Console.log (node_modules/winston/lib/winston/transports/console.js:87:23)

    console.log
      ✅ Email sent successfully! Email ID: 52875e02-d5a1-45e2-a3dc-c0187bb070c4

      at Object.<anonymous> (src/__tests__/integration/emailSend.test.ts:55:15)

    console.log
      📬 Check delivered@resend.dev for the password reset email

      at Object.<anonymous> (src/__tests__/integration/emailSend.test.ts:56:15)

    console.log
      ✅ Email configured - From: onboarding@resend.dev

      at Object.<anonymous> (src/__tests__/integration/emailSend.test.ts:67:13)

PASS src/__tests__/codeQuality/testSuite.test.ts
PASS src/__tests__/middleware/oauthRateLimiter.test.ts
PASS src/__tests__/routes/admin.test.ts
PASS src/__tests__/routes/metrics.test.ts
PASS src/__tests__/infrastructure/jestExit.test.ts

Summary of all failing tests
FAIL src/__tests__/routes/auth.mfa.e2e.test.ts (44.758 s)
  ● MFA E2E Integration Tests › E2E: Complete MFA Setup and Login Flow › should complete full TOTP MFA setup and login flow

    thrown: "Exceeded timeout of 5000 ms for a test.
    Add a timeout value to this test to increase the timeout, if this is a long-running test. See https://jestjs.io/docs/api#testname-fn-timeout."

      59 |
      60 |   describe('E2E: Complete MFA Setup and Login Flow', () => {
    > 61 |     it('should complete full TOTP MFA setup and login flow', async () => {
         |     ^
      62 |       // Step 1: Setup TOTP MFA
      63 |       const tokens = authService.generateTokens(testUser.id);
      64 |       const setupResponse = await request(app)

      at src/__tests__/routes/auth.mfa.e2e.test.ts:61:5
      at src/__tests__/routes/auth.mfa.e2e.test.ts:60:3
      at Object.<anonymous> (src/__tests__/routes/auth.mfa.e2e.test.ts:29:1)

  ● MFA E2E Integration Tests › E2E: Complete MFA Setup and Login Flow › should complete login flow with backup code

    thrown: "Exceeded timeout of 5000 ms for a test.
    Add a timeout value to this test to increase the timeout, if this is a long-running test. See https://jestjs.io/docs/api#testname-fn-timeout."

      161 |     });
      162 |
    > 163 |     it('should complete login flow with backup code', async () => {
          |     ^
      164 |       // Step 1: Setup and enable TOTP MFA
      165 |       const tokens = authService.generateTokens(testUser.id);
      166 |       const setupResponse = await request(app)

      at src/__tests__/routes/auth.mfa.e2e.test.ts:163:5
      at src/__tests__/routes/auth.mfa.e2e.test.ts:60:3
      at Object.<anonymous> (src/__tests__/routes/auth.mfa.e2e.test.ts:29:1)

  ● MFA E2E Integration Tests › E2E: Complete MFA Setup and Login Flow › should reject invalid MFA code during login

    thrown: "Exceeded timeout of 5000 ms for a test.
    Add a timeout value to this test to increase the timeout, if this is a long-running test. See https://jestjs.io/docs/api#testname-fn-timeout."

      228 |     });
      229 |
    > 230 |     it('should reject invalid MFA code during login', async () => {
          |     ^
      231 |       // Setup and enable MFA
      232 |       const tokens = authService.generateTokens(testUser.id);
      233 |       const setupResponse = await request(app)

      at src/__tests__/routes/auth.mfa.e2e.test.ts:230:5
      at src/__tests__/routes/auth.mfa.e2e.test.ts:60:3
      at Object.<anonymous> (src/__tests__/routes/auth.mfa.e2e.test.ts:29:1)

FAIL src/__tests__/routes/audit.ipCapture.e2e.test.ts (7.727 s)
  ● Audit Log IP Capture E2E › Multiple Actions IP Tracking › should track different IPs for different actions

    expect(received).toBeGreaterThanOrEqual(expected)

    Expected: >= 3
    Received:    0

      431 |
      432 |       // Should have at least 3 audit logs: USER_REGISTERED, USER_LOGIN, PROFILE_UPDATED
    > 433 |       expect(auditLogs.length).toBeGreaterThanOrEqual(3);
          |                                ^
      434 |
      435 |       const registerLog = auditLogs.find(log => log.action === 'USER_REGISTERED');
      436 |       const loginLog = auditLogs.find(log => log.action === 'USER_LOGIN');

      at Object.<anonymous> (src/__tests__/routes/audit.ipCapture.e2e.test.ts:433:32)

FAIL src/__tests__/routes/profile.test.ts (17.229 s)
  ● Profile API › GET /api/profile/me › should return current user profile when authenticated

    Login failed with status 500: {"success":false,"error":"Internal server error","requestId":"4e993d8a-fa55-42c7-a75c-140957ea472a"}

      18 |   // Check if login was successful
      19 |   if (loginResponse.status !== 200) {
    > 20 |     throw new Error(`Login failed with status ${loginResponse.status}: ${JSON.stringify(loginResponse.body)}`);
         |           ^
      21 |   }
      22 |
      23 |   const setCookieHeader = loginResponse.headers['set-cookie'];

      at getAuthCookie (src/__tests__/routes/profile.test.ts:20:11)
      at Object.<anonymous> (src/__tests__/routes/profile.test.ts:65:22)

  ● Profile API › PUT /api/profile/me › should update only email if name not provided

    Login failed with status 500: {"success":false,"error":"Internal server error","requestId":"07a93b6b-516e-459c-8910-e41616f49bc6"}

      18 |   // Check if login was successful
      19 |   if (loginResponse.status !== 200) {
    > 20 |     throw new Error(`Login failed with status ${loginResponse.status}: ${JSON.stringify(loginResponse.body)}`);
         |           ^
      21 |   }
      22 |
      23 |   const setCookieHeader = loginResponse.headers['set-cookie'];

      at getAuthCookie (src/__tests__/routes/profile.test.ts:20:11)
      at Object.<anonymous> (src/__tests__/routes/profile.test.ts:159:22)

  ● Profile API › PUT /api/profile/me › should validate email format

    Login failed with status 500: {"success":false,"error":"Internal server error","requestId":"e9a21d88-7550-4353-bb17-7c08e33d8b91"}

      18 |   // Check if login was successful
      19 |   if (loginResponse.status !== 200) {
    > 20 |     throw new Error(`Login failed with status ${loginResponse.status}: ${JSON.stringify(loginResponse.body)}`);
         |           ^
      21 |   }
      22 |
      23 |   const setCookieHeader = loginResponse.headers['set-cookie'];

      at getAuthCookie (src/__tests__/routes/profile.test.ts:20:11)
      at Object.<anonymous> (src/__tests__/routes/profile.test.ts:183:22)

  ● Profile API › PUT /api/profile/password › should change password with correct current password

    Login failed with status 500: {"success":false,"error":"Internal server error","requestId":"d45c35f2-00d3-42f5-ab97-54ec151dd30c"}

      18 |   // Check if login was successful
      19 |   if (loginResponse.status !== 200) {
    > 20 |     throw new Error(`Login failed with status ${loginResponse.status}: ${JSON.stringify(loginResponse.body)}`);
         |           ^
      21 |   }
      22 |
      23 |   const setCookieHeader = loginResponse.headers['set-cookie'];

      at getAuthCookie (src/__tests__/routes/profile.test.ts:20:11)
      at Object.<anonymous> (src/__tests__/routes/profile.test.ts:333:22)

  ● Profile API › PUT /api/profile/password › should reject password change with incorrect current password

    Login failed with status 500: {"success":false,"error":"Internal server error","requestId":"147ea46e-be16-4f30-a59b-31c1555b6705"}

      18 |   // Check if login was successful
      19 |   if (loginResponse.status !== 200) {
    > 20 |     throw new Error(`Login failed with status ${loginResponse.status}: ${JSON.stringify(loginResponse.body)}`);
         |           ^
      21 |   }
      22 |
      23 |   const setCookieHeader = loginResponse.headers['set-cookie'];

      at getAuthCookie (src/__tests__/routes/profile.test.ts:20:11)
      at Object.<anonymous> (src/__tests__/routes/profile.test.ts:378:22)

  ● Profile API › PUT /api/profile/password › should require currentPassword field

    Login failed with status 500: {"success":false,"error":"Internal server error","requestId":"14769396-26e5-475e-a081-cec7fae5863a"}

      18 |   // Check if login was successful
      19 |   if (loginResponse.status !== 200) {
    > 20 |     throw new Error(`Login failed with status ${loginResponse.status}: ${JSON.stringify(loginResponse.body)}`);
         |           ^
      21 |   }
      22 |
      23 |   const setCookieHeader = loginResponse.headers['set-cookie'];

      at getAuthCookie (src/__tests__/routes/profile.test.ts:20:11)
      at Object.<anonymous> (src/__tests__/routes/profile.test.ts:427:22)

  ● Profile API › PUT /api/profile/password › should prevent reusing current password as new password

    Login failed with status 500: {"success":false,"error":"Internal server error","requestId":"ee72f058-7698-439a-8b23-703554750144"}

      18 |   // Check if login was successful
      19 |   if (loginResponse.status !== 200) {
    > 20 |     throw new Error(`Login failed with status ${loginResponse.status}: ${JSON.stringify(loginResponse.body)}`);
         |           ^
      21 |   }
      22 |
      23 |   const setCookieHeader = loginResponse.headers['set-cookie'];

      at getAuthCookie (src/__tests__/routes/profile.test.ts:20:11)
      at Object.<anonymous> (src/__tests__/routes/profile.test.ts:483:22)

FAIL src/__tests__/routes/adminFeatureFlags.test.ts
  ● Admin Feature Flags Routes - Integration Tests › GET /api/admin/feature-flags › should return empty array when no feature flags exist

    expect(received).toBe(expected) // Object.is equality

    Expected: 200
    Received: 401

      123 |
      124 |       // Assert
    > 125 |       expect(response.status).toBe(200);
          |                               ^
      126 |       expect(response.body.success).toBe(true);
      127 |       expect(response.body.data.flags).toEqual([]);
      128 |     });

      at Object.<anonymous> (src/__tests__/routes/adminFeatureFlags.test.ts:125:31)

  ● Admin Feature Flags Routes - Integration Tests › PUT /api/admin/feature-flags/:key › should update existing feature flag

    expect(received).toBe(expected) // Object.is equality

    Expected: 200
    Received: 401

      183 |
      184 |       // Assert
    > 185 |       expect(response.status).toBe(200);
          |                               ^
      186 |       expect(response.body.success).toBe(true);
      187 |       expect(response.body.data.key).toBe('registration');
      188 |       expect(response.body.data.enabled).toBe(true);

      at Object.<anonymous> (src/__tests__/routes/adminFeatureFlags.test.ts:185:31)

FAIL src/__tests__/routes/payments.e2e.test.ts (12.267 s)
  ● Payment Routes E2E Tests › POST /api/payments › should create a payment

    expect(received).toBe(expected) // Object.is equality

    Expected: 201
    Received: 401

       99 |         });
      100 |
    > 101 |       expect(response.status).toBe(201);
          |                               ^
      102 |       expect(response.body.success).toBe(true);
      103 |       expect(response.body.data).toHaveProperty('id');
      104 |       // Amount can be "100" or "100.00" depending on Prisma Decimal formatting

      at Object.<anonymous> (src/__tests__/routes/payments.e2e.test.ts:101:31)

  ● Payment Routes E2E Tests › GET /api/payments › should get user payments

    PrismaClientKnownRequestError: 
    Invalid `prisma.payment.create()` invocation in
    /Users/user/Desktop/AI/projects/nextsaas/backend/src/__tests__/routes/payments.e2e.test.ts:152:28

      149 describe('GET /api/payments', () => {
      150   it('should get user payments', async () => {
      151     // Create a payment first
    → 152     await prisma.payment.create(
    Foreign key constraint violated: `payments_userId_fkey (index)`

      150 |     it('should get user payments', async () => {
      151 |       // Create a payment first
    > 152 |       await prisma.payment.create({
          |       ^
      153 |         data: {
      154 |           userId: testUser.id,
      155 |           provider: PaymentProvider.STRIPE,

      at $n.handleRequestError (node_modules/@prisma/client/runtime/library.js:121:7315)
      at $n.handleAndLogRequestError (node_modules/@prisma/client/runtime/library.js:121:6623)
      at $n.request (node_modules/@prisma/client/runtime/library.js:121:6307)
      at l (node_modules/@prisma/client/runtime/library.js:130:9633)
      at Object.<anonymous> (src/__tests__/routes/payments.e2e.test.ts:152:7)

  ● Payment Routes E2E Tests › GET /api/payments › should filter payments by status

    PrismaClientKnownRequestError: 
    Invalid `prisma.payment.create()` invocation in
    /Users/user/Desktop/AI/projects/nextsaas/backend/src/__tests__/routes/payments.e2e.test.ts:180:28

      177 
      178 it('should filter payments by status', async () => {
      179   // Create payments with different statuses
    → 180   await prisma.payment.create(
    Foreign key constraint violated: `payments_userId_fkey (index)`

      178 |     it('should filter payments by status', async () => {
      179 |       // Create payments with different statuses
    > 180 |       await prisma.payment.create({
          |       ^
      181 |         data: {
      182 |           userId: testUser.id,
      183 |           provider: PaymentProvider.STRIPE,

      at $n.handleRequestError (node_modules/@prisma/client/runtime/library.js:121:7315)
      at $n.handleAndLogRequestError (node_modules/@prisma/client/runtime/library.js:121:6623)
      at $n.request (node_modules/@prisma/client/runtime/library.js:121:6307)
      at l (node_modules/@prisma/client/runtime/library.js:130:9633)
      at Object.<anonymous> (src/__tests__/routes/payments.e2e.test.ts:180:7)

  ● Payment Routes E2E Tests › GET /api/payments/:id › should not return payment from another user

    expect(received).toBe(expected) // Object.is equality

    Expected: 403
    Received: 401

      286 |         .set('Cookie', userTokenCookie);
      287 |
    > 288 |       expect(response.status).toBe(403);
          |                               ^
      289 |     });
      290 |
      291 |     it('should return 404 for non-existent payment', async () => {

      at Object.<anonymous> (src/__tests__/routes/payments.e2e.test.ts:288:31)

  ● Payment Routes E2E Tests › POST /api/payments/:id/capture › should capture a payment

    PrismaClientKnownRequestError: 
    Invalid `prisma.payment.create()` invocation in
    /Users/user/Desktop/AI/projects/nextsaas/backend/src/__tests__/routes/payments.e2e.test.ts:302:44

      299 
      300 describe('POST /api/payments/:id/capture', () => {
      301   it('should capture a payment', async () => {
    → 302     const payment = await prisma.payment.create(
    Foreign key constraint violated: `payments_userId_fkey (index)`

      300 |   describe('POST /api/payments/:id/capture', () => {
      301 |     it('should capture a payment', async () => {
    > 302 |       const payment = await prisma.payment.create({
          |                       ^
      303 |         data: {
      304 |           userId: testUser.id,
      305 |           provider: PaymentProvider.STRIPE,

      at $n.handleRequestError (node_modules/@prisma/client/runtime/library.js:121:7315)
      at $n.handleAndLogRequestError (node_modules/@prisma/client/runtime/library.js:121:6623)
      at $n.request (node_modules/@prisma/client/runtime/library.js:121:6307)
      at l (node_modules/@prisma/client/runtime/library.js:130:9633)
      at Object.<anonymous> (src/__tests__/routes/payments.e2e.test.ts:302:23)

  ● Payment Routes E2E Tests › POST /api/payments/:id/refund › should refund a payment

    PrismaClientKnownRequestError: 
    Invalid `prisma.payment.create()` invocation in
    /Users/user/Desktop/AI/projects/nextsaas/backend/src/__tests__/routes/payments.e2e.test.ts:346:44

      343 
      344 describe('POST /api/payments/:id/refund', () => {
      345   it('should refund a payment', async () => {
    → 346     const payment = await prisma.payment.create(
    Foreign key constraint violated: `payments_userId_fkey (index)`

      344 |   describe('POST /api/payments/:id/refund', () => {
      345 |     it('should refund a payment', async () => {
    > 346 |       const payment = await prisma.payment.create({
          |                       ^
      347 |         data: {
      348 |           userId: testUser.id,
      349 |           provider: PaymentProvider.STRIPE,

      at $n.handleRequestError (node_modules/@prisma/client/runtime/library.js:121:7315)
      at $n.handleAndLogRequestError (node_modules/@prisma/client/runtime/library.js:121:6623)
      at $n.request (node_modules/@prisma/client/runtime/library.js:121:6307)
      at l (node_modules/@prisma/client/runtime/library.js:130:9633)
      at Object.<anonymous> (src/__tests__/routes/payments.e2e.test.ts:346:23)

FAIL src/__tests__/routes/auth.forgotPassword.email.test.ts (5.002 s)
  ● Forgot Password Email Integration Tests › System Tests - End-to-End › should complete full password reset flow with email

    expect(received).toBe(expected) // Object.is equality

    Expected: 200
    Received: 500

      364 |         });
      365 |
    > 366 |       expect(loginResponse.status).toBe(200);
          |                                    ^
      367 |       expect(loginResponse.body.success).toBe(true);
      368 |     });
      369 |   });

      at Object.<anonymous> (src/__tests__/routes/auth.forgotPassword.email.test.ts:366:36)

FAIL src/__tests__/paymentService.test.ts
  ● Payment Service › getUserPayments › should filter payments by status

    Payment creation failed: 
    Invalid `prisma.payment.create()` invocation in
    /Users/user/Desktop/AI/projects/nextsaas/backend/src/services/paymentService.ts:60:42

      57 const paymentIntent = await provider.createPayment(params);
      58 
      59 // Store payment record in database for tracking and audit
    → 60 const payment = await prisma.payment.create(
    Foreign key constraint violated: `payments_userId_fkey (index)`

      132 |       userId: params.userId,
      133 |     });
    > 134 |     throw new AppError(`Payment creation failed: ${error.message}`, 500);
          |           ^
      135 |   }
      136 | };
      137 |

      at Object.createPayment (src/services/paymentService.ts:134:11)
      at Object.<anonymous> (src/__tests__/paymentService.test.ts:329:9)

  ● Payment Service › getUserPayments › should filter payments by status

    PrismaClientKnownRequestError: 
    Invalid `prisma.user.delete()` invocation in
    /Users/user/Desktop/AI/projects/nextsaas/backend/src/__tests__/paymentService.test.ts:48:29

      45 afterEach(async () => {
      46   // Cleanup
      47   await prisma.payment.deleteMany({ where: { userId: testUserId } });
    → 48   await prisma.user.delete(
    An operation failed because it depends on one or more records that were required but not found. Record to delete does not exist.

      46 |     // Cleanup
      47 |     await prisma.payment.deleteMany({ where: { userId: testUserId } });
    > 48 |     await prisma.user.delete({ where: { id: testUserId } });
         |     ^
      49 |     jest.clearAllMocks();
      50 |   });
      51 |

      at $n.handleRequestError (node_modules/@prisma/client/runtime/library.js:121:7315)
      at $n.handleAndLogRequestError (node_modules/@prisma/client/runtime/library.js:121:6623)
      at $n.request (node_modules/@prisma/client/runtime/library.js:121:6307)
      at l (node_modules/@prisma/client/runtime/library.js:130:9633)
      at Object.<anonymous> (src/__tests__/paymentService.test.ts:48:5)

FAIL src/__tests__/routes/notifications.e2e.test.ts (9.65 s)
  ● Notifications E2E Integration Tests › E2E: View Notifications › should fetch user notifications

    expected 200 "OK", got 500 "Internal Server Error"

      66 |         password: userPassword,
      67 |       })
    > 68 |       .expect(200);
         |        ^
      69 |
      70 |     const accessToken = findCookie(loginResponse.headers, 'accessToken');
      71 |     accessTokenCookie = `accessToken=${accessToken}`;

      at Object.<anonymous> (src/__tests__/routes/notifications.e2e.test.ts:68:8)
      ----
      at Test._assertStatus (node_modules/supertest/lib/test.js:252:14)
      at node_modules/supertest/lib/test.js:308:13
      at Test._assertFunction (node_modules/supertest/lib/test.js:285:13)
      at Test.assert (node_modules/supertest/lib/test.js:164:23)
      at Server.localAssert (node_modules/supertest/lib/test.js:120:14)

  ● Notifications E2E Integration Tests › E2E: View Notifications › should fetch unread count

    expected 200 "OK", got 500 "Internal Server Error"

      66 |         password: userPassword,
      67 |       })
    > 68 |       .expect(200);
         |        ^
      69 |
      70 |     const accessToken = findCookie(loginResponse.headers, 'accessToken');
      71 |     accessTokenCookie = `accessToken=${accessToken}`;

      at Object.<anonymous> (src/__tests__/routes/notifications.e2e.test.ts:68:8)
      ----
      at Test._assertStatus (node_modules/supertest/lib/test.js:252:14)
      at node_modules/supertest/lib/test.js:308:13
      at Test._assertFunction (node_modules/supertest/lib/test.js:285:13)
      at Test.assert (node_modules/supertest/lib/test.js:164:23)
      at Server.localAssert (node_modules/supertest/lib/test.js:120:14)

  ● Notifications E2E Integration Tests › E2E: View Notifications › should filter unread notifications only

    expected 200 "OK", got 500 "Internal Server Error"

      66 |         password: userPassword,
      67 |       })
    > 68 |       .expect(200);
         |        ^
      69 |
      70 |     const accessToken = findCookie(loginResponse.headers, 'accessToken');
      71 |     accessTokenCookie = `accessToken=${accessToken}`;

      at Object.<anonymous> (src/__tests__/routes/notifications.e2e.test.ts:68:8)
      ----
      at Test._assertStatus (node_modules/supertest/lib/test.js:252:14)
      at node_modules/supertest/lib/test.js:308:13
      at Test._assertFunction (node_modules/supertest/lib/test.js:285:13)
      at Test.assert (node_modules/supertest/lib/test.js:164:23)
      at Server.localAssert (node_modules/supertest/lib/test.js:120:14)

  ● Notifications E2E Integration Tests › E2E: Mark as Read › should mark notification as read

    expected 200 "OK", got 500 "Internal Server Error"

      66 |         password: userPassword,
      67 |       })
    > 68 |       .expect(200);
         |        ^
      69 |
      70 |     const accessToken = findCookie(loginResponse.headers, 'accessToken');
      71 |     accessTokenCookie = `accessToken=${accessToken}`;

      at Object.<anonymous> (src/__tests__/routes/notifications.e2e.test.ts:68:8)
      ----
      at Test._assertStatus (node_modules/supertest/lib/test.js:252:14)
      at node_modules/supertest/lib/test.js:308:13
      at Test._assertFunction (node_modules/supertest/lib/test.js:285:13)
      at Test.assert (node_modules/supertest/lib/test.js:164:23)
      at Server.localAssert (node_modules/supertest/lib/test.js:120:14)

  ● Notifications E2E Integration Tests › E2E: Mark as Read › should mark all notifications as read

    expected 200 "OK", got 500 "Internal Server Error"

      66 |         password: userPassword,
      67 |       })
    > 68 |       .expect(200);
         |        ^
      69 |
      70 |     const accessToken = findCookie(loginResponse.headers, 'accessToken');
      71 |     accessTokenCookie = `accessToken=${accessToken}`;

      at Object.<anonymous> (src/__tests__/routes/notifications.e2e.test.ts:68:8)
      ----
      at Test._assertStatus (node_modules/supertest/lib/test.js:252:14)
      at node_modules/supertest/lib/test.js:308:13
      at Test._assertFunction (node_modules/supertest/lib/test.js:285:13)
      at Test.assert (node_modules/supertest/lib/test.js:164:23)
      at Server.localAssert (node_modules/supertest/lib/test.js:120:14)

  ● Notifications E2E Integration Tests › E2E: Delete Notification › should delete notification

    expected 200 "OK", got 500 "Internal Server Error"

      66 |         password: userPassword,
      67 |       })
    > 68 |       .expect(200);
         |        ^
      69 |
      70 |     const accessToken = findCookie(loginResponse.headers, 'accessToken');
      71 |     accessTokenCookie = `accessToken=${accessToken}`;

      at Object.<anonymous> (src/__tests__/routes/notifications.e2e.test.ts:68:8)
      ----
      at Test._assertStatus (node_modules/supertest/lib/test.js:252:14)
      at node_modules/supertest/lib/test.js:308:13
      at Test._assertFunction (node_modules/supertest/lib/test.js:285:13)
      at Test.assert (node_modules/supertest/lib/test.js:164:23)
      at Server.localAssert (node_modules/supertest/lib/test.js:120:14)

  ● Notifications E2E Integration Tests › E2E: Notification Preferences › should update notification preferences

    expected 200 "OK", got 500 "Internal Server Error"

      66 |         password: userPassword,
      67 |       })
    > 68 |       .expect(200);
         |        ^
      69 |
      70 |     const accessToken = findCookie(loginResponse.headers, 'accessToken');
      71 |     accessTokenCookie = `accessToken=${accessToken}`;

      at Object.<anonymous> (src/__tests__/routes/notifications.e2e.test.ts:68:8)
      ----
      at Test._assertStatus (node_modules/supertest/lib/test.js:252:14)
      at node_modules/supertest/lib/test.js:308:13
      at Test._assertFunction (node_modules/supertest/lib/test.js:285:13)
      at Test.assert (node_modules/supertest/lib/test.js:164:23)
      at Server.localAssert (node_modules/supertest/lib/test.js:120:14)

  ● Notifications E2E Integration Tests › E2E: Authorization › should not allow accessing another user's notifications

    expected 403 "Forbidden", got 401 "Unauthorized"

      308 |         .put(`/api/notifications/${notification.id}/read`)
      309 |         .set('Cookie', accessTokenCookie)
    > 310 |         .expect(403);
          |          ^
      311 |
      312 |       expect(response.body.success).toBe(false);
      313 |       expect(response.body.error || response.body.message).toMatch(/forbidden|permission|another user|cannot/i);

      at Object.<anonymous> (src/__tests__/routes/notifications.e2e.test.ts:310:10)
      ----
      at Test._assertStatus (node_modules/supertest/lib/test.js:252:14)
      at node_modules/supertest/lib/test.js:308:13
      at Test._assertFunction (node_modules/supertest/lib/test.js:285:13)
      at Test.assert (node_modules/supertest/lib/test.js:164:23)
      at Server.localAssert (node_modules/supertest/lib/test.js:120:14)

FAIL src/__tests__/routes/auth.passwordReset.e2e.test.ts (5.221 s)
  ● Password Reset E2E Tests › E2E: Complete Password Reset Flow › should complete full password reset workflow

    expect(received).toBeTruthy()

    Received: undefined

      102 |
      103 |       expect(passwordReset).toBeDefined();
    > 104 |       expect(passwordReset?.token).toBeTruthy();
          |                                    ^
      105 |       expect(passwordReset?.used).toBe(false);
      106 |       expect(passwordReset?.expiresAt).toBeDefined();
      107 |       expect(new Date(passwordReset!.expiresAt) > new Date()).toBe(true);

      at Object.<anonymous> (src/__tests__/routes/auth.passwordReset.e2e.test.ts:104:36)

FAIL src/__tests__/routes/admin.featureFlags.e2e.test.ts (6.446 s)
  ● Admin Feature Flags E2E Tests › E2E: Complete Feature Flags Management Flow › should complete full feature flags management workflow

    expected 200 "OK", got 500 "Internal Server Error"

      90 |         .get('/api/admin/feature-flags')
      91 |         .set('Cookie', authToken)
    > 92 |         .expect(200);
         |          ^
      93 |
      94 |       const flagsData = getFlagsResponse.body as FeatureFlagsResponse;
      95 |       expect(flagsData.success).toBe(true);

      at Object.<anonymous> (src/__tests__/routes/admin.featureFlags.e2e.test.ts:92:10)
      ----
      at Test._assertStatus (node_modules/supertest/lib/test.js:252:14)
      at node_modules/supertest/lib/test.js:308:13
      at Test._assertFunction (node_modules/supertest/lib/test.js:285:13)
      at Test.assert (node_modules/supertest/lib/test.js:164:23)
      at Server.localAssert (node_modules/supertest/lib/test.js:120:14)

FAIL src/__tests__/routes/gdpr.deletion.e2e.test.ts (9.598 s)
  ● GDPR Data Deletion E2E Integration Tests › E2E: Request Data Deletion › should request soft deletion successfully

    expected 200 "OK", got 500 "Internal Server Error"

      69 |         password: userPassword,
      70 |       })
    > 71 |       .expect(200);
         |        ^
      72 |
      73 |     const accessToken = findCookie(loginResponse.headers, 'accessToken');
      74 |     accessTokenCookie = `accessToken=${accessToken}`;

      at Object.<anonymous> (src/__tests__/routes/gdpr.deletion.e2e.test.ts:71:8)
      ----
      at Test._assertStatus (node_modules/supertest/lib/test.js:252:14)
      at node_modules/supertest/lib/test.js:308:13
      at Test._assertFunction (node_modules/supertest/lib/test.js:285:13)
      at Test.assert (node_modules/supertest/lib/test.js:164:23)
      at Server.localAssert (node_modules/supertest/lib/test.js:120:14)

  ● GDPR Data Deletion E2E Integration Tests › E2E: Request Data Deletion › should request hard deletion successfully

    expected 200 "OK", got 500 "Internal Server Error"

      69 |         password: userPassword,
      70 |       })
    > 71 |       .expect(200);
         |        ^
      72 |
      73 |     const accessToken = findCookie(loginResponse.headers, 'accessToken');
      74 |     accessTokenCookie = `accessToken=${accessToken}`;

      at Object.<anonymous> (src/__tests__/routes/gdpr.deletion.e2e.test.ts:71:8)
      ----
      at Test._assertStatus (node_modules/supertest/lib/test.js:252:14)
      at node_modules/supertest/lib/test.js:308:13
      at Test._assertFunction (node_modules/supertest/lib/test.js:285:13)
      at Test.assert (node_modules/supertest/lib/test.js:164:23)
      at Server.localAssert (node_modules/supertest/lib/test.js:120:14)

FAIL src/__tests__/routes/idempotency.e2e.test.ts (6.801 s)
  ● Idempotency Middleware E2E Integration Tests › E2E: GDPR Deletion Request Idempotency › should return same response for duplicate deletion requests with same idempotency key

    expected 200 "OK", got 500 "Internal Server Error"

      76 |         password: userPassword,
      77 |       })
    > 78 |       .expect(200);
         |        ^
      79 |
      80 |     const accessToken = findCookie(loginResponse.headers, 'accessToken');
      81 |     accessTokenCookie = `accessToken=${accessToken}`;

      at Object.<anonymous> (src/__tests__/routes/idempotency.e2e.test.ts:78:8)
      ----
      at Test._assertStatus (node_modules/supertest/lib/test.js:252:14)
      at node_modules/supertest/lib/test.js:308:13
      at Test._assertFunction (node_modules/supertest/lib/test.js:285:13)
      at Test.assert (node_modules/supertest/lib/test.js:164:23)
      at Server.localAssert (node_modules/supertest/lib/test.js:120:14)

  ● Idempotency Middleware E2E Integration Tests › E2E: GDPR Deletion Request Idempotency › should allow different deletion requests with different idempotency keys

    expected 200 "OK", got 500 "Internal Server Error"

      76 |         password: userPassword,
      77 |       })
    > 78 |       .expect(200);
         |        ^
      79 |
      80 |     const accessToken = findCookie(loginResponse.headers, 'accessToken');
      81 |     accessTokenCookie = `accessToken=${accessToken}`;

      at Object.<anonymous> (src/__tests__/routes/idempotency.e2e.test.ts:78:8)
      ----
      at Test._assertStatus (node_modules/supertest/lib/test.js:252:14)
      at node_modules/supertest/lib/test.js:308:13
      at Test._assertFunction (node_modules/supertest/lib/test.js:285:13)
      at Test.assert (node_modules/supertest/lib/test.js:164:23)
      at Server.localAssert (node_modules/supertest/lib/test.js:120:14)

  ● Idempotency Middleware E2E Integration Tests › E2E: GDPR Consent Grant Idempotency › should return same response for duplicate consent grants with same idempotency key

    expected 200 "OK", got 500 "Internal Server Error"

      76 |         password: userPassword,
      77 |       })
    > 78 |       .expect(200);
         |        ^
      79 |
      80 |     const accessToken = findCookie(loginResponse.headers, 'accessToken');
      81 |     accessTokenCookie = `accessToken=${accessToken}`;

      at Object.<anonymous> (src/__tests__/routes/idempotency.e2e.test.ts:78:8)
      ----
      at Test._assertStatus (node_modules/supertest/lib/test.js:252:14)
      at node_modules/supertest/lib/test.js:308:13
      at Test._assertFunction (node_modules/supertest/lib/test.js:285:13)
      at Test.assert (node_modules/supertest/lib/test.js:164:23)
      at Server.localAssert (node_modules/supertest/lib/test.js:120:14)

  ● Idempotency Middleware E2E Integration Tests › E2E: Idempotency Key Header Formats › should accept idempotency-key header (lowercase)

    expected 200 "OK", got 500 "Internal Server Error"

      76 |         password: userPassword,
      77 |       })
    > 78 |       .expect(200);
         |        ^
      79 |
      80 |     const accessToken = findCookie(loginResponse.headers, 'accessToken');
      81 |     accessTokenCookie = `accessToken=${accessToken}`;

      at Object.<anonymous> (src/__tests__/routes/idempotency.e2e.test.ts:78:8)
      ----
      at Test._assertStatus (node_modules/supertest/lib/test.js:252:14)
      at node_modules/supertest/lib/test.js:308:13
      at Test._assertFunction (node_modules/supertest/lib/test.js:285:13)
      at Test.assert (node_modules/supertest/lib/test.js:164:23)
      at Server.localAssert (node_modules/supertest/lib/test.js:120:14)

  ● Idempotency Middleware E2E Integration Tests › E2E: Idempotency Key Header Formats › should accept Idempotency-Key header (title case)

    expected 200 "OK", got 500 "Internal Server Error"

      76 |         password: userPassword,
      77 |       })
    > 78 |       .expect(200);
         |        ^
      79 |
      80 |     const accessToken = findCookie(loginResponse.headers, 'accessToken');
      81 |     accessTokenCookie = `accessToken=${accessToken}`;

      at Object.<anonymous> (src/__tests__/routes/idempotency.e2e.test.ts:78:8)
      ----
      at Test._assertStatus (node_modules/supertest/lib/test.js:252:14)
      at node_modules/supertest/lib/test.js:308:13
      at Test._assertFunction (node_modules/supertest/lib/test.js:285:13)
      at Test.assert (node_modules/supertest/lib/test.js:164:23)
      at Server.localAssert (node_modules/supertest/lib/test.js:120:14)

  ● Idempotency Middleware E2E Integration Tests › E2E: Idempotency Key Header Formats › should accept x-idempotency-key header

    expected 200 "OK", got 500 "Internal Server Error"

      76 |         password: userPassword,
      77 |       })
    > 78 |       .expect(200);
         |        ^
      79 |
      80 |     const accessToken = findCookie(loginResponse.headers, 'accessToken');
      81 |     accessTokenCookie = `accessToken=${accessToken}`;

      at Object.<anonymous> (src/__tests__/routes/idempotency.e2e.test.ts:78:8)
      ----
      at Test._assertStatus (node_modules/supertest/lib/test.js:252:14)
      at node_modules/supertest/lib/test.js:308:13
      at Test._assertFunction (node_modules/supertest/lib/test.js:285:13)
      at Test.assert (node_modules/supertest/lib/test.js:164:23)
      at Server.localAssert (node_modules/supertest/lib/test.js:120:14)

  ● Idempotency Middleware E2E Integration Tests › E2E: Idempotency Without Key › should process requests normally when no idempotency key is provided

    expected 200 "OK", got 500 "Internal Server Error"

      76 |         password: userPassword,
      77 |       })
    > 78 |       .expect(200);
         |        ^
      79 |
      80 |     const accessToken = findCookie(loginResponse.headers, 'accessToken');
      81 |     accessTokenCookie = `accessToken=${accessToken}`;

      at Object.<anonymous> (src/__tests__/routes/idempotency.e2e.test.ts:78:8)
      ----
      at Test._assertStatus (node_modules/supertest/lib/test.js:252:14)
      at node_modules/supertest/lib/test.js:308:13
      at Test._assertFunction (node_modules/supertest/lib/test.js:285:13)
      at Test.assert (node_modules/supertest/lib/test.js:164:23)
      at Server.localAssert (node_modules/supertest/lib/test.js:120:14)

FAIL src/__tests__/routes/profile-audit.test.ts (9.584 s)
  ● Profile Audit Logging › Password Change Audit Logging › should create audit log when password is changed

    expect(received).toHaveLength(expected)

    Expected length: 1
    Received length: 0
    Received array:  []

      207 |       });
      208 |
    > 209 |       expect(auditLogs).toHaveLength(1);
          |                         ^
      210 |       expect(auditLogs[0].action).toBe('PASSWORD_CHANGED');
      211 |       expect(auditLogs[0].resource).toBe('users');
      212 |       expect(auditLogs[0].resourceId).toBe(user.id);

      at Object.<anonymous> (src/__tests__/routes/profile-audit.test.ts:209:25)

  ● Profile Audit Logging › Password Change Audit Logging › should create audit log with IP address and user agent for password change

    expect(received).toHaveLength(expected)

    Expected length: 1
    Received length: 0
    Received array:  []

      285 |       });
      286 |
    > 287 |       expect(auditLogs).toHaveLength(1);
          |                         ^
      288 |       expect(auditLogs[0].ipAddress).toBeTruthy();
      289 |       expect(auditLogs[0].userAgent).toBeTruthy();
      290 |     });

      at Object.<anonymous> (src/__tests__/routes/profile-audit.test.ts:287:25)

FAIL src/__tests__/routes/auth.forgotPassword.test.ts (7.017 s)
  ● Forgot Password Endpoints › POST /api/auth/forgot-password › should create password reset token in database

    PrismaClientKnownRequestError: 
    Invalid `prisma.user.create()` invocation in
    /Users/user/Desktop/AI/projects/nextsaas/backend/src/tests/setup.ts:61:22

      58   role: 'USER' as any,
      59 };
      60 
    → 61 return prisma.user.create(
    Unique constraint failed on the fields: (`email`)

      22 |     await prisma.user.deleteMany();
      23 |     // Create test user
    > 24 |     testUser = await createTestUser({
         |                ^
      25 |       email: 'test@example.com',
      26 |       name: 'Test User',
      27 |     });

      at $n.handleRequestError (node_modules/@prisma/client/runtime/library.js:121:7315)
      at $n.handleAndLogRequestError (node_modules/@prisma/client/runtime/library.js:121:6623)
      at $n.request (node_modules/@prisma/client/runtime/library.js:121:6307)
      at l (node_modules/@prisma/client/runtime/library.js:130:9633)
      at Object.<anonymous> (src/__tests__/routes/auth.forgotPassword.test.ts:24:16)

  ● Forgot Password Endpoints › POST /api/auth/reset-password/:token › should reset password with valid token

    expected 200 "OK", got 500 "Internal Server Error"

      159 |         .post(`/api/auth/reset-password/${resetToken}`)
      160 |         .send({ password: newPassword })
    > 161 |         .expect(200);
          |          ^
      162 |
      163 |       expect(response.body.success).toBe(true);
      164 |       expect(response.body.message).toContain('Password reset successfully');

      at Object.<anonymous> (src/__tests__/routes/auth.forgotPassword.test.ts:161:10)
      ----
      at Test._assertStatus (node_modules/supertest/lib/test.js:252:14)
      at node_modules/supertest/lib/test.js:308:13
      at Test._assertFunction (node_modules/supertest/lib/test.js:285:13)
      at Test.assert (node_modules/supertest/lib/test.js:164:23)
      at Server.localAssert (node_modules/supertest/lib/test.js:120:14)

  ● Forgot Password Endpoints › POST /api/auth/reset-password/:token › should update user password in database

    expected 200 "OK", got 500 "Internal Server Error"

      171 |         .post(`/api/auth/reset-password/${resetToken}`)
      172 |         .send({ password: newPassword })
    > 173 |         .expect(200);
          |          ^
      174 |
      175 |       // Verify password was changed by attempting login
      176 |       const loginResponse = await request(app)

      at Object.<anonymous> (src/__tests__/routes/auth.forgotPassword.test.ts:173:10)
      ----
      at Test._assertStatus (node_modules/supertest/lib/test.js:252:14)
      at node_modules/supertest/lib/test.js:308:13
      at Test._assertFunction (node_modules/supertest/lib/test.js:285:13)
      at Test.assert (node_modules/supertest/lib/test.js:164:23)
      at Server.localAssert (node_modules/supertest/lib/test.js:120:14)

  ● Forgot Password Endpoints › POST /api/auth/reset-password/:token › should mark reset token as used

    PrismaClientKnownRequestError: 
    Invalid `prisma.user.create()` invocation in
    /Users/user/Desktop/AI/projects/nextsaas/backend/src/tests/setup.ts:61:22

      58   role: 'USER' as any,
      59 };
      60 
    → 61 return prisma.user.create(
    Unique constraint failed on the fields: (`email`)

      22 |     await prisma.user.deleteMany();
      23 |     // Create test user
    > 24 |     testUser = await createTestUser({
         |                ^
      25 |       email: 'test@example.com',
      26 |       name: 'Test User',
      27 |     });

      at $n.handleRequestError (node_modules/@prisma/client/runtime/library.js:121:7315)
      at $n.handleAndLogRequestError (node_modules/@prisma/client/runtime/library.js:121:6623)
      at $n.request (node_modules/@prisma/client/runtime/library.js:121:6307)
      at l (node_modules/@prisma/client/runtime/library.js:130:9633)
      at Object.<anonymous> (src/__tests__/routes/auth.forgotPassword.test.ts:24:16)

  ● Forgot Password Endpoints › POST /api/auth/reset-password/:token › should not allow reusing the same token twice

    expected 200 "OK", got 500 "Internal Server Error"

      274 |         .post(`/api/auth/reset-password/${resetToken}`)
      275 |         .send({ password: newPassword })
    > 276 |         .expect(200);
          |          ^
      277 |
      278 |       // Second reset with same token should fail
      279 |       const response = await request(app)

      at Object.<anonymous> (src/__tests__/routes/auth.forgotPassword.test.ts:276:10)
      ----
      at Test._assertStatus (node_modules/supertest/lib/test.js:252:14)
      at node_modules/supertest/lib/test.js:308:13
      at Test._assertFunction (node_modules/supertest/lib/test.js:285:13)
      at Test.assert (node_modules/supertest/lib/test.js:164:23)
      at Server.localAssert (node_modules/supertest/lib/test.js:120:14)

FAIL src/__tests__/services/mfaService.test.ts (19.2 s)
  ● MFA Service › setupTotp › should generate TOTP secret and QR code data

    PrismaClientKnownRequestError: 
    Invalid `prisma.mfaBackupCode.create()` invocation in
    /Users/user/Desktop/AI/projects/nextsaas/backend/src/services/mfaService.ts:316:32

      313 const code = generateBackupCode();
      314 codes.push(code);
      315 
    → 316 await prisma.mfaBackupCode.create(
    Foreign key constraint violated: `mfa_backup_codes_userId_fkey (index)`

      314 |     codes.push(code);
      315 |
    > 316 |     await prisma.mfaBackupCode.create({
          |     ^
      317 |       data: {
      318 |         userId,
      319 |         code,

      at $n.handleRequestError (node_modules/@prisma/client/runtime/library.js:121:7315)
      at $n.handleAndLogRequestError (node_modules/@prisma/client/runtime/library.js:121:6623)
      at $n.request (node_modules/@prisma/client/runtime/library.js:121:6307)
      at l (node_modules/@prisma/client/runtime/library.js:130:9633)
      at generateBackupCodes (src/services/mfaService.ts:316:5)
      at Object.setupTotp (src/services/mfaService.ts:57:23)
      at Object.<anonymous> (src/__tests__/services/mfaService.test.ts:27:22)

  ● MFA Service › setupTotp › should create MfaMethod record

    PrismaClientKnownRequestError: 
    Invalid `prisma.user.create()` invocation in
    /Users/user/Desktop/AI/projects/nextsaas/backend/src/tests/setup.ts:61:22

      58   role: 'USER' as any,
      59 };
      60 
    → 61 return prisma.user.create(
    Unique constraint failed on the fields: (`email`)

      12 |     await prisma.user.deleteMany();
      13 |
    > 14 |     testUser = await createTestUser({
         |                ^
      15 |       email: 'test@example.com',
      16 |     });
      17 |   });

      at $n.handleRequestError (node_modules/@prisma/client/runtime/library.js:121:7315)
      at $n.handleAndLogRequestError (node_modules/@prisma/client/runtime/library.js:121:6623)
      at $n.request (node_modules/@prisma/client/runtime/library.js:121:6307)
      at l (node_modules/@prisma/client/runtime/library.js:130:9633)
      at Object.<anonymous> (src/__tests__/services/mfaService.test.ts:14:16)

  ● MFA Service › verifyTotp › should verify valid TOTP code

    PrismaClientKnownRequestError: 
    Invalid `prisma.user.create()` invocation in
    /Users/user/Desktop/AI/projects/nextsaas/backend/src/tests/setup.ts:61:22

      58   role: 'USER' as any,
      59 };
      60 
    → 61 return prisma.user.create(
    Unique constraint failed on the fields: (`email`)

      12 |     await prisma.user.deleteMany();
      13 |
    > 14 |     testUser = await createTestUser({
         |                ^
      15 |       email: 'test@example.com',
      16 |     });
      17 |   });

      at $n.handleRequestError (node_modules/@prisma/client/runtime/library.js:121:7315)
      at $n.handleAndLogRequestError (node_modules/@prisma/client/runtime/library.js:121:6623)
      at $n.request (node_modules/@prisma/client/runtime/library.js:121:6307)
      at l (node_modules/@prisma/client/runtime/library.js:130:9633)
      at Object.<anonymous> (src/__tests__/services/mfaService.test.ts:14:16)

  ● MFA Service › verifyTotp › should reject invalid TOTP code

    PrismaClientKnownRequestError: 
    Invalid `prisma.mfaBackupCode.create()` invocation in
    /Users/user/Desktop/AI/projects/nextsaas/backend/src/services/mfaService.ts:316:32

      313 const code = generateBackupCode();
      314 codes.push(code);
      315 
    → 316 await prisma.mfaBackupCode.create(
    Foreign key constraint violated: `mfa_backup_codes_userId_fkey (index)`

      314 |     codes.push(code);
      315 |
    > 316 |     await prisma.mfaBackupCode.create({
          |     ^
      317 |       data: {
      318 |         userId,
      319 |         code,

      at $n.handleRequestError (node_modules/@prisma/client/runtime/library.js:121:7315)
      at $n.handleAndLogRequestError (node_modules/@prisma/client/runtime/library.js:121:6623)
      at $n.request (node_modules/@prisma/client/runtime/library.js:121:6307)
      at l (node_modules/@prisma/client/runtime/library.js:130:9633)
      at generateBackupCodes (src/services/mfaService.ts:316:5)
      at Object.setupTotp (src/services/mfaService.ts:57:23)
      at Object.<anonymous> (src/__tests__/services/mfaService.test.ts:73:7)

  ● MFA Service › verifyTotp › should throw error if TOTP not set up

    PrismaClientKnownRequestError: 
    Invalid `prisma.user.create()` invocation in
    /Users/user/Desktop/AI/projects/nextsaas/backend/src/tests/setup.ts:61:22

      58   role: 'USER' as any,
      59 };
      60 
    → 61 return prisma.user.create(
    Unique constraint failed on the fields: (`email`)

      12 |     await prisma.user.deleteMany();
      13 |
    > 14 |     testUser = await createTestUser({
         |                ^
      15 |       email: 'test@example.com',
      16 |     });
      17 |   });

      at $n.handleRequestError (node_modules/@prisma/client/runtime/library.js:121:7315)
      at $n.handleAndLogRequestError (node_modules/@prisma/client/runtime/library.js:121:6623)
      at $n.request (node_modules/@prisma/client/runtime/library.js:121:6307)
      at l (node_modules/@prisma/client/runtime/library.js:130:9633)
      at Object.<anonymous> (src/__tests__/services/mfaService.test.ts:14:16)

  ● MFA Service › enableMfa › should enable TOTP MFA after verification

    PrismaClientKnownRequestError: 
    Invalid `prisma.mfaBackupCode.create()` invocation in
    /Users/user/Desktop/AI/projects/nextsaas/backend/src/services/mfaService.ts:316:32

      313 const code = generateBackupCode();
      314 codes.push(code);
      315 
    → 316 await prisma.mfaBackupCode.create(
    Foreign key constraint violated: `mfa_backup_codes_userId_fkey (index)`

      314 |     codes.push(code);
      315 |
    > 316 |     await prisma.mfaBackupCode.create({
          |     ^
      317 |       data: {
      318 |         userId,
      319 |         code,

      at $n.handleRequestError (node_modules/@prisma/client/runtime/library.js:121:7315)
      at $n.handleAndLogRequestError (node_modules/@prisma/client/runtime/library.js:121:6623)
      at $n.request (node_modules/@prisma/client/runtime/library.js:121:6307)
      at l (node_modules/@prisma/client/runtime/library.js:130:9633)
      at generateBackupCodes (src/services/mfaService.ts:316:5)
      at Object.setupTotp (src/services/mfaService.ts:57:23)
      at Object.<anonymous> (src/__tests__/services/mfaService.test.ts:86:26)

FAIL src/__tests__/routes/observability.e2e.test.ts (14.252 s)
  ● Observability Routes E2E › GET /api/observability/alerts/check › should return alerts for admin user

    expect(received).toBe(expected) // Object.is equality

    Expected: 200
    Received: 500

      82 |       .send({ email: adminEmail, password: adminPassword });
      83 |
    > 84 |     expect(adminLogin.status).toBe(200);
         |                               ^
      85 |     const adminTokenValue = findCookie(adminLogin.headers, 'accessToken');
      86 |     expect(adminTokenValue).toBeDefined();
      87 |     adminToken = adminTokenValue ? `accessToken=${adminTokenValue}` : '';

      at Object.<anonymous> (src/__tests__/routes/observability.e2e.test.ts:84:31)

  ● Observability Routes E2E › GET /api/observability/alerts/check › should reject unauthenticated request

    expect(received).toBe(expected) // Object.is equality

    Expected: 200
    Received: 500

      82 |       .send({ email: adminEmail, password: adminPassword });
      83 |
    > 84 |     expect(adminLogin.status).toBe(200);
         |                               ^
      85 |     const adminTokenValue = findCookie(adminLogin.headers, 'accessToken');
      86 |     expect(adminTokenValue).toBeDefined();
      87 |     adminToken = adminTokenValue ? `accessToken=${adminTokenValue}` : '';

      at Object.<anonymous> (src/__tests__/routes/observability.e2e.test.ts:84:31)

  ● Observability Routes E2E › GET /api/observability/alerts/rules › should reject regular user

    expect(received).toBe(expected) // Object.is equality

    Expected: 200
    Received: 500

      92 |       .send({ email: userEmail, password: userPassword });
      93 |
    > 94 |     expect(userLogin.status).toBe(200);
         |                              ^
      95 |     const userTokenValue = findCookie(userLogin.headers, 'accessToken');
      96 |     expect(userTokenValue).toBeDefined();
      97 |     regularToken = userTokenValue ? `accessToken=${userTokenValue}` : '';

      at Object.<anonymous> (src/__tests__/routes/observability.e2e.test.ts:94:30)

  ● Observability Routes E2E › POST /api/observability/alerts/check › should trigger alert check with custom rules

    expect(received).toBe(expected) // Object.is equality

    Expected: 200
    Received: 401

      82 |       .send({ email: adminEmail, password: adminPassword });
      83 |
    > 84 |     expect(adminLogin.status).toBe(200);
         |                               ^
      85 |     const adminTokenValue = findCookie(adminLogin.headers, 'accessToken');
      86 |     expect(adminTokenValue).toBeDefined();
      87 |     adminToken = adminTokenValue ? `accessToken=${adminTokenValue}` : '';

      at Object.<anonymous> (src/__tests__/routes/observability.e2e.test.ts:84:31)

  ● Observability Routes E2E › POST /api/observability/alerts/check › should use default rules if none provided

    expect(received).toBe(expected) // Object.is equality

    Expected: 200
    Received: 401

      92 |       .send({ email: userEmail, password: userPassword });
      93 |
    > 94 |     expect(userLogin.status).toBe(200);
         |                              ^
      95 |     const userTokenValue = findCookie(userLogin.headers, 'accessToken');
      96 |     expect(userTokenValue).toBeDefined();
      97 |     regularToken = userTokenValue ? `accessToken=${userTokenValue}` : '';

      at Object.<anonymous> (src/__tests__/routes/observability.e2e.test.ts:94:30)

  ● Observability Routes E2E › GET /api/observability/metrics/verify › should reject regular user

    expect(received).toBe(expected) // Object.is equality

    Expected: 200
    Received: 500

      92 |       .send({ email: userEmail, password: userPassword });
      93 |
    > 94 |     expect(userLogin.status).toBe(200);
         |                              ^
      95 |     const userTokenValue = findCookie(userLogin.headers, 'accessToken');
      96 |     expect(userTokenValue).toBeDefined();
      97 |     regularToken = userTokenValue ? `accessToken=${userTokenValue}` : '';

      at Object.<anonymous> (src/__tests__/routes/observability.e2e.test.ts:94:30)

  ● Observability Routes E2E › GET /api/observability/metrics/verify/endpoint › should verify metrics endpoint accessibility

    expect(received).toBe(expected) // Object.is equality

    Expected: 200
    Received: 401

      82 |       .send({ email: adminEmail, password: adminPassword });
      83 |
    > 84 |     expect(adminLogin.status).toBe(200);
         |                               ^
      85 |     const adminTokenValue = findCookie(adminLogin.headers, 'accessToken');
      86 |     expect(adminTokenValue).toBeDefined();
      87 |     adminToken = adminTokenValue ? `accessToken=${adminTokenValue}` : '';

      at Object.<anonymous> (src/__tests__/routes/observability.e2e.test.ts:84:31)

  ● Observability Routes E2E › GET /api/observability/metrics/verify/format › should verify metrics format

    expect(received).toBe(expected) // Object.is equality

    Expected: 200
    Received: 500

      82 |       .send({ email: adminEmail, password: adminPassword });
      83 |
    > 84 |     expect(adminLogin.status).toBe(200);
         |                               ^
      85 |     const adminTokenValue = findCookie(adminLogin.headers, 'accessToken');
      86 |     expect(adminTokenValue).toBeDefined();
      87 |     adminToken = adminTokenValue ? `accessToken=${adminTokenValue}` : '';

      at Object.<anonymous> (src/__tests__/routes/observability.e2e.test.ts:84:31)

  ● Observability Routes E2E › GET /api/observability/metrics/verify/content › should verify metrics content

    expect(received).toBe(expected) // Object.is equality

    Expected: 200
    Received: 401

      82 |       .send({ email: adminEmail, password: adminPassword });
      83 |
    > 84 |     expect(adminLogin.status).toBe(200);
         |                               ^
      85 |     const adminTokenValue = findCookie(adminLogin.headers, 'accessToken');
      86 |     expect(adminTokenValue).toBeDefined();
      87 |     adminToken = adminTokenValue ? `accessToken=${adminTokenValue}` : '';

      at Object.<anonymous> (src/__tests__/routes/observability.e2e.test.ts:84:31)

FAIL src/__tests__/services/oauthService.test.ts
  ● OAuth Service › linkOAuthToUser › should throw ConflictError if OAuth provider already linked to another user

    expect(received).rejects.toThrow()

    Received promise resolved instead of rejected
    Resolved to value: {"createdAt": 2026-01-20T13:17:22.851Z, "email": "other@example.com", "emailVerified": true, "emailVerifiedAt": 2026-01-20T13:17:22.853Z, "id": "fb0f1162-d931-49f2-b3f3-bff73eec82a7", "name": "Test User", "oauthEmail": "test@example.com", "oauthProvider": "google", "oauthProviderId": "google-123", "role": "USER"}

      188 |       };
      189 |
    > 190 |       await expect(
          |             ^
      191 |         oauthService.linkOAuthToUser(user.id, 'google', profile)
      192 |       ).rejects.toThrow(ConflictError);
      193 |     });

      at expect (node_modules/expect/build/index.js:113:15)
      at Object.<anonymous> (src/__tests__/services/oauthService.test.ts:190:13)

FAIL src/__tests__/routes/auth.oauth.e2e.test.ts (5.514 s)
  ● OAuth E2E Tests › POST /api/auth/oauth/link › should require authentication

    Failed to get auth token

      168 |       const accessTokenCookie = findCookie(loginResponse.headers, 'accessToken');
      169 |       if (!accessTokenCookie) {
    > 170 |         throw new Error('Failed to get auth token');
          |               ^
      171 |       }
      172 |       authToken = `accessToken=${accessTokenCookie}`;
      173 |     });

      at Object.<anonymous> (src/__tests__/routes/auth.oauth.e2e.test.ts:170:15)

  ● OAuth E2E Tests › POST /api/auth/oauth/link › should return error for invalid provider

    Failed to get auth token

      168 |       const accessTokenCookie = findCookie(loginResponse.headers, 'accessToken');
      169 |       if (!accessTokenCookie) {
    > 170 |         throw new Error('Failed to get auth token');
          |               ^
      171 |       }
      172 |       authToken = `accessToken=${accessTokenCookie}`;
      173 |     });

      at Object.<anonymous> (src/__tests__/routes/auth.oauth.e2e.test.ts:170:15)

  ● OAuth E2E Tests › GET /api/auth/oauth/methods › should return empty array if user has no linked OAuth methods

    Failed to get auth token

      239 |       const accessTokenCookie = findCookie(loginResponse.headers, 'accessToken');
      240 |       if (!accessTokenCookie) {
    > 241 |         throw new Error('Failed to get auth token');
          |               ^
      242 |       }
      243 |       authToken = `accessToken=${accessTokenCookie}`;
      244 |     });

      at Object.<anonymous> (src/__tests__/routes/auth.oauth.e2e.test.ts:241:15)

FAIL src/__tests__/routes/admin.dashboard.test.ts (8.782 s)
  ● Admin Dashboard Route - Integration Tests › GET /api/admin/dashboard › should return correct active sessions count

    PrismaClientKnownRequestError: 
    Invalid `prisma.session.createMany()` invocation in
    /Users/user/Desktop/AI/projects/nextsaas/backend/src/__tests__/routes/admin.dashboard.test.ts:117:28

      114 const pastDate = new Date();
      115 pastDate.setDate(pastDate.getDate() - 1);
      116 
    → 117 await prisma.session.createMany(
    Foreign key constraint violated: `sessions_userId_fkey (index)`

      115 |       pastDate.setDate(pastDate.getDate() - 1);
      116 |
    > 117 |       await prisma.session.createMany({
          |       ^
      118 |         data: [
      119 |           {
      120 |             userId: adminUser.id,

      at $n.handleRequestError (node_modules/@prisma/client/runtime/library.js:121:7315)
      at $n.handleAndLogRequestError (node_modules/@prisma/client/runtime/library.js:121:6623)
      at $n.request (node_modules/@prisma/client/runtime/library.js:121:6307)
      at l (node_modules/@prisma/client/runtime/library.js:130:9633)
      at Object.<anonymous> (src/__tests__/routes/admin.dashboard.test.ts:117:7)

  ● Admin Dashboard Route - Integration Tests › GET /api/admin/dashboard › should return system health information

    expected 200 "OK", got 401 "Unauthorized"

      203 |         .get('/api/admin/dashboard')
      204 |         .set('Cookie', `accessToken=${adminToken}`)
    > 205 |         .expect(200);
          |          ^
      206 |
      207 |       // Assert
      208 |       expect(response.body.data.stats.systemHealth).toBeDefined();

      at Object.<anonymous> (src/__tests__/routes/admin.dashboard.test.ts:205:10)
      ----
      at Test._assertStatus (node_modules/supertest/lib/test.js:252:14)
      at node_modules/supertest/lib/test.js:308:13
      at Test._assertFunction (node_modules/supertest/lib/test.js:285:13)
      at Test.assert (node_modules/supertest/lib/test.js:164:23)
      at Server.localAssert (node_modules/supertest/lib/test.js:120:14)

FAIL src/__tests__/routes/auth.mfa.test.ts (16.302 s)
  ● MFA Routes › POST /api/auth/mfa/setup/totp › should setup TOTP MFA

    expected 200 "OK", got 500 "Internal Server Error"

      44 |         .post('/api/auth/mfa/setup/totp')
      45 |         .set('Cookie', `accessToken=${userToken}`)
    > 46 |         .expect(200);
         |          ^
      47 |
      48 |       expect(response.body.success).toBe(true);
      49 |       expect(response.body.data.secret).toBeDefined();

      at Object.<anonymous> (src/__tests__/routes/auth.mfa.test.ts:46:10)
      ----
      at Test._assertStatus (node_modules/supertest/lib/test.js:252:14)
      at node_modules/supertest/lib/test.js:308:13
      at Test._assertFunction (node_modules/supertest/lib/test.js:285:13)
      at Test.assert (node_modules/supertest/lib/test.js:164:23)
      at Server.localAssert (node_modules/supertest/lib/test.js:120:14)

  ● MFA Routes › POST /api/auth/mfa/verify › should verify TOTP code

    expected 200 "OK", got 500 "Internal Server Error"

      67 |         .post('/api/auth/mfa/setup/totp')
      68 |         .set('Cookie', `accessToken=${userToken}`)
    > 69 |         .expect(200);
         |          ^
      70 |
      71 |       const secret = setupResponse.body.data.secret;
      72 |       const speakeasy = require('speakeasy');

      at Object.<anonymous> (src/__tests__/routes/auth.mfa.test.ts:69:10)
      ----
      at Test._assertStatus (node_modules/supertest/lib/test.js:252:14)
      at node_modules/supertest/lib/test.js:308:13
      at Test._assertFunction (node_modules/supertest/lib/test.js:285:13)
      at Test.assert (node_modules/supertest/lib/test.js:164:23)
      at Server.localAssert (node_modules/supertest/lib/test.js:120:14)

  ● MFA Routes › POST /api/auth/mfa/verify › should reject invalid TOTP code

    expected 200 "OK", got 500 "Internal Server Error"

      90 |         .post('/api/auth/mfa/setup/totp')
      91 |         .set('Cookie', `accessToken=${userToken}`)
    > 92 |         .expect(200);
         |          ^
      93 |
      94 |       const response = await request(app)
      95 |         .post('/api/auth/mfa/verify')

      at Object.<anonymous> (src/__tests__/routes/auth.mfa.test.ts:92:10)
      ----
      at Test._assertStatus (node_modules/supertest/lib/test.js:252:14)
      at node_modules/supertest/lib/test.js:308:13
      at Test._assertFunction (node_modules/supertest/lib/test.js:285:13)
      at Test.assert (node_modules/supertest/lib/test.js:164:23)
      at Server.localAssert (node_modules/supertest/lib/test.js:120:14)

  ● MFA Routes › POST /api/auth/mfa/enable › should enable TOTP MFA after verification

    expected 200 "OK", got 500 "Internal Server Error"

      109 |         .post('/api/auth/mfa/setup/totp')
      110 |         .set('Cookie', `accessToken=${userToken}`)
    > 111 |         .expect(200);
          |          ^
      112 |
      113 |       const secret = setupResponse.body.data.secret;
      114 |       const speakeasy = require('speakeasy');

      at Object.<anonymous> (src/__tests__/routes/auth.mfa.test.ts:111:10)
      ----
      at Test._assertStatus (node_modules/supertest/lib/test.js:252:14)
      at node_modules/supertest/lib/test.js:308:13
      at Test._assertFunction (node_modules/supertest/lib/test.js:285:13)
      at Test.assert (node_modules/supertest/lib/test.js:164:23)
      at Server.localAssert (node_modules/supertest/lib/test.js:120:14)

  ● MFA Routes › POST /api/auth/mfa/disable › should disable MFA method

    expected 200 "OK", got 500 "Internal Server Error"

      146 |         .post('/api/auth/mfa/setup/totp')
      147 |         .set('Cookie', `accessToken=${userToken}`)
    > 148 |         .expect(200);
          |          ^
      149 |
      150 |       const secret = setupResponse.body.data.secret;
      151 |       const speakeasy = require('speakeasy');

      at Object.<anonymous> (src/__tests__/routes/auth.mfa.test.ts:148:10)
      ----
      at Test._assertStatus (node_modules/supertest/lib/test.js:252:14)
      at node_modules/supertest/lib/test.js:308:13
      at Test._assertFunction (node_modules/supertest/lib/test.js:285:13)
      at Test.assert (node_modules/supertest/lib/test.js:164:23)
      at Server.localAssert (node_modules/supertest/lib/test.js:120:14)

  ● MFA Routes › GET /api/auth/mfa/methods › should return user MFA methods

    expected 200 "OK", got 500 "Internal Server Error"

      234 |         .post('/api/auth/mfa/setup/totp')
      235 |         .set('Cookie', `accessToken=${userToken}`)
    > 236 |         .expect(200);
          |          ^
      237 |
      238 |       const response = await request(app)
      239 |         .get('/api/auth/mfa/methods')

      at Object.<anonymous> (src/__tests__/routes/auth.mfa.test.ts:236:10)
      ----
      at Test._assertStatus (node_modules/supertest/lib/test.js:252:14)
      at node_modules/supertest/lib/test.js:308:13
      at Test._assertFunction (node_modules/supertest/lib/test.js:285:13)
      at Test.assert (node_modules/supertest/lib/test.js:164:23)
      at Server.localAssert (node_modules/supertest/lib/test.js:120:14)

FAIL src/__tests__/routes/audit.ipCapture.test.ts (8.693 s)
  ● Audit Log IP Capture › Profile Update IP Capture › should prefer X-Forwarded-For over X-Real-IP

    TypeError: Cannot read properties of undefined (reading 'startsWith')

      19 |   const setCookieHeader = loginResponse.headers['set-cookie'];
      20 |   const cookies = Array.isArray(setCookieHeader) ? setCookieHeader : [setCookieHeader];
    > 21 |   const accessTokenCookie = cookies.find((c: string) => c.startsWith('accessToken='));
         |                                                           ^
      22 |   
      23 |   if (!accessTokenCookie) {
      24 |     throw new Error('Failed to get access token cookie');

      at src/__tests__/routes/audit.ipCapture.test.ts:21:59
          at Array.find (<anonymous>)
      at getAuthCookie (src/__tests__/routes/audit.ipCapture.test.ts:21:37)
      at Object.<anonymous> (src/__tests__/routes/audit.ipCapture.test.ts:102:22)

FAIL src/__tests__/routes/auth.passwordStrength.test.ts (5.865 s)
  ● Password Strength Validation in Auth Routes › PUT /api/profile/password - Password Strength › should accept GOOD password when changing password

    expect(received).toBe(expected) // Object.is equality

    Expected: 200
    Received: 401

      222 |         });
      223 |
    > 224 |       expect(response.status).toBe(200);
          |                               ^
      225 |       expect(response.body.success).toBe(true);
      226 |     });
      227 |

      at Object.<anonymous> (src/__tests__/routes/auth.passwordStrength.test.ts:224:31)

FAIL src/__tests__/routes/gdpr.cookies.test.ts
  ● Cookie Consent API › POST /api/gdpr/consents/cookies › should save cookie consent preferences

    expected 200 "OK", got 500 "Internal Server Error"

      35 |         password: 'Test123!@#'
      36 |       })
    > 37 |       .expect(200);
         |        ^
      38 |
      39 |     authCookies = extractCookies(loginResponse.headers);
      40 |

      at Object.<anonymous> (src/__tests__/routes/gdpr.cookies.test.ts:37:8)
      ----
      at Test._assertStatus (node_modules/supertest/lib/test.js:252:14)
      at node_modules/supertest/lib/test.js:308:13
      at Test._assertFunction (node_modules/supertest/lib/test.js:285:13)
      at Test.assert (node_modules/supertest/lib/test.js:164:23)
      at Server.localAssert (node_modules/supertest/lib/test.js:120:14)

  ● Cookie Consent API › POST /api/gdpr/consents/cookies › should update existing cookie consent

    expected 200 "OK", got 500 "Internal Server Error"

      35 |         password: 'Test123!@#'
      36 |       })
    > 37 |       .expect(200);
         |        ^
      38 |
      39 |     authCookies = extractCookies(loginResponse.headers);
      40 |

      at Object.<anonymous> (src/__tests__/routes/gdpr.cookies.test.ts:37:8)
      ----
      at Test._assertStatus (node_modules/supertest/lib/test.js:252:14)
      at node_modules/supertest/lib/test.js:308:13
      at Test._assertFunction (node_modules/supertest/lib/test.js:285:13)
      at Test.assert (node_modules/supertest/lib/test.js:164:23)
      at Server.localAssert (node_modules/supertest/lib/test.js:120:14)

  ● Cookie Consent API › POST /api/gdpr/consents/cookies › should require authentication

    expected 200 "OK", got 500 "Internal Server Error"

      35 |         password: 'Test123!@#'
      36 |       })
    > 37 |       .expect(200);
         |        ^
      38 |
      39 |     authCookies = extractCookies(loginResponse.headers);
      40 |

      at Object.<anonymous> (src/__tests__/routes/gdpr.cookies.test.ts:37:8)
      ----
      at Test._assertStatus (node_modules/supertest/lib/test.js:252:14)
      at node_modules/supertest/lib/test.js:308:13
      at Test._assertFunction (node_modules/supertest/lib/test.js:285:13)
      at Test.assert (node_modules/supertest/lib/test.js:164:23)
      at Server.localAssert (node_modules/supertest/lib/test.js:120:14)

  ● Cookie Consent API › POST /api/gdpr/consents/cookies › should validate consent data

    expected 200 "OK", got 500 "Internal Server Error"

      35 |         password: 'Test123!@#'
      36 |       })
    > 37 |       .expect(200);
         |        ^
      38 |
      39 |     authCookies = extractCookies(loginResponse.headers);
      40 |

      at Object.<anonymous> (src/__tests__/routes/gdpr.cookies.test.ts:37:8)
      ----
      at Test._assertStatus (node_modules/supertest/lib/test.js:252:14)
      at node_modules/supertest/lib/test.js:308:13
      at Test._assertFunction (node_modules/supertest/lib/test.js:285:13)
      at Test.assert (node_modules/supertest/lib/test.js:164:23)
      at Server.localAssert (node_modules/supertest/lib/test.js:120:14)

  ● Cookie Consent API › POST /api/gdpr/consents/cookies › should track IP address and user agent

    expected 200 "OK", got 500 "Internal Server Error"

      35 |         password: 'Test123!@#'
      36 |       })
    > 37 |       .expect(200);
         |        ^
      38 |
      39 |     authCookies = extractCookies(loginResponse.headers);
      40 |

      at Object.<anonymous> (src/__tests__/routes/gdpr.cookies.test.ts:37:8)
      ----
      at Test._assertStatus (node_modules/supertest/lib/test.js:252:14)
      at node_modules/supertest/lib/test.js:308:13
      at Test._assertFunction (node_modules/supertest/lib/test.js:285:13)
      at Test.assert (node_modules/supertest/lib/test.js:164:23)
      at Server.localAssert (node_modules/supertest/lib/test.js:120:14)

  ● Cookie Consent API › POST /api/gdpr/consents/cookies › should track consent version

    expected 200 "OK", got 500 "Internal Server Error"

      35 |         password: 'Test123!@#'
      36 |       })
    > 37 |       .expect(200);
         |        ^
      38 |
      39 |     authCookies = extractCookies(loginResponse.headers);
      40 |

      at Object.<anonymous> (src/__tests__/routes/gdpr.cookies.test.ts:37:8)
      ----
      at Test._assertStatus (node_modules/supertest/lib/test.js:252:14)
      at node_modules/supertest/lib/test.js:308:13
      at Test._assertFunction (node_modules/supertest/lib/test.js:285:13)
      at Test.assert (node_modules/supertest/lib/test.js:164:23)
      at Server.localAssert (node_modules/supertest/lib/test.js:120:14)

  ● Cookie Consent API › GET /api/gdpr/consents/cookies › should retrieve cookie consent preferences

    expected 200 "OK", got 500 "Internal Server Error"

      35 |         password: 'Test123!@#'
      36 |       })
    > 37 |       .expect(200);
         |        ^
      38 |
      39 |     authCookies = extractCookies(loginResponse.headers);
      40 |

      at Object.<anonymous> (src/__tests__/routes/gdpr.cookies.test.ts:37:8)
      ----
      at Test._assertStatus (node_modules/supertest/lib/test.js:252:14)
      at node_modules/supertest/lib/test.js:308:13
      at Test._assertFunction (node_modules/supertest/lib/test.js:285:13)
      at Test.assert (node_modules/supertest/lib/test.js:164:23)
      at Server.localAssert (node_modules/supertest/lib/test.js:120:14)

  ● Cookie Consent API › GET /api/gdpr/consents/cookies › should return null if no consent exists

    expected 200 "OK", got 500 "Internal Server Error"

      35 |         password: 'Test123!@#'
      36 |       })
    > 37 |       .expect(200);
         |        ^
      38 |
      39 |     authCookies = extractCookies(loginResponse.headers);
      40 |

      at Object.<anonymous> (src/__tests__/routes/gdpr.cookies.test.ts:37:8)
      ----
      at Test._assertStatus (node_modules/supertest/lib/test.js:252:14)
      at node_modules/supertest/lib/test.js:308:13
      at Test._assertFunction (node_modules/supertest/lib/test.js:285:13)
      at Test.assert (node_modules/supertest/lib/test.js:164:23)
      at Server.localAssert (node_modules/supertest/lib/test.js:120:14)

  ● Cookie Consent API › GET /api/gdpr/consents/cookies › should require authentication

    expected 200 "OK", got 500 "Internal Server Error"

      35 |         password: 'Test123!@#'
      36 |       })
    > 37 |       .expect(200);
         |        ^
      38 |
      39 |     authCookies = extractCookies(loginResponse.headers);
      40 |

      at Object.<anonymous> (src/__tests__/routes/gdpr.cookies.test.ts:37:8)
      ----
      at Test._assertStatus (node_modules/supertest/lib/test.js:252:14)
      at node_modules/supertest/lib/test.js:308:13
      at Test._assertFunction (node_modules/supertest/lib/test.js:285:13)
      at Test.assert (node_modules/supertest/lib/test.js:164:23)
      at Server.localAssert (node_modules/supertest/lib/test.js:120:14)


  ● Test suite failed to run

    PrismaClientKnownRequestError: 
    Invalid `prisma.user.delete()` invocation in
    /Users/user/Desktop/AI/projects/nextsaas/backend/src/__tests__/routes/gdpr.cookies.test.ts:50:29

      47 // Cleanup
      48 await prisma.consentRecord.deleteMany({ where: { userId } });
      49 await prisma.session.deleteMany({ where: { userId } });
    → 50 await prisma.user.delete(
    An operation failed because it depends on one or more records that were required but not found. Record to delete does not exist.

      48 |     await prisma.consentRecord.deleteMany({ where: { userId } });
      49 |     await prisma.session.deleteMany({ where: { userId } });
    > 50 |     await prisma.user.delete({ where: { id: userId } });
         |     ^
      51 |   });
      52 |
      53 |   describe('POST /api/gdpr/consents/cookies', () => {

      at $n.handleRequestError (node_modules/@prisma/client/runtime/library.js:121:7315)
      at $n.handleAndLogRequestError (node_modules/@prisma/client/runtime/library.js:121:6623)
      at $n.request (node_modules/@prisma/client/runtime/library.js:121:6307)
      at l (node_modules/@prisma/client/runtime/library.js:130:9633)
      at Object.<anonymous> (src/__tests__/routes/gdpr.cookies.test.ts:50:5)

FAIL src/__tests__/routes/adminUserPermissions.test.ts
  ● Admin User Test Setup Pattern › should verify test needs SUPER_ADMIN to change roles

    PrismaClientKnownRequestError: 
    Invalid `prisma.auditLog.create()` invocation in
    /Users/user/Desktop/AI/projects/nextsaas/backend/src/services/auditService.ts:18:39

      15   userAgent?: string;
      16 }): Promise<AuditLog> => {
      17   try {
    → 18     const log = await prisma.auditLog.create(
    Foreign key constraint violated: `audit_logs_userId_fkey (index)`

      16 | }): Promise<AuditLog> => {
      17 |   try {
    > 18 |     const log = await prisma.auditLog.create({
         |                 ^
      19 |       data: {
      20 |         userId: params.userId || null,
      21 |         action: params.action,

      at $n.handleRequestError (node_modules/@prisma/client/runtime/library.js:121:7315)
      at $n.handleAndLogRequestError (node_modules/@prisma/client/runtime/library.js:121:6623)
      at $n.request (node_modules/@prisma/client/runtime/library.js:121:6307)
      at l (node_modules/@prisma/client/runtime/library.js:130:9633)
      at createAuditLog (src/services/auditService.ts:18:17)
      at Object.updateUser (src/services/adminUserService.ts:294:3)
      at Object.<anonymous> (src/__tests__/routes/adminUserPermissions.test.ts:217:20)

FAIL src/__tests__/routes/auth.login.toast.e2e.test.ts
  ● Login Toast Notification E2E Tests › E2E: Successful Login Response › should return success response even if user already has active session

    expected 200 "OK", got 500 "Internal Server Error"

      111 |           password: userPassword,
      112 |         })
    > 113 |         .expect(200);
          |          ^
      114 |
      115 |       expect(response.body.success).toBe(true);
      116 |       expect(response.body.data).toBeDefined();

      at Object.<anonymous> (src/__tests__/routes/auth.login.toast.e2e.test.ts:113:10)
      ----
      at Test._assertStatus (node_modules/supertest/lib/test.js:252:14)
      at node_modules/supertest/lib/test.js:308:13
      at Test._assertFunction (node_modules/supertest/lib/test.js:285:13)
      at Test.assert (node_modules/supertest/lib/test.js:164:23)
      at Server.localAssert (node_modules/supertest/lib/test.js:120:14)

  ● Login Toast Notification E2E Tests › E2E: Login Error Handling › should not return success on invalid credentials (no toast)

    expected 401 "Unauthorized", got 500 "Internal Server Error"

      130 |           password: 'WrongPassword123!',
      131 |         })
    > 132 |         .expect(401);
          |          ^
      133 |
      134 |       expect(response.body.success).toBe(false);
      135 |       expect(response.body.error || response.body.message).toMatch(/invalid|credentials|password|email/i);

      at Object.<anonymous> (src/__tests__/routes/auth.login.toast.e2e.test.ts:132:10)
      ----
      at Test._assertStatus (node_modules/supertest/lib/test.js:252:14)
      at node_modules/supertest/lib/test.js:308:13
      at Test._assertFunction (node_modules/supertest/lib/test.js:285:13)
      at Test.assert (node_modules/supertest/lib/test.js:164:23)
      at Server.localAssert (node_modules/supertest/lib/test.js:120:14)

FAIL src/__tests__/middleware/idempotency.activation.test.ts (5.624 s)
  ● Idempotency Middleware Activation › GDPR Consent Grant Idempotency › should return same response for duplicate consent grant with same idempotency key

    expected 200 "OK", got 500 "Internal Server Error"

      55 |       .post('/api/auth/login')
      56 |       .send({ email: userEmail, password: userPassword })
    > 57 |       .expect(200);
         |        ^
      58 |
      59 |     const accessToken = findCookie(loginResponse.headers, 'accessToken');
      60 |     accessTokenCookie = `accessToken=${accessToken}`;

      at Object.<anonymous> (src/__tests__/middleware/idempotency.activation.test.ts:57:8)
      ----
      at Test._assertStatus (node_modules/supertest/lib/test.js:252:14)
      at node_modules/supertest/lib/test.js:308:13
      at Test._assertFunction (node_modules/supertest/lib/test.js:285:13)
      at Test.assert (node_modules/supertest/lib/test.js:164:23)
      at Server.localAssert (node_modules/supertest/lib/test.js:120:14)


Test Suites: 26 failed, 50 passed, 76 total
Tests:       89 failed, 738 passed, 827 total
Snapshots:   0 total
Time:        180.66 s
Ran all test suites.
Force exiting Jest: Have you considered using `--detectOpenHandles` to detect async operations that kept running after all tests finished?
